******************************************************************************
                  TI ARM Linker PC v16.9.4                     
******************************************************************************
>> Linked Thu Sep 07 23:03:21 2017

OUTPUT FILE NAME:   <boostxl_edumkii_lightsensor_msp432p401r_MSP_EXP432P401R_nortos_ccs.out>
ENTRY POINT SYMBOL: "_c_int00"  address: 0000273d


MEMORY CONFIGURATION

         name            origin    length      used     unused   attr    fill
----------------------  --------  ---------  --------  --------  ----  --------
  MAIN                  00000000   00040000  0000363a  0003c9c6  R  X
  INFO                  00200000   00004000  00000000  00004000  R  X
  SRAM_CODE             01000000   00010000  00000266  0000fd9a  RW X
  SRAM_DATA             20000000   00010000  00000266  0000fd9a  RW  


SEGMENT ALLOCATION MAP

run origin  load origin   length   init length attrs members
----------  ----------- ---------- ----------- ----- -------
00000000    00000000    00003640   00003640    r-x
  00000000    00000000    000000e4   000000e4    r-- .intvecs
  000000e4    000000e4    00002fb2   00002fb2    r-x .text
  00003098    00003098    0000055c   0000055c    r-- .const
  000035f8    000035f8    00000048   00000048    r-- .cinit
20000000    20000000    00000066   00000000    rw-
  20000000    20000000    0000003c   00000000    rw- .data
  2000003c    2000003c    0000002a   00000000    rw- .bss
2000fe00    2000fe00    00000200   00000000    rw-
  2000fe00    2000fe00    00000200   00000000    rw- .stack


SECTION ALLOCATION MAP

 output                                  attributes/
section   page    origin      length       input sections
--------  ----  ----------  ----------   ----------------
.intvecs   0    00000000    000000e4     
                  00000000    000000e4     startup_msp432p401r_ccs.obj (.intvecs:retain)

.binit     0    00000000    00000000     

.text      0    000000e4    00002fb2     
                  000000e4    0000113e     rtsv7M4_T_le_v4SPD16_eabi.lib : _printfi.obj (.text)
                  00001222    000002d0     grlib.lib : string.o (.text:Graphics_drawString)
                  000014f2    00000002     Crystalfontz128x128_ST7735.obj (.text:Crystalfontz128x128_Flush)
                  000014f4    00000240     lightsensor.obj (.text:main)
                  00001734    000001f4     rtsv7M4_T_le_v4SPD16_eabi.lib : ull_div_t2.obj (.text)
                  00001928    000001b6                                   : fd_add_t2.obj (.text)
                  00001ade    00000136                                   : fd_div_t2.obj (.text)
                  00001c14    00000110     Crystalfontz128x128_ST7735.obj (.text:Crystalfontz128x128_Init)
                  00001d24    00000104     Crystalfontz128x128_ST7735.obj (.text:Crystalfontz128x128_PixelDrawMultiple)
                  00001e28    000000fc     rtsv7M4_T_le_v4SPD16_eabi.lib : fd_mul_t2.obj (.text)
                  00001f24    000000fc                                   : s_scalbn.obj (.text)
                  00002020    0000009c                                   : memcpy_t2.obj (.text)
                  000020bc    00000088     HAL_I2C.obj (.text:I2C_read16)
                  00002144    00000086     rtsv7M4_T_le_v4SPD16_eabi.lib : fd_cmp_t2.obj (.text:__aeabi_cdcmple)
                  000021ca    00000086                                   : fd_cmp_t2.obj (.text:__aeabi_cdrcmple)
                  00002250    00000084     Crystalfontz128x128_ST7735.obj (.text:Crystalfontz128x128_SetDrawFrame)
                  000022d4    0000007c     msp432p4xx_driverlib.lib : spi.obj (.text:SPI_initMaster)
                  00002350    0000007a     rtsv7M4_T_le_v4SPD16_eabi.lib : memset_t2.obj (.text)
                  000023ca    00000002     startup_msp432p401r_ccs.obj (.text:Default_Handler)
                  000023cc    00000070     rtsv7M4_T_le_v4SPD16_eabi.lib : autoinit.obj (.text)
                  0000243c    00000068     grlib.lib : string.o (.text:Graphics_getStringWidth)
                  000024a4    00000068     system_msp432p401r.obj (.text:SystemInit)
                  0000250c    00000068     rtsv7M4_T_le_v4SPD16_eabi.lib : copy_decompress_lzss.obj (.text:decompress:lzss)
                  00002574    00000064                                   : s_frexp.obj (.text)
                  000025d8    00000060                                   : sprintf.obj (.text)
                  00002638    00000058     HAL_OPT3001.obj (.text:OPT3001_getLux)
                  00002690    00000056     Crystalfontz128x128_ST7735.obj (.text:Crystalfontz128x128_RectFill)
                  000026e6    00000002     rtsv7M4_T_le_v4SPD16_eabi.lib : mpu_init.obj (.text)
                  000026e8    00000054     msp432p4xx_driverlib.lib : i2c.obj (.text:I2C_masterSendMultiByteFinish)
                  0000273c    00000054     rtsv7M4_T_le_v4SPD16_eabi.lib : boot.obj (.text)
                  00002790    00000054                                   : exit.obj (.text)
                  000027e4    00000054                                   : ltoa.obj (.text)
                  00002838    0000004c     msp432p4xx_driverlib.lib : gpio.obj (.text:GPIO_setAsPeripheralModuleFunctionOutputPin)
                  00002884    0000004c     rtsv7M4_T_le_v4SPD16_eabi.lib : atoi.obj (.text)
                  000028d0    0000004c                                   : cpy_tbl.obj (.text)
                  0000291c    0000004a     grlib.lib : line.o (.text:Graphics_drawLineH)
                  00002966    00000048     rtsv7M4_T_le_v4SPD16_eabi.lib : fd_toi_t2.obj (.text)
                  000029ae    00000002                                   : startup.obj (.text)
                  000029b0    00000044     HAL_I2C.obj (.text:I2C_write16)
                  000029f4    00000044     rtsv7M4_T_le_v4SPD16_eabi.lib : fd_tou_t2.obj (.text)
                  00002a38    00000040     HAL_MSP_EXP432P401R_Crystalfontz128x128_ST7735.obj (.text:HAL_LCD_SpiInit)
                  00002a78    00000040     msp432p4xx_driverlib.lib : i2c.obj (.text:I2C_masterSendMultiByteStart)
                  00002ab8    0000003e                              : i2c.obj (.text:I2C_initMaster)
                  00002af6    0000003c     Crystalfontz128x128_ST7735.obj (.text:Crystalfontz128x128_LineDrawV)
                  00002b32    0000003a     Crystalfontz128x128_ST7735.obj (.text:Crystalfontz128x128_LineDrawH)
                  00002b6c    00000038     grlib.lib : string.o (.text:Graphics_drawStringCentered)
                  00002ba4    00000038     rtsv7M4_T_le_v4SPD16_eabi.lib : fs_tod_t2.obj (.text)
                  00002bdc    00000034     Crystalfontz128x128_ST7735.obj (.text:Crystalfontz128x128_SetOrientation)
                  00002c10    00000030     HAL_MSP_EXP432P401R_Crystalfontz128x128_ST7735.obj (.text:HAL_LCD_PortInit)
                  00002c40    00000030     msp432p4xx_driverlib.lib : i2c.obj (.text:I2C_masterReceiveMultiByteFinish)
                  00002c70    00000030                              : i2c.obj (.text:I2C_masterSendMultiByteStop)
                  00002ca0    00000030                              : spi.obj (.text:is_A_Module)
                  00002cd0    0000002e     rtsv7M4_T_le_v4SPD16_eabi.lib : i_tofd_t2.obj (.text)
                  00002cfe    00000002     --HOLE-- [fill = 0]
                  00002d00    0000002c     HAL_MSP_EXP432P401R_Crystalfontz128x128_ST7735.obj (.text:HAL_LCD_writeCommand)
                  00002d2c    00000028     Crystalfontz128x128_ST7735.obj (.text:Crystalfontz128x128_PixelDraw)
                  00002d54    00000026     msp432p4xx_driverlib.lib : timer_a.obj (.text:Timer_A_initCompare)
                  00002d7a    00000002     --HOLE-- [fill = 0]
                  00002d7c    00000024                              : gpio.obj (.text:GPIO_setAsOutputPin)
                  00002da0    00000024     HAL_I2C.obj (.text:I2C_init)
                  00002dc4    00000024     msp432p4xx_driverlib.lib : i2c.obj (.text:I2C_masterSendMultiByteNext)
                  00002de8    00000022     grlib.lib : context.o (.text:Graphics_initContext)
                  00002e0a    00000020     Crystalfontz128x128_ST7735.obj (.text:Crystalfontz128x128_ClearScreen)
                  00002e2a    00000002     --HOLE-- [fill = 0]
                  00002e2c    0000001c     HAL_I2C.obj (.text:I2C_setslave)
                  00002e48    0000001c     rtsv7M4_T_le_v4SPD16_eabi.lib : memccpy.obj (.text)
                  00002e64    0000001a     grlib.lib : string.o (.text:Graphics_getNumberOfLeadingZeros)
                  00002e7e    0000001a     msp432p4xx_driverlib.lib : spi.obj (.text:SPI_enableModule)
                  00002e98    00000018                              : gpio.obj (.text:GPIO_setOutputLowOnPin)
                  00002eb0    00000018     HAL_MSP_EXP432P401R_Crystalfontz128x128_ST7735.obj (.text:HAL_LCD_writeData)
                  00002ec8    00000018     HAL_I2C.obj (.text:Init_I2C_GPIO)
                  00002ee0    00000018     rtsv7M4_T_le_v4SPD16_eabi.lib : args_main.obj (.text)
                  00002ef8    00000016     Crystalfontz128x128_ST7735.obj (.text:Crystalfontz128x128_ColorTranslate)
                  00002f0e    00000016     grlib.lib : display.o (.text:Graphics_drawHorizontalLineOnDisplay)
                  00002f24    00000016     rtsv7M4_T_le_v4SPD16_eabi.lib : strchr.obj (.text)
                  00002f3a    00000002     --HOLE-- [fill = 0]
                  00002f3c    00000014     msp432p4xx_driverlib.lib : gpio.obj (.text:GPIO_setOutputHighOnPin)
                  00002f50    00000014                              : i2c.obj (.text:I2C_isBusBusy)
                  00002f64    00000014     HAL_OPT3001.obj (.text:OPT3001_init)
                  00002f78    00000014     rtsv7M4_T_le_v4SPD16_eabi.lib : _lock.obj (.text)
                  00002f8c    00000014                                   : s_copysign.obj (.text)
                  00002fa0    00000014                                   : strlen.obj (.text)
                  00002fb4    00000010     msp432p4xx_driverlib.lib : i2c.obj (.text:I2C_masterReceiveStart)
                  00002fc4    0000000e     grlib.lib : display.o (.text:Graphics_drawPixelOnDisplay)
                  00002fd2    0000000e               : context.o (.text:Graphics_setBackgroundColor)
                  00002fe0    0000000e               : context.o (.text:Graphics_setForegroundColor)
                  00002fee    0000000e     msp432p4xx_driverlib.lib : i2c.obj (.text:I2C_clearInterruptFlag)
                  00002ffc    0000000e                              : i2c.obj (.text:I2C_setMode)
                  0000300a    0000000e     rtsv7M4_T_le_v4SPD16_eabi.lib : copy_decompress_none.obj (.text:decompress:none)
                  00003018    0000000c     msp432p4xx_driverlib.lib : spi.obj (.text:EUSCI_A_SPI_enable)
                  00003024    0000000c                              : spi.obj (.text:EUSCI_B_SPI_enable)
                  00003030    0000000c                              : i2c.obj (.text:I2C_disableModule)
                  0000303c    0000000c                              : i2c.obj (.text:I2C_enableModule)
                  00003048    0000000c     startup_msp432p401r_ccs.obj (.text:Reset_Handler)
                  00003054    0000000c     rtsv7M4_T_le_v4SPD16_eabi.lib : copy_zero_init.obj (.text:decompress:ZI)
                  00003060    0000000a     grlib.lib : context.o (.text:Graphics_clearDisplay)
                  0000306a    0000000a               : display.o (.text:Graphics_clearDisplayOnDisplay)
                  00003074    0000000a               : display.o (.text:Graphics_translateColorOnDisplay)
                  0000307e    00000006     msp432p4xx_driverlib.lib : i2c.obj (.text:I2C_getInterruptStatus)
                  00003084    00000006                              : i2c.obj (.text:I2C_masterReceiveMultiByteNext)
                  0000308a    00000004     grlib.lib : context.o (.text:Graphics_setFont)
                  0000308e    00000004     msp432p4xx_driverlib.lib : i2c.obj (.text:I2C_setSlaveAddress)
                  00003092    00000004     rtsv7M4_T_le_v4SPD16_eabi.lib : pre_init.obj (.text)

.const     0    00003098    0000055c     
                  00003098    000002f8     fontfixed6x8.obj (.const:.string:g_pucFontFixed6x8Data)
                  00003390    00000101     rtsv7M4_T_le_v4SPD16_eabi.lib : ctype.obj (.const:.string:_ctypes_)
                  00003491    00000003     --HOLE-- [fill = 0]
                  00003494    000000c8     fontfixed6x8.obj (.const:g_sFontFixed6x8)
                  0000355c    00000030     msp432p4xx_driverlib.lib : gpio.obj (.const:GPIO_PORT_TO_BASE)
                  0000358c    00000020     Crystalfontz128x128_ST7735.obj (.const:g_sCrystalfontz128x128_funcs)
                  000035ac    0000001c     HAL_MSP_EXP432P401R_Crystalfontz128x128_ST7735.obj (.const:$P$T0$1)
                  000035c8    00000018     lightsensor.obj (.const:upConfig)
                  000035e0    00000014     HAL_I2C.obj (.const:i2cConfig)

.cinit     0    000035f8    00000048     
                  000035f8    00000021     (.cinit..data.load) [load image, compression = lzss]
                  00003619    00000003     --HOLE-- [fill = 0]
                  0000361c    0000000c     (__TI_handler_table)
                  00003628    00000008     (.cinit..bss.load) [load image, compression = zero_init]
                  00003630    00000010     (__TI_cinit_table)

.init_array 
*          0    00000000    00000000     UNINITIALIZED

.data      0    20000000    0000003c     UNINITIALIZED
                  20000000    00000010     lightsensor.obj (.data:compareConfig_PWM)
                  20000010    00000010     Crystalfontz128x128_ST7735.obj (.data:g_sCrystalfontz128x128)
                  20000020    0000000c     rtsv7M4_T_le_v4SPD16_eabi.lib : exit.obj (.data:$O1$$)
                  2000002c    00000008                                   : _lock.obj (.data:$O1$$)
                  20000034    00000004                                   : errno.obj (.data)
                  20000038    00000004                                   : stkdepth_vars.obj (.data)

.bss       0    2000003c    0000002a     UNINITIALIZED
                  2000003c    0000001c     (.common:g_sContext)
                  20000058    00000004     (.common:lux)
                  2000005c    00000002     (.common:Lcd_ScreenHeigth)
                  2000005e    00000002     (.common:Lcd_ScreenWidth)
                  20000060    00000002     (.common:Lcd_TouchTrim)
                  20000062    00000001     (.common:Lcd_FlagRead)
                  20000063    00000001     (.common:Lcd_FontSolid)
                  20000064    00000001     (.common:Lcd_Orientation)
                  20000065    00000001     (.common:Lcd_PenSolid)

.stack     0    2000fe00    00000200     UNINITIALIZED
                  2000fe00    00000200     --HOLE--

MODULE SUMMARY

       Module                                               code    ro data   rw data
       ------                                               ----    -------   -------
    .\
       lightsensor.obj                                      576     24        96     
       HAL_I2C.obj                                          292     20        0      
       HAL_OPT3001.obj                                      108     0         0      
       system_msp432p401r.obj                               104     0         0      
    +--+----------------------------------------------------+-------+---------+---------+
       Total:                                               1080    44        96     
                                                                                     
    .\LcdDriver\
       Crystalfontz128x128_ST7735.obj                       1016    32        52     
       HAL_MSP_EXP432P401R_Crystalfontz128x128_ST7735.obj   180     28        0      
    +--+----------------------------------------------------+-------+---------+---------+
       Total:                                               1196    60        52     
                                                                                     
    .\ccs\
       startup_msp432p401r_ccs.obj                          14      228       0      
    +--+----------------------------------------------------+-------+---------+---------+
       Total:                                               14      228       0      
                                                                                     
    .\fonts\
       fontfixed6x8.obj                                     0       960       0      
    +--+----------------------------------------------------+-------+---------+---------+
       Total:                                               0       960       0      
                                                                                     
    C:/ti/simplelink_msp432_sdk_1_40_01_00/source/ti/devices/msp432p4xx/driverlib/ccs/msp432p4xx_driverlib.lib
       i2c.obj                                              446     0         0      
       spi.obj                                              222     0         0      
       gpio.obj                                             156     48        0      
       timer_a.obj                                          38      0         0      
    +--+----------------------------------------------------+-------+---------+---------+
       Total:                                               862     48        0      
                                                                                     
    C:/ti/simplelink_msp432_sdk_1_40_01_00/source/ti/grlib/ccs/grlib.lib
       string.o                                             906     0         0      
       context.o                                            76      0         0      
       line.o                                               74      0         0      
       display.o                                            56      0         0      
    +--+----------------------------------------------------+-------+---------+---------+
       Total:                                               1112    0         0      
                                                                                     
    C:\ti\ccsv7\tools\compiler\ti-cgt-arm_16.9.4.LTS\lib\rtsv7M4_T_le_v4SPD16_eabi.lib
       _printfi.obj                                         4414    0         0      
       ull_div_t2.obj                                       500     0         0      
       fd_add_t2.obj                                        438     0         0      
       fd_div_t2.obj                                        310     0         0      
       fd_cmp_t2.obj                                        268     0         0      
       ctype.obj                                            0       257       0      
       fd_mul_t2.obj                                        252     0         0      
       s_scalbn.obj                                         252     0         0      
       memcpy_t2.obj                                        156     0         0      
       memset_t2.obj                                        122     0         0      
       autoinit.obj                                         112     0         0      
       exit.obj                                             84      0         24     
       copy_decompress_lzss.obj                             104     0         0      
       s_frexp.obj                                          100     0         0      
       sprintf.obj                                          96      0         0      
       boot.obj                                             84      0         0      
       ltoa.obj                                             84      0         0      
       atoi.obj                                             76      0         0      
       cpy_tbl.obj                                          76      0         0      
       fd_toi_t2.obj                                        72      0         0      
       fd_tou_t2.obj                                        68      0         0      
       fs_tod_t2.obj                                        56      0         0      
       i_tofd_t2.obj                                        46      0         0      
       _lock.obj                                            20      0         16     
       memccpy.obj                                          28      0         0      
       args_main.obj                                        24      0         0      
       strchr.obj                                           22      0         0      
       s_copysign.obj                                       20      0         0      
       strlen.obj                                           20      0         0      
       copy_decompress_none.obj                             14      0         0      
       copy_zero_init.obj                                   12      0         0      
       errno.obj                                            0       0         8      
       stkdepth_vars.obj                                    0       0         8      
       pre_init.obj                                         4       0         0      
       mpu_init.obj                                         2       0         0      
       startup.obj                                          2       0         0      
    +--+----------------------------------------------------+-------+---------+---------+
       Total:                                               7938    257       56     
                                                                                     
       Stack:                                               0       0         1024   
       Linker Generated:                                    0       69        0      
    +--+----------------------------------------------------+-------+---------+---------+
       Grand Total:                                         12202   1666      1228   


LINKER GENERATED COPY TABLES

__TI_cinit_table @ 00003630 records: 2, size/record: 8, table size: 16
	.data: load addr=000035f8, load size=00000021 bytes, run addr=20000000, run size=0000003c bytes, compression=lzss
	.bss: load addr=00003628, load size=00000008 bytes, run addr=2000003c, run size=0000002a bytes, compression=zero_init


LINKER GENERATED HANDLER TABLE

__TI_handler_table @ 0000361c records: 3, size/record: 4, table size: 12
	index: 0, handler: __TI_decompress_lzss
	index: 1, handler: __TI_decompress_none
	index: 2, handler: __TI_zero_init


GLOBAL SYMBOLS: SORTED ALPHABETICALLY BY Name 

address   name                                       
-------   ----                                       
000023cb  ADC14_IRQHandler                           
000023cb  AES256_IRQHandler                          
000023cb  BusFault_Handler                           
00002791  C$$EXIT                                    
000023cb  COMP_E0_IRQHandler                         
000023cb  COMP_E1_IRQHandler                         
000023cb  CS_IRQHandler                              
00001c15  Crystalfontz128x128_Init                   
00002251  Crystalfontz128x128_SetDrawFrame           
00002bdd  Crystalfontz128x128_SetOrientation         
000023cb  DMA_ERR_IRQHandler                         
000023cb  DMA_INT0_IRQHandler                        
000023cb  DMA_INT1_IRQHandler                        
000023cb  DMA_INT2_IRQHandler                        
000023cb  DMA_INT3_IRQHandler                        
000023cb  DebugMon_Handler                           
000023cb  Default_Handler                            
000023cb  EUSCIA0_IRQHandler                         
000023cb  EUSCIA1_IRQHandler                         
000023cb  EUSCIA2_IRQHandler                         
000023cb  EUSCIA3_IRQHandler                         
000023cb  EUSCIB0_IRQHandler                         
000023cb  EUSCIB1_IRQHandler                         
000023cb  EUSCIB2_IRQHandler                         
000023cb  EUSCIB3_IRQHandler                         
00003019  EUSCI_A_SPI_enable                         
00003025  EUSCI_B_SPI_enable                         
000023cb  FLCTL_IRQHandler                           
000023cb  FPU_IRQHandler                             
00002d7d  GPIO_setAsOutputPin                        
00002839  GPIO_setAsPeripheralModuleFunctionOutputPin
00002f3d  GPIO_setOutputHighOnPin                    
00002e99  GPIO_setOutputLowOnPin                     
00003061  Graphics_clearDisplay                      
0000306b  Graphics_clearDisplayOnDisplay             
00002f0f  Graphics_drawHorizontalLineOnDisplay       
0000291d  Graphics_drawLineH                         
00002fc5  Graphics_drawPixelOnDisplay                
00001223  Graphics_drawString                        
00002b6d  Graphics_drawStringCentered                
0000243d  Graphics_getStringWidth                    
00002de9  Graphics_initContext                       
00002fd3  Graphics_setBackgroundColor                
0000308b  Graphics_setFont                           
00002fe1  Graphics_setForegroundColor                
00003075  Graphics_translateColorOnDisplay           
00002c11  HAL_LCD_PortInit                           
00002a39  HAL_LCD_SpiInit                            
00002d01  HAL_LCD_writeCommand                       
00002eb1  HAL_LCD_writeData                          
000023cb  HardFault_Handler                          
00002fef  I2C_clearInterruptFlag                     
00003031  I2C_disableModule                          
0000303d  I2C_enableModule                           
0000307f  I2C_getInterruptStatus                     
00002da1  I2C_init                                   
00002ab9  I2C_initMaster                             
00002f51  I2C_isBusBusy                              
00002c41  I2C_masterReceiveMultiByteFinish           
00003085  I2C_masterReceiveMultiByteNext             
00002fb5  I2C_masterReceiveStart                     
000026e9  I2C_masterSendMultiByteFinish              
00002dc5  I2C_masterSendMultiByteNext                
00002a79  I2C_masterSendMultiByteStart               
00002c71  I2C_masterSendMultiByteStop                
000020bd  I2C_read16                                 
00002ffd  I2C_setMode                                
0000308f  I2C_setSlaveAddress                        
00002e2d  I2C_setslave                               
000029b1  I2C_write16                                
00002ec9  Init_I2C_GPIO                              
20000062  Lcd_FlagRead                               
20000063  Lcd_FontSolid                              
20000064  Lcd_Orientation                            
20000065  Lcd_PenSolid                               
2000005c  Lcd_ScreenHeigth                           
2000005e  Lcd_ScreenWidth                            
20000060  Lcd_TouchTrim                              
000023cb  MemManage_Handler                          
000023cb  NMI_Handler                                
00002639  OPT3001_getLux                             
00002f65  OPT3001_init                               
000023cb  PCM_IRQHandler                             
000023cb  PORT1_IRQHandler                           
000023cb  PORT2_IRQHandler                           
000023cb  PORT3_IRQHandler                           
000023cb  PORT4_IRQHandler                           
000023cb  PORT5_IRQHandler                           
000023cb  PORT6_IRQHandler                           
000023cb  PSS_IRQHandler                             
000023cb  PendSV_Handler                             
000023cb  RTC_C_IRQHandler                           
00003049  Reset_Handler                              
UNDEFED   SHT$$INIT_ARRAY$$Base                      
UNDEFED   SHT$$INIT_ARRAY$$Limit                     
00002e7f  SPI_enableModule                           
000022d5  SPI_initMaster                             
000023cb  SVC_Handler                                
000023cb  SysTick_Handler                            
000024a5  SystemInit                                 
000023cb  T32_INT1_IRQHandler                        
000023cb  T32_INT2_IRQHandler                        
000023cb  T32_INTC_IRQHandler                        
000023cb  TA0_0_IRQHandler                           
000023cb  TA0_N_IRQHandler                           
000023cb  TA1_0_IRQHandler                           
000023cb  TA1_N_IRQHandler                           
000023cb  TA2_0_IRQHandler                           
000023cb  TA2_N_IRQHandler                           
000023cb  TA3_0_IRQHandler                           
000023cb  TA3_N_IRQHandler                           
00002d55  Timer_A_initCompare                        
000023cb  UsageFault_Handler                         
4000480c  WDTCTL_SYM                                 
000023cb  WDT_A_IRQHandler                           
20010000  __STACK_END                                
00000200  __STACK_SIZE                               
00003630  __TI_CINIT_Base                            
00003640  __TI_CINIT_Limit                           
0000361c  __TI_Handler_Table_Base                    
00003628  __TI_Handler_Table_Limit                   
000023cd  __TI_auto_init                             
20000020  __TI_cleanup_ptr                           
0000250d  __TI_decompress_lzss                       
0000300b  __TI_decompress_none                       
20000024  __TI_dtors_ptr                             
20000028  __TI_enable_exit_profile_output            
ffffffff  __TI_pprof_out_hndl                        
00000929  __TI_printfi                               
ffffffff  __TI_prof_data_size                        
ffffffff  __TI_prof_data_start                       
00000000  __TI_static_base__                         
00003055  __TI_zero_init                             
00002145  __aeabi_cdcmpeq                            
00002145  __aeabi_cdcmple                            
000021cb  __aeabi_cdrcmple                           
00002967  __aeabi_d2iz                               
000029f5  __aeabi_d2uiz                              
00001933  __aeabi_dadd                               
00001adf  __aeabi_ddiv                               
00001e29  __aeabi_dmul                               
00001929  __aeabi_dsub                               
00002ba5  __aeabi_f2d                                
00002cd1  __aeabi_i2d                                
00002351  __aeabi_memclr                             
00002351  __aeabi_memclr4                            
00002351  __aeabi_memclr8                            
00002021  __aeabi_memcpy                             
00002021  __aeabi_memcpy4                            
00002021  __aeabi_memcpy8                            
00002353  __aeabi_memset                             
00002353  __aeabi_memset4                            
00002353  __aeabi_memset8                            
00001735  __aeabi_uldivmod                           
ffffffff  __binit__                                  
ffffffff  __c_args__                                 
000026e7  __mpu_init                                 
2000fe00  __stack                                    
00002ee1  _args_main                                 
0000273d  _c_int00                                   
00003390  _ctypes_                                   
2000002c  _lock                                      
00002f87  _nop                                       
00002f7f  _register_lock                             
00002f79  _register_unlock                           
000029af  _system_post_cinit                         
00003093  _system_pre_init                           
20000030  _unlock                                    
00002795  abort                                      
00002885  atoi                                       
ffffffff  binit                                      
20000000  compareConfig_PWM                          
000028d1  copy_in                                    
00002f8d  copysign                                   
00002f8d  copysignl                                  
20000034  errno                                      
0000279d  exit                                       
00002575  frexp                                      
00002575  frexpl                                     
2000003c  g_sContext                                 
20000010  g_sCrystalfontz128x128                     
0000358c  g_sCrystalfontz128x128_funcs               
00003494  g_sFontFixed6x8                            
000035e0  i2cConfig                                  
00000000  interruptVectors                           
00001f25  ldexp                                      
00001f25  ldexpl                                     
000027e5  ltoa                                       
20000058  lux                                        
000014f5  main                                       
20000038  main_func_sp                               
00002e49  memccpy                                    
00002021  memcpy                                     
00002359  memset                                     
00001f25  scalbn                                     
00001f25  scalbnl                                    
000025d9  sprintf                                    
00002f25  strchr                                     
00002fa1  strlen                                     
000035c8  upConfig                                   


GLOBAL SYMBOLS: SORTED BY Symbol Address 

address   name                                       
-------   ----                                       
00000000  __TI_static_base__                         
00000000  interruptVectors                           
00000200  __STACK_SIZE                               
00000929  __TI_printfi                               
00001223  Graphics_drawString                        
000014f5  main                                       
00001735  __aeabi_uldivmod                           
00001929  __aeabi_dsub                               
00001933  __aeabi_dadd                               
00001adf  __aeabi_ddiv                               
00001c15  Crystalfontz128x128_Init                   
00001e29  __aeabi_dmul                               
00001f25  ldexp                                      
00001f25  ldexpl                                     
00001f25  scalbn                                     
00001f25  scalbnl                                    
00002021  __aeabi_memcpy                             
00002021  __aeabi_memcpy4                            
00002021  __aeabi_memcpy8                            
00002021  memcpy                                     
000020bd  I2C_read16                                 
00002145  __aeabi_cdcmpeq                            
00002145  __aeabi_cdcmple                            
000021cb  __aeabi_cdrcmple                           
00002251  Crystalfontz128x128_SetDrawFrame           
000022d5  SPI_initMaster                             
00002351  __aeabi_memclr                             
00002351  __aeabi_memclr4                            
00002351  __aeabi_memclr8                            
00002353  __aeabi_memset                             
00002353  __aeabi_memset4                            
00002353  __aeabi_memset8                            
00002359  memset                                     
000023cb  ADC14_IRQHandler                           
000023cb  AES256_IRQHandler                          
000023cb  BusFault_Handler                           
000023cb  COMP_E0_IRQHandler                         
000023cb  COMP_E1_IRQHandler                         
000023cb  CS_IRQHandler                              
000023cb  DMA_ERR_IRQHandler                         
000023cb  DMA_INT0_IRQHandler                        
000023cb  DMA_INT1_IRQHandler                        
000023cb  DMA_INT2_IRQHandler                        
000023cb  DMA_INT3_IRQHandler                        
000023cb  DebugMon_Handler                           
000023cb  Default_Handler                            
000023cb  EUSCIA0_IRQHandler                         
000023cb  EUSCIA1_IRQHandler                         
000023cb  EUSCIA2_IRQHandler                         
000023cb  EUSCIA3_IRQHandler                         
000023cb  EUSCIB0_IRQHandler                         
000023cb  EUSCIB1_IRQHandler                         
000023cb  EUSCIB2_IRQHandler                         
000023cb  EUSCIB3_IRQHandler                         
000023cb  FLCTL_IRQHandler                           
000023cb  FPU_IRQHandler                             
000023cb  HardFault_Handler                          
000023cb  MemManage_Handler                          
000023cb  NMI_Handler                                
000023cb  PCM_IRQHandler                             
000023cb  PORT1_IRQHandler                           
000023cb  PORT2_IRQHandler                           
000023cb  PORT3_IRQHandler                           
000023cb  PORT4_IRQHandler                           
000023cb  PORT5_IRQHandler                           
000023cb  PORT6_IRQHandler                           
000023cb  PSS_IRQHandler                             
000023cb  PendSV_Handler                             
000023cb  RTC_C_IRQHandler                           
000023cb  SVC_Handler                                
000023cb  SysTick_Handler                            
000023cb  T32_INT1_IRQHandler                        
000023cb  T32_INT2_IRQHandler                        
000023cb  T32_INTC_IRQHandler                        
000023cb  TA0_0_IRQHandler                           
000023cb  TA0_N_IRQHandler                           
000023cb  TA1_0_IRQHandler                           
000023cb  TA1_N_IRQHandler                           
000023cb  TA2_0_IRQHandler                           
000023cb  TA2_N_IRQHandler                           
000023cb  TA3_0_IRQHandler                           
000023cb  TA3_N_IRQHandler                           
000023cb  UsageFault_Handler                         
000023cb  WDT_A_IRQHandler                           
000023cd  __TI_auto_init                             
0000243d  Graphics_getStringWidth                    
000024a5  SystemInit                                 
0000250d  __TI_decompress_lzss                       
00002575  frexp                                      
00002575  frexpl                                     
000025d9  sprintf                                    
00002639  OPT3001_getLux                             
000026e7  __mpu_init                                 
000026e9  I2C_masterSendMultiByteFinish              
0000273d  _c_int00                                   
00002791  C$$EXIT                                    
00002795  abort                                      
0000279d  exit                                       
000027e5  ltoa                                       
00002839  GPIO_setAsPeripheralModuleFunctionOutputPin
00002885  atoi                                       
000028d1  copy_in                                    
0000291d  Graphics_drawLineH                         
00002967  __aeabi_d2iz                               
000029af  _system_post_cinit                         
000029b1  I2C_write16                                
000029f5  __aeabi_d2uiz                              
00002a39  HAL_LCD_SpiInit                            
00002a79  I2C_masterSendMultiByteStart               
00002ab9  I2C_initMaster                             
00002b6d  Graphics_drawStringCentered                
00002ba5  __aeabi_f2d                                
00002bdd  Crystalfontz128x128_SetOrientation         
00002c11  HAL_LCD_PortInit                           
00002c41  I2C_masterReceiveMultiByteFinish           
00002c71  I2C_masterSendMultiByteStop                
00002cd1  __aeabi_i2d                                
00002d01  HAL_LCD_writeCommand                       
00002d55  Timer_A_initCompare                        
00002d7d  GPIO_setAsOutputPin                        
00002da1  I2C_init                                   
00002dc5  I2C_masterSendMultiByteNext                
00002de9  Graphics_initContext                       
00002e2d  I2C_setslave                               
00002e49  memccpy                                    
00002e7f  SPI_enableModule                           
00002e99  GPIO_setOutputLowOnPin                     
00002eb1  HAL_LCD_writeData                          
00002ec9  Init_I2C_GPIO                              
00002ee1  _args_main                                 
00002f0f  Graphics_drawHorizontalLineOnDisplay       
00002f25  strchr                                     
00002f3d  GPIO_setOutputHighOnPin                    
00002f51  I2C_isBusBusy                              
00002f65  OPT3001_init                               
00002f79  _register_unlock                           
00002f7f  _register_lock                             
00002f87  _nop                                       
00002f8d  copysign                                   
00002f8d  copysignl                                  
00002fa1  strlen                                     
00002fb5  I2C_masterReceiveStart                     
00002fc5  Graphics_drawPixelOnDisplay                
00002fd3  Graphics_setBackgroundColor                
00002fe1  Graphics_setForegroundColor                
00002fef  I2C_clearInterruptFlag                     
00002ffd  I2C_setMode                                
0000300b  __TI_decompress_none                       
00003019  EUSCI_A_SPI_enable                         
00003025  EUSCI_B_SPI_enable                         
00003031  I2C_disableModule                          
0000303d  I2C_enableModule                           
00003049  Reset_Handler                              
00003055  __TI_zero_init                             
00003061  Graphics_clearDisplay                      
0000306b  Graphics_clearDisplayOnDisplay             
00003075  Graphics_translateColorOnDisplay           
0000307f  I2C_getInterruptStatus                     
00003085  I2C_masterReceiveMultiByteNext             
0000308b  Graphics_setFont                           
0000308f  I2C_setSlaveAddress                        
00003093  _system_pre_init                           
00003390  _ctypes_                                   
00003494  g_sFontFixed6x8                            
0000358c  g_sCrystalfontz128x128_funcs               
000035c8  upConfig                                   
000035e0  i2cConfig                                  
0000361c  __TI_Handler_Table_Base                    
00003628  __TI_Handler_Table_Limit                   
00003630  __TI_CINIT_Base                            
00003640  __TI_CINIT_Limit                           
20000000  compareConfig_PWM                          
20000010  g_sCrystalfontz128x128                     
20000020  __TI_cleanup_ptr                           
20000024  __TI_dtors_ptr                             
20000028  __TI_enable_exit_profile_output            
2000002c  _lock                                      
20000030  _unlock                                    
20000034  errno                                      
20000038  main_func_sp                               
2000003c  g_sContext                                 
20000058  lux                                        
2000005c  Lcd_ScreenHeigth                           
2000005e  Lcd_ScreenWidth                            
20000060  Lcd_TouchTrim                              
20000062  Lcd_FlagRead                               
20000063  Lcd_FontSolid                              
20000064  Lcd_Orientation                            
20000065  Lcd_PenSolid                               
2000fe00  __stack                                    
20010000  __STACK_END                                
4000480c  WDTCTL_SYM                                 
ffffffff  __TI_pprof_out_hndl                        
ffffffff  __TI_prof_data_size                        
ffffffff  __TI_prof_data_start                       
ffffffff  __binit__                                  
ffffffff  __c_args__                                 
ffffffff  binit                                      
UNDEFED   SHT$$INIT_ARRAY$$Base                      
UNDEFED   SHT$$INIT_ARRAY$$Limit                     

[200 symbols]
