******************************************************************************
                  TI ARM Linker PC v16.9.4                     
******************************************************************************
>> Linked Thu Sep 21 18:56:16 2017

OUTPUT FILE NAME:   <CodeShare.out>
ENTRY POINT SYMBOL: "_c_int00"  address: 00000a6d


MEMORY CONFIGURATION

         name            origin    length      used     unused   attr    fill
----------------------  --------  ---------  --------  --------  ----  --------
  MAIN                  00000000   00040000  0000102a  0003efd6  R  X
  INFO                  00200000   00004000  00000000  00004000  R  X
  SRAM_CODE             01000000   00010000  00000280  0000fd80  RW X
  SRAM_DATA             20000000   00010000  00000280  0000fd80  RW  


SEGMENT ALLOCATION MAP

run origin  load origin   length   init length attrs members
----------  ----------- ---------- ----------- ----- -------
00000000    00000000    00001030   00001030    r-x
  00000000    00000000    000000e4   000000e4    r-- .intvecs
  000000e4    000000e4    00000ec2   00000ec2    r-x .text
  00000fa8    00000fa8    00000044   00000044    r-- .const
  00000ff0    00000ff0    00000040   00000040    r-- .cinit
20000000    20000000    00000080   00000000    rw-
  20000000    20000000    00000044   00000000    rw- .data
  20000044    20000044    0000003c   00000000    rw- .bss
2000fe00    2000fe00    00000200   00000000    rw-
  2000fe00    2000fe00    00000200   00000000    rw- .stack


SECTION ALLOCATION MAP

 output                                  attributes/
section   page    origin      length       input sections
--------  ----  ----------  ----------   ----------------
.intvecs   0    00000000    000000e4     
                  00000000    000000e4     startup_msp432p401r_ccs.obj (.intvecs:retain)

.binit     0    00000000    00000000     

.text      0    000000e4    00000ec2     
                  000000e4    000000fc     rtsv7M4_T_le_v4SPD16_eabi.lib : fd_mul_t2.obj (.text)
                  000001e0    000000ec     setup.obj (.text:_Z5Setupv)
                  000002cc    000000d4     functions.obj (.text:_Z12BufferSonidov)
                  000003a0    000000a4     main.obj (.text:main)
                  00000444    0000009c     rtsv7M4_T_le_v4SPD16_eabi.lib : memcpy_t2.obj (.text)
                  000004e0    00000088     HAL_I2C.obj (.text:_Z10I2C_read16h)
                  00000568    00000086     rtsv7M4_T_le_v4SPD16_eabi.lib : fd_cmp_t2.obj (.text:__aeabi_cdrcmple)
                  000005ee    00000002     startup_msp432p401r_ccs.obj (.text:Default_Handler)
                  000005f0    00000084     setup.obj (.text:_Z11SelectLampsv)
                  00000674    0000007a     rtsv7M4_T_le_v4SPD16_eabi.lib : memset_t2.obj (.text)
                  000006ee    00000002                                   : mpu_init.obj (.text)
                  000006f0    00000070     handler.obj (.text:T32_INT2_IRQHandler)
                  00000760    00000070     rtsv7M4_T_le_v4SPD16_eabi.lib : autoinit.obj (.text)
                  000007d0    00000068     handler.obj (.text:PORT4_IRQHandler)
                  00000838    00000068     system_msp432p401r.obj (.text:SystemInit)
                  000008a0    00000068     rtsv7M4_T_le_v4SPD16_eabi.lib : copy_decompress_lzss.obj (.text:decompress:lzss)
                  00000908    00000060     functions.obj (.text:_Z13EstadoInicialv)
                  00000968    00000058     functions.obj (.text:_Z14BufferMuestrasv)
                  000009c0    00000058     HAL_OPT3001.obj (.text:_Z14OPT3001_getLuxv)
                  00000a18    00000054     msp432p4xx_driverlib.lib : i2c.obj (.text:I2C_masterSendMultiByteFinish)
                  00000a6c    00000054     rtsv7M4_T_le_v4SPD16_eabi.lib : boot.obj (.text)
                  00000ac0    00000054                                   : exit.obj (.text)
                  00000b14    0000004c     msp432p4xx_driverlib.lib : gpio.obj (.text:GPIO_setAsPeripheralModuleFunctionOutputPin)
                  00000b60    0000004c     rtsv7M4_T_le_v4SPD16_eabi.lib : cpy_tbl.obj (.text)
                  00000bac    00000044     HAL_I2C.obj (.text:_Z11I2C_write16hj)
                  00000bf0    00000040     handler.obj (.text:ADC14_IRQHandler)
                  00000c30    00000040     msp432p4xx_driverlib.lib : i2c.obj (.text:I2C_masterSendMultiByteStart)
                  00000c70    00000040     setup.obj (.text:_Z18MemoryLightsTogglev)
                  00000cb0    0000003e     msp432p4xx_driverlib.lib : i2c.obj (.text:I2C_initMaster)
                  00000cee    00000038     rtsv7M4_T_le_v4SPD16_eabi.lib : fs_tod_t2.obj (.text)
                  00000d26    00000002                                   : startup.obj (.text)
                  00000d28    00000030     msp432p4xx_driverlib.lib : i2c.obj (.text:I2C_masterReceiveMultiByteFinish)
                  00000d58    00000030                              : i2c.obj (.text:I2C_masterSendMultiByteStop)
                  00000d88    00000030     handler.obj (.text:T32_INT1_IRQHandler)
                  00000db8    00000030     functions.obj (.text:_Z11StillCryingv)
                  00000de8    0000002c     setup.obj (.text:_Z14MemoryLightsOnv)
                  00000e14    00000028     setup.obj (.text:_Z15MemoryLightsOffv)
                  00000e3c    00000024     msp432p4xx_driverlib.lib : i2c.obj (.text:I2C_masterSendMultiByteNext)
                  00000e60    00000024     HAL_I2C.obj (.text:_Z8I2C_initv)
                  00000e84    0000001c     HAL_I2C.obj (.text:_Z12I2C_setslavej)
                  00000ea0    0000001a     functions.obj (.text:_Z10ParpadeoOnv)
                  00000eba    00000018     HAL_I2C.obj (.text:_Z13Init_I2C_GPIOv)
                  00000ed2    00000002     --HOLE-- [fill = 0]
                  00000ed4    00000018     rtsv7M4_T_le_v4SPD16_eabi.lib : args_main.obj (.text)
                  00000eec    00000014     msp432p4xx_driverlib.lib : i2c.obj (.text:I2C_isBusBusy)
                  00000f00    00000014     HAL_OPT3001.obj (.text:_Z12OPT3001_initv)
                  00000f14    00000014     rtsv7M4_T_le_v4SPD16_eabi.lib : _lock.obj (.text)
                  00000f28    00000010     msp432p4xx_driverlib.lib : i2c.obj (.text:I2C_masterReceiveStart)
                  00000f38    0000000e                              : i2c.obj (.text:I2C_clearInterruptFlag)
                  00000f46    0000000e                              : i2c.obj (.text:I2C_setMode)
                  00000f54    0000000e     rtsv7M4_T_le_v4SPD16_eabi.lib : copy_decompress_none.obj (.text:decompress:none)
                  00000f62    0000000c     msp432p4xx_driverlib.lib : i2c.obj (.text:I2C_disableModule)
                  00000f6e    0000000c                              : i2c.obj (.text:I2C_enableModule)
                  00000f7a    0000000c     startup_msp432p401r_ccs.obj (.text:Reset_Handler)
                  00000f86    0000000c     rtsv7M4_T_le_v4SPD16_eabi.lib : copy_zero_init.obj (.text:decompress:ZI)
                  00000f92    00000006     msp432p4xx_driverlib.lib : i2c.obj (.text:I2C_getInterruptStatus)
                  00000f98    00000006                              : i2c.obj (.text:I2C_masterReceiveMultiByteNext)
                  00000f9e    00000004                              : i2c.obj (.text:I2C_setSlaveAddress)
                  00000fa2    00000004     rtsv7M4_T_le_v4SPD16_eabi.lib : pre_init.obj (.text)

.const     0    00000fa8    00000044     
                  00000fa8    00000030     msp432p4xx_driverlib.lib : gpio.obj (.const:GPIO_PORT_TO_BASE)
                  00000fd8    00000014     HAL_I2C.obj (.const:i2cConfig)

.cinit     0    00000ff0    00000040     
                  00000ff0    00000016     (.cinit..data.load) [load image, compression = lzss]
                  00001006    00000002     --HOLE-- [fill = 0]
                  00001008    0000000c     (__TI_handler_table)
                  00001014    00000004     --HOLE-- [fill = 0]
                  00001018    00000008     (.cinit..bss.load) [load image, compression = zero_init]
                  00001020    00000010     (__TI_cinit_table)

.init_array 
*          0    00000000    00000000     UNINITIALIZED

.data      0    20000000    00000044     UNINITIALIZED
                  20000000    0000002c     main.obj (.data)
                  2000002c    0000000c     rtsv7M4_T_le_v4SPD16_eabi.lib : exit.obj (.data:$O1$$)
                  20000038    00000008                                   : _lock.obj (.data:$O1$$)
                  20000040    00000004                                   : stkdepth_vars.obj (.data)

.bss       0    20000044    0000003c     UNINITIALIZED
                  20000044    00000028     (.common:g_vfmuestras)
                  2000006c    00000014     (.common:g_vfsonido)

.stack     0    2000fe00    00000200     UNINITIALIZED
                  2000fe00    00000200     --HOLE--

MODULE SUMMARY

       Module                        code   ro data   rw data
       ------                        ----   -------   -------
    .\
       setup.obj                     516    0         0      
       functions.obj                 470    0         0      
       main.obj                      164    0         208    
       handler.obj                   328    0         0      
       HAL_I2C.obj                   292    20        0      
       HAL_OPT3001.obj               108    0         0      
       system_msp432p401r.obj        104    0         0      
    +--+-----------------------------+------+---------+---------+
       Total:                        1982   20        208    
                                                             
    .\ccs\
       startup_msp432p401r_ccs.obj   14     228       0      
    +--+-----------------------------+------+---------+---------+
       Total:                        14     228       0      
                                                             
    C:/ti/simplelink_msp432_sdk_1_40_01_00/source/ti/devices/msp432p4xx/driverlib/ccs/msp432p4xx_driverlib.lib
       i2c.obj                       446    0         0      
       gpio.obj                      76     48        0      
    +--+-----------------------------+------+---------+---------+
       Total:                        522    48        0      
                                                             
    C:\ti\ccsv7\tools\compiler\ti-cgt-arm_16.9.4.LTS\lib\rtsv7M4_T_le_v4SPD16_eabi.lib
       fd_mul_t2.obj                 252    0         0      
       memcpy_t2.obj                 156    0         0      
       fd_cmp_t2.obj                 134    0         0      
       memset_t2.obj                 122    0         0      
       autoinit.obj                  112    0         0      
       exit.obj                      84     0         24     
       copy_decompress_lzss.obj      104    0         0      
       boot.obj                      84     0         0      
       cpy_tbl.obj                   76     0         0      
       fs_tod_t2.obj                 56     0         0      
       _lock.obj                     20     0         16     
       args_main.obj                 24     0         0      
       copy_decompress_none.obj      14     0         0      
       copy_zero_init.obj            12     0         0      
       stkdepth_vars.obj             0      0         8      
       pre_init.obj                  4      0         0      
       mpu_init.obj                  2      0         0      
       startup.obj                   2      0         0      
    +--+-----------------------------+------+---------+---------+
       Total:                        1258   0         48     
                                                             
       Stack:                        0      0         1024   
       Linker Generated:             0      58        0      
    +--+-----------------------------+------+---------+---------+
       Grand Total:                  3776   354       1280   


LINKER GENERATED COPY TABLES

__TI_cinit_table @ 00001020 records: 2, size/record: 8, table size: 16
	.data: load addr=00000ff0, load size=00000016 bytes, run addr=20000000, run size=00000044 bytes, compression=lzss
	.bss: load addr=00001018, load size=00000008 bytes, run addr=20000044, run size=0000003c bytes, compression=zero_init


LINKER GENERATED HANDLER TABLE

__TI_handler_table @ 00001008 records: 3, size/record: 4, table size: 12
	index: 0, handler: __TI_decompress_lzss
	index: 1, handler: __TI_decompress_none
	index: 2, handler: __TI_zero_init


GLOBAL SYMBOLS: SORTED ALPHABETICALLY BY Name 

address   name                                       
-------   ----                                       
00000bf1  ADC14_IRQHandler                           
00000bf1  ADC14_IRQHandler                           
000005ef  AES256_IRQHandler                          
000005ef  BusFault_Handler                           
00000ac1  C$$EXIT                                    
000005ef  COMP_E0_IRQHandler                         
000005ef  COMP_E1_IRQHandler                         
000005ef  CS_IRQHandler                              
000005ef  DMA_ERR_IRQHandler                         
000005ef  DMA_INT0_IRQHandler                        
000005ef  DMA_INT1_IRQHandler                        
000005ef  DMA_INT2_IRQHandler                        
000005ef  DMA_INT3_IRQHandler                        
000005ef  DebugMon_Handler                           
000005ef  Default_Handler                            
000005ef  EUSCIA0_IRQHandler                         
000005ef  EUSCIA1_IRQHandler                         
000005ef  EUSCIA2_IRQHandler                         
000005ef  EUSCIA3_IRQHandler                         
000005ef  EUSCIB0_IRQHandler                         
000005ef  EUSCIB1_IRQHandler                         
000005ef  EUSCIB2_IRQHandler                         
000005ef  EUSCIB3_IRQHandler                         
000005ef  FLCTL_IRQHandler                           
000005ef  FPU_IRQHandler                             
00000b15  GPIO_setAsPeripheralModuleFunctionOutputPin
000005ef  HardFault_Handler                          
00000f39  I2C_clearInterruptFlag                     
00000f63  I2C_disableModule                          
00000f6f  I2C_enableModule                           
00000f93  I2C_getInterruptStatus                     
00000cb1  I2C_initMaster                             
00000eed  I2C_isBusBusy                              
00000d29  I2C_masterReceiveMultiByteFinish           
00000f99  I2C_masterReceiveMultiByteNext             
00000f29  I2C_masterReceiveStart                     
00000a19  I2C_masterSendMultiByteFinish              
00000e3d  I2C_masterSendMultiByteNext                
00000c31  I2C_masterSendMultiByteStart               
00000d59  I2C_masterSendMultiByteStop                
00000f47  I2C_setMode                                
00000f9f  I2C_setSlaveAddress                        
000005ef  MemManage_Handler                          
000005ef  NMI_Handler                                
000005ef  PCM_IRQHandler                             
000005ef  PORT1_IRQHandler                           
000005ef  PORT2_IRQHandler                           
000005ef  PORT3_IRQHandler                           
000007d1  PORT4_IRQHandler                           
000007d1  PORT4_IRQHandler                           
000005ef  PORT5_IRQHandler                           
000005ef  PORT6_IRQHandler                           
000005ef  PSS_IRQHandler                             
000005ef  PendSV_Handler                             
000005ef  RTC_C_IRQHandler                           
00000f7b  Reset_Handler                              
UNDEFED   SHT$$INIT_ARRAY$$Base                      
UNDEFED   SHT$$INIT_ARRAY$$Limit                     
000005ef  SVC_Handler                                
000005ef  SysTick_Handler                            
00000839  SystemInit                                 
00000d89  T32_INT1_IRQHandler                        
00000d89  T32_INT1_IRQHandler                        
000006f1  T32_INT2_IRQHandler                        
000006f1  T32_INT2_IRQHandler                        
000005ef  T32_INTC_IRQHandler                        
000005ef  TA0_0_IRQHandler                           
000005ef  TA0_N_IRQHandler                           
000005ef  TA1_0_IRQHandler                           
000005ef  TA1_N_IRQHandler                           
000005ef  TA2_0_IRQHandler                           
000005ef  TA2_N_IRQHandler                           
000005ef  TA3_0_IRQHandler                           
000005ef  TA3_N_IRQHandler                           
000005ef  UsageFault_Handler                         
4000480c  WDTCTL_SYM                                 
000005ef  WDT_A_IRQHandler                           
000004e1  _Z10I2C_read16h                            
00000ea1  _Z10ParpadeoOnv                            
00000bad  _Z11I2C_write16hj                          
000005f1  _Z11SelectLampsv                           
00000db9  _Z11StillCryingv                           
000002cd  _Z12BufferSonidov                          
00000e85  _Z12I2C_setslavej                          
00000f01  _Z12OPT3001_initv                          
00000909  _Z13EstadoInicialv                         
00000ebb  _Z13Init_I2C_GPIOv                         
00000969  _Z14BufferMuestrasv                        
00000de9  _Z14MemoryLightsOnv                        
000009c1  _Z14OPT3001_getLuxv                        
00000e15  _Z15MemoryLightsOffv                       
00000c71  _Z18MemoryLightsTogglev                    
000001e1  _Z5Setupv                                  
00000e61  _Z8I2C_initv                               
20010000  __STACK_END                                
00000200  __STACK_SIZE                               
00001020  __TI_CINIT_Base                            
00001030  __TI_CINIT_Limit                           
00001008  __TI_Handler_Table_Base                    
00001014  __TI_Handler_Table_Limit                   
00000761  __TI_auto_init                             
2000002c  __TI_cleanup_ptr                           
000008a1  __TI_decompress_lzss                       
00000f55  __TI_decompress_none                       
20000030  __TI_dtors_ptr                             
20000034  __TI_enable_exit_profile_output            
ffffffff  __TI_pprof_out_hndl                        
ffffffff  __TI_prof_data_size                        
ffffffff  __TI_prof_data_start                       
00000000  __TI_static_base__                         
00000f87  __TI_zero_init                             
00000569  __aeabi_cdrcmple                           
000000e5  __aeabi_dmul                               
00000cef  __aeabi_f2d                                
00000675  __aeabi_memclr                             
00000675  __aeabi_memclr4                            
00000675  __aeabi_memclr8                            
00000445  __aeabi_memcpy                             
00000445  __aeabi_memcpy4                            
00000445  __aeabi_memcpy8                            
00000677  __aeabi_memset                             
00000677  __aeabi_memset4                            
00000677  __aeabi_memset8                            
ffffffff  __binit__                                  
ffffffff  __c_args__                                 
000006ef  __mpu_init                                 
2000fe00  __stack                                    
00000ed5  _args_main                                 
00000a6d  _c_int00                                   
20000038  _lock                                      
00000f23  _nop                                       
00000f1b  _register_lock                             
00000f15  _register_unlock                           
00000d27  _system_post_cinit                         
00000fa3  _system_pre_init                           
2000003c  _unlock                                    
00000ac5  abort                                      
ffffffff  binit                                      
00000b61  copy_in                                    
00000acd  exit                                       
20000008  g_fADCResult                               
20000000  g_flux                                     
20000020  g_fmemorizeavg                             
20000018  g_fpromedio                                
20000028  g_fstillcrying                             
20000014  g_gmuestras_avg                            
20000024  g_ilamps                                   
2000000c  g_imuestras_counter                        
20000010  g_isonido_counter                          
2000001c  g_iverify                                  
20000004  g_u16ADC14Result                           
20000044  g_vfmuestras                               
2000006c  g_vfsonido                                 
00000000  interruptVectors                           
000003a1  main                                       
20000040  main_func_sp                               
00000445  memcpy                                     
0000067d  memset                                     


GLOBAL SYMBOLS: SORTED BY Symbol Address 

address   name                                       
-------   ----                                       
00000000  __TI_static_base__                         
00000000  interruptVectors                           
000000e5  __aeabi_dmul                               
000001e1  _Z5Setupv                                  
00000200  __STACK_SIZE                               
000002cd  _Z12BufferSonidov                          
000003a1  main                                       
00000445  __aeabi_memcpy                             
00000445  __aeabi_memcpy4                            
00000445  __aeabi_memcpy8                            
00000445  memcpy                                     
000004e1  _Z10I2C_read16h                            
00000569  __aeabi_cdrcmple                           
000005ef  AES256_IRQHandler                          
000005ef  BusFault_Handler                           
000005ef  COMP_E0_IRQHandler                         
000005ef  COMP_E1_IRQHandler                         
000005ef  CS_IRQHandler                              
000005ef  DMA_ERR_IRQHandler                         
000005ef  DMA_INT0_IRQHandler                        
000005ef  DMA_INT1_IRQHandler                        
000005ef  DMA_INT2_IRQHandler                        
000005ef  DMA_INT3_IRQHandler                        
000005ef  DebugMon_Handler                           
000005ef  Default_Handler                            
000005ef  EUSCIA0_IRQHandler                         
000005ef  EUSCIA1_IRQHandler                         
000005ef  EUSCIA2_IRQHandler                         
000005ef  EUSCIA3_IRQHandler                         
000005ef  EUSCIB0_IRQHandler                         
000005ef  EUSCIB1_IRQHandler                         
000005ef  EUSCIB2_IRQHandler                         
000005ef  EUSCIB3_IRQHandler                         
000005ef  FLCTL_IRQHandler                           
000005ef  FPU_IRQHandler                             
000005ef  HardFault_Handler                          
000005ef  MemManage_Handler                          
000005ef  NMI_Handler                                
000005ef  PCM_IRQHandler                             
000005ef  PORT1_IRQHandler                           
000005ef  PORT2_IRQHandler                           
000005ef  PORT3_IRQHandler                           
000005ef  PORT5_IRQHandler                           
000005ef  PORT6_IRQHandler                           
000005ef  PSS_IRQHandler                             
000005ef  PendSV_Handler                             
000005ef  RTC_C_IRQHandler                           
000005ef  SVC_Handler                                
000005ef  SysTick_Handler                            
000005ef  T32_INTC_IRQHandler                        
000005ef  TA0_0_IRQHandler                           
000005ef  TA0_N_IRQHandler                           
000005ef  TA1_0_IRQHandler                           
000005ef  TA1_N_IRQHandler                           
000005ef  TA2_0_IRQHandler                           
000005ef  TA2_N_IRQHandler                           
000005ef  TA3_0_IRQHandler                           
000005ef  TA3_N_IRQHandler                           
000005ef  UsageFault_Handler                         
000005ef  WDT_A_IRQHandler                           
000005f1  _Z11SelectLampsv                           
00000675  __aeabi_memclr                             
00000675  __aeabi_memclr4                            
00000675  __aeabi_memclr8                            
00000677  __aeabi_memset                             
00000677  __aeabi_memset4                            
00000677  __aeabi_memset8                            
0000067d  memset                                     
000006ef  __mpu_init                                 
000006f1  T32_INT2_IRQHandler                        
000006f1  T32_INT2_IRQHandler                        
00000761  __TI_auto_init                             
000007d1  PORT4_IRQHandler                           
000007d1  PORT4_IRQHandler                           
00000839  SystemInit                                 
000008a1  __TI_decompress_lzss                       
00000909  _Z13EstadoInicialv                         
00000969  _Z14BufferMuestrasv                        
000009c1  _Z14OPT3001_getLuxv                        
00000a19  I2C_masterSendMultiByteFinish              
00000a6d  _c_int00                                   
00000ac1  C$$EXIT                                    
00000ac5  abort                                      
00000acd  exit                                       
00000b15  GPIO_setAsPeripheralModuleFunctionOutputPin
00000b61  copy_in                                    
00000bad  _Z11I2C_write16hj                          
00000bf1  ADC14_IRQHandler                           
00000bf1  ADC14_IRQHandler                           
00000c31  I2C_masterSendMultiByteStart               
00000c71  _Z18MemoryLightsTogglev                    
00000cb1  I2C_initMaster                             
00000cef  __aeabi_f2d                                
00000d27  _system_post_cinit                         
00000d29  I2C_masterReceiveMultiByteFinish           
00000d59  I2C_masterSendMultiByteStop                
00000d89  T32_INT1_IRQHandler                        
00000d89  T32_INT1_IRQHandler                        
00000db9  _Z11StillCryingv                           
00000de9  _Z14MemoryLightsOnv                        
00000e15  _Z15MemoryLightsOffv                       
00000e3d  I2C_masterSendMultiByteNext                
00000e61  _Z8I2C_initv                               
00000e85  _Z12I2C_setslavej                          
00000ea1  _Z10ParpadeoOnv                            
00000ebb  _Z13Init_I2C_GPIOv                         
00000ed5  _args_main                                 
00000eed  I2C_isBusBusy                              
00000f01  _Z12OPT3001_initv                          
00000f15  _register_unlock                           
00000f1b  _register_lock                             
00000f23  _nop                                       
00000f29  I2C_masterReceiveStart                     
00000f39  I2C_clearInterruptFlag                     
00000f47  I2C_setMode                                
00000f55  __TI_decompress_none                       
00000f63  I2C_disableModule                          
00000f6f  I2C_enableModule                           
00000f7b  Reset_Handler                              
00000f87  __TI_zero_init                             
00000f93  I2C_getInterruptStatus                     
00000f99  I2C_masterReceiveMultiByteNext             
00000f9f  I2C_setSlaveAddress                        
00000fa3  _system_pre_init                           
00001008  __TI_Handler_Table_Base                    
00001014  __TI_Handler_Table_Limit                   
00001020  __TI_CINIT_Base                            
00001030  __TI_CINIT_Limit                           
20000000  g_flux                                     
20000004  g_u16ADC14Result                           
20000008  g_fADCResult                               
2000000c  g_imuestras_counter                        
20000010  g_isonido_counter                          
20000014  g_gmuestras_avg                            
20000018  g_fpromedio                                
2000001c  g_iverify                                  
20000020  g_fmemorizeavg                             
20000024  g_ilamps                                   
20000028  g_fstillcrying                             
2000002c  __TI_cleanup_ptr                           
20000030  __TI_dtors_ptr                             
20000034  __TI_enable_exit_profile_output            
20000038  _lock                                      
2000003c  _unlock                                    
20000040  main_func_sp                               
20000044  g_vfmuestras                               
2000006c  g_vfsonido                                 
2000fe00  __stack                                    
20010000  __STACK_END                                
4000480c  WDTCTL_SYM                                 
ffffffff  __TI_pprof_out_hndl                        
ffffffff  __TI_prof_data_size                        
ffffffff  __TI_prof_data_start                       
ffffffff  __binit__                                  
ffffffff  __c_args__                                 
ffffffff  binit                                      
UNDEFED   SHT$$INIT_ARRAY$$Base                      
UNDEFED   SHT$$INIT_ARRAY$$Limit                     

[158 symbols]
