******************************************************************************
                  TI ARM Linker PC v16.9.4                     
******************************************************************************
>> Linked Sat Sep 09 20:43:11 2017

OUTPUT FILE NAME:   <Labo 1v7.out>
ENTRY POINT SYMBOL: "_c_int00"  address: 00000591


MEMORY CONFIGURATION

         name            origin    length      used     unused   attr    fill
----------------------  --------  ---------  --------  --------  ----  --------
  MAIN                  00000000   00040000  00000a6c  0003f594  R  X
  INFO                  00200000   00004000  00000000  00004000  R  X
  SRAM_CODE             01000000   00010000  0000022c  0000fdd4  RW X
  SRAM_DATA             20000000   00010000  0000022c  0000fdd4  RW  


SEGMENT ALLOCATION MAP

run origin  load origin   length   init length attrs members
----------  ----------- ---------- ----------- ----- -------
00000000    00000000    00000a70   00000a70    r-x
  00000000    00000000    000000e4   000000e4    r-- .intvecs
  000000e4    000000e4    00000904   00000904    r-x .text
  000009e8    000009e8    00000044   00000044    r-- .const
  00000a30    00000a30    00000040   00000040    r-- .cinit
20000000    20000000    0000002c   00000000    rw-
  20000000    20000000    00000028   00000000    rw- .data
  20000028    20000028    00000004   00000000    rw- .bss
2000fe00    2000fe00    00000200   00000000    rw-
  2000fe00    2000fe00    00000200   00000000    rw- .stack


SECTION ALLOCATION MAP

 output                                  attributes/
section   page    origin      length       input sections
--------  ----  ----------  ----------   ----------------
.intvecs   0    00000000    000000e4     
                  00000000    000000e4     startup_msp432p401r_ccs.obj (.intvecs:retain)

.binit     0    00000000    00000000     

.text      0    000000e4    00000904     
                  000000e4    000000b4     labo1v7.obj (.text:_Z5Setupv)
                  00000198    0000009c     rtsv7M4_T_le_v4SPD16_eabi.lib : memcpy_t2.obj (.text)
                  00000234    00000088     HAL_I2C.obj (.text:_Z10I2C_read16h)
                  000002bc    0000007a     rtsv7M4_T_le_v4SPD16_eabi.lib : memset_t2.obj (.text)
                  00000336    00000002     startup_msp432p401r_ccs.obj (.text:Default_Handler)
                  00000338    00000070     rtsv7M4_T_le_v4SPD16_eabi.lib : autoinit.obj (.text)
                  000003a8    0000006c     labo1v7.obj (.text:main)
                  00000414    00000068     system_msp432p401r.obj (.text:SystemInit)
                  0000047c    00000068     rtsv7M4_T_le_v4SPD16_eabi.lib : copy_decompress_lzss.obj (.text:decompress:lzss)
                  000004e4    00000058     HAL_OPT3001.obj (.text:_Z14OPT3001_getLuxv)
                  0000053c    00000054     msp432p4xx_driverlib.lib : i2c.obj (.text:I2C_masterSendMultiByteFinish)
                  00000590    00000054     rtsv7M4_T_le_v4SPD16_eabi.lib : boot.obj (.text)
                  000005e4    00000054                                   : exit.obj (.text)
                  00000638    0000004c     msp432p4xx_driverlib.lib : gpio.obj (.text:GPIO_setAsPeripheralModuleFunctionOutputPin)
                  00000684    0000004c     rtsv7M4_T_le_v4SPD16_eabi.lib : cpy_tbl.obj (.text)
                  000006d0    00000044     HAL_I2C.obj (.text:_Z11I2C_write16hj)
                  00000714    00000040     msp432p4xx_driverlib.lib : i2c.obj (.text:I2C_masterSendMultiByteStart)
                  00000754    0000003e                              : i2c.obj (.text:I2C_initMaster)
                  00000792    00000002     rtsv7M4_T_le_v4SPD16_eabi.lib : mpu_init.obj (.text)
                  00000794    00000030     msp432p4xx_driverlib.lib : i2c.obj (.text:I2C_masterReceiveMultiByteFinish)
                  000007c4    00000030                              : i2c.obj (.text:I2C_masterSendMultiByteStop)
                  000007f4    00000030     labo1v7.obj (.text:T32_INT1_IRQHandler)
                  00000824    00000030     labo1v7.obj (.text:_Z10ParpadeoOnv)
                  00000854    00000024     msp432p4xx_driverlib.lib : i2c.obj (.text:I2C_masterSendMultiByteNext)
                  00000878    00000024     labo1v7.obj (.text:T32_INT2_IRQHandler)
                  0000089c    00000024     HAL_I2C.obj (.text:_Z8I2C_initv)
                  000008c0    00000020     labo1v7.obj (.text:ADC14_IRQHandler)
                  000008e0    0000001c     HAL_I2C.obj (.text:_Z12I2C_setslavej)
                  000008fc    00000018     HAL_I2C.obj (.text:_Z13Init_I2C_GPIOv)
                  00000914    00000018     rtsv7M4_T_le_v4SPD16_eabi.lib : args_main.obj (.text)
                  0000092c    00000014     msp432p4xx_driverlib.lib : i2c.obj (.text:I2C_isBusBusy)
                  00000940    00000014     HAL_OPT3001.obj (.text:_Z12OPT3001_initv)
                  00000954    00000014     rtsv7M4_T_le_v4SPD16_eabi.lib : _lock.obj (.text)
                  00000968    00000010     msp432p4xx_driverlib.lib : i2c.obj (.text:I2C_masterReceiveStart)
                  00000978    0000000e                              : i2c.obj (.text:I2C_clearInterruptFlag)
                  00000986    0000000e                              : i2c.obj (.text:I2C_setMode)
                  00000994    0000000e     rtsv7M4_T_le_v4SPD16_eabi.lib : copy_decompress_none.obj (.text:decompress:none)
                  000009a2    0000000c     msp432p4xx_driverlib.lib : i2c.obj (.text:I2C_disableModule)
                  000009ae    0000000c                              : i2c.obj (.text:I2C_enableModule)
                  000009ba    0000000c     startup_msp432p401r_ccs.obj (.text:Reset_Handler)
                  000009c6    0000000c     rtsv7M4_T_le_v4SPD16_eabi.lib : copy_zero_init.obj (.text:decompress:ZI)
                  000009d2    00000006     msp432p4xx_driverlib.lib : i2c.obj (.text:I2C_getInterruptStatus)
                  000009d8    00000006                              : i2c.obj (.text:I2C_masterReceiveMultiByteNext)
                  000009de    00000004                              : i2c.obj (.text:I2C_setSlaveAddress)
                  000009e2    00000004     rtsv7M4_T_le_v4SPD16_eabi.lib : pre_init.obj (.text)
                  000009e6    00000002                                   : startup.obj (.text)

.const     0    000009e8    00000044     
                  000009e8    00000030     msp432p4xx_driverlib.lib : gpio.obj (.const:GPIO_PORT_TO_BASE)
                  00000a18    00000014     HAL_I2C.obj (.const:i2cConfig)

.cinit     0    00000a30    00000040     
                  00000a30    00000019     (.cinit..data.load) [load image, compression = lzss]
                  00000a49    00000003     --HOLE-- [fill = 0]
                  00000a4c    0000000c     (__TI_handler_table)
                  00000a58    00000008     (.cinit..bss.load) [load image, compression = zero_init]
                  00000a60    00000010     (__TI_cinit_table)

.init_array 
*          0    00000000    00000000     UNINITIALIZED

.data      0    20000000    00000028     UNINITIALIZED
                  20000000    00000010     labo1v7.obj (.data)
                  20000010    0000000c     rtsv7M4_T_le_v4SPD16_eabi.lib : exit.obj (.data:$O1$$)
                  2000001c    00000008                                   : _lock.obj (.data:$O1$$)
                  20000024    00000004                                   : stkdepth_vars.obj (.data)

.bss       0    20000028    00000004     UNINITIALIZED
                  20000028    00000004     (.common:lux)

.stack     0    2000fe00    00000200     UNINITIALIZED
                  2000fe00    00000200     --HOLE--

MODULE SUMMARY

       Module                        code   ro data   rw data
       ------                        ----   -------   -------
    .\
       labo1v7.obj                   452    0         40     
       HAL_I2C.obj                   292    20        0      
       HAL_OPT3001.obj               108    0         0      
       system_msp432p401r.obj        104    0         0      
    +--+-----------------------------+------+---------+---------+
       Total:                        956    20        40     
                                                             
    .\ccs\
       startup_msp432p401r_ccs.obj   14     228       0      
    +--+-----------------------------+------+---------+---------+
       Total:                        14     228       0      
                                                             
    C:/ti/simplelink_msp432_sdk_1_40_01_00/source/ti/devices/msp432p4xx/driverlib/ccs/msp432p4xx_driverlib.lib
       i2c.obj                       446    0         0      
       gpio.obj                      76     48        0      
    +--+-----------------------------+------+---------+---------+
       Total:                        522    48        0      
                                                             
    C:\ti\ccsv7\tools\compiler\ti-cgt-arm_16.9.4.LTS\lib\rtsv7M4_T_le_v4SPD16_eabi.lib
       memcpy_t2.obj                 156    0         0      
       memset_t2.obj                 122    0         0      
       autoinit.obj                  112    0         0      
       exit.obj                      84     0         24     
       copy_decompress_lzss.obj      104    0         0      
       boot.obj                      84     0         0      
       cpy_tbl.obj                   76     0         0      
       _lock.obj                     20     0         16     
       args_main.obj                 24     0         0      
       copy_decompress_none.obj      14     0         0      
       copy_zero_init.obj            12     0         0      
       stkdepth_vars.obj             0      0         8      
       pre_init.obj                  4      0         0      
       mpu_init.obj                  2      0         0      
       startup.obj                   2      0         0      
    +--+-----------------------------+------+---------+---------+
       Total:                        816    0         48     
                                                             
       Stack:                        0      0         1024   
       Linker Generated:             0      61        0      
    +--+-----------------------------+------+---------+---------+
       Grand Total:                  2308   357       1112   


LINKER GENERATED COPY TABLES

__TI_cinit_table @ 00000a60 records: 2, size/record: 8, table size: 16
	.data: load addr=00000a30, load size=00000019 bytes, run addr=20000000, run size=00000028 bytes, compression=lzss
	.bss: load addr=00000a58, load size=00000008 bytes, run addr=20000028, run size=00000004 bytes, compression=zero_init


LINKER GENERATED HANDLER TABLE

__TI_handler_table @ 00000a4c records: 3, size/record: 4, table size: 12
	index: 0, handler: __TI_decompress_lzss
	index: 1, handler: __TI_decompress_none
	index: 2, handler: __TI_zero_init


GLOBAL SYMBOLS: SORTED ALPHABETICALLY BY Name 

address   name                                       
-------   ----                                       
20000000  ADC14Result                                
000008c1  ADC14_IRQHandler                           
000008c1  ADC14_IRQHandler                           
00000337  AES256_IRQHandler                          
00000337  BusFault_Handler                           
000005e5  C$$EXIT                                    
00000337  COMP_E0_IRQHandler                         
00000337  COMP_E1_IRQHandler                         
00000337  CS_IRQHandler                              
00000337  DMA_ERR_IRQHandler                         
00000337  DMA_INT0_IRQHandler                        
00000337  DMA_INT1_IRQHandler                        
00000337  DMA_INT2_IRQHandler                        
00000337  DMA_INT3_IRQHandler                        
00000337  DebugMon_Handler                           
00000337  Default_Handler                            
00000337  EUSCIA0_IRQHandler                         
00000337  EUSCIA1_IRQHandler                         
00000337  EUSCIA2_IRQHandler                         
00000337  EUSCIA3_IRQHandler                         
00000337  EUSCIB0_IRQHandler                         
00000337  EUSCIB1_IRQHandler                         
00000337  EUSCIB2_IRQHandler                         
00000337  EUSCIB3_IRQHandler                         
00000337  FLCTL_IRQHandler                           
00000337  FPU_IRQHandler                             
00000639  GPIO_setAsPeripheralModuleFunctionOutputPin
00000337  HardFault_Handler                          
00000979  I2C_clearInterruptFlag                     
000009a3  I2C_disableModule                          
000009af  I2C_enableModule                           
000009d3  I2C_getInterruptStatus                     
00000755  I2C_initMaster                             
0000092d  I2C_isBusBusy                              
00000795  I2C_masterReceiveMultiByteFinish           
000009d9  I2C_masterReceiveMultiByteNext             
00000969  I2C_masterReceiveStart                     
0000053d  I2C_masterSendMultiByteFinish              
00000855  I2C_masterSendMultiByteNext                
00000715  I2C_masterSendMultiByteStart               
000007c5  I2C_masterSendMultiByteStop                
00000987  I2C_setMode                                
000009df  I2C_setSlaveAddress                        
00000337  MemManage_Handler                          
00000337  NMI_Handler                                
00000337  PCM_IRQHandler                             
00000337  PORT1_IRQHandler                           
00000337  PORT2_IRQHandler                           
00000337  PORT3_IRQHandler                           
00000337  PORT4_IRQHandler                           
00000337  PORT5_IRQHandler                           
00000337  PORT6_IRQHandler                           
00000337  PSS_IRQHandler                             
00000337  PendSV_Handler                             
00000337  RTC_C_IRQHandler                           
000009bb  Reset_Handler                              
UNDEFED   SHT$$INIT_ARRAY$$Base                      
UNDEFED   SHT$$INIT_ARRAY$$Limit                     
00000337  SVC_Handler                                
00000337  SysTick_Handler                            
00000415  SystemInit                                 
000007f5  T32_INT1_IRQHandler                        
000007f5  T32_INT1_IRQHandler                        
00000879  T32_INT2_IRQHandler                        
00000879  T32_INT2_IRQHandler                        
00000337  T32_INTC_IRQHandler                        
00000337  TA0_0_IRQHandler                           
00000337  TA0_N_IRQHandler                           
00000337  TA1_0_IRQHandler                           
00000337  TA1_N_IRQHandler                           
00000337  TA2_0_IRQHandler                           
00000337  TA2_N_IRQHandler                           
00000337  TA3_0_IRQHandler                           
00000337  TA3_N_IRQHandler                           
00000337  UsageFault_Handler                         
4000480c  WDTCTL_SYM                                 
00000337  WDT_A_IRQHandler                           
00000235  _Z10I2C_read16h                            
00000825  _Z10ParpadeoOnv                            
000006d1  _Z11I2C_write16hj                          
000008e1  _Z12I2C_setslavej                          
00000941  _Z12OPT3001_initv                          
000008fd  _Z13Init_I2C_GPIOv                         
000004e5  _Z14OPT3001_getLuxv                        
000000e5  _Z5Setupv                                  
0000089d  _Z8I2C_initv                               
20010000  __STACK_END                                
00000200  __STACK_SIZE                               
00000a60  __TI_CINIT_Base                            
00000a70  __TI_CINIT_Limit                           
00000a4c  __TI_Handler_Table_Base                    
00000a58  __TI_Handler_Table_Limit                   
00000339  __TI_auto_init                             
20000010  __TI_cleanup_ptr                           
0000047d  __TI_decompress_lzss                       
00000995  __TI_decompress_none                       
20000014  __TI_dtors_ptr                             
20000018  __TI_enable_exit_profile_output            
ffffffff  __TI_pprof_out_hndl                        
ffffffff  __TI_prof_data_size                        
ffffffff  __TI_prof_data_start                       
00000000  __TI_static_base__                         
000009c7  __TI_zero_init                             
000002bd  __aeabi_memclr                             
000002bd  __aeabi_memclr4                            
000002bd  __aeabi_memclr8                            
00000199  __aeabi_memcpy                             
00000199  __aeabi_memcpy4                            
00000199  __aeabi_memcpy8                            
000002bf  __aeabi_memset                             
000002bf  __aeabi_memset4                            
000002bf  __aeabi_memset8                            
ffffffff  __binit__                                  
ffffffff  __c_args__                                 
00000793  __mpu_init                                 
2000fe00  __stack                                    
00000915  _args_main                                 
00000591  _c_int00                                   
2000001c  _lock                                      
00000963  _nop                                       
0000095b  _register_lock                             
00000955  _register_unlock                           
000009e7  _system_post_cinit                         
000009e3  _system_pre_init                           
20000020  _unlock                                    
000005e9  abort                                      
ffffffff  binit                                      
00000685  copy_in                                    
20000004  counter                                    
000005f1  exit                                       
00000000  interruptVectors                           
20000008  lights                                     
20000028  lux                                        
000003a9  main                                       
20000024  main_func_sp                               
00000199  memcpy                                     
000002c5  memset                                     
2000000c  time                                       


GLOBAL SYMBOLS: SORTED BY Symbol Address 

address   name                                       
-------   ----                                       
00000000  __TI_static_base__                         
00000000  interruptVectors                           
000000e5  _Z5Setupv                                  
00000199  __aeabi_memcpy                             
00000199  __aeabi_memcpy4                            
00000199  __aeabi_memcpy8                            
00000199  memcpy                                     
00000200  __STACK_SIZE                               
00000235  _Z10I2C_read16h                            
000002bd  __aeabi_memclr                             
000002bd  __aeabi_memclr4                            
000002bd  __aeabi_memclr8                            
000002bf  __aeabi_memset                             
000002bf  __aeabi_memset4                            
000002bf  __aeabi_memset8                            
000002c5  memset                                     
00000337  AES256_IRQHandler                          
00000337  BusFault_Handler                           
00000337  COMP_E0_IRQHandler                         
00000337  COMP_E1_IRQHandler                         
00000337  CS_IRQHandler                              
00000337  DMA_ERR_IRQHandler                         
00000337  DMA_INT0_IRQHandler                        
00000337  DMA_INT1_IRQHandler                        
00000337  DMA_INT2_IRQHandler                        
00000337  DMA_INT3_IRQHandler                        
00000337  DebugMon_Handler                           
00000337  Default_Handler                            
00000337  EUSCIA0_IRQHandler                         
00000337  EUSCIA1_IRQHandler                         
00000337  EUSCIA2_IRQHandler                         
00000337  EUSCIA3_IRQHandler                         
00000337  EUSCIB0_IRQHandler                         
00000337  EUSCIB1_IRQHandler                         
00000337  EUSCIB2_IRQHandler                         
00000337  EUSCIB3_IRQHandler                         
00000337  FLCTL_IRQHandler                           
00000337  FPU_IRQHandler                             
00000337  HardFault_Handler                          
00000337  MemManage_Handler                          
00000337  NMI_Handler                                
00000337  PCM_IRQHandler                             
00000337  PORT1_IRQHandler                           
00000337  PORT2_IRQHandler                           
00000337  PORT3_IRQHandler                           
00000337  PORT4_IRQHandler                           
00000337  PORT5_IRQHandler                           
00000337  PORT6_IRQHandler                           
00000337  PSS_IRQHandler                             
00000337  PendSV_Handler                             
00000337  RTC_C_IRQHandler                           
00000337  SVC_Handler                                
00000337  SysTick_Handler                            
00000337  T32_INTC_IRQHandler                        
00000337  TA0_0_IRQHandler                           
00000337  TA0_N_IRQHandler                           
00000337  TA1_0_IRQHandler                           
00000337  TA1_N_IRQHandler                           
00000337  TA2_0_IRQHandler                           
00000337  TA2_N_IRQHandler                           
00000337  TA3_0_IRQHandler                           
00000337  TA3_N_IRQHandler                           
00000337  UsageFault_Handler                         
00000337  WDT_A_IRQHandler                           
00000339  __TI_auto_init                             
000003a9  main                                       
00000415  SystemInit                                 
0000047d  __TI_decompress_lzss                       
000004e5  _Z14OPT3001_getLuxv                        
0000053d  I2C_masterSendMultiByteFinish              
00000591  _c_int00                                   
000005e5  C$$EXIT                                    
000005e9  abort                                      
000005f1  exit                                       
00000639  GPIO_setAsPeripheralModuleFunctionOutputPin
00000685  copy_in                                    
000006d1  _Z11I2C_write16hj                          
00000715  I2C_masterSendMultiByteStart               
00000755  I2C_initMaster                             
00000793  __mpu_init                                 
00000795  I2C_masterReceiveMultiByteFinish           
000007c5  I2C_masterSendMultiByteStop                
000007f5  T32_INT1_IRQHandler                        
000007f5  T32_INT1_IRQHandler                        
00000825  _Z10ParpadeoOnv                            
00000855  I2C_masterSendMultiByteNext                
00000879  T32_INT2_IRQHandler                        
00000879  T32_INT2_IRQHandler                        
0000089d  _Z8I2C_initv                               
000008c1  ADC14_IRQHandler                           
000008c1  ADC14_IRQHandler                           
000008e1  _Z12I2C_setslavej                          
000008fd  _Z13Init_I2C_GPIOv                         
00000915  _args_main                                 
0000092d  I2C_isBusBusy                              
00000941  _Z12OPT3001_initv                          
00000955  _register_unlock                           
0000095b  _register_lock                             
00000963  _nop                                       
00000969  I2C_masterReceiveStart                     
00000979  I2C_clearInterruptFlag                     
00000987  I2C_setMode                                
00000995  __TI_decompress_none                       
000009a3  I2C_disableModule                          
000009af  I2C_enableModule                           
000009bb  Reset_Handler                              
000009c7  __TI_zero_init                             
000009d3  I2C_getInterruptStatus                     
000009d9  I2C_masterReceiveMultiByteNext             
000009df  I2C_setSlaveAddress                        
000009e3  _system_pre_init                           
000009e7  _system_post_cinit                         
00000a4c  __TI_Handler_Table_Base                    
00000a58  __TI_Handler_Table_Limit                   
00000a60  __TI_CINIT_Base                            
00000a70  __TI_CINIT_Limit                           
20000000  ADC14Result                                
20000004  counter                                    
20000008  lights                                     
2000000c  time                                       
20000010  __TI_cleanup_ptr                           
20000014  __TI_dtors_ptr                             
20000018  __TI_enable_exit_profile_output            
2000001c  _lock                                      
20000020  _unlock                                    
20000024  main_func_sp                               
20000028  lux                                        
2000fe00  __stack                                    
20010000  __STACK_END                                
4000480c  WDTCTL_SYM                                 
ffffffff  __TI_pprof_out_hndl                        
ffffffff  __TI_prof_data_size                        
ffffffff  __TI_prof_data_start                       
ffffffff  __binit__                                  
ffffffff  __c_args__                                 
ffffffff  binit                                      
UNDEFED   SHT$$INIT_ARRAY$$Base                      
UNDEFED   SHT$$INIT_ARRAY$$Limit                     

[138 symbols]
