******************************************************************************
                  TI ARM Linker PC v16.9.4                     
******************************************************************************
>> Linked Sun Oct 01 20:18:11 2017

OUTPUT FILE NAME:   <Labo 2.out>
ENTRY POINT SYMBOL: "_c_int00"  address: 000025ed


MEMORY CONFIGURATION

         name            origin    length      used     unused   attr    fill
----------------------  --------  ---------  --------  --------  ----  --------
  MAIN                  00000000   00040000  00003232  0003cdce  R  X
  INFO                  00200000   00004000  00000000  00004000  R  X
  SRAM_CODE             01000000   00010000  0000025a  0000fda6  RW X
  SRAM_DATA             20000000   00010000  0000025a  0000fda6  RW  


SEGMENT ALLOCATION MAP

run origin  load origin   length   init length attrs members
----------  ----------- ---------- ----------- ----- -------
00000000    00000000    00003238   00003238    r-x
  00000000    00000000    000000e4   000000e4    r-- .intvecs
  000000e4    000000e4    00002bde   00002bde    r-x .text
  00002cc4    00002cc4    00000530   00000530    r-- .const
  000031f8    000031f8    00000040   00000040    r-- .cinit
20000000    20000000    0000005c   00000000    rw-
  20000000    20000000    0000002e   00000000    rw- .bss
  20000030    20000030    0000002c   00000000    rw- .data
2000fe00    2000fe00    00000200   00000000    rw-
  2000fe00    2000fe00    00000200   00000000    rw- .stack


SECTION ALLOCATION MAP

 output                                  attributes/
section   page    origin      length       input sections
--------  ----  ----------  ----------   ----------------
.intvecs   0    00000000    000000e4     
                  00000000    000000e4     startup_msp432p401r_ccs.obj (.intvecs:retain)

.binit     0    00000000    00000000     

.text      0    000000e4    00002bde     
                  000000e4    0000113e     rtsv7M4_T_le_v4SPD16_eabi.lib : _printfi.obj (.text)
                  00001222    000002d0     grlib.lib : string.o (.text:Graphics_drawString)
                  000014f2    000001f4     rtsv7M4_T_le_v4SPD16_eabi.lib : ull_div_t2.obj (.text)
                  000016e6    000001b6                                   : fd_add_t2.obj (.text)
                  0000189c    000001a0     main.obj (.text:main)
                  00001a3c    00000136     rtsv7M4_T_le_v4SPD16_eabi.lib : fd_div_t2.obj (.text)
                  00001b72    00000002     startup_msp432p401r_ccs.obj (.text:Default_Handler)
                  00001b74    00000110     Crystalfontz128x128_ST7735.obj (.text:_Z24Crystalfontz128x128_Initv)
                  00001c84    00000104     Crystalfontz128x128_ST7735.obj (.text:_Z37Crystalfontz128x128_PixelDrawMultiplePK16Graphics_DisplaysssssPKhPKj)
                  00001d88    000000fc     rtsv7M4_T_le_v4SPD16_eabi.lib : fd_mul_t2.obj (.text)
                  00001e84    000000fc                                   : s_scalbn.obj (.text)
                  00001f80    0000009c                                   : memcpy_t2.obj (.text)
                  0000201c    00000086                                   : fd_cmp_t2.obj (.text:__aeabi_cdcmple)
                  000020a2    00000086                                   : fd_cmp_t2.obj (.text:__aeabi_cdrcmple)
                  00002128    00000084     main.obj (.text:_Z13drawAccelDatav)
                  000021ac    00000084     Crystalfontz128x128_ST7735.obj (.text:_Z32Crystalfontz128x128_SetDrawFrametttt)
                  00002230    0000007c     msp432p4xx_driverlib.lib : spi.obj (.text:SPI_initMaster)
                  000022ac    0000007a     rtsv7M4_T_le_v4SPD16_eabi.lib : memset_t2.obj (.text)
                  00002326    00000002     Crystalfontz128x128_ST7735.obj (.text:_Z25Crystalfontz128x128_FlushPK16Graphics_Display)
                  00002328    00000070     rtsv7M4_T_le_v4SPD16_eabi.lib : autoinit.obj (.text)
                  00002398    00000068     grlib.lib : string.o (.text:Graphics_getStringWidth)
                  00002400    00000068     system_msp432p401r.obj (.text:SystemInit)
                  00002468    00000068     rtsv7M4_T_le_v4SPD16_eabi.lib : copy_decompress_lzss.obj (.text:decompress:lzss)
                  000024d0    00000064                                   : s_frexp.obj (.text)
                  00002534    00000060                                   : sprintf.obj (.text)
                  00002594    00000056     Crystalfontz128x128_ST7735.obj (.text:_Z28Crystalfontz128x128_RectFillPK16Graphics_DisplayPK18Graphics_Rectanglet)
                  000025ea    00000002     rtsv7M4_T_le_v4SPD16_eabi.lib : mpu_init.obj (.text)
                  000025ec    00000054                                   : boot.obj (.text)
                  00002640    00000054                                   : exit.obj (.text)
                  00002694    00000054                                   : ltoa.obj (.text)
                  000026e8    0000004c     msp432p4xx_driverlib.lib : gpio.obj (.text:GPIO_setAsPeripheralModuleFunctionOutputPin)
                  00002734    0000004c     rtsv7M4_T_le_v4SPD16_eabi.lib : atoi.obj (.text)
                  00002780    0000004c                                   : cpy_tbl.obj (.text)
                  000027cc    0000004a     grlib.lib : line.o (.text:Graphics_drawLineH)
                  00002816    00000048     rtsv7M4_T_le_v4SPD16_eabi.lib : fd_toi_t2.obj (.text)
                  0000285e    00000002                                   : startup.obj (.text)
                  00002860    00000040     HAL_MSP_EXP432P401R_Crystalfontz128x128_ST7735.obj (.text:_Z15HAL_LCD_SpiInitv)
                  000028a0    0000003c     Crystalfontz128x128_ST7735.obj (.text:_Z29Crystalfontz128x128_LineDrawVPK16Graphics_Displayssst)
                  000028dc    0000003a     Crystalfontz128x128_ST7735.obj (.text:_Z29Crystalfontz128x128_LineDrawHPK16Graphics_Displayssst)
                  00002916    00000038     grlib.lib : string.o (.text:Graphics_drawStringCentered)
                  0000294e    00000002     --HOLE-- [fill = 0]
                  00002950    00000038     main.obj (.text:_Z9drawTitlev)
                  00002988    00000034     Crystalfontz128x128_ST7735.obj (.text:_Z34Crystalfontz128x128_SetOrientationh)
                  000029bc    00000030     HAL_MSP_EXP432P401R_Crystalfontz128x128_ST7735.obj (.text:_Z16HAL_LCD_PortInitv)
                  000029ec    00000030     msp432p4xx_driverlib.lib : spi.obj (.text:is_A_Module)
                  00002a1c    0000002e     rtsv7M4_T_le_v4SPD16_eabi.lib : i_tofd_t2.obj (.text)
                  00002a4a    00000002     --HOLE-- [fill = 0]
                  00002a4c    0000002c     HAL_MSP_EXP432P401R_Crystalfontz128x128_ST7735.obj (.text:_Z20HAL_LCD_writeCommandh)
                  00002a78    00000028     Crystalfontz128x128_ST7735.obj (.text:_Z29Crystalfontz128x128_PixelDrawPK16Graphics_Displaysst)
                  00002aa0    00000024     msp432p4xx_driverlib.lib : gpio.obj (.text:GPIO_setAsOutputPin)
                  00002ac4    00000022     grlib.lib : context.o (.text:Graphics_initContext)
                  00002ae6    00000020     Crystalfontz128x128_ST7735.obj (.text:_Z31Crystalfontz128x128_ClearScreenPK16Graphics_Displayt)
                  00002b06    0000001c     rtsv7M4_T_le_v4SPD16_eabi.lib : memccpy.obj (.text)
                  00002b22    0000001a     grlib.lib : string.o (.text:Graphics_getNumberOfLeadingZeros)
                  00002b3c    0000001a     msp432p4xx_driverlib.lib : spi.obj (.text:SPI_enableModule)
                  00002b56    00000002     --HOLE-- [fill = 0]
                  00002b58    00000018                              : gpio.obj (.text:GPIO_setOutputLowOnPin)
                  00002b70    00000018     HAL_MSP_EXP432P401R_Crystalfontz128x128_ST7735.obj (.text:_Z17HAL_LCD_writeDatah)
                  00002b88    00000018     rtsv7M4_T_le_v4SPD16_eabi.lib : args_main.obj (.text)
                  00002ba0    00000016     grlib.lib : display.o (.text:Graphics_drawHorizontalLineOnDisplay)
                  00002bb6    00000016     Crystalfontz128x128_ST7735.obj (.text:_Z34Crystalfontz128x128_ColorTranslatePK16Graphics_Displayj)
                  00002bcc    00000016     rtsv7M4_T_le_v4SPD16_eabi.lib : strchr.obj (.text)
                  00002be2    00000002     --HOLE-- [fill = 0]
                  00002be4    00000014     msp432p4xx_driverlib.lib : gpio.obj (.text:GPIO_setOutputHighOnPin)
                  00002bf8    00000014     rtsv7M4_T_le_v4SPD16_eabi.lib : _lock.obj (.text)
                  00002c0c    00000014                                   : s_copysign.obj (.text)
                  00002c20    00000014                                   : strlen.obj (.text)
                  00002c34    0000000e     grlib.lib : display.o (.text:Graphics_drawPixelOnDisplay)
                  00002c42    0000000e               : context.o (.text:Graphics_setBackgroundColor)
                  00002c50    0000000e               : context.o (.text:Graphics_setForegroundColor)
                  00002c5e    0000000e     rtsv7M4_T_le_v4SPD16_eabi.lib : copy_decompress_none.obj (.text:decompress:none)
                  00002c6c    0000000c     msp432p4xx_driverlib.lib : spi.obj (.text:EUSCI_A_SPI_enable)
                  00002c78    0000000c                              : spi.obj (.text:EUSCI_B_SPI_enable)
                  00002c84    0000000c     startup_msp432p401r_ccs.obj (.text:Reset_Handler)
                  00002c90    0000000c     rtsv7M4_T_le_v4SPD16_eabi.lib : copy_zero_init.obj (.text:decompress:ZI)
                  00002c9c    0000000a     grlib.lib : context.o (.text:Graphics_clearDisplay)
                  00002ca6    0000000a               : display.o (.text:Graphics_clearDisplayOnDisplay)
                  00002cb0    0000000a               : display.o (.text:Graphics_translateColorOnDisplay)
                  00002cba    00000004               : context.o (.text:Graphics_setFont)
                  00002cbe    00000004     rtsv7M4_T_le_v4SPD16_eabi.lib : pre_init.obj (.text)

.const     0    00002cc4    00000530     
                  00002cc4    000002f8     fontfixed6x8.obj (.const:.string:g_pucFontFixed6x8Data)
                  00002fbc    00000101     rtsv7M4_T_le_v4SPD16_eabi.lib : ctype.obj (.const:.string:_ctypes_)
                  000030bd    00000003     --HOLE-- [fill = 0]
                  000030c0    000000c8     fontfixed6x8.obj (.const:g_sFontFixed6x8)
                  00003188    00000030     msp432p4xx_driverlib.lib : gpio.obj (.const:GPIO_PORT_TO_BASE)
                  000031b8    00000020     Crystalfontz128x128_ST7735.obj (.const:g_sCrystalfontz128x128_funcs)
                  000031d8    0000001c     HAL_MSP_EXP432P401R_Crystalfontz128x128_ST7735.obj (.const:$P$T40$1)

.cinit     0    000031f8    00000040     
                  000031f8    00000017     (.cinit..data.load) [load image, compression = lzss]
                  0000320f    00000001     --HOLE-- [fill = 0]
                  00003210    0000000c     (__TI_handler_table)
                  0000321c    00000004     --HOLE-- [fill = 0]
                  00003220    00000008     (.cinit..bss.load) [load image, compression = zero_init]
                  00003228    00000010     (__TI_cinit_table)

.init_array 
*          0    00000000    00000000     UNINITIALIZED

.bss       0    20000000    0000002e     UNINITIALIZED
                  20000000    0000001c     (.common:g_sContext)
                  2000001c    00000008     main.obj (.bss:resultsBuffer)
                  20000024    00000002     (.common:Lcd_ScreenHeigth)
                  20000026    00000002     (.common:Lcd_ScreenWidth)
                  20000028    00000002     (.common:Lcd_TouchTrim)
                  2000002a    00000001     (.common:Lcd_FlagRead)
                  2000002b    00000001     (.common:Lcd_FontSolid)
                  2000002c    00000001     (.common:Lcd_Orientation)
                  2000002d    00000001     (.common:Lcd_PenSolid)

.data      0    20000030    0000002c     UNINITIALIZED
                  20000030    00000010     Crystalfontz128x128_ST7735.obj (.data:g_sCrystalfontz128x128)
                  20000040    0000000c     rtsv7M4_T_le_v4SPD16_eabi.lib : exit.obj (.data:$O1$$)
                  2000004c    00000008                                   : _lock.obj (.data:$O1$$)
                  20000054    00000004                                   : errno.obj (.data)
                  20000058    00000004                                   : stkdepth_vars.obj (.data)

.stack     0    2000fe00    00000200     UNINITIALIZED
                  2000fe00    00000200     --HOLE--

MODULE SUMMARY

       Module                                               code    ro data   rw data
       ------                                               ----    -------   -------
    .\
       main.obj                                             604     0         72     
       system_msp432p401r.obj                               104     0         0      
    +--+----------------------------------------------------+-------+---------+---------+
       Total:                                               708     0         72     
                                                                                     
    .\LcdDriver\
       Crystalfontz128x128_ST7735.obj                       1016    32        52     
       HAL_MSP_EXP432P401R_Crystalfontz128x128_ST7735.obj   180     28        0      
    +--+----------------------------------------------------+-------+---------+---------+
       Total:                                               1196    60        52     
                                                                                     
    .\ccs\
       startup_msp432p401r_ccs.obj                          14      228       0      
    +--+----------------------------------------------------+-------+---------+---------+
       Total:                                               14      228       0      
                                                                                     
    .\fonts\
       fontfixed6x8.obj                                     0       960       0      
    +--+----------------------------------------------------+-------+---------+---------+
       Total:                                               0       960       0      
                                                                                     
    C:/ti/simplelink_msp432_sdk_1_40_01_00/source/ti/devices/msp432p4xx/driverlib/ccs/msp432p4xx_driverlib.lib
       spi.obj                                              222     0         0      
       gpio.obj                                             156     48        0      
    +--+----------------------------------------------------+-------+---------+---------+
       Total:                                               378     48        0      
                                                                                     
    C:/ti/simplelink_msp432_sdk_1_40_01_00/source/ti/grlib/ccs/grlib.lib
       string.o                                             906     0         0      
       context.o                                            76      0         0      
       line.o                                               74      0         0      
       display.o                                            56      0         0      
    +--+----------------------------------------------------+-------+---------+---------+
       Total:                                               1112    0         0      
                                                                                     
    C:\ti\ccsv7\tools\compiler\ti-cgt-arm_16.9.4.LTS\lib\rtsv7M4_T_le_v4SPD16_eabi.lib
       _printfi.obj                                         4414    0         0      
       ull_div_t2.obj                                       500     0         0      
       fd_add_t2.obj                                        438     0         0      
       fd_div_t2.obj                                        310     0         0      
       fd_cmp_t2.obj                                        268     0         0      
       ctype.obj                                            0       257       0      
       fd_mul_t2.obj                                        252     0         0      
       s_scalbn.obj                                         252     0         0      
       memcpy_t2.obj                                        156     0         0      
       memset_t2.obj                                        122     0         0      
       autoinit.obj                                         112     0         0      
       exit.obj                                             84      0         24     
       copy_decompress_lzss.obj                             104     0         0      
       s_frexp.obj                                          100     0         0      
       sprintf.obj                                          96      0         0      
       boot.obj                                             84      0         0      
       ltoa.obj                                             84      0         0      
       atoi.obj                                             76      0         0      
       cpy_tbl.obj                                          76      0         0      
       fd_toi_t2.obj                                        72      0         0      
       i_tofd_t2.obj                                        46      0         0      
       _lock.obj                                            20      0         16     
       memccpy.obj                                          28      0         0      
       args_main.obj                                        24      0         0      
       strchr.obj                                           22      0         0      
       s_copysign.obj                                       20      0         0      
       strlen.obj                                           20      0         0      
       copy_decompress_none.obj                             14      0         0      
       copy_zero_init.obj                                   12      0         0      
       errno.obj                                            0       0         8      
       stkdepth_vars.obj                                    0       0         8      
       pre_init.obj                                         4       0         0      
       mpu_init.obj                                         2       0         0      
       startup.obj                                          2       0         0      
    +--+----------------------------------------------------+-------+---------+---------+
       Total:                                               7814    257       56     
                                                                                     
       Stack:                                               0       0         1024   
       Linker Generated:                                    0       59        0      
    +--+----------------------------------------------------+-------+---------+---------+
       Grand Total:                                         11222   1612      1204   


LINKER GENERATED COPY TABLES

__TI_cinit_table @ 00003228 records: 2, size/record: 8, table size: 16
	.data: load addr=000031f8, load size=00000017 bytes, run addr=20000030, run size=0000002c bytes, compression=lzss
	.bss: load addr=00003220, load size=00000008 bytes, run addr=20000000, run size=0000002e bytes, compression=zero_init


LINKER GENERATED HANDLER TABLE

__TI_handler_table @ 00003210 records: 3, size/record: 4, table size: 12
	index: 0, handler: __TI_decompress_lzss
	index: 1, handler: __TI_decompress_none
	index: 2, handler: __TI_zero_init


GLOBAL SYMBOLS: SORTED ALPHABETICALLY BY Name 

address   name                                       
-------   ----                                       
00001b73  ADC14_IRQHandler                           
00001b73  AES256_IRQHandler                          
00001b73  BusFault_Handler                           
00002641  C$$EXIT                                    
00001b73  COMP_E0_IRQHandler                         
00001b73  COMP_E1_IRQHandler                         
00001b73  CS_IRQHandler                              
00001b73  DMA_ERR_IRQHandler                         
00001b73  DMA_INT0_IRQHandler                        
00001b73  DMA_INT1_IRQHandler                        
00001b73  DMA_INT2_IRQHandler                        
00001b73  DMA_INT3_IRQHandler                        
00001b73  DebugMon_Handler                           
00001b73  Default_Handler                            
00001b73  EUSCIA0_IRQHandler                         
00001b73  EUSCIA1_IRQHandler                         
00001b73  EUSCIA2_IRQHandler                         
00001b73  EUSCIA3_IRQHandler                         
00001b73  EUSCIB0_IRQHandler                         
00001b73  EUSCIB1_IRQHandler                         
00001b73  EUSCIB2_IRQHandler                         
00001b73  EUSCIB3_IRQHandler                         
00002c6d  EUSCI_A_SPI_enable                         
00002c79  EUSCI_B_SPI_enable                         
00001b73  FLCTL_IRQHandler                           
00001b73  FPU_IRQHandler                             
00002aa1  GPIO_setAsOutputPin                        
000026e9  GPIO_setAsPeripheralModuleFunctionOutputPin
00002be5  GPIO_setOutputHighOnPin                    
00002b59  GPIO_setOutputLowOnPin                     
00002c9d  Graphics_clearDisplay                      
00002ca7  Graphics_clearDisplayOnDisplay             
00002ba1  Graphics_drawHorizontalLineOnDisplay       
000027cd  Graphics_drawLineH                         
00002c35  Graphics_drawPixelOnDisplay                
00001223  Graphics_drawString                        
00002917  Graphics_drawStringCentered                
00002399  Graphics_getStringWidth                    
00002ac5  Graphics_initContext                       
00002c43  Graphics_setBackgroundColor                
00002cbb  Graphics_setFont                           
00002c51  Graphics_setForegroundColor                
00002cb1  Graphics_translateColorOnDisplay           
00001b73  HardFault_Handler                          
2000002a  Lcd_FlagRead                               
2000002b  Lcd_FontSolid                              
2000002c  Lcd_Orientation                            
2000002d  Lcd_PenSolid                               
20000024  Lcd_ScreenHeigth                           
20000026  Lcd_ScreenWidth                            
20000028  Lcd_TouchTrim                              
00001b73  MemManage_Handler                          
00001b73  NMI_Handler                                
00001b73  PCM_IRQHandler                             
00001b73  PORT1_IRQHandler                           
00001b73  PORT2_IRQHandler                           
00001b73  PORT3_IRQHandler                           
00001b73  PORT4_IRQHandler                           
00001b73  PORT5_IRQHandler                           
00001b73  PORT6_IRQHandler                           
00001b73  PSS_IRQHandler                             
00001b73  PendSV_Handler                             
00001b73  RTC_C_IRQHandler                           
00002c85  Reset_Handler                              
UNDEFED   SHT$$INIT_ARRAY$$Base                      
UNDEFED   SHT$$INIT_ARRAY$$Limit                     
00002b3d  SPI_enableModule                           
00002231  SPI_initMaster                             
00001b73  SVC_Handler                                
00001b73  SysTick_Handler                            
00002401  SystemInit                                 
00001b73  T32_INT1_IRQHandler                        
00001b73  T32_INT2_IRQHandler                        
00001b73  T32_INTC_IRQHandler                        
00001b73  TA0_0_IRQHandler                           
00001b73  TA0_N_IRQHandler                           
00001b73  TA1_0_IRQHandler                           
00001b73  TA1_N_IRQHandler                           
00001b73  TA2_0_IRQHandler                           
00001b73  TA2_N_IRQHandler                           
00001b73  TA3_0_IRQHandler                           
00001b73  TA3_N_IRQHandler                           
00001b73  UsageFault_Handler                         
4000480c  WDTCTL_SYM                                 
00001b73  WDT_A_IRQHandler                           
00002129  _Z13drawAccelDatav                         
00002861  _Z15HAL_LCD_SpiInitv                       
000029bd  _Z16HAL_LCD_PortInitv                      
00002b71  _Z17HAL_LCD_writeDatah                     
00002a4d  _Z20HAL_LCD_writeCommandh                  
00001b75  _Z24Crystalfontz128x128_Initv              
000021ad  _Z32Crystalfontz128x128_SetDrawFrametttt   
00002989  _Z34Crystalfontz128x128_SetOrientationh    
00002951  _Z9drawTitlev                              
20010000  __STACK_END                                
00000200  __STACK_SIZE                               
00003228  __TI_CINIT_Base                            
00003238  __TI_CINIT_Limit                           
00003210  __TI_Handler_Table_Base                    
0000321c  __TI_Handler_Table_Limit                   
00002329  __TI_auto_init                             
20000040  __TI_cleanup_ptr                           
00002469  __TI_decompress_lzss                       
00002c5f  __TI_decompress_none                       
20000044  __TI_dtors_ptr                             
20000048  __TI_enable_exit_profile_output            
ffffffff  __TI_pprof_out_hndl                        
00000929  __TI_printfi                               
ffffffff  __TI_prof_data_size                        
ffffffff  __TI_prof_data_start                       
00000000  __TI_static_base__                         
00002c91  __TI_zero_init                             
0000201d  __aeabi_cdcmpeq                            
0000201d  __aeabi_cdcmple                            
000020a3  __aeabi_cdrcmple                           
00002817  __aeabi_d2iz                               
000016f1  __aeabi_dadd                               
00001a3d  __aeabi_ddiv                               
00001d89  __aeabi_dmul                               
000016e7  __aeabi_dsub                               
00002a1d  __aeabi_i2d                                
000022ad  __aeabi_memclr                             
000022ad  __aeabi_memclr4                            
000022ad  __aeabi_memclr8                            
00001f81  __aeabi_memcpy                             
00001f81  __aeabi_memcpy4                            
00001f81  __aeabi_memcpy8                            
000022af  __aeabi_memset                             
000022af  __aeabi_memset4                            
000022af  __aeabi_memset8                            
000014f3  __aeabi_uldivmod                           
ffffffff  __binit__                                  
ffffffff  __c_args__                                 
000025eb  __mpu_init                                 
2000fe00  __stack                                    
00002b89  _args_main                                 
000025ed  _c_int00                                   
00002fbc  _ctypes_                                   
2000004c  _lock                                      
00002c07  _nop                                       
00002bff  _register_lock                             
00002bf9  _register_unlock                           
0000285f  _system_post_cinit                         
00002cbf  _system_pre_init                           
20000050  _unlock                                    
00002645  abort                                      
00002735  atoi                                       
ffffffff  binit                                      
00002781  copy_in                                    
00002c0d  copysign                                   
00002c0d  copysignl                                  
20000054  errno                                      
0000264d  exit                                       
000024d1  frexp                                      
000024d1  frexpl                                     
20000000  g_sContext                                 
20000030  g_sCrystalfontz128x128                     
000031b8  g_sCrystalfontz128x128_funcs               
000030c0  g_sFontFixed6x8                            
00000000  interruptVectors                           
00001e85  ldexp                                      
00001e85  ldexpl                                     
00002695  ltoa                                       
0000189d  main                                       
20000058  main_func_sp                               
00002b07  memccpy                                    
00001f81  memcpy                                     
000022b5  memset                                     
00001e85  scalbn                                     
00001e85  scalbnl                                    
00002535  sprintf                                    
00002bcd  strchr                                     
00002c21  strlen                                     


GLOBAL SYMBOLS: SORTED BY Symbol Address 

address   name                                       
-------   ----                                       
00000000  __TI_static_base__                         
00000000  interruptVectors                           
00000200  __STACK_SIZE                               
00000929  __TI_printfi                               
00001223  Graphics_drawString                        
000014f3  __aeabi_uldivmod                           
000016e7  __aeabi_dsub                               
000016f1  __aeabi_dadd                               
0000189d  main                                       
00001a3d  __aeabi_ddiv                               
00001b73  ADC14_IRQHandler                           
00001b73  AES256_IRQHandler                          
00001b73  BusFault_Handler                           
00001b73  COMP_E0_IRQHandler                         
00001b73  COMP_E1_IRQHandler                         
00001b73  CS_IRQHandler                              
00001b73  DMA_ERR_IRQHandler                         
00001b73  DMA_INT0_IRQHandler                        
00001b73  DMA_INT1_IRQHandler                        
00001b73  DMA_INT2_IRQHandler                        
00001b73  DMA_INT3_IRQHandler                        
00001b73  DebugMon_Handler                           
00001b73  Default_Handler                            
00001b73  EUSCIA0_IRQHandler                         
00001b73  EUSCIA1_IRQHandler                         
00001b73  EUSCIA2_IRQHandler                         
00001b73  EUSCIA3_IRQHandler                         
00001b73  EUSCIB0_IRQHandler                         
00001b73  EUSCIB1_IRQHandler                         
00001b73  EUSCIB2_IRQHandler                         
00001b73  EUSCIB3_IRQHandler                         
00001b73  FLCTL_IRQHandler                           
00001b73  FPU_IRQHandler                             
00001b73  HardFault_Handler                          
00001b73  MemManage_Handler                          
00001b73  NMI_Handler                                
00001b73  PCM_IRQHandler                             
00001b73  PORT1_IRQHandler                           
00001b73  PORT2_IRQHandler                           
00001b73  PORT3_IRQHandler                           
00001b73  PORT4_IRQHandler                           
00001b73  PORT5_IRQHandler                           
00001b73  PORT6_IRQHandler                           
00001b73  PSS_IRQHandler                             
00001b73  PendSV_Handler                             
00001b73  RTC_C_IRQHandler                           
00001b73  SVC_Handler                                
00001b73  SysTick_Handler                            
00001b73  T32_INT1_IRQHandler                        
00001b73  T32_INT2_IRQHandler                        
00001b73  T32_INTC_IRQHandler                        
00001b73  TA0_0_IRQHandler                           
00001b73  TA0_N_IRQHandler                           
00001b73  TA1_0_IRQHandler                           
00001b73  TA1_N_IRQHandler                           
00001b73  TA2_0_IRQHandler                           
00001b73  TA2_N_IRQHandler                           
00001b73  TA3_0_IRQHandler                           
00001b73  TA3_N_IRQHandler                           
00001b73  UsageFault_Handler                         
00001b73  WDT_A_IRQHandler                           
00001b75  _Z24Crystalfontz128x128_Initv              
00001d89  __aeabi_dmul                               
00001e85  ldexp                                      
00001e85  ldexpl                                     
00001e85  scalbn                                     
00001e85  scalbnl                                    
00001f81  __aeabi_memcpy                             
00001f81  __aeabi_memcpy4                            
00001f81  __aeabi_memcpy8                            
00001f81  memcpy                                     
0000201d  __aeabi_cdcmpeq                            
0000201d  __aeabi_cdcmple                            
000020a3  __aeabi_cdrcmple                           
00002129  _Z13drawAccelDatav                         
000021ad  _Z32Crystalfontz128x128_SetDrawFrametttt   
00002231  SPI_initMaster                             
000022ad  __aeabi_memclr                             
000022ad  __aeabi_memclr4                            
000022ad  __aeabi_memclr8                            
000022af  __aeabi_memset                             
000022af  __aeabi_memset4                            
000022af  __aeabi_memset8                            
000022b5  memset                                     
00002329  __TI_auto_init                             
00002399  Graphics_getStringWidth                    
00002401  SystemInit                                 
00002469  __TI_decompress_lzss                       
000024d1  frexp                                      
000024d1  frexpl                                     
00002535  sprintf                                    
000025eb  __mpu_init                                 
000025ed  _c_int00                                   
00002641  C$$EXIT                                    
00002645  abort                                      
0000264d  exit                                       
00002695  ltoa                                       
000026e9  GPIO_setAsPeripheralModuleFunctionOutputPin
00002735  atoi                                       
00002781  copy_in                                    
000027cd  Graphics_drawLineH                         
00002817  __aeabi_d2iz                               
0000285f  _system_post_cinit                         
00002861  _Z15HAL_LCD_SpiInitv                       
00002917  Graphics_drawStringCentered                
00002951  _Z9drawTitlev                              
00002989  _Z34Crystalfontz128x128_SetOrientationh    
000029bd  _Z16HAL_LCD_PortInitv                      
00002a1d  __aeabi_i2d                                
00002a4d  _Z20HAL_LCD_writeCommandh                  
00002aa1  GPIO_setAsOutputPin                        
00002ac5  Graphics_initContext                       
00002b07  memccpy                                    
00002b3d  SPI_enableModule                           
00002b59  GPIO_setOutputLowOnPin                     
00002b71  _Z17HAL_LCD_writeDatah                     
00002b89  _args_main                                 
00002ba1  Graphics_drawHorizontalLineOnDisplay       
00002bcd  strchr                                     
00002be5  GPIO_setOutputHighOnPin                    
00002bf9  _register_unlock                           
00002bff  _register_lock                             
00002c07  _nop                                       
00002c0d  copysign                                   
00002c0d  copysignl                                  
00002c21  strlen                                     
00002c35  Graphics_drawPixelOnDisplay                
00002c43  Graphics_setBackgroundColor                
00002c51  Graphics_setForegroundColor                
00002c5f  __TI_decompress_none                       
00002c6d  EUSCI_A_SPI_enable                         
00002c79  EUSCI_B_SPI_enable                         
00002c85  Reset_Handler                              
00002c91  __TI_zero_init                             
00002c9d  Graphics_clearDisplay                      
00002ca7  Graphics_clearDisplayOnDisplay             
00002cb1  Graphics_translateColorOnDisplay           
00002cbb  Graphics_setFont                           
00002cbf  _system_pre_init                           
00002fbc  _ctypes_                                   
000030c0  g_sFontFixed6x8                            
000031b8  g_sCrystalfontz128x128_funcs               
00003210  __TI_Handler_Table_Base                    
0000321c  __TI_Handler_Table_Limit                   
00003228  __TI_CINIT_Base                            
00003238  __TI_CINIT_Limit                           
20000000  g_sContext                                 
20000024  Lcd_ScreenHeigth                           
20000026  Lcd_ScreenWidth                            
20000028  Lcd_TouchTrim                              
2000002a  Lcd_FlagRead                               
2000002b  Lcd_FontSolid                              
2000002c  Lcd_Orientation                            
2000002d  Lcd_PenSolid                               
20000030  g_sCrystalfontz128x128                     
20000040  __TI_cleanup_ptr                           
20000044  __TI_dtors_ptr                             
20000048  __TI_enable_exit_profile_output            
2000004c  _lock                                      
20000050  _unlock                                    
20000054  errno                                      
20000058  main_func_sp                               
2000fe00  __stack                                    
20010000  __STACK_END                                
4000480c  WDTCTL_SYM                                 
ffffffff  __TI_pprof_out_hndl                        
ffffffff  __TI_prof_data_size                        
ffffffff  __TI_prof_data_start                       
ffffffff  __binit__                                  
ffffffff  __c_args__                                 
ffffffff  binit                                      
UNDEFED   SHT$$INIT_ARRAY$$Base                      
UNDEFED   SHT$$INIT_ARRAY$$Limit                     

[173 symbols]
