******************************************************************************
                  TI ARM Linker PC v16.9.4                     
******************************************************************************
>> Linked Fri Sep 08 00:12:47 2017

OUTPUT FILE NAME:   <Labo 1v6.out>
ENTRY POINT SYMBOL: "_c_int00"  address: 0000038d


MEMORY CONFIGURATION

         name            origin    length      used     unused   attr    fill
----------------------  --------  ---------  --------  --------  ----  --------
  MAIN                  00000000   00040000  000005c4  0003fa3c  R  X
  INFO                  00200000   00004000  00000000  00004000  R  X
  SRAM_CODE             01000000   00010000  00000220  0000fde0  RW X
  SRAM_DATA             20000000   00010000  00000220  0000fde0  RW  


SEGMENT ALLOCATION MAP

run origin  load origin   length   init length attrs members
----------  ----------- ---------- ----------- ----- -------
00000000    00000000    000005c8   000005c8    r-x
  00000000    00000000    000000e4   000000e4    r-- .intvecs
  000000e4    000000e4    000004b8   000004b8    r-x .text
  000005a0    000005a0    00000028   00000028    r-- .cinit
20000000    20000000    00000020   00000000    rw-
  20000000    20000000    00000020   00000000    rw- .data
2000fe00    2000fe00    00000200   00000000    rw-
  2000fe00    2000fe00    00000200   00000000    rw- .stack


SECTION ALLOCATION MAP

 output                                  attributes/
section   page    origin      length       input sections
--------  ----  ----------  ----------   ----------------
.intvecs   0    00000000    000000e4     
                  00000000    000000e4     startup_msp432p401r_ccs.obj (.intvecs:retain)

.binit     0    00000000    00000000     

.text      0    000000e4    000004b8     
                  000000e4    000000a8     system_msp432p401r.obj (.text:SystemInit)
                  0000018c    0000009c     rtsv7M4_T_le_v4SPD16_eabi.lib : memcpy_t2.obj (.text)
                  00000228    0000008c     labo1v6.obj (.text:_Z5Setupv)
                  000002b4    00000070     rtsv7M4_T_le_v4SPD16_eabi.lib : autoinit.obj (.text)
                  00000324    00000068                                   : copy_decompress_lzss.obj (.text:decompress:lzss)
                  0000038c    00000054                                   : boot.obj (.text)
                  000003e0    00000054                                   : exit.obj (.text)
                  00000434    0000004c                                   : cpy_tbl.obj (.text)
                  00000480    00000038     labo1v6.obj (.text:main)
                  000004b8    00000030     labo1v6.obj (.text:_Z10ParpadeoOnv)
                  000004e8    00000024     labo1v6.obj (.text:T32_INT2_IRQHandler)
                  0000050c    00000020     labo1v6.obj (.text:ADC14_IRQHandler)
                  0000052c    00000020     labo1v6.obj (.text:T32_INT1_IRQHandler)
                  0000054c    00000018     rtsv7M4_T_le_v4SPD16_eabi.lib : args_main.obj (.text)
                  00000564    00000014                                   : _lock.obj (.text)
                  00000578    0000000e                                   : copy_decompress_none.obj (.text:decompress:none)
                  00000586    0000000c     startup_msp432p401r_ccs.obj (.text:Reset_Handler)
                  00000592    00000004     rtsv7M4_T_le_v4SPD16_eabi.lib : pre_init.obj (.text)
                  00000596    00000002     startup_msp432p401r_ccs.obj (.text:Default_Handler)
                  00000598    00000002     rtsv7M4_T_le_v4SPD16_eabi.lib : mpu_init.obj (.text)
                  0000059a    00000002                                   : startup.obj (.text)

.cinit     0    000005a0    00000028     
                  000005a0    00000015     (.cinit..data.load) [load image, compression = lzss]
                  000005b5    00000003     --HOLE-- [fill = 0]
                  000005b8    00000008     (__TI_handler_table)
                  000005c0    00000008     (__TI_cinit_table)

.init_array 
*          0    00000000    00000000     UNINITIALIZED

.data      0    20000000    00000020     UNINITIALIZED
                  20000000    0000000c     rtsv7M4_T_le_v4SPD16_eabi.lib : exit.obj (.data:$O1$$)
                  2000000c    00000008                                   : _lock.obj (.data:$O1$$)
                  20000014    00000008     labo1v6.obj (.data)
                  2000001c    00000004     rtsv7M4_T_le_v4SPD16_eabi.lib : stkdepth_vars.obj (.data)

.stack     0    2000fe00    00000200     UNINITIALIZED
                  2000fe00    00000200     --HOLE--

MODULE SUMMARY

       Module                        code   ro data   rw data
       ------                        ----   -------   -------
    .\
       labo1v6.obj                   344    0         16     
       system_msp432p401r.obj        168    0         0      
    +--+-----------------------------+------+---------+---------+
       Total:                        512    0         16     
                                                             
    .\ccs\
       startup_msp432p401r_ccs.obj   14     228       0      
    +--+-----------------------------+------+---------+---------+
       Total:                        14     228       0      
                                                             
    C:\ti\ccsv7\tools\compiler\ti-cgt-arm_16.9.4.LTS\lib\rtsv7M4_T_le_v4SPD16_eabi.lib
       memcpy_t2.obj                 156    0         0      
       autoinit.obj                  112    0         0      
       exit.obj                      84     0         24     
       copy_decompress_lzss.obj      104    0         0      
       boot.obj                      84     0         0      
       cpy_tbl.obj                   76     0         0      
       _lock.obj                     20     0         16     
       args_main.obj                 24     0         0      
       copy_decompress_none.obj      14     0         0      
       stkdepth_vars.obj             0      0         8      
       pre_init.obj                  4      0         0      
       mpu_init.obj                  2      0         0      
       startup.obj                   2      0         0      
    +--+-----------------------------+------+---------+---------+
       Total:                        682    0         48     
                                                             
       Stack:                        0      0         1024   
       Linker Generated:             0      37        0      
    +--+-----------------------------+------+---------+---------+
       Grand Total:                  1208   265       1088   


LINKER GENERATED COPY TABLES

__TI_cinit_table @ 000005c0 records: 1, size/record: 8, table size: 8
	.data: load addr=000005a0, load size=00000015 bytes, run addr=20000000, run size=00000020 bytes, compression=lzss


LINKER GENERATED HANDLER TABLE

__TI_handler_table @ 000005b8 records: 2, size/record: 4, table size: 8
	index: 0, handler: __TI_decompress_lzss
	index: 1, handler: __TI_decompress_none


GLOBAL SYMBOLS: SORTED ALPHABETICALLY BY Name 

address   name                           
-------   ----                           
20000014  ADC14Result                    
0000050d  ADC14_IRQHandler               
0000050d  ADC14_IRQHandler               
00000597  AES256_IRQHandler              
00000597  BusFault_Handler               
000003e1  C$$EXIT                        
00000597  COMP_E0_IRQHandler             
00000597  COMP_E1_IRQHandler             
00000597  CS_IRQHandler                  
00000597  DMA_ERR_IRQHandler             
00000597  DMA_INT0_IRQHandler            
00000597  DMA_INT1_IRQHandler            
00000597  DMA_INT2_IRQHandler            
00000597  DMA_INT3_IRQHandler            
00000597  DebugMon_Handler               
00000597  Default_Handler                
00000597  EUSCIA0_IRQHandler             
00000597  EUSCIA1_IRQHandler             
00000597  EUSCIA2_IRQHandler             
00000597  EUSCIA3_IRQHandler             
00000597  EUSCIB0_IRQHandler             
00000597  EUSCIB1_IRQHandler             
00000597  EUSCIB2_IRQHandler             
00000597  EUSCIB3_IRQHandler             
00000597  FLCTL_IRQHandler               
00000597  FPU_IRQHandler                 
00000597  HardFault_Handler              
00000597  MemManage_Handler              
00000597  NMI_Handler                    
00000597  PCM_IRQHandler                 
00000597  PORT1_IRQHandler               
00000597  PORT2_IRQHandler               
00000597  PORT3_IRQHandler               
00000597  PORT4_IRQHandler               
00000597  PORT5_IRQHandler               
00000597  PORT6_IRQHandler               
00000597  PSS_IRQHandler                 
00000597  PendSV_Handler                 
00000597  RTC_C_IRQHandler               
00000587  Reset_Handler                  
UNDEFED   SHT$$INIT_ARRAY$$Base          
UNDEFED   SHT$$INIT_ARRAY$$Limit         
00000597  SVC_Handler                    
00000597  SysTick_Handler                
000000e5  SystemInit                     
0000052d  T32_INT1_IRQHandler            
0000052d  T32_INT1_IRQHandler            
000004e9  T32_INT2_IRQHandler            
000004e9  T32_INT2_IRQHandler            
00000597  T32_INTC_IRQHandler            
00000597  TA0_0_IRQHandler               
00000597  TA0_N_IRQHandler               
00000597  TA1_0_IRQHandler               
00000597  TA1_N_IRQHandler               
00000597  TA2_0_IRQHandler               
00000597  TA2_N_IRQHandler               
00000597  TA3_0_IRQHandler               
00000597  TA3_N_IRQHandler               
00000597  UsageFault_Handler             
4000480c  WDTCTL_SYM                     
00000597  WDT_A_IRQHandler               
000004b9  _Z10ParpadeoOnv                
00000229  _Z5Setupv                      
20010000  __STACK_END                    
00000200  __STACK_SIZE                   
000005c0  __TI_CINIT_Base                
000005c8  __TI_CINIT_Limit               
000005b8  __TI_Handler_Table_Base        
000005c0  __TI_Handler_Table_Limit       
000002b5  __TI_auto_init                 
20000000  __TI_cleanup_ptr               
00000325  __TI_decompress_lzss           
00000579  __TI_decompress_none           
20000004  __TI_dtors_ptr                 
20000008  __TI_enable_exit_profile_output
ffffffff  __TI_pprof_out_hndl            
ffffffff  __TI_prof_data_size            
ffffffff  __TI_prof_data_start           
00000000  __TI_static_base__             
0000018d  __aeabi_memcpy                 
0000018d  __aeabi_memcpy4                
0000018d  __aeabi_memcpy8                
ffffffff  __binit__                      
ffffffff  __c_args__                     
00000599  __mpu_init                     
2000fe00  __stack                        
0000054d  _args_main                     
0000038d  _c_int00                       
2000000c  _lock                          
00000573  _nop                           
0000056b  _register_lock                 
00000565  _register_unlock               
0000059b  _system_post_cinit             
00000593  _system_pre_init               
20000010  _unlock                        
000003e5  abort                          
ffffffff  binit                          
00000435  copy_in                        
20000018  counter                        
000003ed  exit                           
00000000  interruptVectors               
00000481  main                           
2000001c  main_func_sp                   
0000018d  memcpy                         


GLOBAL SYMBOLS: SORTED BY Symbol Address 

address   name                           
-------   ----                           
00000000  __TI_static_base__             
00000000  interruptVectors               
000000e5  SystemInit                     
0000018d  __aeabi_memcpy                 
0000018d  __aeabi_memcpy4                
0000018d  __aeabi_memcpy8                
0000018d  memcpy                         
00000200  __STACK_SIZE                   
00000229  _Z5Setupv                      
000002b5  __TI_auto_init                 
00000325  __TI_decompress_lzss           
0000038d  _c_int00                       
000003e1  C$$EXIT                        
000003e5  abort                          
000003ed  exit                           
00000435  copy_in                        
00000481  main                           
000004b9  _Z10ParpadeoOnv                
000004e9  T32_INT2_IRQHandler            
000004e9  T32_INT2_IRQHandler            
0000050d  ADC14_IRQHandler               
0000050d  ADC14_IRQHandler               
0000052d  T32_INT1_IRQHandler            
0000052d  T32_INT1_IRQHandler            
0000054d  _args_main                     
00000565  _register_unlock               
0000056b  _register_lock                 
00000573  _nop                           
00000579  __TI_decompress_none           
00000587  Reset_Handler                  
00000593  _system_pre_init               
00000597  AES256_IRQHandler              
00000597  BusFault_Handler               
00000597  COMP_E0_IRQHandler             
00000597  COMP_E1_IRQHandler             
00000597  CS_IRQHandler                  
00000597  DMA_ERR_IRQHandler             
00000597  DMA_INT0_IRQHandler            
00000597  DMA_INT1_IRQHandler            
00000597  DMA_INT2_IRQHandler            
00000597  DMA_INT3_IRQHandler            
00000597  DebugMon_Handler               
00000597  Default_Handler                
00000597  EUSCIA0_IRQHandler             
00000597  EUSCIA1_IRQHandler             
00000597  EUSCIA2_IRQHandler             
00000597  EUSCIA3_IRQHandler             
00000597  EUSCIB0_IRQHandler             
00000597  EUSCIB1_IRQHandler             
00000597  EUSCIB2_IRQHandler             
00000597  EUSCIB3_IRQHandler             
00000597  FLCTL_IRQHandler               
00000597  FPU_IRQHandler                 
00000597  HardFault_Handler              
00000597  MemManage_Handler              
00000597  NMI_Handler                    
00000597  PCM_IRQHandler                 
00000597  PORT1_IRQHandler               
00000597  PORT2_IRQHandler               
00000597  PORT3_IRQHandler               
00000597  PORT4_IRQHandler               
00000597  PORT5_IRQHandler               
00000597  PORT6_IRQHandler               
00000597  PSS_IRQHandler                 
00000597  PendSV_Handler                 
00000597  RTC_C_IRQHandler               
00000597  SVC_Handler                    
00000597  SysTick_Handler                
00000597  T32_INTC_IRQHandler            
00000597  TA0_0_IRQHandler               
00000597  TA0_N_IRQHandler               
00000597  TA1_0_IRQHandler               
00000597  TA1_N_IRQHandler               
00000597  TA2_0_IRQHandler               
00000597  TA2_N_IRQHandler               
00000597  TA3_0_IRQHandler               
00000597  TA3_N_IRQHandler               
00000597  UsageFault_Handler             
00000597  WDT_A_IRQHandler               
00000599  __mpu_init                     
0000059b  _system_post_cinit             
000005b8  __TI_Handler_Table_Base        
000005c0  __TI_CINIT_Base                
000005c0  __TI_Handler_Table_Limit       
000005c8  __TI_CINIT_Limit               
20000000  __TI_cleanup_ptr               
20000004  __TI_dtors_ptr                 
20000008  __TI_enable_exit_profile_output
2000000c  _lock                          
20000010  _unlock                        
20000014  ADC14Result                    
20000018  counter                        
2000001c  main_func_sp                   
2000fe00  __stack                        
20010000  __STACK_END                    
4000480c  WDTCTL_SYM                     
ffffffff  __TI_pprof_out_hndl            
ffffffff  __TI_prof_data_size            
ffffffff  __TI_prof_data_start           
ffffffff  __binit__                      
ffffffff  __c_args__                     
ffffffff  binit                          
UNDEFED   SHT$$INIT_ARRAY$$Base          
UNDEFED   SHT$$INIT_ARRAY$$Limit         

[104 symbols]
