******************************************************************************
                  TI ARM Linker PC v16.9.4                     
******************************************************************************
>> Linked Fri Sep 08 00:04:19 2017

OUTPUT FILE NAME:   <Labo 1v6.out>
ENTRY POINT SYMBOL: "_c_int00"  address: 00000d15


MEMORY CONFIGURATION

         name            origin    length      used     unused   attr    fill
----------------------  --------  ---------  --------  --------  ----  --------
  MAIN                  00000000   00040000  000015e4  0003ea1c  R  X
  INFO                  00200000   00004000  00000000  00004000  R  X
  SRAM_CODE             01000000   00010000  0000024d  0000fdb3  RW X
  SRAM_DATA             20000000   00010000  0000024d  0000fdb3  RW  


SEGMENT ALLOCATION MAP

run origin  load origin   length   init length attrs members
----------  ----------- ---------- ----------- ----- -------
00000000    00000000    000015e8   000015e8    r-x
  00000000    00000000    000000e4   000000e4    r-- .intvecs
  000000e4    000000e4    000010a8   000010a8    r-x .text
  0000118c    0000118c    00000418   00000418    r-- .const
  000015a8    000015a8    00000040   00000040    r-- .cinit
20000000    20000000    0000004d   00000000    rw-
  20000000    20000000    00000030   00000000    rw- .data
  20000030    20000030    0000001d   00000000    rw- .bss
2000fe00    2000fe00    00000200   00000000    rw-
  2000fe00    2000fe00    00000200   00000000    rw- .stack


SECTION ALLOCATION MAP

 output                                  attributes/
section   page    origin      length       input sections
--------  ----  ----------  ----------   ----------------
.intvecs   0    00000000    000000e4     
                  00000000    000000e4     startup_msp432p401r_ccs.obj (.intvecs:retain)

.binit     0    00000000    00000000     

.text      0    000000e4    000010a8     
                  000000e4    000002d0     grlib.lib : string.o (.text:Graphics_drawString)
                  000003b4    000001d8     Crystalfontz128x128_ST7735.obj (.text:Crystalfontz128x128_PixelDrawMultiple)
                  0000058c    00000134     Crystalfontz128x128_ST7735.obj (.text:Crystalfontz128x128_SetDrawFrame)
                  000006c0    000000d4     labo1v6.obj (.text:_Z5Setupv)
                  00000794    000000bc     system_msp432p401r.obj (.text:SystemInit)
                  00000850    000000a4     labo1v6.obj (.text:main)
                  000008f4    0000009c     Crystalfontz128x128_ST7735.obj (.text:Crystalfontz128x128_RectFill)
                  00000990    0000009c     rtsv7M4_T_le_v4SPD16_eabi.lib : memcpy_t2.obj (.text)
                  00000a2c    0000007a                                   : memset_t2.obj (.text)
                  00000aa6    00000002     startup_msp432p401r_ccs.obj (.text:Default_Handler)
                  00000aa8    00000070     rtsv7M4_T_le_v4SPD16_eabi.lib : autoinit.obj (.text)
                  00000b18    0000006c     labo1v6.obj (.text:_Z10ParpadeoOnv)
                  00000b84    00000068     grlib.lib : string.o (.text:Graphics_getStringWidth)
                  00000bec    00000068     rtsv7M4_T_le_v4SPD16_eabi.lib : copy_decompress_lzss.obj (.text:decompress:lzss)
                  00000c54    00000060     Crystalfontz128x128_ST7735.obj (.text:Crystalfontz128x128_LineDrawH)
                  00000cb4    00000060     Crystalfontz128x128_ST7735.obj (.text:Crystalfontz128x128_LineDrawV)
                  00000d14    00000054     rtsv7M4_T_le_v4SPD16_eabi.lib : boot.obj (.text)
                  00000d68    00000054                                   : exit.obj (.text)
                  00000dbc    0000004c                                   : cpy_tbl.obj (.text)
                  00000e08    0000004a     grlib.lib : line.o (.text:Graphics_drawLineH)
                  00000e52    00000002     rtsv7M4_T_le_v4SPD16_eabi.lib : mpu_init.obj (.text)
                  00000e54    00000048     labo1v6.obj (.text:_Z18__NVIC_SetPriority4IRQnj)
                  00000e9c    00000040     Crystalfontz128x128_ST7735.obj (.text:Crystalfontz128x128_PixelDraw)
                  00000edc    00000038     grlib.lib : string.o (.text:Graphics_drawStringCentered)
                  00000f14    00000038     HAL_MSP_EXP432P401R_Crystalfontz128x128_ST7735.obj (.text:HAL_LCD_writeCommand)
                  00000f4c    00000030     labo1v6.obj (.text:_Z16__NVIC_EnableIRQ4IRQn)
                  00000f7c    0000002c     Crystalfontz128x128_ST7735.obj (.text:Crystalfontz128x128_ClearScreen)
                  00000fa8    0000002c     HAL_MSP_EXP432P401R_Crystalfontz128x128_ST7735.obj (.text:HAL_LCD_writeData)
                  00000fd4    00000028     Crystalfontz128x128_ST7735.obj (.text:Crystalfontz128x128_ColorTranslate)
                  00000ffc    00000022     grlib.lib : context.o (.text:Graphics_initContext)
                  0000101e    00000002     rtsv7M4_T_le_v4SPD16_eabi.lib : startup.obj (.text)
                  00001020    00000020     labo1v6.obj (.text:ADC14_IRQHandler)
                  00001040    00000020     labo1v6.obj (.text:T32_INT1_IRQHandler)
                  00001060    00000020     labo1v6.obj (.text:T32_INT2_IRQHandler)
                  00001080    0000001a     grlib.lib : string.o (.text:Graphics_getNumberOfLeadingZeros)
                  0000109a    00000002     --HOLE-- [fill = 0]
                  0000109c    00000018     msp432p4xx_driverlib.lib : gpio.obj (.text:GPIO_setOutputLowOnPin)
                  000010b4    00000018     rtsv7M4_T_le_v4SPD16_eabi.lib : args_main.obj (.text)
                  000010cc    00000016     grlib.lib : display.o (.text:Graphics_drawHorizontalLineOnDisplay)
                  000010e2    00000002     --HOLE-- [fill = 0]
                  000010e4    00000014     msp432p4xx_driverlib.lib : gpio.obj (.text:GPIO_setOutputHighOnPin)
                  000010f8    00000014     rtsv7M4_T_le_v4SPD16_eabi.lib : _lock.obj (.text)
                  0000110c    0000000e     grlib.lib : display.o (.text:Graphics_drawPixelOnDisplay)
                  0000111a    0000000e               : context.o (.text:Graphics_setBackgroundColor)
                  00001128    0000000e               : context.o (.text:Graphics_setForegroundColor)
                  00001136    0000000e     rtsv7M4_T_le_v4SPD16_eabi.lib : copy_decompress_none.obj (.text:decompress:none)
                  00001144    0000000c     startup_msp432p401r_ccs.obj (.text:Reset_Handler)
                  00001150    0000000c     rtsv7M4_T_le_v4SPD16_eabi.lib : copy_zero_init.obj (.text:decompress:ZI)
                  0000115c    0000000a     Crystalfontz128x128_ST7735.obj (.text:Crystalfontz128x128_Flush)
                  00001166    0000000a     grlib.lib : context.o (.text:Graphics_clearDisplay)
                  00001170    0000000a               : display.o (.text:Graphics_clearDisplayOnDisplay)
                  0000117a    0000000a               : display.o (.text:Graphics_translateColorOnDisplay)
                  00001184    00000004               : context.o (.text:Graphics_setFont)
                  00001188    00000004     rtsv7M4_T_le_v4SPD16_eabi.lib : pre_init.obj (.text)

.const     0    0000118c    00000418     
                  0000118c    000002f8     fontfixed6x8.obj (.const:.string:g_pucFontFixed6x8Data)
                  00001484    000000c8     fontfixed6x8.obj (.const:g_sFontFixed6x8)
                  0000154c    00000030     msp432p4xx_driverlib.lib : gpio.obj (.const:GPIO_PORT_TO_BASE)
                  0000157c    00000020     Crystalfontz128x128_ST7735.obj (.const:g_sCrystalfontz128x128_funcs)
                  0000159c    00000008     Crystalfontz128x128_ST7735.obj (.const:$P$T0$1)

.cinit     0    000015a8    00000040     
                  000015a8    0000001c     (.cinit..data.load) [load image, compression = lzss]
                  000015c4    0000000c     (__TI_handler_table)
                  000015d0    00000008     (.cinit..bss.load) [load image, compression = zero_init]
                  000015d8    00000010     (__TI_cinit_table)

.init_array 
*          0    00000000    00000000     UNINITIALIZED

.data      0    20000000    00000030     UNINITIALIZED
                  20000000    00000010     Crystalfontz128x128_ST7735.obj (.data:g_sCrystalfontz128x128)
                  20000010    0000000c     rtsv7M4_T_le_v4SPD16_eabi.lib : exit.obj (.data:$O1$$)
                  2000001c    00000008                                   : _lock.obj (.data:$O1$$)
                  20000024    00000008     labo1v6.obj (.data)
                  2000002c    00000004     rtsv7M4_T_le_v4SPD16_eabi.lib : stkdepth_vars.obj (.data)

.bss       0    20000030    0000001d     UNINITIALIZED
                  20000030    0000001c     (.common:g_sContext)
                  2000004c    00000001     (.common:Lcd_Orientation)

.stack     0    2000fe00    00000200     UNINITIALIZED
                  2000fe00    00000200     --HOLE--

MODULE SUMMARY

       Module                                               code   ro data   rw data
       ------                                               ----   -------   -------
    .\
       labo1v6.obj                                          700    0         72     
       system_msp432p401r.obj                               188    0         0      
    +--+----------------------------------------------------+------+---------+---------+
       Total:                                               888    0         72     
                                                                                    
    .\LcdDriver\
       Crystalfontz128x128_ST7735.obj                       1286   40        34     
       HAL_MSP_EXP432P401R_Crystalfontz128x128_ST7735.obj   100    0         0      
    +--+----------------------------------------------------+------+---------+---------+
       Total:                                               1386   40        34     
                                                                                    
    .\ccs\
       startup_msp432p401r_ccs.obj                          14     228       0      
    +--+----------------------------------------------------+------+---------+---------+
       Total:                                               14     228       0      
                                                                                    
    .\fonts\
       fontfixed6x8.obj                                     0      960       0      
    +--+----------------------------------------------------+------+---------+---------+
       Total:                                               0      960       0      
                                                                                    
    C:/ti/simplelink_msp432_sdk_1_40_01_00/source/ti/devices/msp432p4xx/driverlib/ccs/msp432p4xx_driverlib.lib
       gpio.obj                                             44     48        0      
    +--+----------------------------------------------------+------+---------+---------+
       Total:                                               44     48        0      
                                                                                    
    C:/ti/simplelink_msp432_sdk_1_40_01_00/source/ti/grlib/ccs/grlib.lib
       string.o                                             906    0         0      
       context.o                                            76     0         0      
       line.o                                               74     0         0      
       display.o                                            56     0         0      
    +--+----------------------------------------------------+------+---------+---------+
       Total:                                               1112   0         0      
                                                                                    
    C:\ti\ccsv7\tools\compiler\ti-cgt-arm_16.9.4.LTS\lib\rtsv7M4_T_le_v4SPD16_eabi.lib
       memcpy_t2.obj                                        156    0         0      
       memset_t2.obj                                        122    0         0      
       autoinit.obj                                         112    0         0      
       exit.obj                                             84     0         24     
       copy_decompress_lzss.obj                             104    0         0      
       boot.obj                                             84     0         0      
       cpy_tbl.obj                                          76     0         0      
       _lock.obj                                            20     0         16     
       args_main.obj                                        24     0         0      
       copy_decompress_none.obj                             14     0         0      
       copy_zero_init.obj                                   12     0         0      
       stkdepth_vars.obj                                    0      0         8      
       pre_init.obj                                         4      0         0      
       mpu_init.obj                                         2      0         0      
       startup.obj                                          2      0         0      
    +--+----------------------------------------------------+------+---------+---------+
       Total:                                               816    0         48     
                                                                                    
       Stack:                                               0      0         1024   
       Linker Generated:                                    0      64        0      
    +--+----------------------------------------------------+------+---------+---------+
       Grand Total:                                         4260   1340      1178   


LINKER GENERATED COPY TABLES

__TI_cinit_table @ 000015d8 records: 2, size/record: 8, table size: 16
	.data: load addr=000015a8, load size=0000001c bytes, run addr=20000000, run size=00000030 bytes, compression=lzss
	.bss: load addr=000015d0, load size=00000008 bytes, run addr=20000030, run size=0000001d bytes, compression=zero_init


LINKER GENERATED HANDLER TABLE

__TI_handler_table @ 000015c4 records: 3, size/record: 4, table size: 12
	index: 0, handler: __TI_decompress_lzss
	index: 1, handler: __TI_decompress_none
	index: 2, handler: __TI_zero_init


GLOBAL SYMBOLS: SORTED ALPHABETICALLY BY Name 

address   name                                   
-------   ----                                   
20000024  ADC14Result                            
00001021  ADC14_IRQHandler                       
00001021  ADC14_IRQHandler                       
00000aa7  AES256_IRQHandler                      
00000aa7  BusFault_Handler                       
00000d69  C$$EXIT                                
00000aa7  COMP_E0_IRQHandler                     
00000aa7  COMP_E1_IRQHandler                     
00000aa7  CS_IRQHandler                          
0000058d  Crystalfontz128x128_SetDrawFrame       
00000aa7  DMA_ERR_IRQHandler                     
00000aa7  DMA_INT0_IRQHandler                    
00000aa7  DMA_INT1_IRQHandler                    
00000aa7  DMA_INT2_IRQHandler                    
00000aa7  DMA_INT3_IRQHandler                    
00000aa7  DebugMon_Handler                       
00000aa7  Default_Handler                        
00000aa7  EUSCIA0_IRQHandler                     
00000aa7  EUSCIA1_IRQHandler                     
00000aa7  EUSCIA2_IRQHandler                     
00000aa7  EUSCIA3_IRQHandler                     
00000aa7  EUSCIB0_IRQHandler                     
00000aa7  EUSCIB1_IRQHandler                     
00000aa7  EUSCIB2_IRQHandler                     
00000aa7  EUSCIB3_IRQHandler                     
00000aa7  FLCTL_IRQHandler                       
00000aa7  FPU_IRQHandler                         
000010e5  GPIO_setOutputHighOnPin                
0000109d  GPIO_setOutputLowOnPin                 
00001167  Graphics_clearDisplay                  
00001171  Graphics_clearDisplayOnDisplay         
000010cd  Graphics_drawHorizontalLineOnDisplay   
00000e09  Graphics_drawLineH                     
0000110d  Graphics_drawPixelOnDisplay            
000000e5  Graphics_drawString                    
00000edd  Graphics_drawStringCentered            
00000b85  Graphics_getStringWidth                
00000ffd  Graphics_initContext                   
0000111b  Graphics_setBackgroundColor            
00001185  Graphics_setFont                       
00001129  Graphics_setForegroundColor            
0000117b  Graphics_translateColorOnDisplay       
00000f15  HAL_LCD_writeCommand                   
00000fa9  HAL_LCD_writeData                      
00000aa7  HardFault_Handler                      
2000004c  Lcd_Orientation                        
00000aa7  MemManage_Handler                      
00000aa7  NMI_Handler                            
00000aa7  PCM_IRQHandler                         
00000aa7  PORT1_IRQHandler                       
00000aa7  PORT2_IRQHandler                       
00000aa7  PORT3_IRQHandler                       
00000aa7  PORT4_IRQHandler                       
00000aa7  PORT5_IRQHandler                       
00000aa7  PORT6_IRQHandler                       
00000aa7  PSS_IRQHandler                         
00000aa7  PendSV_Handler                         
00000aa7  RTC_C_IRQHandler                       
00001145  Reset_Handler                          
UNDEFED   SHT$$INIT_ARRAY$$Base                  
UNDEFED   SHT$$INIT_ARRAY$$Limit                 
00000aa7  SVC_Handler                            
00000aa7  SysTick_Handler                        
00000795  SystemInit                             
00001041  T32_INT1_IRQHandler                    
00001041  T32_INT1_IRQHandler                    
00001061  T32_INT2_IRQHandler                    
00001061  T32_INT2_IRQHandler                    
00000aa7  T32_INTC_IRQHandler                    
00000aa7  TA0_0_IRQHandler                       
00000aa7  TA0_N_IRQHandler                       
00000aa7  TA1_0_IRQHandler                       
00000aa7  TA1_N_IRQHandler                       
00000aa7  TA2_0_IRQHandler                       
00000aa7  TA2_N_IRQHandler                       
00000aa7  TA3_0_IRQHandler                       
00000aa7  TA3_N_IRQHandler                       
00000aa7  UsageFault_Handler                     
4000480c  WDTCTL_SYM                             
00000aa7  WDT_A_IRQHandler                       
00000b19  _Z10ParpadeoOnv                        
UNDEFED   _Z24Crystalfontz128x128_Initv          
UNDEFED   _Z34Crystalfontz128x128_SetOrientationh
000006c1  _Z5Setupv                              
20010000  __STACK_END                            
00000200  __STACK_SIZE                           
000015d8  __TI_CINIT_Base                        
000015e8  __TI_CINIT_Limit                       
000015c4  __TI_Handler_Table_Base                
000015d0  __TI_Handler_Table_Limit               
00000aa9  __TI_auto_init                         
20000010  __TI_cleanup_ptr                       
00000bed  __TI_decompress_lzss                   
00001137  __TI_decompress_none                   
20000014  __TI_dtors_ptr                         
20000018  __TI_enable_exit_profile_output        
ffffffff  __TI_pprof_out_hndl                    
ffffffff  __TI_prof_data_size                    
ffffffff  __TI_prof_data_start                   
00000000  __TI_static_base__                     
00001151  __TI_zero_init                         
00000a2d  __aeabi_memclr                         
00000a2d  __aeabi_memclr4                        
00000a2d  __aeabi_memclr8                        
00000991  __aeabi_memcpy                         
00000991  __aeabi_memcpy4                        
00000991  __aeabi_memcpy8                        
00000a2f  __aeabi_memset                         
00000a2f  __aeabi_memset4                        
00000a2f  __aeabi_memset8                        
ffffffff  __binit__                              
ffffffff  __c_args__                             
00000e53  __mpu_init                             
2000fe00  __stack                                
000010b5  _args_main                             
00000d15  _c_int00                               
2000001c  _lock                                  
00001107  _nop                                   
000010ff  _register_lock                         
000010f9  _register_unlock                       
0000101f  _system_post_cinit                     
00001189  _system_pre_init                       
20000020  _unlock                                
00000d6d  abort                                  
ffffffff  binit                                  
00000dbd  copy_in                                
20000028  counter                                
00000d75  exit                                   
20000030  g_sContext                             
20000000  g_sCrystalfontz128x128                 
0000157c  g_sCrystalfontz128x128_funcs           
00001484  g_sFontFixed6x8                        
00000000  interruptVectors                       
00000851  main                                   
2000002c  main_func_sp                           
00000991  memcpy                                 
00000a35  memset                                 


GLOBAL SYMBOLS: SORTED BY Symbol Address 

address   name                                   
-------   ----                                   
00000000  __TI_static_base__                     
00000000  interruptVectors                       
000000e5  Graphics_drawString                    
00000200  __STACK_SIZE                           
0000058d  Crystalfontz128x128_SetDrawFrame       
000006c1  _Z5Setupv                              
00000795  SystemInit                             
00000851  main                                   
00000991  __aeabi_memcpy                         
00000991  __aeabi_memcpy4                        
00000991  __aeabi_memcpy8                        
00000991  memcpy                                 
00000a2d  __aeabi_memclr                         
00000a2d  __aeabi_memclr4                        
00000a2d  __aeabi_memclr8                        
00000a2f  __aeabi_memset                         
00000a2f  __aeabi_memset4                        
00000a2f  __aeabi_memset8                        
00000a35  memset                                 
00000aa7  AES256_IRQHandler                      
00000aa7  BusFault_Handler                       
00000aa7  COMP_E0_IRQHandler                     
00000aa7  COMP_E1_IRQHandler                     
00000aa7  CS_IRQHandler                          
00000aa7  DMA_ERR_IRQHandler                     
00000aa7  DMA_INT0_IRQHandler                    
00000aa7  DMA_INT1_IRQHandler                    
00000aa7  DMA_INT2_IRQHandler                    
00000aa7  DMA_INT3_IRQHandler                    
00000aa7  DebugMon_Handler                       
00000aa7  Default_Handler                        
00000aa7  EUSCIA0_IRQHandler                     
00000aa7  EUSCIA1_IRQHandler                     
00000aa7  EUSCIA2_IRQHandler                     
00000aa7  EUSCIA3_IRQHandler                     
00000aa7  EUSCIB0_IRQHandler                     
00000aa7  EUSCIB1_IRQHandler                     
00000aa7  EUSCIB2_IRQHandler                     
00000aa7  EUSCIB3_IRQHandler                     
00000aa7  FLCTL_IRQHandler                       
00000aa7  FPU_IRQHandler                         
00000aa7  HardFault_Handler                      
00000aa7  MemManage_Handler                      
00000aa7  NMI_Handler                            
00000aa7  PCM_IRQHandler                         
00000aa7  PORT1_IRQHandler                       
00000aa7  PORT2_IRQHandler                       
00000aa7  PORT3_IRQHandler                       
00000aa7  PORT4_IRQHandler                       
00000aa7  PORT5_IRQHandler                       
00000aa7  PORT6_IRQHandler                       
00000aa7  PSS_IRQHandler                         
00000aa7  PendSV_Handler                         
00000aa7  RTC_C_IRQHandler                       
00000aa7  SVC_Handler                            
00000aa7  SysTick_Handler                        
00000aa7  T32_INTC_IRQHandler                    
00000aa7  TA0_0_IRQHandler                       
00000aa7  TA0_N_IRQHandler                       
00000aa7  TA1_0_IRQHandler                       
00000aa7  TA1_N_IRQHandler                       
00000aa7  TA2_0_IRQHandler                       
00000aa7  TA2_N_IRQHandler                       
00000aa7  TA3_0_IRQHandler                       
00000aa7  TA3_N_IRQHandler                       
00000aa7  UsageFault_Handler                     
00000aa7  WDT_A_IRQHandler                       
00000aa9  __TI_auto_init                         
00000b19  _Z10ParpadeoOnv                        
00000b85  Graphics_getStringWidth                
00000bed  __TI_decompress_lzss                   
00000d15  _c_int00                               
00000d69  C$$EXIT                                
00000d6d  abort                                  
00000d75  exit                                   
00000dbd  copy_in                                
00000e09  Graphics_drawLineH                     
00000e53  __mpu_init                             
00000edd  Graphics_drawStringCentered            
00000f15  HAL_LCD_writeCommand                   
00000fa9  HAL_LCD_writeData                      
00000ffd  Graphics_initContext                   
0000101f  _system_post_cinit                     
00001021  ADC14_IRQHandler                       
00001021  ADC14_IRQHandler                       
00001041  T32_INT1_IRQHandler                    
00001041  T32_INT1_IRQHandler                    
00001061  T32_INT2_IRQHandler                    
00001061  T32_INT2_IRQHandler                    
0000109d  GPIO_setOutputLowOnPin                 
000010b5  _args_main                             
000010cd  Graphics_drawHorizontalLineOnDisplay   
000010e5  GPIO_setOutputHighOnPin                
000010f9  _register_unlock                       
000010ff  _register_lock                         
00001107  _nop                                   
0000110d  Graphics_drawPixelOnDisplay            
0000111b  Graphics_setBackgroundColor            
00001129  Graphics_setForegroundColor            
00001137  __TI_decompress_none                   
00001145  Reset_Handler                          
00001151  __TI_zero_init                         
00001167  Graphics_clearDisplay                  
00001171  Graphics_clearDisplayOnDisplay         
0000117b  Graphics_translateColorOnDisplay       
00001185  Graphics_setFont                       
00001189  _system_pre_init                       
00001484  g_sFontFixed6x8                        
0000157c  g_sCrystalfontz128x128_funcs           
000015c4  __TI_Handler_Table_Base                
000015d0  __TI_Handler_Table_Limit               
000015d8  __TI_CINIT_Base                        
000015e8  __TI_CINIT_Limit                       
20000000  g_sCrystalfontz128x128                 
20000010  __TI_cleanup_ptr                       
20000014  __TI_dtors_ptr                         
20000018  __TI_enable_exit_profile_output        
2000001c  _lock                                  
20000020  _unlock                                
20000024  ADC14Result                            
20000028  counter                                
2000002c  main_func_sp                           
20000030  g_sContext                             
2000004c  Lcd_Orientation                        
2000fe00  __stack                                
20010000  __STACK_END                            
4000480c  WDTCTL_SYM                             
ffffffff  __TI_pprof_out_hndl                    
ffffffff  __TI_prof_data_size                    
ffffffff  __TI_prof_data_start                   
ffffffff  __binit__                              
ffffffff  __c_args__                             
ffffffff  binit                                  
UNDEFED   SHT$$INIT_ARRAY$$Base                  
UNDEFED   SHT$$INIT_ARRAY$$Limit                 
UNDEFED   _Z24Crystalfontz128x128_Initv          
UNDEFED   _Z34Crystalfontz128x128_SetOrientationh

[137 symbols]
