<?xml version="1.0"?>
<link_info>
   <banner>TI ARM Linker PC v16.9.4.LTS</banner>
   <copyright>Copyright (c) 1996-2017 Texas Instruments Incorporated</copyright>
   <link_time>0x59d14c14</link_time>
   <link_errors>0x0</link_errors>
   <output_file>Labo 2.out</output_file>
   <entry_point>
      <name>_c_int00</name>
      <address>0x2909</address>
   </entry_point>
   <input_file_list>
      <input_file id="fl-2">
         <path>.\</path>
         <kind>object</kind>
         <file>main.obj</file>
         <name>main.obj</name>
      </input_file>
      <input_file id="fl-3">
         <path>.\</path>
         <kind>object</kind>
         <file>system_msp432p401r.obj</file>
         <name>system_msp432p401r.obj</name>
      </input_file>
      <input_file id="fl-4">
         <path>.\LcdDriver\</path>
         <kind>object</kind>
         <file>Crystalfontz128x128_ST7735.obj</file>
         <name>Crystalfontz128x128_ST7735.obj</name>
      </input_file>
      <input_file id="fl-5">
         <path>.\LcdDriver\</path>
         <kind>object</kind>
         <file>HAL_MSP_EXP432P401R_Crystalfontz128x128_ST7735.obj</file>
         <name>HAL_MSP_EXP432P401R_Crystalfontz128x128_ST7735.obj</name>
      </input_file>
      <input_file id="fl-6">
         <path>.\ccs\</path>
         <kind>object</kind>
         <file>startup_msp432p401r_ccs.obj</file>
         <name>startup_msp432p401r_ccs.obj</name>
      </input_file>
      <input_file id="fl-7">
         <path>.\fonts\</path>
         <kind>object</kind>
         <file>fontcm12.obj</file>
         <name>fontcm12.obj</name>
      </input_file>
      <input_file id="fl-8">
         <path>.\fonts\</path>
         <kind>object</kind>
         <file>fontcm12b.obj</file>
         <name>fontcm12b.obj</name>
      </input_file>
      <input_file id="fl-9">
         <path>.\fonts\</path>
         <kind>object</kind>
         <file>fontcm12i.obj</file>
         <name>fontcm12i.obj</name>
      </input_file>
      <input_file id="fl-a">
         <path>.\fonts\</path>
         <kind>object</kind>
         <file>fontcm14.obj</file>
         <name>fontcm14.obj</name>
      </input_file>
      <input_file id="fl-b">
         <path>.\fonts\</path>
         <kind>object</kind>
         <file>fontcm14b.obj</file>
         <name>fontcm14b.obj</name>
      </input_file>
      <input_file id="fl-c">
         <path>.\fonts\</path>
         <kind>object</kind>
         <file>fontcm14i.obj</file>
         <name>fontcm14i.obj</name>
      </input_file>
      <input_file id="fl-d">
         <path>.\fonts\</path>
         <kind>object</kind>
         <file>fontcm16.obj</file>
         <name>fontcm16.obj</name>
      </input_file>
      <input_file id="fl-e">
         <path>.\fonts\</path>
         <kind>object</kind>
         <file>fontcm16b.obj</file>
         <name>fontcm16b.obj</name>
      </input_file>
      <input_file id="fl-f">
         <path>.\fonts\</path>
         <kind>object</kind>
         <file>fontcm16i.obj</file>
         <name>fontcm16i.obj</name>
      </input_file>
      <input_file id="fl-10">
         <path>.\fonts\</path>
         <kind>object</kind>
         <file>fontcm18.obj</file>
         <name>fontcm18.obj</name>
      </input_file>
      <input_file id="fl-11">
         <path>.\fonts\</path>
         <kind>object</kind>
         <file>fontcm18b.obj</file>
         <name>fontcm18b.obj</name>
      </input_file>
      <input_file id="fl-12">
         <path>.\fonts\</path>
         <kind>object</kind>
         <file>fontcm18i.obj</file>
         <name>fontcm18i.obj</name>
      </input_file>
      <input_file id="fl-13">
         <path>.\fonts\</path>
         <kind>object</kind>
         <file>fontcm20.obj</file>
         <name>fontcm20.obj</name>
      </input_file>
      <input_file id="fl-14">
         <path>.\fonts\</path>
         <kind>object</kind>
         <file>fontcm20b.obj</file>
         <name>fontcm20b.obj</name>
      </input_file>
      <input_file id="fl-15">
         <path>.\fonts\</path>
         <kind>object</kind>
         <file>fontcm20i.obj</file>
         <name>fontcm20i.obj</name>
      </input_file>
      <input_file id="fl-16">
         <path>.\fonts\</path>
         <kind>object</kind>
         <file>fontcm22.obj</file>
         <name>fontcm22.obj</name>
      </input_file>
      <input_file id="fl-17">
         <path>.\fonts\</path>
         <kind>object</kind>
         <file>fontcm22b.obj</file>
         <name>fontcm22b.obj</name>
      </input_file>
      <input_file id="fl-18">
         <path>.\fonts\</path>
         <kind>object</kind>
         <file>fontcm22i.obj</file>
         <name>fontcm22i.obj</name>
      </input_file>
      <input_file id="fl-19">
         <path>.\fonts\</path>
         <kind>object</kind>
         <file>fontcm24.obj</file>
         <name>fontcm24.obj</name>
      </input_file>
      <input_file id="fl-1a">
         <path>.\fonts\</path>
         <kind>object</kind>
         <file>fontcm24b.obj</file>
         <name>fontcm24b.obj</name>
      </input_file>
      <input_file id="fl-1b">
         <path>.\fonts\</path>
         <kind>object</kind>
         <file>fontcm24i.obj</file>
         <name>fontcm24i.obj</name>
      </input_file>
      <input_file id="fl-1c">
         <path>.\fonts\</path>
         <kind>object</kind>
         <file>fontcm26.obj</file>
         <name>fontcm26.obj</name>
      </input_file>
      <input_file id="fl-1d">
         <path>.\fonts\</path>
         <kind>object</kind>
         <file>fontcm26b.obj</file>
         <name>fontcm26b.obj</name>
      </input_file>
      <input_file id="fl-1e">
         <path>.\fonts\</path>
         <kind>object</kind>
         <file>fontcm26i.obj</file>
         <name>fontcm26i.obj</name>
      </input_file>
      <input_file id="fl-1f">
         <path>.\fonts\</path>
         <kind>object</kind>
         <file>fontcm28.obj</file>
         <name>fontcm28.obj</name>
      </input_file>
      <input_file id="fl-20">
         <path>.\fonts\</path>
         <kind>object</kind>
         <file>fontcm28b.obj</file>
         <name>fontcm28b.obj</name>
      </input_file>
      <input_file id="fl-21">
         <path>.\fonts\</path>
         <kind>object</kind>
         <file>fontcm28i.obj</file>
         <name>fontcm28i.obj</name>
      </input_file>
      <input_file id="fl-22">
         <path>.\fonts\</path>
         <kind>object</kind>
         <file>fontcm30.obj</file>
         <name>fontcm30.obj</name>
      </input_file>
      <input_file id="fl-23">
         <path>.\fonts\</path>
         <kind>object</kind>
         <file>fontcm30b.obj</file>
         <name>fontcm30b.obj</name>
      </input_file>
      <input_file id="fl-24">
         <path>.\fonts\</path>
         <kind>object</kind>
         <file>fontcm30i.obj</file>
         <name>fontcm30i.obj</name>
      </input_file>
      <input_file id="fl-25">
         <path>.\fonts\</path>
         <kind>object</kind>
         <file>fontcm32.obj</file>
         <name>fontcm32.obj</name>
      </input_file>
      <input_file id="fl-26">
         <path>.\fonts\</path>
         <kind>object</kind>
         <file>fontcm32b.obj</file>
         <name>fontcm32b.obj</name>
      </input_file>
      <input_file id="fl-27">
         <path>.\fonts\</path>
         <kind>object</kind>
         <file>fontcm32i.obj</file>
         <name>fontcm32i.obj</name>
      </input_file>
      <input_file id="fl-28">
         <path>.\fonts\</path>
         <kind>object</kind>
         <file>fontcm34.obj</file>
         <name>fontcm34.obj</name>
      </input_file>
      <input_file id="fl-29">
         <path>.\fonts\</path>
         <kind>object</kind>
         <file>fontcm34b.obj</file>
         <name>fontcm34b.obj</name>
      </input_file>
      <input_file id="fl-2a">
         <path>.\fonts\</path>
         <kind>object</kind>
         <file>fontcm34i.obj</file>
         <name>fontcm34i.obj</name>
      </input_file>
      <input_file id="fl-2b">
         <path>.\fonts\</path>
         <kind>object</kind>
         <file>fontcm36.obj</file>
         <name>fontcm36.obj</name>
      </input_file>
      <input_file id="fl-2c">
         <path>.\fonts\</path>
         <kind>object</kind>
         <file>fontcm36b.obj</file>
         <name>fontcm36b.obj</name>
      </input_file>
      <input_file id="fl-2d">
         <path>.\fonts\</path>
         <kind>object</kind>
         <file>fontcm36i.obj</file>
         <name>fontcm36i.obj</name>
      </input_file>
      <input_file id="fl-2e">
         <path>.\fonts\</path>
         <kind>object</kind>
         <file>fontcm38.obj</file>
         <name>fontcm38.obj</name>
      </input_file>
      <input_file id="fl-2f">
         <path>.\fonts\</path>
         <kind>object</kind>
         <file>fontcm38b.obj</file>
         <name>fontcm38b.obj</name>
      </input_file>
      <input_file id="fl-30">
         <path>.\fonts\</path>
         <kind>object</kind>
         <file>fontcm38i.obj</file>
         <name>fontcm38i.obj</name>
      </input_file>
      <input_file id="fl-31">
         <path>.\fonts\</path>
         <kind>object</kind>
         <file>fontcm40.obj</file>
         <name>fontcm40.obj</name>
      </input_file>
      <input_file id="fl-32">
         <path>.\fonts\</path>
         <kind>object</kind>
         <file>fontcm40b.obj</file>
         <name>fontcm40b.obj</name>
      </input_file>
      <input_file id="fl-33">
         <path>.\fonts\</path>
         <kind>object</kind>
         <file>fontcm40i.obj</file>
         <name>fontcm40i.obj</name>
      </input_file>
      <input_file id="fl-34">
         <path>.\fonts\</path>
         <kind>object</kind>
         <file>fontcm42.obj</file>
         <name>fontcm42.obj</name>
      </input_file>
      <input_file id="fl-35">
         <path>.\fonts\</path>
         <kind>object</kind>
         <file>fontcm42b.obj</file>
         <name>fontcm42b.obj</name>
      </input_file>
      <input_file id="fl-36">
         <path>.\fonts\</path>
         <kind>object</kind>
         <file>fontcm42i.obj</file>
         <name>fontcm42i.obj</name>
      </input_file>
      <input_file id="fl-37">
         <path>.\fonts\</path>
         <kind>object</kind>
         <file>fontcm44.obj</file>
         <name>fontcm44.obj</name>
      </input_file>
      <input_file id="fl-38">
         <path>.\fonts\</path>
         <kind>object</kind>
         <file>fontcm44b.obj</file>
         <name>fontcm44b.obj</name>
      </input_file>
      <input_file id="fl-39">
         <path>.\fonts\</path>
         <kind>object</kind>
         <file>fontcm44i.obj</file>
         <name>fontcm44i.obj</name>
      </input_file>
      <input_file id="fl-3a">
         <path>.\fonts\</path>
         <kind>object</kind>
         <file>fontcm46.obj</file>
         <name>fontcm46.obj</name>
      </input_file>
      <input_file id="fl-3b">
         <path>.\fonts\</path>
         <kind>object</kind>
         <file>fontcm46b.obj</file>
         <name>fontcm46b.obj</name>
      </input_file>
      <input_file id="fl-3c">
         <path>.\fonts\</path>
         <kind>object</kind>
         <file>fontcm46i.obj</file>
         <name>fontcm46i.obj</name>
      </input_file>
      <input_file id="fl-3d">
         <path>.\fonts\</path>
         <kind>object</kind>
         <file>fontcm48.obj</file>
         <name>fontcm48.obj</name>
      </input_file>
      <input_file id="fl-3e">
         <path>.\fonts\</path>
         <kind>object</kind>
         <file>fontcm48b.obj</file>
         <name>fontcm48b.obj</name>
      </input_file>
      <input_file id="fl-3f">
         <path>.\fonts\</path>
         <kind>object</kind>
         <file>fontcm48i.obj</file>
         <name>fontcm48i.obj</name>
      </input_file>
      <input_file id="fl-40">
         <path>.\fonts\</path>
         <kind>object</kind>
         <file>fontcmsc12.obj</file>
         <name>fontcmsc12.obj</name>
      </input_file>
      <input_file id="fl-41">
         <path>.\fonts\</path>
         <kind>object</kind>
         <file>fontcmsc14.obj</file>
         <name>fontcmsc14.obj</name>
      </input_file>
      <input_file id="fl-42">
         <path>.\fonts\</path>
         <kind>object</kind>
         <file>fontcmsc16.obj</file>
         <name>fontcmsc16.obj</name>
      </input_file>
      <input_file id="fl-43">
         <path>.\fonts\</path>
         <kind>object</kind>
         <file>fontcmsc18.obj</file>
         <name>fontcmsc18.obj</name>
      </input_file>
      <input_file id="fl-44">
         <path>.\fonts\</path>
         <kind>object</kind>
         <file>fontcmsc20.obj</file>
         <name>fontcmsc20.obj</name>
      </input_file>
      <input_file id="fl-45">
         <path>.\fonts\</path>
         <kind>object</kind>
         <file>fontcmsc22.obj</file>
         <name>fontcmsc22.obj</name>
      </input_file>
      <input_file id="fl-46">
         <path>.\fonts\</path>
         <kind>object</kind>
         <file>fontcmsc24.obj</file>
         <name>fontcmsc24.obj</name>
      </input_file>
      <input_file id="fl-47">
         <path>.\fonts\</path>
         <kind>object</kind>
         <file>fontcmsc26.obj</file>
         <name>fontcmsc26.obj</name>
      </input_file>
      <input_file id="fl-48">
         <path>.\fonts\</path>
         <kind>object</kind>
         <file>fontcmsc28.obj</file>
         <name>fontcmsc28.obj</name>
      </input_file>
      <input_file id="fl-49">
         <path>.\fonts\</path>
         <kind>object</kind>
         <file>fontcmsc30.obj</file>
         <name>fontcmsc30.obj</name>
      </input_file>
      <input_file id="fl-4a">
         <path>.\fonts\</path>
         <kind>object</kind>
         <file>fontcmsc32.obj</file>
         <name>fontcmsc32.obj</name>
      </input_file>
      <input_file id="fl-4b">
         <path>.\fonts\</path>
         <kind>object</kind>
         <file>fontcmsc34.obj</file>
         <name>fontcmsc34.obj</name>
      </input_file>
      <input_file id="fl-4c">
         <path>.\fonts\</path>
         <kind>object</kind>
         <file>fontcmsc36.obj</file>
         <name>fontcmsc36.obj</name>
      </input_file>
      <input_file id="fl-4d">
         <path>.\fonts\</path>
         <kind>object</kind>
         <file>fontcmsc38.obj</file>
         <name>fontcmsc38.obj</name>
      </input_file>
      <input_file id="fl-4e">
         <path>.\fonts\</path>
         <kind>object</kind>
         <file>fontcmsc40.obj</file>
         <name>fontcmsc40.obj</name>
      </input_file>
      <input_file id="fl-4f">
         <path>.\fonts\</path>
         <kind>object</kind>
         <file>fontcmsc42.obj</file>
         <name>fontcmsc42.obj</name>
      </input_file>
      <input_file id="fl-50">
         <path>.\fonts\</path>
         <kind>object</kind>
         <file>fontcmsc44.obj</file>
         <name>fontcmsc44.obj</name>
      </input_file>
      <input_file id="fl-51">
         <path>.\fonts\</path>
         <kind>object</kind>
         <file>fontcmsc46.obj</file>
         <name>fontcmsc46.obj</name>
      </input_file>
      <input_file id="fl-52">
         <path>.\fonts\</path>
         <kind>object</kind>
         <file>fontcmsc48.obj</file>
         <name>fontcmsc48.obj</name>
      </input_file>
      <input_file id="fl-53">
         <path>.\fonts\</path>
         <kind>object</kind>
         <file>fontcmss12.obj</file>
         <name>fontcmss12.obj</name>
      </input_file>
      <input_file id="fl-54">
         <path>.\fonts\</path>
         <kind>object</kind>
         <file>fontcmss12b.obj</file>
         <name>fontcmss12b.obj</name>
      </input_file>
      <input_file id="fl-55">
         <path>.\fonts\</path>
         <kind>object</kind>
         <file>fontcmss12i.obj</file>
         <name>fontcmss12i.obj</name>
      </input_file>
      <input_file id="fl-56">
         <path>.\fonts\</path>
         <kind>object</kind>
         <file>fontcmss14.obj</file>
         <name>fontcmss14.obj</name>
      </input_file>
      <input_file id="fl-57">
         <path>.\fonts\</path>
         <kind>object</kind>
         <file>fontcmss14b.obj</file>
         <name>fontcmss14b.obj</name>
      </input_file>
      <input_file id="fl-58">
         <path>.\fonts\</path>
         <kind>object</kind>
         <file>fontcmss14i.obj</file>
         <name>fontcmss14i.obj</name>
      </input_file>
      <input_file id="fl-59">
         <path>.\fonts\</path>
         <kind>object</kind>
         <file>fontcmss16.obj</file>
         <name>fontcmss16.obj</name>
      </input_file>
      <input_file id="fl-5a">
         <path>.\fonts\</path>
         <kind>object</kind>
         <file>fontcmss16b.obj</file>
         <name>fontcmss16b.obj</name>
      </input_file>
      <input_file id="fl-5b">
         <path>.\fonts\</path>
         <kind>object</kind>
         <file>fontcmss16i.obj</file>
         <name>fontcmss16i.obj</name>
      </input_file>
      <input_file id="fl-5c">
         <path>.\fonts\</path>
         <kind>object</kind>
         <file>fontcmss18.obj</file>
         <name>fontcmss18.obj</name>
      </input_file>
      <input_file id="fl-5d">
         <path>.\fonts\</path>
         <kind>object</kind>
         <file>fontcmss18b.obj</file>
         <name>fontcmss18b.obj</name>
      </input_file>
      <input_file id="fl-5e">
         <path>.\fonts\</path>
         <kind>object</kind>
         <file>fontcmss18i.obj</file>
         <name>fontcmss18i.obj</name>
      </input_file>
      <input_file id="fl-5f">
         <path>.\fonts\</path>
         <kind>object</kind>
         <file>fontcmss20.obj</file>
         <name>fontcmss20.obj</name>
      </input_file>
      <input_file id="fl-60">
         <path>.\fonts\</path>
         <kind>object</kind>
         <file>fontcmss20b.obj</file>
         <name>fontcmss20b.obj</name>
      </input_file>
      <input_file id="fl-61">
         <path>.\fonts\</path>
         <kind>object</kind>
         <file>fontcmss20i.obj</file>
         <name>fontcmss20i.obj</name>
      </input_file>
      <input_file id="fl-62">
         <path>.\fonts\</path>
         <kind>object</kind>
         <file>fontcmss22.obj</file>
         <name>fontcmss22.obj</name>
      </input_file>
      <input_file id="fl-63">
         <path>.\fonts\</path>
         <kind>object</kind>
         <file>fontcmss22b.obj</file>
         <name>fontcmss22b.obj</name>
      </input_file>
      <input_file id="fl-64">
         <path>.\fonts\</path>
         <kind>object</kind>
         <file>fontcmss22i.obj</file>
         <name>fontcmss22i.obj</name>
      </input_file>
      <input_file id="fl-65">
         <path>.\fonts\</path>
         <kind>object</kind>
         <file>fontcmss24.obj</file>
         <name>fontcmss24.obj</name>
      </input_file>
      <input_file id="fl-66">
         <path>.\fonts\</path>
         <kind>object</kind>
         <file>fontcmss24b.obj</file>
         <name>fontcmss24b.obj</name>
      </input_file>
      <input_file id="fl-67">
         <path>.\fonts\</path>
         <kind>object</kind>
         <file>fontcmss24i.obj</file>
         <name>fontcmss24i.obj</name>
      </input_file>
      <input_file id="fl-68">
         <path>.\fonts\</path>
         <kind>object</kind>
         <file>fontcmss26.obj</file>
         <name>fontcmss26.obj</name>
      </input_file>
      <input_file id="fl-69">
         <path>.\fonts\</path>
         <kind>object</kind>
         <file>fontcmss26b.obj</file>
         <name>fontcmss26b.obj</name>
      </input_file>
      <input_file id="fl-6a">
         <path>.\fonts\</path>
         <kind>object</kind>
         <file>fontcmss26i.obj</file>
         <name>fontcmss26i.obj</name>
      </input_file>
      <input_file id="fl-6b">
         <path>.\fonts\</path>
         <kind>object</kind>
         <file>fontcmss28.obj</file>
         <name>fontcmss28.obj</name>
      </input_file>
      <input_file id="fl-6c">
         <path>.\fonts\</path>
         <kind>object</kind>
         <file>fontcmss28b.obj</file>
         <name>fontcmss28b.obj</name>
      </input_file>
      <input_file id="fl-6d">
         <path>.\fonts\</path>
         <kind>object</kind>
         <file>fontcmss28i.obj</file>
         <name>fontcmss28i.obj</name>
      </input_file>
      <input_file id="fl-6e">
         <path>.\fonts\</path>
         <kind>object</kind>
         <file>fontcmss30.obj</file>
         <name>fontcmss30.obj</name>
      </input_file>
      <input_file id="fl-6f">
         <path>.\fonts\</path>
         <kind>object</kind>
         <file>fontcmss30b.obj</file>
         <name>fontcmss30b.obj</name>
      </input_file>
      <input_file id="fl-70">
         <path>.\fonts\</path>
         <kind>object</kind>
         <file>fontcmss30i.obj</file>
         <name>fontcmss30i.obj</name>
      </input_file>
      <input_file id="fl-71">
         <path>.\fonts\</path>
         <kind>object</kind>
         <file>fontcmss32.obj</file>
         <name>fontcmss32.obj</name>
      </input_file>
      <input_file id="fl-72">
         <path>.\fonts\</path>
         <kind>object</kind>
         <file>fontcmss32b.obj</file>
         <name>fontcmss32b.obj</name>
      </input_file>
      <input_file id="fl-73">
         <path>.\fonts\</path>
         <kind>object</kind>
         <file>fontcmss32i.obj</file>
         <name>fontcmss32i.obj</name>
      </input_file>
      <input_file id="fl-74">
         <path>.\fonts\</path>
         <kind>object</kind>
         <file>fontcmss34.obj</file>
         <name>fontcmss34.obj</name>
      </input_file>
      <input_file id="fl-75">
         <path>.\fonts\</path>
         <kind>object</kind>
         <file>fontcmss34b.obj</file>
         <name>fontcmss34b.obj</name>
      </input_file>
      <input_file id="fl-76">
         <path>.\fonts\</path>
         <kind>object</kind>
         <file>fontcmss34i.obj</file>
         <name>fontcmss34i.obj</name>
      </input_file>
      <input_file id="fl-77">
         <path>.\fonts\</path>
         <kind>object</kind>
         <file>fontcmss36.obj</file>
         <name>fontcmss36.obj</name>
      </input_file>
      <input_file id="fl-78">
         <path>.\fonts\</path>
         <kind>object</kind>
         <file>fontcmss36b.obj</file>
         <name>fontcmss36b.obj</name>
      </input_file>
      <input_file id="fl-79">
         <path>.\fonts\</path>
         <kind>object</kind>
         <file>fontcmss36i.obj</file>
         <name>fontcmss36i.obj</name>
      </input_file>
      <input_file id="fl-7a">
         <path>.\fonts\</path>
         <kind>object</kind>
         <file>fontcmss38.obj</file>
         <name>fontcmss38.obj</name>
      </input_file>
      <input_file id="fl-7b">
         <path>.\fonts\</path>
         <kind>object</kind>
         <file>fontcmss38b.obj</file>
         <name>fontcmss38b.obj</name>
      </input_file>
      <input_file id="fl-7c">
         <path>.\fonts\</path>
         <kind>object</kind>
         <file>fontcmss38i.obj</file>
         <name>fontcmss38i.obj</name>
      </input_file>
      <input_file id="fl-7d">
         <path>.\fonts\</path>
         <kind>object</kind>
         <file>fontcmss40.obj</file>
         <name>fontcmss40.obj</name>
      </input_file>
      <input_file id="fl-7e">
         <path>.\fonts\</path>
         <kind>object</kind>
         <file>fontcmss40b.obj</file>
         <name>fontcmss40b.obj</name>
      </input_file>
      <input_file id="fl-7f">
         <path>.\fonts\</path>
         <kind>object</kind>
         <file>fontcmss40i.obj</file>
         <name>fontcmss40i.obj</name>
      </input_file>
      <input_file id="fl-80">
         <path>.\fonts\</path>
         <kind>object</kind>
         <file>fontcmss42.obj</file>
         <name>fontcmss42.obj</name>
      </input_file>
      <input_file id="fl-81">
         <path>.\fonts\</path>
         <kind>object</kind>
         <file>fontcmss42b.obj</file>
         <name>fontcmss42b.obj</name>
      </input_file>
      <input_file id="fl-82">
         <path>.\fonts\</path>
         <kind>object</kind>
         <file>fontcmss42i.obj</file>
         <name>fontcmss42i.obj</name>
      </input_file>
      <input_file id="fl-83">
         <path>.\fonts\</path>
         <kind>object</kind>
         <file>fontcmss44.obj</file>
         <name>fontcmss44.obj</name>
      </input_file>
      <input_file id="fl-84">
         <path>.\fonts\</path>
         <kind>object</kind>
         <file>fontcmss44b.obj</file>
         <name>fontcmss44b.obj</name>
      </input_file>
      <input_file id="fl-85">
         <path>.\fonts\</path>
         <kind>object</kind>
         <file>fontcmss44i.obj</file>
         <name>fontcmss44i.obj</name>
      </input_file>
      <input_file id="fl-86">
         <path>.\fonts\</path>
         <kind>object</kind>
         <file>fontcmss46.obj</file>
         <name>fontcmss46.obj</name>
      </input_file>
      <input_file id="fl-87">
         <path>.\fonts\</path>
         <kind>object</kind>
         <file>fontcmss46b.obj</file>
         <name>fontcmss46b.obj</name>
      </input_file>
      <input_file id="fl-88">
         <path>.\fonts\</path>
         <kind>object</kind>
         <file>fontcmss46i.obj</file>
         <name>fontcmss46i.obj</name>
      </input_file>
      <input_file id="fl-89">
         <path>.\fonts\</path>
         <kind>object</kind>
         <file>fontcmss48.obj</file>
         <name>fontcmss48.obj</name>
      </input_file>
      <input_file id="fl-8a">
         <path>.\fonts\</path>
         <kind>object</kind>
         <file>fontcmss48b.obj</file>
         <name>fontcmss48b.obj</name>
      </input_file>
      <input_file id="fl-8b">
         <path>.\fonts\</path>
         <kind>object</kind>
         <file>fontcmss48i.obj</file>
         <name>fontcmss48i.obj</name>
      </input_file>
      <input_file id="fl-8c">
         <path>.\fonts\</path>
         <kind>object</kind>
         <file>fontcmtt12.obj</file>
         <name>fontcmtt12.obj</name>
      </input_file>
      <input_file id="fl-8d">
         <path>.\fonts\</path>
         <kind>object</kind>
         <file>fontcmtt14.obj</file>
         <name>fontcmtt14.obj</name>
      </input_file>
      <input_file id="fl-8e">
         <path>.\fonts\</path>
         <kind>object</kind>
         <file>fontcmtt16.obj</file>
         <name>fontcmtt16.obj</name>
      </input_file>
      <input_file id="fl-8f">
         <path>.\fonts\</path>
         <kind>object</kind>
         <file>fontcmtt18.obj</file>
         <name>fontcmtt18.obj</name>
      </input_file>
      <input_file id="fl-90">
         <path>.\fonts\</path>
         <kind>object</kind>
         <file>fontcmtt20.obj</file>
         <name>fontcmtt20.obj</name>
      </input_file>
      <input_file id="fl-91">
         <path>.\fonts\</path>
         <kind>object</kind>
         <file>fontcmtt22.obj</file>
         <name>fontcmtt22.obj</name>
      </input_file>
      <input_file id="fl-92">
         <path>.\fonts\</path>
         <kind>object</kind>
         <file>fontcmtt24.obj</file>
         <name>fontcmtt24.obj</name>
      </input_file>
      <input_file id="fl-93">
         <path>.\fonts\</path>
         <kind>object</kind>
         <file>fontcmtt26.obj</file>
         <name>fontcmtt26.obj</name>
      </input_file>
      <input_file id="fl-94">
         <path>.\fonts\</path>
         <kind>object</kind>
         <file>fontcmtt28.obj</file>
         <name>fontcmtt28.obj</name>
      </input_file>
      <input_file id="fl-95">
         <path>.\fonts\</path>
         <kind>object</kind>
         <file>fontcmtt30.obj</file>
         <name>fontcmtt30.obj</name>
      </input_file>
      <input_file id="fl-96">
         <path>.\fonts\</path>
         <kind>object</kind>
         <file>fontcmtt32.obj</file>
         <name>fontcmtt32.obj</name>
      </input_file>
      <input_file id="fl-97">
         <path>.\fonts\</path>
         <kind>object</kind>
         <file>fontcmtt34.obj</file>
         <name>fontcmtt34.obj</name>
      </input_file>
      <input_file id="fl-98">
         <path>.\fonts\</path>
         <kind>object</kind>
         <file>fontcmtt36.obj</file>
         <name>fontcmtt36.obj</name>
      </input_file>
      <input_file id="fl-99">
         <path>.\fonts\</path>
         <kind>object</kind>
         <file>fontcmtt38.obj</file>
         <name>fontcmtt38.obj</name>
      </input_file>
      <input_file id="fl-9a">
         <path>.\fonts\</path>
         <kind>object</kind>
         <file>fontcmtt40.obj</file>
         <name>fontcmtt40.obj</name>
      </input_file>
      <input_file id="fl-9b">
         <path>.\fonts\</path>
         <kind>object</kind>
         <file>fontcmtt42.obj</file>
         <name>fontcmtt42.obj</name>
      </input_file>
      <input_file id="fl-9c">
         <path>.\fonts\</path>
         <kind>object</kind>
         <file>fontcmtt44.obj</file>
         <name>fontcmtt44.obj</name>
      </input_file>
      <input_file id="fl-9d">
         <path>.\fonts\</path>
         <kind>object</kind>
         <file>fontcmtt46.obj</file>
         <name>fontcmtt46.obj</name>
      </input_file>
      <input_file id="fl-9e">
         <path>.\fonts\</path>
         <kind>object</kind>
         <file>fontcmtt48.obj</file>
         <name>fontcmtt48.obj</name>
      </input_file>
      <input_file id="fl-9f">
         <path>.\fonts\</path>
         <kind>object</kind>
         <file>fontfixed6x8.obj</file>
         <name>fontfixed6x8.obj</name>
      </input_file>
      <input_file id="fl-a8">
         <kind>object</kind>
         <file>&lt;internal&gt;</file>
         <name>&lt;internal&gt;</name>
      </input_file>
      <input_file id="fl-a9">
         <path>C:\ti\simplelink_msp432_sdk_1_40_01_00\source\ti\grlib\ccs\</path>
         <kind>archive</kind>
         <file>grlib.lib</file>
         <name>context.o</name>
      </input_file>
      <input_file id="fl-aa">
         <path>C:\ti\simplelink_msp432_sdk_1_40_01_00\source\ti\grlib\ccs\</path>
         <kind>archive</kind>
         <file>grlib.lib</file>
         <name>display.o</name>
      </input_file>
      <input_file id="fl-ab">
         <path>C:\ti\simplelink_msp432_sdk_1_40_01_00\source\ti\grlib\ccs\</path>
         <kind>archive</kind>
         <file>grlib.lib</file>
         <name>string.o</name>
      </input_file>
      <input_file id="fl-ac">
         <path>C:\ti\simplelink_msp432_sdk_1_40_01_00\source\ti\grlib\ccs\</path>
         <kind>archive</kind>
         <file>grlib.lib</file>
         <name>line.o</name>
      </input_file>
      <input_file id="fl-ad">
         <path>C:\ti\simplelink_msp432_sdk_1_40_01_00\source\ti\devices\msp432p4xx\driverlib\ccs\</path>
         <kind>archive</kind>
         <file>msp432p4xx_driverlib.lib</file>
         <name>adc14.obj</name>
      </input_file>
      <input_file id="fl-ae">
         <path>C:\ti\simplelink_msp432_sdk_1_40_01_00\source\ti\devices\msp432p4xx\driverlib\ccs\</path>
         <kind>archive</kind>
         <file>msp432p4xx_driverlib.lib</file>
         <name>gpio.obj</name>
      </input_file>
      <input_file id="fl-af">
         <path>C:\ti\simplelink_msp432_sdk_1_40_01_00\source\ti\devices\msp432p4xx\driverlib\ccs\</path>
         <kind>archive</kind>
         <file>msp432p4xx_driverlib.lib</file>
         <name>interrupt.obj</name>
      </input_file>
      <input_file id="fl-b0">
         <path>C:\ti\simplelink_msp432_sdk_1_40_01_00\source\ti\devices\msp432p4xx\driverlib\ccs\</path>
         <kind>archive</kind>
         <file>msp432p4xx_driverlib.lib</file>
         <name>spi.obj</name>
      </input_file>
      <input_file id="fl-b1">
         <path>C:\ti\simplelink_msp432_sdk_1_40_01_00\source\ti\devices\msp432p4xx\driverlib\ccs\</path>
         <kind>archive</kind>
         <file>msp432p4xx_driverlib.lib</file>
         <name>cpu.obj</name>
      </input_file>
      <input_file id="fl-167">
         <path>C:\ti\ccsv7\tools\compiler\ti-cgt-arm_16.9.4.LTS\lib\</path>
         <kind>archive</kind>
         <file>rtsv7M4_T_le_v4SPD16_eabi.lib</file>
         <name>boot.obj</name>
      </input_file>
      <input_file id="fl-168">
         <path>C:\ti\ccsv7\tools\compiler\ti-cgt-arm_16.9.4.LTS\lib\</path>
         <kind>archive</kind>
         <file>rtsv7M4_T_le_v4SPD16_eabi.lib</file>
         <name>copy_decompress_lzss.obj</name>
      </input_file>
      <input_file id="fl-169">
         <path>C:\ti\ccsv7\tools\compiler\ti-cgt-arm_16.9.4.LTS\lib\</path>
         <kind>archive</kind>
         <file>rtsv7M4_T_le_v4SPD16_eabi.lib</file>
         <name>copy_decompress_none.obj</name>
      </input_file>
      <input_file id="fl-16a">
         <path>C:\ti\ccsv7\tools\compiler\ti-cgt-arm_16.9.4.LTS\lib\</path>
         <kind>archive</kind>
         <file>rtsv7M4_T_le_v4SPD16_eabi.lib</file>
         <name>copy_zero_init.obj</name>
      </input_file>
      <input_file id="fl-16b">
         <path>C:\ti\ccsv7\tools\compiler\ti-cgt-arm_16.9.4.LTS\lib\</path>
         <kind>archive</kind>
         <file>rtsv7M4_T_le_v4SPD16_eabi.lib</file>
         <name>exit.obj</name>
      </input_file>
      <input_file id="fl-16c">
         <path>C:\ti\ccsv7\tools\compiler\ti-cgt-arm_16.9.4.LTS\lib\</path>
         <kind>archive</kind>
         <file>rtsv7M4_T_le_v4SPD16_eabi.lib</file>
         <name>memcpy_t2.obj</name>
      </input_file>
      <input_file id="fl-16d">
         <path>C:\ti\ccsv7\tools\compiler\ti-cgt-arm_16.9.4.LTS\lib\</path>
         <kind>archive</kind>
         <file>rtsv7M4_T_le_v4SPD16_eabi.lib</file>
         <name>memset_t2.obj</name>
      </input_file>
      <input_file id="fl-16e">
         <path>C:\ti\ccsv7\tools\compiler\ti-cgt-arm_16.9.4.LTS\lib\</path>
         <kind>archive</kind>
         <file>rtsv7M4_T_le_v4SPD16_eabi.lib</file>
         <name>mpu_init.obj</name>
      </input_file>
      <input_file id="fl-16f">
         <path>C:\ti\ccsv7\tools\compiler\ti-cgt-arm_16.9.4.LTS\lib\</path>
         <kind>archive</kind>
         <file>rtsv7M4_T_le_v4SPD16_eabi.lib</file>
         <name>pre_init.obj</name>
      </input_file>
      <input_file id="fl-170">
         <path>C:\ti\ccsv7\tools\compiler\ti-cgt-arm_16.9.4.LTS\lib\</path>
         <kind>archive</kind>
         <file>rtsv7M4_T_le_v4SPD16_eabi.lib</file>
         <name>sprintf.obj</name>
      </input_file>
      <input_file id="fl-171">
         <path>C:\ti\ccsv7\tools\compiler\ti-cgt-arm_16.9.4.LTS\lib\</path>
         <kind>archive</kind>
         <file>rtsv7M4_T_le_v4SPD16_eabi.lib</file>
         <name>stkdepth_vars.obj</name>
      </input_file>
      <input_file id="fl-172">
         <path>C:\ti\ccsv7\tools\compiler\ti-cgt-arm_16.9.4.LTS\lib\</path>
         <kind>archive</kind>
         <file>rtsv7M4_T_le_v4SPD16_eabi.lib</file>
         <name>_lock.obj</name>
      </input_file>
      <input_file id="fl-173">
         <path>C:\ti\ccsv7\tools\compiler\ti-cgt-arm_16.9.4.LTS\lib\</path>
         <kind>archive</kind>
         <file>rtsv7M4_T_le_v4SPD16_eabi.lib</file>
         <name>_printfi.obj</name>
      </input_file>
      <input_file id="fl-174">
         <path>C:\ti\ccsv7\tools\compiler\ti-cgt-arm_16.9.4.LTS\lib\</path>
         <kind>archive</kind>
         <file>rtsv7M4_T_le_v4SPD16_eabi.lib</file>
         <name>args_main.obj</name>
      </input_file>
      <input_file id="fl-175">
         <path>C:\ti\ccsv7\tools\compiler\ti-cgt-arm_16.9.4.LTS\lib\</path>
         <kind>archive</kind>
         <file>rtsv7M4_T_le_v4SPD16_eabi.lib</file>
         <name>atoi.obj</name>
      </input_file>
      <input_file id="fl-176">
         <path>C:\ti\ccsv7\tools\compiler\ti-cgt-arm_16.9.4.LTS\lib\</path>
         <kind>archive</kind>
         <file>rtsv7M4_T_le_v4SPD16_eabi.lib</file>
         <name>autoinit.obj</name>
      </input_file>
      <input_file id="fl-177">
         <path>C:\ti\ccsv7\tools\compiler\ti-cgt-arm_16.9.4.LTS\lib\</path>
         <kind>archive</kind>
         <file>rtsv7M4_T_le_v4SPD16_eabi.lib</file>
         <name>cpy_tbl.obj</name>
      </input_file>
      <input_file id="fl-178">
         <path>C:\ti\ccsv7\tools\compiler\ti-cgt-arm_16.9.4.LTS\lib\</path>
         <kind>archive</kind>
         <file>rtsv7M4_T_le_v4SPD16_eabi.lib</file>
         <name>ctype.obj</name>
      </input_file>
      <input_file id="fl-179">
         <path>C:\ti\ccsv7\tools\compiler\ti-cgt-arm_16.9.4.LTS\lib\</path>
         <kind>archive</kind>
         <file>rtsv7M4_T_le_v4SPD16_eabi.lib</file>
         <name>fd_add_t2.obj</name>
      </input_file>
      <input_file id="fl-17a">
         <path>C:\ti\ccsv7\tools\compiler\ti-cgt-arm_16.9.4.LTS\lib\</path>
         <kind>archive</kind>
         <file>rtsv7M4_T_le_v4SPD16_eabi.lib</file>
         <name>fd_cmp_t2.obj</name>
      </input_file>
      <input_file id="fl-17b">
         <path>C:\ti\ccsv7\tools\compiler\ti-cgt-arm_16.9.4.LTS\lib\</path>
         <kind>archive</kind>
         <file>rtsv7M4_T_le_v4SPD16_eabi.lib</file>
         <name>fd_div_t2.obj</name>
      </input_file>
      <input_file id="fl-17c">
         <path>C:\ti\ccsv7\tools\compiler\ti-cgt-arm_16.9.4.LTS\lib\</path>
         <kind>archive</kind>
         <file>rtsv7M4_T_le_v4SPD16_eabi.lib</file>
         <name>fd_mul_t2.obj</name>
      </input_file>
      <input_file id="fl-17d">
         <path>C:\ti\ccsv7\tools\compiler\ti-cgt-arm_16.9.4.LTS\lib\</path>
         <kind>archive</kind>
         <file>rtsv7M4_T_le_v4SPD16_eabi.lib</file>
         <name>fd_toi_t2.obj</name>
      </input_file>
      <input_file id="fl-17e">
         <path>C:\ti\ccsv7\tools\compiler\ti-cgt-arm_16.9.4.LTS\lib\</path>
         <kind>archive</kind>
         <file>rtsv7M4_T_le_v4SPD16_eabi.lib</file>
         <name>i_tofd_t2.obj</name>
      </input_file>
      <input_file id="fl-17f">
         <path>C:\ti\ccsv7\tools\compiler\ti-cgt-arm_16.9.4.LTS\lib\</path>
         <kind>archive</kind>
         <file>rtsv7M4_T_le_v4SPD16_eabi.lib</file>
         <name>ltoa.obj</name>
      </input_file>
      <input_file id="fl-180">
         <path>C:\ti\ccsv7\tools\compiler\ti-cgt-arm_16.9.4.LTS\lib\</path>
         <kind>archive</kind>
         <file>rtsv7M4_T_le_v4SPD16_eabi.lib</file>
         <name>memccpy.obj</name>
      </input_file>
      <input_file id="fl-181">
         <path>C:\ti\ccsv7\tools\compiler\ti-cgt-arm_16.9.4.LTS\lib\</path>
         <kind>archive</kind>
         <file>rtsv7M4_T_le_v4SPD16_eabi.lib</file>
         <name>s_frexp.obj</name>
      </input_file>
      <input_file id="fl-182">
         <path>C:\ti\ccsv7\tools\compiler\ti-cgt-arm_16.9.4.LTS\lib\</path>
         <kind>archive</kind>
         <file>rtsv7M4_T_le_v4SPD16_eabi.lib</file>
         <name>s_scalbn.obj</name>
      </input_file>
      <input_file id="fl-183">
         <path>C:\ti\ccsv7\tools\compiler\ti-cgt-arm_16.9.4.LTS\lib\</path>
         <kind>archive</kind>
         <file>rtsv7M4_T_le_v4SPD16_eabi.lib</file>
         <name>startup.obj</name>
      </input_file>
      <input_file id="fl-184">
         <path>C:\ti\ccsv7\tools\compiler\ti-cgt-arm_16.9.4.LTS\lib\</path>
         <kind>archive</kind>
         <file>rtsv7M4_T_le_v4SPD16_eabi.lib</file>
         <name>strchr.obj</name>
      </input_file>
      <input_file id="fl-185">
         <path>C:\ti\ccsv7\tools\compiler\ti-cgt-arm_16.9.4.LTS\lib\</path>
         <kind>archive</kind>
         <file>rtsv7M4_T_le_v4SPD16_eabi.lib</file>
         <name>strlen.obj</name>
      </input_file>
      <input_file id="fl-186">
         <path>C:\ti\ccsv7\tools\compiler\ti-cgt-arm_16.9.4.LTS\lib\</path>
         <kind>archive</kind>
         <file>rtsv7M4_T_le_v4SPD16_eabi.lib</file>
         <name>ull_div_t2.obj</name>
      </input_file>
      <input_file id="fl-187">
         <path>C:\ti\ccsv7\tools\compiler\ti-cgt-arm_16.9.4.LTS\lib\</path>
         <kind>archive</kind>
         <file>rtsv7M4_T_le_v4SPD16_eabi.lib</file>
         <name>errno.obj</name>
      </input_file>
      <input_file id="fl-188">
         <path>C:\ti\ccsv7\tools\compiler\ti-cgt-arm_16.9.4.LTS\lib\</path>
         <kind>archive</kind>
         <file>rtsv7M4_T_le_v4SPD16_eabi.lib</file>
         <name>s_copysign.obj</name>
      </input_file>
   </input_file_list>
   <object_component_list>
      <object_component id="oc-2c">
         <name>.intvecs:retain</name>
         <load_address>0x0</load_address>
         <run_address>0x0</run_address>
         <size>0xe4</size>
         <input_file_ref idref="fl-6"/>
      </object_component>
      <object_component id="oc-2cc">
         <name>.text</name>
         <load_address>0xe4</load_address>
         <run_address>0xe4</run_address>
         <size>0x113e</size>
         <input_file_ref idref="fl-173"/>
      </object_component>
      <object_component id="oc-264">
         <name>.text:Graphics_drawString</name>
         <load_address>0x1222</load_address>
         <run_address>0x1222</run_address>
         <size>0x2d0</size>
         <input_file_ref idref="fl-ab"/>
      </object_component>
      <object_component id="oc-2f6">
         <name>.text</name>
         <load_address>0x14f2</load_address>
         <run_address>0x14f2</run_address>
         <size>0x1f4</size>
         <input_file_ref idref="fl-186"/>
      </object_component>
      <object_component id="oc-1f4">
         <name>.text:_Z37Crystalfontz128x128_PixelDrawMultiplePK16Graphics_DisplaysssssPKhPKj</name>
         <load_address>0x16e6</load_address>
         <run_address>0x16e6</run_address>
         <size>0x1d8</size>
         <input_file_ref idref="fl-4"/>
      </object_component>
      <object_component id="oc-325">
         <name>.text</name>
         <load_address>0x18be</load_address>
         <run_address>0x18be</run_address>
         <size>0x1b6</size>
         <input_file_ref idref="fl-179"/>
      </object_component>
      <object_component id="oc-d8">
         <name>.text:_Z5Setupv</name>
         <load_address>0x1a74</load_address>
         <run_address>0x1a74</run_address>
         <size>0x1a4</size>
         <input_file_ref idref="fl-2"/>
      </object_component>
      <object_component id="oc-30b">
         <name>.text</name>
         <load_address>0x1c18</load_address>
         <run_address>0x1c18</run_address>
         <size>0x136</size>
         <input_file_ref idref="fl-17b"/>
      </object_component>
      <object_component id="oc-7b">
         <name>.text:Default_Handler</name>
         <load_address>0x1d4e</load_address>
         <run_address>0x1d4e</run_address>
         <size>0x2</size>
         <input_file_ref idref="fl-6"/>
      </object_component>
      <object_component id="oc-165">
         <name>.text:_Z32Crystalfontz128x128_SetDrawFrametttt</name>
         <load_address>0x1d50</load_address>
         <run_address>0x1d50</run_address>
         <size>0x134</size>
         <input_file_ref idref="fl-4"/>
      </object_component>
      <object_component id="oc-106">
         <name>.text:_Z24Crystalfontz128x128_Initv</name>
         <load_address>0x1e84</load_address>
         <run_address>0x1e84</run_address>
         <size>0x12c</size>
         <input_file_ref idref="fl-4"/>
      </object_component>
      <object_component id="oc-306">
         <name>.text</name>
         <load_address>0x1fb0</load_address>
         <run_address>0x1fb0</run_address>
         <size>0xfc</size>
         <input_file_ref idref="fl-17c"/>
      </object_component>
      <object_component id="oc-330">
         <name>.text</name>
         <load_address>0x20ac</load_address>
         <run_address>0x20ac</run_address>
         <size>0xfc</size>
         <input_file_ref idref="fl-182"/>
      </object_component>
      <object_component id="oc-206">
         <name>.text:_Z28Crystalfontz128x128_RectFillPK16Graphics_DisplayPK18Graphics_Rectanglet</name>
         <load_address>0x21a8</load_address>
         <run_address>0x21a8</run_address>
         <size>0x9c</size>
         <input_file_ref idref="fl-4"/>
      </object_component>
      <object_component id="oc-3b">
         <name>.text</name>
         <load_address>0x2244</load_address>
         <run_address>0x2244</run_address>
         <size>0x9c</size>
         <input_file_ref idref="fl-16c"/>
      </object_component>
      <object_component id="oc-198">
         <name>.text:_Z13drawAccelDatav</name>
         <load_address>0x22e0</load_address>
         <run_address>0x22e0</run_address>
         <size>0x94</size>
         <input_file_ref idref="fl-2"/>
      </object_component>
      <object_component id="oc-301">
         <name>.text:__aeabi_cdcmple</name>
         <load_address>0x2374</load_address>
         <run_address>0x2374</run_address>
         <size>0x86</size>
         <input_file_ref idref="fl-17a"/>
      </object_component>
      <object_component id="oc-310">
         <name>.text:__aeabi_cdrcmple</name>
         <load_address>0x23fa</load_address>
         <run_address>0x23fa</run_address>
         <size>0x86</size>
         <input_file_ref idref="fl-17a"/>
      </object_component>
      <object_component id="oc-233">
         <name>.text:SPI_initMaster</name>
         <load_address>0x2480</load_address>
         <run_address>0x2480</run_address>
         <size>0x7c</size>
         <input_file_ref idref="fl-b0"/>
      </object_component>
      <object_component id="oc-47">
         <name>.text</name>
         <load_address>0x24fc</load_address>
         <run_address>0x24fc</run_address>
         <size>0x7a</size>
         <input_file_ref idref="fl-16d"/>
      </object_component>
      <object_component id="oc-53">
         <name>.text</name>
         <load_address>0x2576</load_address>
         <run_address>0x2576</run_address>
         <size>0x2</size>
         <input_file_ref idref="fl-16e"/>
      </object_component>
      <object_component id="oc-bd">
         <name>.text:SystemInit</name>
         <load_address>0x2578</load_address>
         <run_address>0x2578</run_address>
         <size>0x78</size>
         <input_file_ref idref="fl-3"/>
      </object_component>
      <object_component id="oc-5f">
         <name>.text</name>
         <load_address>0x25f0</load_address>
         <run_address>0x25f0</run_address>
         <size>0x70</size>
         <input_file_ref idref="fl-176"/>
      </object_component>
      <object_component id="oc-25e">
         <name>.text:Graphics_getStringWidth</name>
         <load_address>0x2660</load_address>
         <run_address>0x2660</run_address>
         <size>0x68</size>
         <input_file_ref idref="fl-ab"/>
      </object_component>
      <object_component id="oc-14">
         <name>.text:decompress:lzss</name>
         <load_address>0x26c8</load_address>
         <run_address>0x26c8</run_address>
         <size>0x68</size>
         <input_file_ref idref="fl-168"/>
      </object_component>
      <object_component id="oc-32a">
         <name>.text</name>
         <load_address>0x2730</load_address>
         <run_address>0x2730</run_address>
         <size>0x64</size>
         <input_file_ref idref="fl-181"/>
      </object_component>
      <object_component id="oc-1fa">
         <name>.text:_Z29Crystalfontz128x128_LineDrawHPK16Graphics_Displayssst</name>
         <load_address>0x2794</load_address>
         <run_address>0x2794</run_address>
         <size>0x60</size>
         <input_file_ref idref="fl-4"/>
      </object_component>
      <object_component id="oc-200">
         <name>.text:_Z29Crystalfontz128x128_LineDrawVPK16Graphics_Displayssst</name>
         <load_address>0x27f4</load_address>
         <run_address>0x27f4</run_address>
         <size>0x60</size>
         <input_file_ref idref="fl-4"/>
      </object_component>
      <object_component id="oc-26c">
         <name>.text</name>
         <load_address>0x2854</load_address>
         <run_address>0x2854</run_address>
         <size>0x60</size>
         <input_file_ref idref="fl-170"/>
      </object_component>
      <object_component id="oc-10c">
         <name>.text:_Z34Crystalfontz128x128_SetOrientationh</name>
         <load_address>0x28b4</load_address>
         <run_address>0x28b4</run_address>
         <size>0x54</size>
         <input_file_ref idref="fl-4"/>
      </object_component>
      <object_component id="oc-26">
         <name>.text</name>
         <load_address>0x2908</load_address>
         <run_address>0x2908</run_address>
         <size>0x54</size>
         <input_file_ref idref="fl-167"/>
      </object_component>
      <object_component id="oc-6b">
         <name>.text</name>
         <load_address>0x295c</load_address>
         <run_address>0x295c</run_address>
         <size>0x54</size>
         <input_file_ref idref="fl-16b"/>
      </object_component>
      <object_component id="oc-31a">
         <name>.text</name>
         <load_address>0x29b0</load_address>
         <run_address>0x29b0</run_address>
         <size>0x54</size>
         <input_file_ref idref="fl-17f"/>
      </object_component>
      <object_component id="oc-226">
         <name>.text:GPIO_setAsPeripheralModuleFunctionOutputPin</name>
         <load_address>0x2a04</load_address>
         <run_address>0x2a04</run_address>
         <size>0x4c</size>
         <input_file_ref idref="fl-ae"/>
      </object_component>
      <object_component id="oc-33c">
         <name>.text</name>
         <load_address>0x2a50</load_address>
         <run_address>0x2a50</run_address>
         <size>0x4c</size>
         <input_file_ref idref="fl-175"/>
      </object_component>
      <object_component id="oc-9c">
         <name>.text</name>
         <load_address>0x2a9c</load_address>
         <run_address>0x2a9c</run_address>
         <size>0x4c</size>
         <input_file_ref idref="fl-177"/>
      </object_component>
      <object_component id="oc-2bd">
         <name>.text:Graphics_drawLineH</name>
         <load_address>0x2ae8</load_address>
         <run_address>0x2ae8</run_address>
         <size>0x4a</size>
         <input_file_ref idref="fl-ac"/>
      </object_component>
      <object_component id="oc-315">
         <name>.text</name>
         <load_address>0x2b32</load_address>
         <run_address>0x2b32</run_address>
         <size>0x48</size>
         <input_file_ref idref="fl-17d"/>
      </object_component>
      <object_component id="oc-a2">
         <name>.text</name>
         <load_address>0x2b7a</load_address>
         <run_address>0x2b7a</run_address>
         <size>0x2</size>
         <input_file_ref idref="fl-183"/>
      </object_component>
      <object_component id="oc-147">
         <name>.text:_Z15HAL_LCD_SpiInitv</name>
         <load_address>0x2b7c</load_address>
         <run_address>0x2b7c</run_address>
         <size>0x40</size>
         <input_file_ref idref="fl-5"/>
      </object_component>
      <object_component id="oc-1ee">
         <name>.text:_Z29Crystalfontz128x128_PixelDrawPK16Graphics_Displaysst</name>
         <load_address>0x2bbc</load_address>
         <run_address>0x2bbc</run_address>
         <size>0x40</size>
         <input_file_ref idref="fl-4"/>
      </object_component>
      <object_component id="oc-192">
         <name>.text:Graphics_drawStringCentered</name>
         <load_address>0x2bfc</load_address>
         <run_address>0x2bfc</run_address>
         <size>0x38</size>
         <input_file_ref idref="fl-ab"/>
      </object_component>
      <object_component id="oc-159">
         <name>.text:_Z20HAL_LCD_writeCommandh</name>
         <load_address>0x2c34</load_address>
         <run_address>0x2c34</run_address>
         <size>0x38</size>
         <input_file_ref idref="fl-5"/>
      </object_component>
      <object_component id="oc-12a">
         <name>.text:_Z9drawTitlev</name>
         <load_address>0x2c6c</load_address>
         <run_address>0x2c6c</run_address>
         <size>0x34</size>
         <input_file_ref idref="fl-2"/>
      </object_component>
      <object_component id="oc-141">
         <name>.text:_Z16HAL_LCD_PortInitv</name>
         <load_address>0x2ca0</load_address>
         <run_address>0x2ca0</run_address>
         <size>0x30</size>
         <input_file_ref idref="fl-5"/>
      </object_component>
      <object_component id="oc-28c">
         <name>.text:is_A_Module</name>
         <load_address>0x2cd0</load_address>
         <run_address>0x2cd0</run_address>
         <size>0x30</size>
         <input_file_ref idref="fl-b0"/>
      </object_component>
      <object_component id="oc-320">
         <name>.text</name>
         <load_address>0x2d00</load_address>
         <run_address>0x2d00</run_address>
         <size>0x2e</size>
         <input_file_ref idref="fl-17e"/>
      </object_component>
      <object_component id="oc-15f">
         <name>.text:_Z17HAL_LCD_writeDatah</name>
         <load_address>0x2d30</load_address>
         <run_address>0x2d30</run_address>
         <size>0x2c</size>
         <input_file_ref idref="fl-5"/>
      </object_component>
      <object_component id="oc-218">
         <name>.text:_Z31Crystalfontz128x128_ClearScreenPK16Graphics_Displayt</name>
         <load_address>0x2d5c</load_address>
         <run_address>0x2d5c</run_address>
         <size>0x2c</size>
         <input_file_ref idref="fl-4"/>
      </object_component>
      <object_component id="oc-20c">
         <name>.text:_Z34Crystalfontz128x128_ColorTranslatePK16Graphics_Displayj</name>
         <load_address>0x2d88</load_address>
         <run_address>0x2d88</run_address>
         <size>0x28</size>
         <input_file_ref idref="fl-4"/>
      </object_component>
      <object_component id="oc-22c">
         <name>.text:GPIO_setAsOutputPin</name>
         <load_address>0x2db0</load_address>
         <run_address>0x2db0</run_address>
         <size>0x24</size>
         <input_file_ref idref="fl-ae"/>
      </object_component>
      <object_component id="oc-112">
         <name>.text:Graphics_initContext</name>
         <load_address>0x2dd4</load_address>
         <run_address>0x2dd4</run_address>
         <size>0x22</size>
         <input_file_ref idref="fl-a9"/>
      </object_component>
      <object_component id="oc-342">
         <name>.text</name>
         <load_address>0x2df6</load_address>
         <run_address>0x2df6</run_address>
         <size>0x1c</size>
         <input_file_ref idref="fl-180"/>
      </object_component>
      <object_component id="oc-2b7">
         <name>.text:Graphics_getNumberOfLeadingZeros</name>
         <load_address>0x2e12</load_address>
         <run_address>0x2e12</run_address>
         <size>0x1a</size>
         <input_file_ref idref="fl-ab"/>
      </object_component>
      <object_component id="oc-239">
         <name>.text:SPI_enableModule</name>
         <load_address>0x2e2c</load_address>
         <run_address>0x2e2c</run_address>
         <size>0x1a</size>
         <input_file_ref idref="fl-b0"/>
      </object_component>
      <object_component id="oc-14d">
         <name>.text:GPIO_setOutputLowOnPin</name>
         <load_address>0x2e48</load_address>
         <run_address>0x2e48</run_address>
         <size>0x18</size>
         <input_file_ref idref="fl-ae"/>
      </object_component>
      <object_component id="oc-65">
         <name>.text</name>
         <load_address>0x2e60</load_address>
         <run_address>0x2e60</run_address>
         <size>0x18</size>
         <input_file_ref idref="fl-174"/>
      </object_component>
      <object_component id="oc-2ed">
         <name>.text:Graphics_drawHorizontalLineOnDisplay</name>
         <load_address>0x2e78</load_address>
         <run_address>0x2e78</run_address>
         <size>0x16</size>
         <input_file_ref idref="fl-aa"/>
      </object_component>
      <object_component id="oc-336">
         <name>.text</name>
         <load_address>0x2e8e</load_address>
         <run_address>0x2e8e</run_address>
         <size>0x16</size>
         <input_file_ref idref="fl-184"/>
      </object_component>
      <object_component id="oc-153">
         <name>.text:GPIO_setOutputHighOnPin</name>
         <load_address>0x2ea4</load_address>
         <run_address>0x2ea4</run_address>
         <size>0x14</size>
         <input_file_ref idref="fl-ae"/>
      </object_component>
      <object_component id="oc-aa">
         <name>.text:main</name>
         <load_address>0x2eb8</load_address>
         <run_address>0x2eb8</run_address>
         <size>0x14</size>
         <input_file_ref idref="fl-2"/>
      </object_component>
      <object_component id="oc-ed">
         <name>.text</name>
         <load_address>0x2ecc</load_address>
         <run_address>0x2ecc</run_address>
         <size>0x14</size>
         <input_file_ref idref="fl-172"/>
      </object_component>
      <object_component id="oc-37c">
         <name>.text</name>
         <load_address>0x2ee0</load_address>
         <run_address>0x2ee0</run_address>
         <size>0x14</size>
         <input_file_ref idref="fl-188"/>
      </object_component>
      <object_component id="oc-2fb">
         <name>.text</name>
         <load_address>0x2ef4</load_address>
         <run_address>0x2ef4</run_address>
         <size>0x14</size>
         <input_file_ref idref="fl-185"/>
      </object_component>
      <object_component id="oc-2c3">
         <name>.text:Graphics_drawPixelOnDisplay</name>
         <load_address>0x2f08</load_address>
         <run_address>0x2f08</run_address>
         <size>0xe</size>
         <input_file_ref idref="fl-aa"/>
      </object_component>
      <object_component id="oc-11e">
         <name>.text:Graphics_setBackgroundColor</name>
         <load_address>0x2f16</load_address>
         <run_address>0x2f16</run_address>
         <size>0xe</size>
         <input_file_ref idref="fl-a9"/>
      </object_component>
      <object_component id="oc-118">
         <name>.text:Graphics_setForegroundColor</name>
         <load_address>0x2f24</load_address>
         <run_address>0x2f24</run_address>
         <size>0xe</size>
         <input_file_ref idref="fl-a9"/>
      </object_component>
      <object_component id="oc-1a">
         <name>.text:decompress:none</name>
         <load_address>0x2f32</load_address>
         <run_address>0x2f32</run_address>
         <size>0xe</size>
         <input_file_ref idref="fl-169"/>
      </object_component>
      <object_component id="oc-29a">
         <name>.text:EUSCI_A_SPI_enable</name>
         <load_address>0x2f40</load_address>
         <run_address>0x2f40</run_address>
         <size>0xc</size>
         <input_file_ref idref="fl-b0"/>
      </object_component>
      <object_component id="oc-294">
         <name>.text:EUSCI_B_SPI_enable</name>
         <load_address>0x2f4c</load_address>
         <run_address>0x2f4c</run_address>
         <size>0xc</size>
         <input_file_ref idref="fl-b0"/>
      </object_component>
      <object_component id="oc-75">
         <name>.text:Reset_Handler</name>
         <load_address>0x2f58</load_address>
         <run_address>0x2f58</run_address>
         <size>0xc</size>
         <input_file_ref idref="fl-6"/>
      </object_component>
      <object_component id="oc-20">
         <name>.text:decompress:ZI</name>
         <load_address>0x2f64</load_address>
         <run_address>0x2f64</run_address>
         <size>0xc</size>
         <input_file_ref idref="fl-16a"/>
      </object_component>
      <object_component id="oc-18c">
         <name>.text:Graphics_clearDisplay</name>
         <load_address>0x2f70</load_address>
         <run_address>0x2f70</run_address>
         <size>0xa</size>
         <input_file_ref idref="fl-a9"/>
      </object_component>
      <object_component id="oc-257">
         <name>.text:Graphics_clearDisplayOnDisplay</name>
         <load_address>0x2f7a</load_address>
         <run_address>0x2f7a</run_address>
         <size>0xa</size>
         <input_file_ref idref="fl-aa"/>
      </object_component>
      <object_component id="oc-17e">
         <name>.text:Graphics_translateColorOnDisplay</name>
         <load_address>0x2f84</load_address>
         <run_address>0x2f84</run_address>
         <size>0xa</size>
         <input_file_ref idref="fl-aa"/>
      </object_component>
      <object_component id="oc-212">
         <name>.text:_Z25Crystalfontz128x128_FlushPK16Graphics_Display</name>
         <load_address>0x2f8e</load_address>
         <run_address>0x2f8e</run_address>
         <size>0xa</size>
         <input_file_ref idref="fl-4"/>
      </object_component>
      <object_component id="oc-124">
         <name>.text:Graphics_setFont</name>
         <load_address>0x2f98</load_address>
         <run_address>0x2f98</run_address>
         <size>0x4</size>
         <input_file_ref idref="fl-a9"/>
      </object_component>
      <object_component id="oc-59">
         <name>.text</name>
         <load_address>0x2f9c</load_address>
         <run_address>0x2f9c</run_address>
         <size>0x4</size>
         <input_file_ref idref="fl-16f"/>
      </object_component>
      <object_component id="oc-220">
         <name>.const:.string:g_pucFontFixed6x8Data</name>
         <load_address>0x2fa0</load_address>
         <run_address>0x2fa0</run_address>
         <size>0x2f8</size>
         <input_file_ref idref="fl-9f"/>
      </object_component>
      <object_component id="oc-389">
         <name>.const:.string:_ctypes_</name>
         <load_address>0x3298</load_address>
         <run_address>0x3298</run_address>
         <size>0x101</size>
         <input_file_ref idref="fl-178"/>
      </object_component>
      <object_component id="oc-13a">
         <name>.const:g_sFontFixed6x8</name>
         <load_address>0x339c</load_address>
         <run_address>0x339c</run_address>
         <size>0xc8</size>
         <input_file_ref idref="fl-9f"/>
      </object_component>
      <object_component id="oc-243">
         <name>.const:GPIO_PORT_TO_BASE</name>
         <load_address>0x3464</load_address>
         <run_address>0x3464</run_address>
         <size>0x30</size>
         <input_file_ref idref="fl-ae"/>
      </object_component>
      <object_component id="oc-137">
         <name>.const:g_sCrystalfontz128x128_funcs</name>
         <load_address>0x3494</load_address>
         <run_address>0x3494</run_address>
         <size>0x20</size>
         <input_file_ref idref="fl-4"/>
      </object_component>
      <object_component id="oc-23f">
         <name>.const:$P$T40$1</name>
         <load_address>0x34b4</load_address>
         <run_address>0x34b4</run_address>
         <size>0x1c</size>
         <input_file_ref idref="fl-5"/>
      </object_component>
      <object_component id="oc-27d">
         <name>.const:$P$T40$1</name>
         <load_address>0x34d0</load_address>
         <run_address>0x34d0</run_address>
         <size>0x8</size>
         <input_file_ref idref="fl-4"/>
      </object_component>
      <object_component id="oc-3d4">
         <name>.cinit..data.load</name>
         <load_address>0x34d8</load_address>
         <run_address>0x34d8</run_address>
         <size>0x17</size>
      </object_component>
      <object_component id="oc-3d2">
         <name>__TI_handler_table</name>
         <load_address>0x34f0</load_address>
         <run_address>0x34f0</run_address>
         <size>0xc</size>
      </object_component>
      <object_component id="oc-3d5">
         <name>.cinit..bss.load</name>
         <load_address>0x3500</load_address>
         <run_address>0x3500</run_address>
         <size>0x8</size>
      </object_component>
      <object_component id="oc-3d3">
         <name>__TI_cinit_table</name>
         <load_address>0x3508</load_address>
         <run_address>0x3508</run_address>
         <size>0x10</size>
      </object_component>
      <object_component id="oc-3af">
         <name>.binit</name>
         <load_address>0x0</load_address>
         <run_address>0x0</run_address>
         <size>0x0</size>
      </object_component>
      <object_component id="oc-134">
         <name>.data:g_sCrystalfontz128x128</name>
         <load_address>0x20000030</load_address>
         <run_address>0x20000030</run_address>
         <size>0x10</size>
         <input_file_ref idref="fl-4"/>
      </object_component>
      <object_component id="oc-b2">
         <name>.data:$O1$$</name>
         <load_address>0x20000040</load_address>
         <run_address>0x20000040</run_address>
         <size>0xc</size>
         <input_file_ref idref="fl-16b"/>
      </object_component>
      <object_component id="oc-71">
         <name>.data</name>
         <load_address>0x20000058</load_address>
         <run_address>0x20000058</run_address>
         <size>0x4</size>
         <input_file_ref idref="fl-171"/>
      </object_component>
      <object_component id="oc-b5">
         <name>.data:$O1$$</name>
         <load_address>0x2000004c</load_address>
         <run_address>0x2000004c</run_address>
         <size>0x8</size>
         <input_file_ref idref="fl-172"/>
      </object_component>
      <object_component id="oc-382">
         <name>.data</name>
         <load_address>0x20000054</load_address>
         <run_address>0x20000054</run_address>
         <size>0x4</size>
         <input_file_ref idref="fl-187"/>
      </object_component>
      <object_component id="oc-272">
         <name>.bss:resultsBuffer</name>
         <uninitialized>true</uninitialized>
         <run_address>0x2000001c</run_address>
         <size>0x8</size>
         <input_file_ref idref="fl-2"/>
      </object_component>
      <object_component id="oc-130">
         <name>.common:g_sContext</name>
         <uninitialized>true</uninitialized>
         <run_address>0x20000000</run_address>
         <size>0x1c</size>
      </object_component>
      <object_component id="oc-175">
         <name>.common:Lcd_Orientation</name>
         <uninitialized>true</uninitialized>
         <run_address>0x2000002c</run_address>
         <size>0x1</size>
      </object_component>
      <object_component id="oc-16b">
         <name>.common:Lcd_ScreenWidth</name>
         <uninitialized>true</uninitialized>
         <run_address>0x20000026</run_address>
         <size>0x2</size>
      </object_component>
      <object_component id="oc-16f">
         <name>.common:Lcd_ScreenHeigth</name>
         <uninitialized>true</uninitialized>
         <run_address>0x20000024</run_address>
         <size>0x2</size>
      </object_component>
      <object_component id="oc-170">
         <name>.common:Lcd_PenSolid</name>
         <uninitialized>true</uninitialized>
         <run_address>0x2000002d</run_address>
         <size>0x1</size>
      </object_component>
      <object_component id="oc-171">
         <name>.common:Lcd_FontSolid</name>
         <uninitialized>true</uninitialized>
         <run_address>0x2000002b</run_address>
         <size>0x1</size>
      </object_component>
      <object_component id="oc-172">
         <name>.common:Lcd_FlagRead</name>
         <uninitialized>true</uninitialized>
         <run_address>0x2000002a</run_address>
         <size>0x1</size>
      </object_component>
      <object_component id="oc-173">
         <name>.common:Lcd_TouchTrim</name>
         <uninitialized>true</uninitialized>
         <run_address>0x20000028</run_address>
         <size>0x2</size>
      </object_component>
      <object_component id="oc-2f">
         <name>.stack</name>
         <uninitialized>true</uninitialized>
         <run_address>0x2000fe00</run_address>
         <size>0x0</size>
         <input_file_ref idref="fl-167"/>
      </object_component>
      <object_component id="oc-3d6">
         <name>.stack</name>
         <uninitialized>true</uninitialized>
         <run_address>0x2000fe00</run_address>
         <size>0x0</size>
      </object_component>
      <object_component id="oc-131">
         <name>.debug_info</name>
         <load_address>0x0</load_address>
         <run_address>0x0</run_address>
         <size>0x1a29</size>
         <input_file_ref idref="fl-2"/>
      </object_component>
      <object_component id="oc-273">
         <name>.debug_info</name>
         <load_address>0x1a29</load_address>
         <run_address>0x1a29</run_address>
         <size>0xc4</size>
         <input_file_ref idref="fl-2"/>
      </object_component>
      <object_component id="oc-ab">
         <name>.debug_info</name>
         <load_address>0x1aed</load_address>
         <run_address>0x1aed</run_address>
         <size>0xf6</size>
         <input_file_ref idref="fl-2"/>
      </object_component>
      <object_component id="oc-d9">
         <name>.debug_info</name>
         <load_address>0x1be3</load_address>
         <run_address>0x1be3</run_address>
         <size>0x25d</size>
         <input_file_ref idref="fl-2"/>
      </object_component>
      <object_component id="oc-12b">
         <name>.debug_info</name>
         <load_address>0x1e40</load_address>
         <run_address>0x1e40</run_address>
         <size>0x146</size>
         <input_file_ref idref="fl-2"/>
      </object_component>
      <object_component id="oc-199">
         <name>.debug_info</name>
         <load_address>0x1f86</load_address>
         <run_address>0x1f86</run_address>
         <size>0x19e</size>
         <input_file_ref idref="fl-2"/>
      </object_component>
      <object_component id="oc-1a1">
         <name>.debug_info</name>
         <load_address>0x2124</load_address>
         <run_address>0x2124</run_address>
         <size>0x1268</size>
         <input_file_ref idref="fl-2"/>
      </object_component>
      <object_component id="oc-1a6">
         <name>.debug_info</name>
         <load_address>0x338c</load_address>
         <run_address>0x338c</run_address>
         <size>0x3f8f</size>
         <input_file_ref idref="fl-2"/>
      </object_component>
      <object_component id="oc-1ab">
         <name>.debug_info</name>
         <load_address>0x731b</load_address>
         <run_address>0x731b</run_address>
         <size>0xe5</size>
         <input_file_ref idref="fl-2"/>
      </object_component>
      <object_component id="oc-1b0">
         <name>.debug_info</name>
         <load_address>0x7400</load_address>
         <run_address>0x7400</run_address>
         <size>0x4e8</size>
         <input_file_ref idref="fl-2"/>
      </object_component>
      <object_component id="oc-1b5">
         <name>.debug_info</name>
         <load_address>0x78e8</load_address>
         <run_address>0x78e8</run_address>
         <size>0x1ef</size>
         <input_file_ref idref="fl-2"/>
      </object_component>
      <object_component id="oc-1ba">
         <name>.debug_info</name>
         <load_address>0x7ad7</load_address>
         <run_address>0x7ad7</run_address>
         <size>0x5a</size>
         <input_file_ref idref="fl-2"/>
      </object_component>
      <object_component id="oc-1bf">
         <name>.debug_info</name>
         <load_address>0x7b31</load_address>
         <run_address>0x7b31</run_address>
         <size>0xb7</size>
         <input_file_ref idref="fl-2"/>
      </object_component>
      <object_component id="oc-1c4">
         <name>.debug_info</name>
         <load_address>0x7be8</load_address>
         <run_address>0x7be8</run_address>
         <size>0xa3</size>
         <input_file_ref idref="fl-2"/>
      </object_component>
      <object_component id="oc-1c9">
         <name>.debug_info</name>
         <load_address>0x7c8b</load_address>
         <run_address>0x7c8b</run_address>
         <size>0xdf</size>
         <input_file_ref idref="fl-2"/>
      </object_component>
      <object_component id="oc-1ce">
         <name>.debug_info</name>
         <load_address>0x7d6a</load_address>
         <run_address>0x7d6a</run_address>
         <size>0x3d7</size>
         <input_file_ref idref="fl-2"/>
      </object_component>
      <object_component id="oc-df">
         <name>.debug_info</name>
         <load_address>0x8141</load_address>
         <run_address>0x8141</run_address>
         <size>0x8b</size>
         <input_file_ref idref="fl-2"/>
      </object_component>
      <object_component id="oc-1e2">
         <name>.debug_info</name>
         <load_address>0x81cc</load_address>
         <run_address>0x81cc</run_address>
         <size>0x14d</size>
         <input_file_ref idref="fl-2"/>
      </object_component>
      <object_component id="oc-177">
         <name>.debug_info</name>
         <load_address>0x8319</load_address>
         <run_address>0x8319</run_address>
         <size>0x18b</size>
         <input_file_ref idref="fl-2"/>
      </object_component>
      <object_component id="oc-1d3">
         <name>.debug_info</name>
         <load_address>0x84a4</load_address>
         <run_address>0x84a4</run_address>
         <size>0x67</size>
         <input_file_ref idref="fl-2"/>
      </object_component>
      <object_component id="oc-1d8">
         <name>.debug_info</name>
         <load_address>0x850b</load_address>
         <run_address>0x850b</run_address>
         <size>0x163</size>
         <input_file_ref idref="fl-2"/>
      </object_component>
      <object_component id="oc-1dd">
         <name>.debug_info</name>
         <load_address>0x866e</load_address>
         <run_address>0x866e</run_address>
         <size>0x107</size>
         <input_file_ref idref="fl-2"/>
      </object_component>
      <object_component id="oc-1e7">
         <name>.debug_info</name>
         <load_address>0x8775</load_address>
         <run_address>0x8775</run_address>
         <size>0xb7</size>
         <input_file_ref idref="fl-2"/>
      </object_component>
      <object_component id="oc-2eb">
         <name>.debug_info</name>
         <load_address>0x882c</load_address>
         <run_address>0x882c</run_address>
         <size>0x50c</size>
         <input_file_ref idref="fl-3"/>
      </object_component>
      <object_component id="oc-be">
         <name>.debug_info</name>
         <load_address>0x8d38</load_address>
         <run_address>0x8d38</run_address>
         <size>0x114</size>
         <input_file_ref idref="fl-3"/>
      </object_component>
      <object_component id="oc-361">
         <name>.debug_info</name>
         <load_address>0x8e4c</load_address>
         <run_address>0x8e4c</run_address>
         <size>0x37cd</size>
         <input_file_ref idref="fl-3"/>
      </object_component>
      <object_component id="oc-2ae">
         <name>.debug_info</name>
         <load_address>0xc619</load_address>
         <run_address>0xc619</run_address>
         <size>0x1055</size>
         <input_file_ref idref="fl-3"/>
      </object_component>
      <object_component id="oc-36">
         <name>.debug_info</name>
         <load_address>0xd66e</load_address>
         <run_address>0xd66e</run_address>
         <size>0x84</size>
         <input_file_ref idref="fl-3"/>
      </object_component>
      <object_component id="oc-185">
         <name>.debug_info</name>
         <load_address>0xd6f2</load_address>
         <run_address>0xd6f2</run_address>
         <size>0x18b</size>
         <input_file_ref idref="fl-3"/>
      </object_component>
      <object_component id="oc-16c">
         <name>.debug_info</name>
         <load_address>0xd87d</load_address>
         <run_address>0xd87d</run_address>
         <size>0x1851</size>
         <input_file_ref idref="fl-4"/>
      </object_component>
      <object_component id="oc-135">
         <name>.debug_info</name>
         <load_address>0xf0ce</load_address>
         <run_address>0xf0ce</run_address>
         <size>0xf8</size>
         <input_file_ref idref="fl-4"/>
      </object_component>
      <object_component id="oc-138">
         <name>.debug_info</name>
         <load_address>0xf1c6</load_address>
         <run_address>0xf1c6</run_address>
         <size>0x104</size>
         <input_file_ref idref="fl-4"/>
      </object_component>
      <object_component id="oc-27e">
         <name>.debug_info</name>
         <load_address>0xf2ca</load_address>
         <run_address>0xf2ca</run_address>
         <size>0xdb</size>
         <input_file_ref idref="fl-4"/>
      </object_component>
      <object_component id="oc-107">
         <name>.debug_info</name>
         <load_address>0xf3a5</load_address>
         <run_address>0xf3a5</run_address>
         <size>0x440</size>
         <input_file_ref idref="fl-4"/>
      </object_component>
      <object_component id="oc-166">
         <name>.debug_info</name>
         <load_address>0xf7e5</load_address>
         <run_address>0xf7e5</run_address>
         <size>0x315</size>
         <input_file_ref idref="fl-4"/>
      </object_component>
      <object_component id="oc-10d">
         <name>.debug_info</name>
         <load_address>0xfafa</load_address>
         <run_address>0xfafa</run_address>
         <size>0x255</size>
         <input_file_ref idref="fl-4"/>
      </object_component>
      <object_component id="oc-1ef">
         <name>.debug_info</name>
         <load_address>0xfd4f</load_address>
         <run_address>0xfd4f</run_address>
         <size>0x2ae</size>
         <input_file_ref idref="fl-4"/>
      </object_component>
      <object_component id="oc-1f5">
         <name>.debug_info</name>
         <load_address>0xfffd</load_address>
         <run_address>0xfffd</run_address>
         <size>0x433</size>
         <input_file_ref idref="fl-4"/>
      </object_component>
      <object_component id="oc-1fb">
         <name>.debug_info</name>
         <load_address>0x10430</load_address>
         <run_address>0x10430</run_address>
         <size>0x2ca</size>
         <input_file_ref idref="fl-4"/>
      </object_component>
      <object_component id="oc-201">
         <name>.debug_info</name>
         <load_address>0x106fa</load_address>
         <run_address>0x106fa</run_address>
         <size>0x2ca</size>
         <input_file_ref idref="fl-4"/>
      </object_component>
      <object_component id="oc-207">
         <name>.debug_info</name>
         <load_address>0x109c4</load_address>
         <run_address>0x109c4</run_address>
         <size>0x30e</size>
         <input_file_ref idref="fl-4"/>
      </object_component>
      <object_component id="oc-20d">
         <name>.debug_info</name>
         <load_address>0x10cd2</load_address>
         <run_address>0x10cd2</run_address>
         <size>0x1fa</size>
         <input_file_ref idref="fl-4"/>
      </object_component>
      <object_component id="oc-213">
         <name>.debug_info</name>
         <load_address>0x10ecc</load_address>
         <run_address>0x10ecc</run_address>
         <size>0x1b8</size>
         <input_file_ref idref="fl-4"/>
      </object_component>
      <object_component id="oc-219">
         <name>.debug_info</name>
         <load_address>0x11084</load_address>
         <run_address>0x11084</run_address>
         <size>0x258</size>
         <input_file_ref idref="fl-4"/>
      </object_component>
      <object_component id="oc-2a3">
         <name>.debug_info</name>
         <load_address>0x112dc</load_address>
         <run_address>0x112dc</run_address>
         <size>0x1758</size>
         <input_file_ref idref="fl-5"/>
      </object_component>
      <object_component id="oc-240">
         <name>.debug_info</name>
         <load_address>0x12a34</load_address>
         <run_address>0x12a34</run_address>
         <size>0xee</size>
         <input_file_ref idref="fl-5"/>
      </object_component>
      <object_component id="oc-142">
         <name>.debug_info</name>
         <load_address>0x12b22</load_address>
         <run_address>0x12b22</run_address>
         <size>0x24c</size>
         <input_file_ref idref="fl-5"/>
      </object_component>
      <object_component id="oc-148">
         <name>.debug_info</name>
         <load_address>0x12d6e</load_address>
         <run_address>0x12d6e</run_address>
         <size>0x215</size>
         <input_file_ref idref="fl-5"/>
      </object_component>
      <object_component id="oc-15a">
         <name>.debug_info</name>
         <load_address>0x12f83</load_address>
         <run_address>0x12f83</run_address>
[...]
         <object_component_ref idref="oc-159"/>
      </symbol>
      <symbol id="sm-1eb">
         <name>_Z16HAL_LCD_PortInitv</name>
         <value>0x2ca1</value>
         <object_component_ref idref="oc-141"/>
      </symbol>
      <symbol id="sm-207">
         <name>Reset_Handler</name>
         <value>0x2f59</value>
         <object_component_ref idref="oc-75"/>
      </symbol>
      <symbol id="sm-208">
         <name>Default_Handler</name>
         <value>0x1d4f</value>
         <object_component_ref idref="oc-7b"/>
      </symbol>
      <symbol id="sm-209">
         <name>interruptVectors</name>
         <value>0x0</value>
         <object_component_ref idref="oc-2c"/>
      </symbol>
      <symbol id="sm-2bb">
         <name>g_sFontFixed6x8</name>
         <value>0x339c</value>
         <object_component_ref idref="oc-13a"/>
      </symbol>
      <symbol id="sm-2ed">
         <name>Graphics_setBackgroundColor</name>
         <value>0x2f17</value>
         <object_component_ref idref="oc-11e"/>
      </symbol>
      <symbol id="sm-2ee">
         <name>Graphics_setFont</name>
         <value>0x2f99</value>
         <object_component_ref idref="oc-124"/>
      </symbol>
      <symbol id="sm-2ef">
         <name>Graphics_initContext</name>
         <value>0x2dd5</value>
         <object_component_ref idref="oc-112"/>
      </symbol>
      <symbol id="sm-2f0">
         <name>Graphics_setForegroundColor</name>
         <value>0x2f25</value>
         <object_component_ref idref="oc-118"/>
      </symbol>
      <symbol id="sm-2f1">
         <name>Graphics_clearDisplay</name>
         <value>0x2f71</value>
         <object_component_ref idref="oc-18c"/>
      </symbol>
      <symbol id="sm-316">
         <name>Graphics_clearDisplayOnDisplay</name>
         <value>0x2f7b</value>
         <object_component_ref idref="oc-257"/>
      </symbol>
      <symbol id="sm-317">
         <name>Graphics_drawPixelOnDisplay</name>
         <value>0x2f09</value>
         <object_component_ref idref="oc-2c3"/>
      </symbol>
      <symbol id="sm-318">
         <name>Graphics_translateColorOnDisplay</name>
         <value>0x2f85</value>
         <object_component_ref idref="oc-17e"/>
      </symbol>
      <symbol id="sm-319">
         <name>Graphics_drawHorizontalLineOnDisplay</name>
         <value>0x2e79</value>
         <object_component_ref idref="oc-2ed"/>
      </symbol>
      <symbol id="sm-369">
         <name>Graphics_drawStringCentered</name>
         <value>0x2bfd</value>
         <object_component_ref idref="oc-192"/>
      </symbol>
      <symbol id="sm-36a">
         <name>Graphics_drawString</name>
         <value>0x1223</value>
         <object_component_ref idref="oc-264"/>
      </symbol>
      <symbol id="sm-36b">
         <name>Graphics_getStringWidth</name>
         <value>0x2661</value>
         <object_component_ref idref="oc-25e"/>
      </symbol>
      <symbol id="sm-37a">
         <name>Graphics_drawLineH</name>
         <value>0x2ae9</value>
         <object_component_ref idref="oc-2bd"/>
      </symbol>
      <symbol id="sm-3bc">
         <name>GPIO_setOutputHighOnPin</name>
         <value>0x2ea5</value>
         <object_component_ref idref="oc-153"/>
      </symbol>
      <symbol id="sm-3bd">
         <name>GPIO_setAsOutputPin</name>
         <value>0x2db1</value>
         <object_component_ref idref="oc-22c"/>
      </symbol>
      <symbol id="sm-3be">
         <name>GPIO_setOutputLowOnPin</name>
         <value>0x2e49</value>
         <object_component_ref idref="oc-14d"/>
      </symbol>
      <symbol id="sm-3bf">
         <name>GPIO_setAsPeripheralModuleFunctionOutputPin</name>
         <value>0x2a05</value>
         <object_component_ref idref="oc-226"/>
      </symbol>
      <symbol id="sm-3fb">
         <name>EUSCI_B_SPI_enable</name>
         <value>0x2f4d</value>
         <object_component_ref idref="oc-294"/>
      </symbol>
      <symbol id="sm-3fc">
         <name>SPI_enableModule</name>
         <value>0x2e2d</value>
         <object_component_ref idref="oc-239"/>
      </symbol>
      <symbol id="sm-3fd">
         <name>EUSCI_A_SPI_enable</name>
         <value>0x2f41</value>
         <object_component_ref idref="oc-29a"/>
      </symbol>
      <symbol id="sm-3fe">
         <name>SPI_initMaster</name>
         <value>0x2481</value>
         <object_component_ref idref="oc-233"/>
      </symbol>
      <symbol id="sm-410">
         <name>_c_int00</name>
         <value>0x2909</value>
         <object_component_ref idref="oc-26"/>
      </symbol>
      <symbol id="sm-411">
         <name>__stack</name>
         <value>0x2000fe00</value>
         <object_component_ref idref="oc-2f"/>
      </symbol>
      <symbol id="sm-42f">
         <name>__TI_decompress_lzss</name>
         <value>0x26c9</value>
         <object_component_ref idref="oc-14"/>
      </symbol>
      <symbol id="sm-446">
         <name>__TI_decompress_none</name>
         <value>0x2f33</value>
         <object_component_ref idref="oc-1a"/>
      </symbol>
      <symbol id="sm-45d">
         <name>__TI_zero_init</name>
         <value>0x2f65</value>
         <object_component_ref idref="oc-20"/>
      </symbol>
      <symbol id="sm-47e">
         <name>C$$EXIT</name>
         <value>0x295d</value>
         <object_component_ref idref="oc-6b"/>
      </symbol>
      <symbol id="sm-47f">
         <name>abort</name>
         <value>0x2961</value>
         <object_component_ref idref="oc-6b"/>
      </symbol>
      <symbol id="sm-480">
         <name>exit</name>
         <value>0x2969</value>
         <object_component_ref idref="oc-6b"/>
      </symbol>
      <symbol id="sm-481">
         <name>__TI_dtors_ptr</name>
         <value>0x20000044</value>
         <object_component_ref idref="oc-b2"/>
      </symbol>
      <symbol id="sm-482">
         <name>__TI_cleanup_ptr</name>
         <value>0x20000040</value>
         <object_component_ref idref="oc-b2"/>
      </symbol>
      <symbol id="sm-483">
         <name>__TI_enable_exit_profile_output</name>
         <value>0x20000048</value>
         <object_component_ref idref="oc-b2"/>
      </symbol>
      <symbol id="sm-49e">
         <name>memcpy</name>
         <value>0x2245</value>
         <object_component_ref idref="oc-3b"/>
      </symbol>
      <symbol id="sm-49f">
         <name>__aeabi_memcpy</name>
         <value>0x2245</value>
         <object_component_ref idref="oc-3b"/>
      </symbol>
      <symbol id="sm-4a0">
         <name>__aeabi_memcpy8</name>
         <value>0x2245</value>
         <object_component_ref idref="oc-3b"/>
      </symbol>
      <symbol id="sm-4a1">
         <name>__aeabi_memcpy4</name>
         <value>0x2245</value>
         <object_component_ref idref="oc-3b"/>
      </symbol>
      <symbol id="sm-4b0">
         <name>__aeabi_memset</name>
         <value>0x24ff</value>
         <object_component_ref idref="oc-47"/>
      </symbol>
      <symbol id="sm-4b1">
         <name>memset</name>
         <value>0x2505</value>
         <object_component_ref idref="oc-47"/>
      </symbol>
      <symbol id="sm-4b2">
         <name>__aeabi_memset8</name>
         <value>0x24ff</value>
         <object_component_ref idref="oc-47"/>
      </symbol>
      <symbol id="sm-4b3">
         <name>__aeabi_memset4</name>
         <value>0x24ff</value>
         <object_component_ref idref="oc-47"/>
      </symbol>
      <symbol id="sm-4b4">
         <name>__aeabi_memclr8</name>
         <value>0x24fd</value>
         <object_component_ref idref="oc-47"/>
      </symbol>
      <symbol id="sm-4b5">
         <name>__aeabi_memclr4</name>
         <value>0x24fd</value>
         <object_component_ref idref="oc-47"/>
      </symbol>
      <symbol id="sm-4b6">
         <name>__aeabi_memclr</name>
         <value>0x24fd</value>
         <object_component_ref idref="oc-47"/>
      </symbol>
      <symbol id="sm-4c0">
         <name>__mpu_init</name>
         <value>0x2577</value>
         <object_component_ref idref="oc-53"/>
      </symbol>
      <symbol id="sm-4ca">
         <name>_system_pre_init</name>
         <value>0x2f9d</value>
         <object_component_ref idref="oc-59"/>
      </symbol>
      <symbol id="sm-4e8">
         <name>sprintf</name>
         <value>0x2855</value>
         <object_component_ref idref="oc-26c"/>
      </symbol>
      <symbol id="sm-4f0">
         <name>main_func_sp</name>
         <value>0x20000058</value>
         <object_component_ref idref="oc-71"/>
      </symbol>
      <symbol id="sm-509">
         <name>_nop</name>
         <value>0x2edb</value>
         <object_component_ref idref="oc-ed"/>
      </symbol>
      <symbol id="sm-50a">
         <name>_lock</name>
         <value>0x2000004c</value>
         <object_component_ref idref="oc-b5"/>
      </symbol>
      <symbol id="sm-50b">
         <name>_unlock</name>
         <value>0x20000050</value>
         <object_component_ref idref="oc-b5"/>
      </symbol>
      <symbol id="sm-50c">
         <name>_register_lock</name>
         <value>0x2ed3</value>
         <object_component_ref idref="oc-ed"/>
      </symbol>
      <symbol id="sm-50d">
         <name>_register_unlock</name>
         <value>0x2ecd</value>
         <object_component_ref idref="oc-ed"/>
      </symbol>
      <symbol id="sm-60e">
         <name>__TI_printfi</name>
         <value>0x929</value>
         <object_component_ref idref="oc-2cc"/>
      </symbol>
      <symbol id="sm-622">
         <name>_args_main</name>
         <value>0x2e61</value>
         <object_component_ref idref="oc-65"/>
      </symbol>
      <symbol id="sm-638">
         <name>atoi</name>
         <value>0x2a51</value>
         <object_component_ref idref="oc-33c"/>
      </symbol>
      <symbol id="sm-662">
         <name>__TI_auto_init</name>
         <value>0x25f1</value>
         <object_component_ref idref="oc-5f"/>
      </symbol>
      <symbol id="sm-67c">
         <name>copy_in</name>
         <value>0x2a9d</value>
         <object_component_ref idref="oc-9c"/>
      </symbol>
      <symbol id="sm-687">
         <name>_ctypes_</name>
         <value>0x3298</value>
         <object_component_ref idref="oc-389"/>
      </symbol>
      <symbol id="sm-69e">
         <name>__aeabi_dsub</name>
         <value>0x18bf</value>
         <object_component_ref idref="oc-325"/>
      </symbol>
      <symbol id="sm-69f">
         <name>__aeabi_dadd</name>
         <value>0x18c9</value>
         <object_component_ref idref="oc-325"/>
      </symbol>
      <symbol id="sm-6c1">
         <name>__aeabi_cdcmpeq</name>
         <value>0x2375</value>
         <object_component_ref idref="oc-301"/>
      </symbol>
      <symbol id="sm-6c2">
         <name>__aeabi_cdcmple</name>
         <value>0x2375</value>
         <object_component_ref idref="oc-301"/>
      </symbol>
      <symbol id="sm-6c3">
         <name>__aeabi_cdrcmple</name>
         <value>0x23fb</value>
         <object_component_ref idref="oc-310"/>
      </symbol>
      <symbol id="sm-6d7">
         <name>__aeabi_ddiv</name>
         <value>0x1c19</value>
         <object_component_ref idref="oc-30b"/>
      </symbol>
      <symbol id="sm-6e2">
         <name>__aeabi_dmul</name>
         <value>0x1fb1</value>
         <object_component_ref idref="oc-306"/>
      </symbol>
      <symbol id="sm-6ec">
         <name>__aeabi_d2iz</name>
         <value>0x2b33</value>
         <object_component_ref idref="oc-315"/>
      </symbol>
      <symbol id="sm-6f6">
         <name>__aeabi_i2d</name>
         <value>0x2d01</value>
         <object_component_ref idref="oc-320"/>
      </symbol>
      <symbol id="sm-705">
         <name>ltoa</name>
         <value>0x29b1</value>
         <object_component_ref idref="oc-31a"/>
      </symbol>
      <symbol id="sm-715">
         <name>memccpy</name>
         <value>0x2df7</value>
         <object_component_ref idref="oc-342"/>
      </symbol>
      <symbol id="sm-730">
         <name>frexpl</name>
         <value>0x2731</value>
         <object_component_ref idref="oc-32a"/>
      </symbol>
      <symbol id="sm-731">
         <name>frexp</name>
         <value>0x2731</value>
         <object_component_ref idref="oc-32a"/>
      </symbol>
      <symbol id="sm-74e">
         <name>scalbn</name>
         <value>0x20ad</value>
         <object_component_ref idref="oc-330"/>
      </symbol>
      <symbol id="sm-74f">
         <name>scalbnl</name>
         <value>0x20ad</value>
         <object_component_ref idref="oc-330"/>
      </symbol>
      <symbol id="sm-750">
         <name>ldexpl</name>
         <value>0x20ad</value>
         <object_component_ref idref="oc-330"/>
      </symbol>
      <symbol id="sm-751">
         <name>ldexp</name>
         <value>0x20ad</value>
         <object_component_ref idref="oc-330"/>
      </symbol>
      <symbol id="sm-75b">
         <name>_system_post_cinit</name>
         <value>0x2b7b</value>
         <object_component_ref idref="oc-a2"/>
      </symbol>
      <symbol id="sm-76b">
         <name>strchr</name>
         <value>0x2e8f</value>
         <object_component_ref idref="oc-336"/>
      </symbol>
      <symbol id="sm-779">
         <name>strlen</name>
         <value>0x2ef5</value>
         <object_component_ref idref="oc-2fb"/>
      </symbol>
      <symbol id="sm-795">
         <name>__aeabi_uldivmod</name>
         <value>0x14f3</value>
         <object_component_ref idref="oc-2f6"/>
      </symbol>
      <symbol id="sm-79d">
         <name>errno</name>
         <value>0x20000054</value>
         <object_component_ref idref="oc-382"/>
      </symbol>
      <symbol id="sm-7a7">
         <name>copysign</name>
         <value>0x2ee1</value>
         <object_component_ref idref="oc-37c"/>
      </symbol>
      <symbol id="sm-7a8">
         <name>copysignl</name>
         <value>0x2ee1</value>
         <object_component_ref idref="oc-37c"/>
      </symbol>
      <symbol id="sm-7a9">
         <name>__TI_static_base__</name>
         <value>0x0</value>
      </symbol>
      <symbol id="sm-7ac">
         <name>SHT$$INIT_ARRAY$$Limit</name>
         <value>0x0</value>
      </symbol>
      <symbol id="sm-7ad">
         <name>SHT$$INIT_ARRAY$$Base</name>
         <value>0x0</value>
      </symbol>
      <symbol id="sm-7ae">
         <name>NMI_Handler</name>
         <value>0x1d4f</value>
      </symbol>
      <symbol id="sm-7af">
         <name>HardFault_Handler</name>
         <value>0x1d4f</value>
      </symbol>
      <symbol id="sm-7b0">
         <name>MemManage_Handler</name>
         <value>0x1d4f</value>
      </symbol>
      <symbol id="sm-7b1">
         <name>BusFault_Handler</name>
         <value>0x1d4f</value>
      </symbol>
      <symbol id="sm-7b2">
         <name>UsageFault_Handler</name>
         <value>0x1d4f</value>
      </symbol>
      <symbol id="sm-7b3">
         <name>SVC_Handler</name>
         <value>0x1d4f</value>
      </symbol>
      <symbol id="sm-7b4">
         <name>DebugMon_Handler</name>
         <value>0x1d4f</value>
      </symbol>
      <symbol id="sm-7b5">
         <name>PendSV_Handler</name>
         <value>0x1d4f</value>
      </symbol>
      <symbol id="sm-7b6">
         <name>SysTick_Handler</name>
         <value>0x1d4f</value>
      </symbol>
      <symbol id="sm-7b7">
         <name>PSS_IRQHandler</name>
         <value>0x1d4f</value>
      </symbol>
      <symbol id="sm-7b8">
         <name>CS_IRQHandler</name>
         <value>0x1d4f</value>
      </symbol>
      <symbol id="sm-7b9">
         <name>PCM_IRQHandler</name>
         <value>0x1d4f</value>
      </symbol>
      <symbol id="sm-7ba">
         <name>WDT_A_IRQHandler</name>
         <value>0x1d4f</value>
      </symbol>
      <symbol id="sm-7bb">
         <name>FPU_IRQHandler</name>
         <value>0x1d4f</value>
      </symbol>
      <symbol id="sm-7bc">
         <name>FLCTL_IRQHandler</name>
         <value>0x1d4f</value>
      </symbol>
      <symbol id="sm-7bd">
         <name>COMP_E0_IRQHandler</name>
         <value>0x1d4f</value>
      </symbol>
      <symbol id="sm-7be">
         <name>COMP_E1_IRQHandler</name>
         <value>0x1d4f</value>
      </symbol>
      <symbol id="sm-7bf">
         <name>TA0_0_IRQHandler</name>
         <value>0x1d4f</value>
      </symbol>
      <symbol id="sm-7c0">
         <name>TA0_N_IRQHandler</name>
         <value>0x1d4f</value>
      </symbol>
      <symbol id="sm-7c1">
         <name>TA1_0_IRQHandler</name>
         <value>0x1d4f</value>
      </symbol>
      <symbol id="sm-7c2">
         <name>TA1_N_IRQHandler</name>
         <value>0x1d4f</value>
      </symbol>
      <symbol id="sm-7c3">
         <name>TA2_0_IRQHandler</name>
         <value>0x1d4f</value>
      </symbol>
      <symbol id="sm-7c4">
         <name>TA2_N_IRQHandler</name>
         <value>0x1d4f</value>
      </symbol>
      <symbol id="sm-7c5">
         <name>TA3_0_IRQHandler</name>
         <value>0x1d4f</value>
      </symbol>
      <symbol id="sm-7c6">
         <name>TA3_N_IRQHandler</name>
         <value>0x1d4f</value>
      </symbol>
      <symbol id="sm-7c7">
         <name>EUSCIA0_IRQHandler</name>
         <value>0x1d4f</value>
      </symbol>
      <symbol id="sm-7c8">
         <name>EUSCIA1_IRQHandler</name>
         <value>0x1d4f</value>
      </symbol>
      <symbol id="sm-7c9">
         <name>EUSCIA2_IRQHandler</name>
         <value>0x1d4f</value>
      </symbol>
      <symbol id="sm-7ca">
         <name>EUSCIA3_IRQHandler</name>
         <value>0x1d4f</value>
      </symbol>
      <symbol id="sm-7cb">
         <name>EUSCIB0_IRQHandler</name>
         <value>0x1d4f</value>
      </symbol>
      <symbol id="sm-7cc">
         <name>EUSCIB1_IRQHandler</name>
         <value>0x1d4f</value>
      </symbol>
      <symbol id="sm-7cd">
         <name>EUSCIB2_IRQHandler</name>
         <value>0x1d4f</value>
      </symbol>
      <symbol id="sm-7ce">
         <name>EUSCIB3_IRQHandler</name>
         <value>0x1d4f</value>
      </symbol>
      <symbol id="sm-7cf">
         <name>ADC14_IRQHandler</name>
         <value>0x1d4f</value>
      </symbol>
      <symbol id="sm-7d0">
         <name>T32_INT1_IRQHandler</name>
         <value>0x1d4f</value>
      </symbol>
      <symbol id="sm-7d1">
         <name>T32_INT2_IRQHandler</name>
         <value>0x1d4f</value>
      </symbol>
      <symbol id="sm-7d2">
         <name>T32_INTC_IRQHandler</name>
         <value>0x1d4f</value>
      </symbol>
      <symbol id="sm-7d3">
         <name>AES256_IRQHandler</name>
         <value>0x1d4f</value>
      </symbol>
      <symbol id="sm-7d4">
         <name>RTC_C_IRQHandler</name>
         <value>0x1d4f</value>
      </symbol>
      <symbol id="sm-7d5">
         <name>DMA_ERR_IRQHandler</name>
         <value>0x1d4f</value>
      </symbol>
      <symbol id="sm-7d6">
         <name>DMA_INT3_IRQHandler</name>
         <value>0x1d4f</value>
      </symbol>
      <symbol id="sm-7d7">
         <name>DMA_INT2_IRQHandler</name>
         <value>0x1d4f</value>
      </symbol>
      <symbol id="sm-7d8">
         <name>DMA_INT1_IRQHandler</name>
         <value>0x1d4f</value>
      </symbol>
      <symbol id="sm-7d9">
         <name>DMA_INT0_IRQHandler</name>
         <value>0x1d4f</value>
      </symbol>
      <symbol id="sm-7da">
         <name>PORT1_IRQHandler</name>
         <value>0x1d4f</value>
      </symbol>
      <symbol id="sm-7db">
         <name>PORT2_IRQHandler</name>
         <value>0x1d4f</value>
      </symbol>
      <symbol id="sm-7dc">
         <name>PORT3_IRQHandler</name>
         <value>0x1d4f</value>
      </symbol>
      <symbol id="sm-7dd">
         <name>PORT4_IRQHandler</name>
         <value>0x1d4f</value>
      </symbol>
      <symbol id="sm-7de">
         <name>PORT5_IRQHandler</name>
         <value>0x1d4f</value>
      </symbol>
      <symbol id="sm-7df">
         <name>PORT6_IRQHandler</name>
         <value>0x1d4f</value>
      </symbol>
   </symbol_table>
   <title>Link successful</title>
</link_info>
