******************************************************************************
                  TI ARM Linker PC v16.9.4                     
******************************************************************************
>> Linked Sun Oct 01 14:12:04 2017

OUTPUT FILE NAME:   <Labo 2.out>
ENTRY POINT SYMBOL: "_c_int00"  address: 00002909


MEMORY CONFIGURATION

         name            origin    length      used     unused   attr    fill
----------------------  --------  ---------  --------  --------  ----  --------
  MAIN                  00000000   00040000  00003518  0003cae8  R  X
  INFO                  00200000   00004000  00000000  00004000  R  X
  SRAM_CODE             01000000   00010000  0000025a  0000fda6  RW X
  SRAM_DATA             20000000   00010000  0000025a  0000fda6  RW  


SEGMENT ALLOCATION MAP

run origin  load origin   length   init length attrs members
----------  ----------- ---------- ----------- ----- -------
00000000    00000000    00003518   00003518    r-x
  00000000    00000000    000000e4   000000e4    r-- .intvecs
  000000e4    000000e4    00002ebc   00002ebc    r-x .text
  00002fa0    00002fa0    00000538   00000538    r-- .const
  000034d8    000034d8    00000040   00000040    r-- .cinit
20000000    20000000    0000005c   00000000    rw-
  20000000    20000000    0000002e   00000000    rw- .bss
  20000030    20000030    0000002c   00000000    rw- .data
2000fe00    2000fe00    00000200   00000000    rw-
  2000fe00    2000fe00    00000200   00000000    rw- .stack


SECTION ALLOCATION MAP

 output                                  attributes/
section   page    origin      length       input sections
--------  ----  ----------  ----------   ----------------
.intvecs   0    00000000    000000e4     
                  00000000    000000e4     startup_msp432p401r_ccs.obj (.intvecs:retain)

.binit     0    00000000    00000000     

.text      0    000000e4    00002ebc     
                  000000e4    0000113e     rtsv7M4_T_le_v4SPD16_eabi.lib : _printfi.obj (.text)
                  00001222    000002d0     grlib.lib : string.o (.text:Graphics_drawString)
                  000014f2    000001f4     rtsv7M4_T_le_v4SPD16_eabi.lib : ull_div_t2.obj (.text)
                  000016e6    000001d8     Crystalfontz128x128_ST7735.obj (.text:_Z37Crystalfontz128x128_PixelDrawMultiplePK16Graphics_DisplaysssssPKhPKj)
                  000018be    000001b6     rtsv7M4_T_le_v4SPD16_eabi.lib : fd_add_t2.obj (.text)
                  00001a74    000001a4     main.obj (.text:_Z5Setupv)
                  00001c18    00000136     rtsv7M4_T_le_v4SPD16_eabi.lib : fd_div_t2.obj (.text)
                  00001d4e    00000002     startup_msp432p401r_ccs.obj (.text:Default_Handler)
                  00001d50    00000134     Crystalfontz128x128_ST7735.obj (.text:_Z32Crystalfontz128x128_SetDrawFrametttt)
                  00001e84    0000012c     Crystalfontz128x128_ST7735.obj (.text:_Z24Crystalfontz128x128_Initv)
                  00001fb0    000000fc     rtsv7M4_T_le_v4SPD16_eabi.lib : fd_mul_t2.obj (.text)
                  000020ac    000000fc                                   : s_scalbn.obj (.text)
                  000021a8    0000009c     Crystalfontz128x128_ST7735.obj (.text:_Z28Crystalfontz128x128_RectFillPK16Graphics_DisplayPK18Graphics_Rectanglet)
                  00002244    0000009c     rtsv7M4_T_le_v4SPD16_eabi.lib : memcpy_t2.obj (.text)
                  000022e0    00000094     main.obj (.text:_Z13drawAccelDatav)
                  00002374    00000086     rtsv7M4_T_le_v4SPD16_eabi.lib : fd_cmp_t2.obj (.text:__aeabi_cdcmple)
                  000023fa    00000086                                   : fd_cmp_t2.obj (.text:__aeabi_cdrcmple)
                  00002480    0000007c     msp432p4xx_driverlib.lib : spi.obj (.text:SPI_initMaster)
                  000024fc    0000007a     rtsv7M4_T_le_v4SPD16_eabi.lib : memset_t2.obj (.text)
                  00002576    00000002                                   : mpu_init.obj (.text)
                  00002578    00000078     system_msp432p401r.obj (.text:SystemInit)
                  000025f0    00000070     rtsv7M4_T_le_v4SPD16_eabi.lib : autoinit.obj (.text)
                  00002660    00000068     grlib.lib : string.o (.text:Graphics_getStringWidth)
                  000026c8    00000068     rtsv7M4_T_le_v4SPD16_eabi.lib : copy_decompress_lzss.obj (.text:decompress:lzss)
                  00002730    00000064                                   : s_frexp.obj (.text)
                  00002794    00000060     Crystalfontz128x128_ST7735.obj (.text:_Z29Crystalfontz128x128_LineDrawHPK16Graphics_Displayssst)
                  000027f4    00000060     Crystalfontz128x128_ST7735.obj (.text:_Z29Crystalfontz128x128_LineDrawVPK16Graphics_Displayssst)
                  00002854    00000060     rtsv7M4_T_le_v4SPD16_eabi.lib : sprintf.obj (.text)
                  000028b4    00000054     Crystalfontz128x128_ST7735.obj (.text:_Z34Crystalfontz128x128_SetOrientationh)
                  00002908    00000054     rtsv7M4_T_le_v4SPD16_eabi.lib : boot.obj (.text)
                  0000295c    00000054                                   : exit.obj (.text)
                  000029b0    00000054                                   : ltoa.obj (.text)
                  00002a04    0000004c     msp432p4xx_driverlib.lib : gpio.obj (.text:GPIO_setAsPeripheralModuleFunctionOutputPin)
                  00002a50    0000004c     rtsv7M4_T_le_v4SPD16_eabi.lib : atoi.obj (.text)
                  00002a9c    0000004c                                   : cpy_tbl.obj (.text)
                  00002ae8    0000004a     grlib.lib : line.o (.text:Graphics_drawLineH)
                  00002b32    00000048     rtsv7M4_T_le_v4SPD16_eabi.lib : fd_toi_t2.obj (.text)
                  00002b7a    00000002                                   : startup.obj (.text)
                  00002b7c    00000040     HAL_MSP_EXP432P401R_Crystalfontz128x128_ST7735.obj (.text:_Z15HAL_LCD_SpiInitv)
                  00002bbc    00000040     Crystalfontz128x128_ST7735.obj (.text:_Z29Crystalfontz128x128_PixelDrawPK16Graphics_Displaysst)
                  00002bfc    00000038     grlib.lib : string.o (.text:Graphics_drawStringCentered)
                  00002c34    00000038     HAL_MSP_EXP432P401R_Crystalfontz128x128_ST7735.obj (.text:_Z20HAL_LCD_writeCommandh)
                  00002c6c    00000034     main.obj (.text:_Z9drawTitlev)
                  00002ca0    00000030     HAL_MSP_EXP432P401R_Crystalfontz128x128_ST7735.obj (.text:_Z16HAL_LCD_PortInitv)
                  00002cd0    00000030     msp432p4xx_driverlib.lib : spi.obj (.text:is_A_Module)
                  00002d00    0000002e     rtsv7M4_T_le_v4SPD16_eabi.lib : i_tofd_t2.obj (.text)
                  00002d2e    00000002     --HOLE-- [fill = 0]
                  00002d30    0000002c     HAL_MSP_EXP432P401R_Crystalfontz128x128_ST7735.obj (.text:_Z17HAL_LCD_writeDatah)
                  00002d5c    0000002c     Crystalfontz128x128_ST7735.obj (.text:_Z31Crystalfontz128x128_ClearScreenPK16Graphics_Displayt)
                  00002d88    00000028     Crystalfontz128x128_ST7735.obj (.text:_Z34Crystalfontz128x128_ColorTranslatePK16Graphics_Displayj)
                  00002db0    00000024     msp432p4xx_driverlib.lib : gpio.obj (.text:GPIO_setAsOutputPin)
                  00002dd4    00000022     grlib.lib : context.o (.text:Graphics_initContext)
                  00002df6    0000001c     rtsv7M4_T_le_v4SPD16_eabi.lib : memccpy.obj (.text)
                  00002e12    0000001a     grlib.lib : string.o (.text:Graphics_getNumberOfLeadingZeros)
                  00002e2c    0000001a     msp432p4xx_driverlib.lib : spi.obj (.text:SPI_enableModule)
                  00002e46    00000002     --HOLE-- [fill = 0]
                  00002e48    00000018                              : gpio.obj (.text:GPIO_setOutputLowOnPin)
                  00002e60    00000018     rtsv7M4_T_le_v4SPD16_eabi.lib : args_main.obj (.text)
                  00002e78    00000016     grlib.lib : display.o (.text:Graphics_drawHorizontalLineOnDisplay)
                  00002e8e    00000016     rtsv7M4_T_le_v4SPD16_eabi.lib : strchr.obj (.text)
                  00002ea4    00000014     msp432p4xx_driverlib.lib : gpio.obj (.text:GPIO_setOutputHighOnPin)
                  00002eb8    00000014     main.obj (.text:main)
                  00002ecc    00000014     rtsv7M4_T_le_v4SPD16_eabi.lib : _lock.obj (.text)
                  00002ee0    00000014                                   : s_copysign.obj (.text)
                  00002ef4    00000014                                   : strlen.obj (.text)
                  00002f08    0000000e     grlib.lib : display.o (.text:Graphics_drawPixelOnDisplay)
                  00002f16    0000000e               : context.o (.text:Graphics_setBackgroundColor)
                  00002f24    0000000e               : context.o (.text:Graphics_setForegroundColor)
                  00002f32    0000000e     rtsv7M4_T_le_v4SPD16_eabi.lib : copy_decompress_none.obj (.text:decompress:none)
                  00002f40    0000000c     msp432p4xx_driverlib.lib : spi.obj (.text:EUSCI_A_SPI_enable)
                  00002f4c    0000000c                              : spi.obj (.text:EUSCI_B_SPI_enable)
                  00002f58    0000000c     startup_msp432p401r_ccs.obj (.text:Reset_Handler)
                  00002f64    0000000c     rtsv7M4_T_le_v4SPD16_eabi.lib : copy_zero_init.obj (.text:decompress:ZI)
                  00002f70    0000000a     grlib.lib : context.o (.text:Graphics_clearDisplay)
                  00002f7a    0000000a               : display.o (.text:Graphics_clearDisplayOnDisplay)
                  00002f84    0000000a               : display.o (.text:Graphics_translateColorOnDisplay)
                  00002f8e    0000000a     Crystalfontz128x128_ST7735.obj (.text:_Z25Crystalfontz128x128_FlushPK16Graphics_Display)
                  00002f98    00000004     grlib.lib : context.o (.text:Graphics_setFont)
                  00002f9c    00000004     rtsv7M4_T_le_v4SPD16_eabi.lib : pre_init.obj (.text)

.const     0    00002fa0    00000538     
                  00002fa0    000002f8     fontfixed6x8.obj (.const:.string:g_pucFontFixed6x8Data)
                  00003298    00000101     rtsv7M4_T_le_v4SPD16_eabi.lib : ctype.obj (.const:.string:_ctypes_)
                  00003399    00000003     --HOLE-- [fill = 0]
                  0000339c    000000c8     fontfixed6x8.obj (.const:g_sFontFixed6x8)
                  00003464    00000030     msp432p4xx_driverlib.lib : gpio.obj (.const:GPIO_PORT_TO_BASE)
                  00003494    00000020     Crystalfontz128x128_ST7735.obj (.const:g_sCrystalfontz128x128_funcs)
                  000034b4    0000001c     HAL_MSP_EXP432P401R_Crystalfontz128x128_ST7735.obj (.const:$P$T40$1)
                  000034d0    00000008     Crystalfontz128x128_ST7735.obj (.const:$P$T40$1)

.cinit     0    000034d8    00000040     
                  000034d8    00000017     (.cinit..data.load) [load image, compression = lzss]
                  000034ef    00000001     --HOLE-- [fill = 0]
                  000034f0    0000000c     (__TI_handler_table)
                  000034fc    00000004     --HOLE-- [fill = 0]
                  00003500    00000008     (.cinit..bss.load) [load image, compression = zero_init]
                  00003508    00000010     (__TI_cinit_table)

.init_array 
*          0    00000000    00000000     UNINITIALIZED

.bss       0    20000000    0000002e     UNINITIALIZED
                  20000000    0000001c     (.common:g_sContext)
                  2000001c    00000008     main.obj (.bss:resultsBuffer)
                  20000024    00000002     (.common:Lcd_ScreenHeigth)
                  20000026    00000002     (.common:Lcd_ScreenWidth)
                  20000028    00000002     (.common:Lcd_TouchTrim)
                  2000002a    00000001     (.common:Lcd_FlagRead)
                  2000002b    00000001     (.common:Lcd_FontSolid)
                  2000002c    00000001     (.common:Lcd_Orientation)
                  2000002d    00000001     (.common:Lcd_PenSolid)

.data      0    20000030    0000002c     UNINITIALIZED
                  20000030    00000010     Crystalfontz128x128_ST7735.obj (.data:g_sCrystalfontz128x128)
                  20000040    0000000c     rtsv7M4_T_le_v4SPD16_eabi.lib : exit.obj (.data:$O1$$)
                  2000004c    00000008                                   : _lock.obj (.data:$O1$$)
                  20000054    00000004                                   : errno.obj (.data)
                  20000058    00000004                                   : stkdepth_vars.obj (.data)

.stack     0    2000fe00    00000200     UNINITIALIZED
                  2000fe00    00000200     --HOLE--

MODULE SUMMARY

       Module                                               code    ro data   rw data
       ------                                               ----    -------   -------
    .\
       main.obj                                             640     0         72     
       system_msp432p401r.obj                               120     0         0      
    +--+----------------------------------------------------+-------+---------+---------+
       Total:                                               760     0         72     
                                                                                     
    .\LcdDriver\
       Crystalfontz128x128_ST7735.obj                       1670    40        52     
       HAL_MSP_EXP432P401R_Crystalfontz128x128_ST7735.obj   212     28        0      
    +--+----------------------------------------------------+-------+---------+---------+
       Total:                                               1882    68        52     
                                                                                     
    .\ccs\
       startup_msp432p401r_ccs.obj                          14      228       0      
    +--+----------------------------------------------------+-------+---------+---------+
       Total:                                               14      228       0      
                                                                                     
    .\fonts\
       fontfixed6x8.obj                                     0       960       0      
    +--+----------------------------------------------------+-------+---------+---------+
       Total:                                               0       960       0      
                                                                                     
    C:/ti/simplelink_msp432_sdk_1_40_01_00/source/ti/devices/msp432p4xx/driverlib/ccs/msp432p4xx_driverlib.lib
       spi.obj                                              222     0         0      
       gpio.obj                                             156     48        0      
    +--+----------------------------------------------------+-------+---------+---------+
       Total:                                               378     48        0      
                                                                                     
    C:/ti/simplelink_msp432_sdk_1_40_01_00/source/ti/grlib/ccs/grlib.lib
       string.o                                             906     0         0      
       context.o                                            76      0         0      
       line.o                                               74      0         0      
       display.o                                            56      0         0      
    +--+----------------------------------------------------+-------+---------+---------+
       Total:                                               1112    0         0      
                                                                                     
    C:\ti\ccsv7\tools\compiler\ti-cgt-arm_16.9.4.LTS\lib\rtsv7M4_T_le_v4SPD16_eabi.lib
       _printfi.obj                                         4414    0         0      
       ull_div_t2.obj                                       500     0         0      
       fd_add_t2.obj                                        438     0         0      
       fd_div_t2.obj                                        310     0         0      
       fd_cmp_t2.obj                                        268     0         0      
       ctype.obj                                            0       257       0      
       fd_mul_t2.obj                                        252     0         0      
       s_scalbn.obj                                         252     0         0      
       memcpy_t2.obj                                        156     0         0      
       memset_t2.obj                                        122     0         0      
       autoinit.obj                                         112     0         0      
       exit.obj                                             84      0         24     
       copy_decompress_lzss.obj                             104     0         0      
       s_frexp.obj                                          100     0         0      
       sprintf.obj                                          96      0         0      
       boot.obj                                             84      0         0      
       ltoa.obj                                             84      0         0      
       atoi.obj                                             76      0         0      
       cpy_tbl.obj                                          76      0         0      
       fd_toi_t2.obj                                        72      0         0      
       i_tofd_t2.obj                                        46      0         0      
       _lock.obj                                            20      0         16     
       memccpy.obj                                          28      0         0      
       args_main.obj                                        24      0         0      
       strchr.obj                                           22      0         0      
       s_copysign.obj                                       20      0         0      
       strlen.obj                                           20      0         0      
       copy_decompress_none.obj                             14      0         0      
       copy_zero_init.obj                                   12      0         0      
       errno.obj                                            0       0         8      
       stkdepth_vars.obj                                    0       0         8      
       pre_init.obj                                         4       0         0      
       mpu_init.obj                                         2       0         0      
       startup.obj                                          2       0         0      
    +--+----------------------------------------------------+-------+---------+---------+
       Total:                                               7814    257       56     
                                                                                     
       Stack:                                               0       0         1024   
       Linker Generated:                                    0       59        0      
    +--+----------------------------------------------------+-------+---------+---------+
       Grand Total:                                         11960   1620      1204   


LINKER GENERATED COPY TABLES

__TI_cinit_table @ 00003508 records: 2, size/record: 8, table size: 16
	.data: load addr=000034d8, load size=00000017 bytes, run addr=20000030, run size=0000002c bytes, compression=lzss
	.bss: load addr=00003500, load size=00000008 bytes, run addr=20000000, run size=0000002e bytes, compression=zero_init


LINKER GENERATED HANDLER TABLE

__TI_handler_table @ 000034f0 records: 3, size/record: 4, table size: 12
	index: 0, handler: __TI_decompress_lzss
	index: 1, handler: __TI_decompress_none
	index: 2, handler: __TI_zero_init


GLOBAL SYMBOLS: SORTED ALPHABETICALLY BY Name 

address   name                                       
-------   ----                                       
00001d4f  ADC14_IRQHandler                           
00001d4f  AES256_IRQHandler                          
00001d4f  BusFault_Handler                           
0000295d  C$$EXIT                                    
00001d4f  COMP_E0_IRQHandler                         
00001d4f  COMP_E1_IRQHandler                         
00001d4f  CS_IRQHandler                              
00001d4f  DMA_ERR_IRQHandler                         
00001d4f  DMA_INT0_IRQHandler                        
00001d4f  DMA_INT1_IRQHandler                        
00001d4f  DMA_INT2_IRQHandler                        
00001d4f  DMA_INT3_IRQHandler                        
00001d4f  DebugMon_Handler                           
00001d4f  Default_Handler                            
00001d4f  EUSCIA0_IRQHandler                         
00001d4f  EUSCIA1_IRQHandler                         
00001d4f  EUSCIA2_IRQHandler                         
00001d4f  EUSCIA3_IRQHandler                         
00001d4f  EUSCIB0_IRQHandler                         
00001d4f  EUSCIB1_IRQHandler                         
00001d4f  EUSCIB2_IRQHandler                         
00001d4f  EUSCIB3_IRQHandler                         
00002f41  EUSCI_A_SPI_enable                         
00002f4d  EUSCI_B_SPI_enable                         
00001d4f  FLCTL_IRQHandler                           
00001d4f  FPU_IRQHandler                             
00002db1  GPIO_setAsOutputPin                        
00002a05  GPIO_setAsPeripheralModuleFunctionOutputPin
00002ea5  GPIO_setOutputHighOnPin                    
00002e49  GPIO_setOutputLowOnPin                     
00002f71  Graphics_clearDisplay                      
00002f7b  Graphics_clearDisplayOnDisplay             
00002e79  Graphics_drawHorizontalLineOnDisplay       
00002ae9  Graphics_drawLineH                         
00002f09  Graphics_drawPixelOnDisplay                
00001223  Graphics_drawString                        
00002bfd  Graphics_drawStringCentered                
00002661  Graphics_getStringWidth                    
00002dd5  Graphics_initContext                       
00002f17  Graphics_setBackgroundColor                
00002f99  Graphics_setFont                           
00002f25  Graphics_setForegroundColor                
00002f85  Graphics_translateColorOnDisplay           
00001d4f  HardFault_Handler                          
2000002a  Lcd_FlagRead                               
2000002b  Lcd_FontSolid                              
2000002c  Lcd_Orientation                            
2000002d  Lcd_PenSolid                               
20000024  Lcd_ScreenHeigth                           
20000026  Lcd_ScreenWidth                            
20000028  Lcd_TouchTrim                              
00001d4f  MemManage_Handler                          
00001d4f  NMI_Handler                                
00001d4f  PCM_IRQHandler                             
00001d4f  PORT1_IRQHandler                           
00001d4f  PORT2_IRQHandler                           
00001d4f  PORT3_IRQHandler                           
00001d4f  PORT4_IRQHandler                           
00001d4f  PORT5_IRQHandler                           
00001d4f  PORT6_IRQHandler                           
00001d4f  PSS_IRQHandler                             
00001d4f  PendSV_Handler                             
00001d4f  RTC_C_IRQHandler                           
00002f59  Reset_Handler                              
UNDEFED   SHT$$INIT_ARRAY$$Base                      
UNDEFED   SHT$$INIT_ARRAY$$Limit                     
00002e2d  SPI_enableModule                           
00002481  SPI_initMaster                             
00001d4f  SVC_Handler                                
00001d4f  SysTick_Handler                            
00002579  SystemInit                                 
00001d4f  T32_INT1_IRQHandler                        
00001d4f  T32_INT2_IRQHandler                        
00001d4f  T32_INTC_IRQHandler                        
00001d4f  TA0_0_IRQHandler                           
00001d4f  TA0_N_IRQHandler                           
00001d4f  TA1_0_IRQHandler                           
00001d4f  TA1_N_IRQHandler                           
00001d4f  TA2_0_IRQHandler                           
00001d4f  TA2_N_IRQHandler                           
00001d4f  TA3_0_IRQHandler                           
00001d4f  TA3_N_IRQHandler                           
00001d4f  UsageFault_Handler                         
4000480c  WDTCTL_SYM                                 
00001d4f  WDT_A_IRQHandler                           
000022e1  _Z13drawAccelDatav                         
00002b7d  _Z15HAL_LCD_SpiInitv                       
00002ca1  _Z16HAL_LCD_PortInitv                      
00002d31  _Z17HAL_LCD_writeDatah                     
00002c35  _Z20HAL_LCD_writeCommandh                  
00001e85  _Z24Crystalfontz128x128_Initv              
00001d51  _Z32Crystalfontz128x128_SetDrawFrametttt   
000028b5  _Z34Crystalfontz128x128_SetOrientationh    
00001a75  _Z5Setupv                                  
00002c6d  _Z9drawTitlev                              
20010000  __STACK_END                                
00000200  __STACK_SIZE                               
00003508  __TI_CINIT_Base                            
00003518  __TI_CINIT_Limit                           
000034f0  __TI_Handler_Table_Base                    
000034fc  __TI_Handler_Table_Limit                   
000025f1  __TI_auto_init                             
20000040  __TI_cleanup_ptr                           
000026c9  __TI_decompress_lzss                       
00002f33  __TI_decompress_none                       
20000044  __TI_dtors_ptr                             
20000048  __TI_enable_exit_profile_output            
ffffffff  __TI_pprof_out_hndl                        
00000929  __TI_printfi                               
ffffffff  __TI_prof_data_size                        
ffffffff  __TI_prof_data_start                       
00000000  __TI_static_base__                         
00002f65  __TI_zero_init                             
00002375  __aeabi_cdcmpeq                            
00002375  __aeabi_cdcmple                            
000023fb  __aeabi_cdrcmple                           
00002b33  __aeabi_d2iz                               
000018c9  __aeabi_dadd                               
00001c19  __aeabi_ddiv                               
00001fb1  __aeabi_dmul                               
000018bf  __aeabi_dsub                               
00002d01  __aeabi_i2d                                
000024fd  __aeabi_memclr                             
000024fd  __aeabi_memclr4                            
000024fd  __aeabi_memclr8                            
00002245  __aeabi_memcpy                             
00002245  __aeabi_memcpy4                            
00002245  __aeabi_memcpy8                            
000024ff  __aeabi_memset                             
000024ff  __aeabi_memset4                            
000024ff  __aeabi_memset8                            
000014f3  __aeabi_uldivmod                           
ffffffff  __binit__                                  
ffffffff  __c_args__                                 
00002577  __mpu_init                                 
2000fe00  __stack                                    
00002e61  _args_main                                 
00002909  _c_int00                                   
00003298  _ctypes_                                   
2000004c  _lock                                      
00002edb  _nop                                       
00002ed3  _register_lock                             
00002ecd  _register_unlock                           
00002b7b  _system_post_cinit                         
00002f9d  _system_pre_init                           
20000050  _unlock                                    
00002961  abort                                      
00002a51  atoi                                       
ffffffff  binit                                      
00002a9d  copy_in                                    
00002ee1  copysign                                   
00002ee1  copysignl                                  
20000054  errno                                      
00002969  exit                                       
00002731  frexp                                      
00002731  frexpl                                     
20000000  g_sContext                                 
20000030  g_sCrystalfontz128x128                     
00003494  g_sCrystalfontz128x128_funcs               
0000339c  g_sFontFixed6x8                            
00000000  interruptVectors                           
000020ad  ldexp                                      
000020ad  ldexpl                                     
000029b1  ltoa                                       
00002eb9  main                                       
20000058  main_func_sp                               
00002df7  memccpy                                    
00002245  memcpy                                     
00002505  memset                                     
000020ad  scalbn                                     
000020ad  scalbnl                                    
00002855  sprintf                                    
00002e8f  strchr                                     
00002ef5  strlen                                     


GLOBAL SYMBOLS: SORTED BY Symbol Address 

address   name                                       
-------   ----                                       
00000000  __TI_static_base__                         
00000000  interruptVectors                           
00000200  __STACK_SIZE                               
00000929  __TI_printfi                               
00001223  Graphics_drawString                        
000014f3  __aeabi_uldivmod                           
000018bf  __aeabi_dsub                               
000018c9  __aeabi_dadd                               
00001a75  _Z5Setupv                                  
00001c19  __aeabi_ddiv                               
00001d4f  ADC14_IRQHandler                           
00001d4f  AES256_IRQHandler                          
00001d4f  BusFault_Handler                           
00001d4f  COMP_E0_IRQHandler                         
00001d4f  COMP_E1_IRQHandler                         
00001d4f  CS_IRQHandler                              
00001d4f  DMA_ERR_IRQHandler                         
00001d4f  DMA_INT0_IRQHandler                        
00001d4f  DMA_INT1_IRQHandler                        
00001d4f  DMA_INT2_IRQHandler                        
00001d4f  DMA_INT3_IRQHandler                        
00001d4f  DebugMon_Handler                           
00001d4f  Default_Handler                            
00001d4f  EUSCIA0_IRQHandler                         
00001d4f  EUSCIA1_IRQHandler                         
00001d4f  EUSCIA2_IRQHandler                         
00001d4f  EUSCIA3_IRQHandler                         
00001d4f  EUSCIB0_IRQHandler                         
00001d4f  EUSCIB1_IRQHandler                         
00001d4f  EUSCIB2_IRQHandler                         
00001d4f  EUSCIB3_IRQHandler                         
00001d4f  FLCTL_IRQHandler                           
00001d4f  FPU_IRQHandler                             
00001d4f  HardFault_Handler                          
00001d4f  MemManage_Handler                          
00001d4f  NMI_Handler                                
00001d4f  PCM_IRQHandler                             
00001d4f  PORT1_IRQHandler                           
00001d4f  PORT2_IRQHandler                           
00001d4f  PORT3_IRQHandler                           
00001d4f  PORT4_IRQHandler                           
00001d4f  PORT5_IRQHandler                           
00001d4f  PORT6_IRQHandler                           
00001d4f  PSS_IRQHandler                             
00001d4f  PendSV_Handler                             
00001d4f  RTC_C_IRQHandler                           
00001d4f  SVC_Handler                                
00001d4f  SysTick_Handler                            
00001d4f  T32_INT1_IRQHandler                        
00001d4f  T32_INT2_IRQHandler                        
00001d4f  T32_INTC_IRQHandler                        
00001d4f  TA0_0_IRQHandler                           
00001d4f  TA0_N_IRQHandler                           
00001d4f  TA1_0_IRQHandler                           
00001d4f  TA1_N_IRQHandler                           
00001d4f  TA2_0_IRQHandler                           
00001d4f  TA2_N_IRQHandler                           
00001d4f  TA3_0_IRQHandler                           
00001d4f  TA3_N_IRQHandler                           
00001d4f  UsageFault_Handler                         
00001d4f  WDT_A_IRQHandler                           
00001d51  _Z32Crystalfontz128x128_SetDrawFrametttt   
00001e85  _Z24Crystalfontz128x128_Initv              
00001fb1  __aeabi_dmul                               
000020ad  ldexp                                      
000020ad  ldexpl                                     
000020ad  scalbn                                     
000020ad  scalbnl                                    
00002245  __aeabi_memcpy                             
00002245  __aeabi_memcpy4                            
00002245  __aeabi_memcpy8                            
00002245  memcpy                                     
000022e1  _Z13drawAccelDatav                         
00002375  __aeabi_cdcmpeq                            
00002375  __aeabi_cdcmple                            
000023fb  __aeabi_cdrcmple                           
00002481  SPI_initMaster                             
000024fd  __aeabi_memclr                             
000024fd  __aeabi_memclr4                            
000024fd  __aeabi_memclr8                            
000024ff  __aeabi_memset                             
000024ff  __aeabi_memset4                            
000024ff  __aeabi_memset8                            
00002505  memset                                     
00002577  __mpu_init                                 
00002579  SystemInit                                 
000025f1  __TI_auto_init                             
00002661  Graphics_getStringWidth                    
000026c9  __TI_decompress_lzss                       
00002731  frexp                                      
00002731  frexpl                                     
00002855  sprintf                                    
000028b5  _Z34Crystalfontz128x128_SetOrientationh    
00002909  _c_int00                                   
0000295d  C$$EXIT                                    
00002961  abort                                      
00002969  exit                                       
000029b1  ltoa                                       
00002a05  GPIO_setAsPeripheralModuleFunctionOutputPin
00002a51  atoi                                       
00002a9d  copy_in                                    
00002ae9  Graphics_drawLineH                         
00002b33  __aeabi_d2iz                               
00002b7b  _system_post_cinit                         
00002b7d  _Z15HAL_LCD_SpiInitv                       
00002bfd  Graphics_drawStringCentered                
00002c35  _Z20HAL_LCD_writeCommandh                  
00002c6d  _Z9drawTitlev                              
00002ca1  _Z16HAL_LCD_PortInitv                      
00002d01  __aeabi_i2d                                
00002d31  _Z17HAL_LCD_writeDatah                     
00002db1  GPIO_setAsOutputPin                        
00002dd5  Graphics_initContext                       
00002df7  memccpy                                    
00002e2d  SPI_enableModule                           
00002e49  GPIO_setOutputLowOnPin                     
00002e61  _args_main                                 
00002e79  Graphics_drawHorizontalLineOnDisplay       
00002e8f  strchr                                     
00002ea5  GPIO_setOutputHighOnPin                    
00002eb9  main                                       
00002ecd  _register_unlock                           
00002ed3  _register_lock                             
00002edb  _nop                                       
00002ee1  copysign                                   
00002ee1  copysignl                                  
00002ef5  strlen                                     
00002f09  Graphics_drawPixelOnDisplay                
00002f17  Graphics_setBackgroundColor                
00002f25  Graphics_setForegroundColor                
00002f33  __TI_decompress_none                       
00002f41  EUSCI_A_SPI_enable                         
00002f4d  EUSCI_B_SPI_enable                         
00002f59  Reset_Handler                              
00002f65  __TI_zero_init                             
00002f71  Graphics_clearDisplay                      
00002f7b  Graphics_clearDisplayOnDisplay             
00002f85  Graphics_translateColorOnDisplay           
00002f99  Graphics_setFont                           
00002f9d  _system_pre_init                           
00003298  _ctypes_                                   
0000339c  g_sFontFixed6x8                            
00003494  g_sCrystalfontz128x128_funcs               
000034f0  __TI_Handler_Table_Base                    
000034fc  __TI_Handler_Table_Limit                   
00003508  __TI_CINIT_Base                            
00003518  __TI_CINIT_Limit                           
20000000  g_sContext                                 
20000024  Lcd_ScreenHeigth                           
20000026  Lcd_ScreenWidth                            
20000028  Lcd_TouchTrim                              
2000002a  Lcd_FlagRead                               
2000002b  Lcd_FontSolid                              
2000002c  Lcd_Orientation                            
2000002d  Lcd_PenSolid                               
20000030  g_sCrystalfontz128x128                     
20000040  __TI_cleanup_ptr                           
20000044  __TI_dtors_ptr                             
20000048  __TI_enable_exit_profile_output            
2000004c  _lock                                      
20000050  _unlock                                    
20000054  errno                                      
20000058  main_func_sp                               
2000fe00  __stack                                    
20010000  __STACK_END                                
4000480c  WDTCTL_SYM                                 
ffffffff  __TI_pprof_out_hndl                        
ffffffff  __TI_prof_data_size                        
ffffffff  __TI_prof_data_start                       
ffffffff  __binit__                                  
ffffffff  __c_args__                                 
ffffffff  binit                                      
UNDEFED   SHT$$INIT_ARRAY$$Base                      
UNDEFED   SHT$$INIT_ARRAY$$Limit                     

[174 symbols]
