******************************************************************************
                  TI ARM Linker PC v16.9.4                     
******************************************************************************
>> Linked Fri Sep 15 19:41:08 2017

OUTPUT FILE NAME:   <Labo 1v7.out>
ENTRY POINT SYMBOL: "_c_int00"  address: 00000f8d


MEMORY CONFIGURATION

         name            origin    length      used     unused   attr    fill
----------------------  --------  ---------  --------  --------  ----  --------
  MAIN                  00000000   00040000  00001632  0003e9ce  R  X
  INFO                  00200000   00004000  00000000  00004000  R  X
  SRAM_CODE             01000000   00010000  000002b4  0000fd4c  RW X
  SRAM_DATA             20000000   00010000  000002b4  0000fd4c  RW  


SEGMENT ALLOCATION MAP

run origin  load origin   length   init length attrs members
----------  ----------- ---------- ----------- ----- -------
00000000    00000000    00001638   00001638    r-x
  00000000    00000000    000000e4   000000e4    r-- .intvecs
  000000e4    000000e4    000014c2   000014c2    r-x .text
  000015a8    000015a8    00000044   00000044    r-- .const
  000015f0    000015f0    00000048   00000048    r-- .cinit
20000000    20000000    000000b8   00000000    rw-
  20000000    20000000    0000006c   00000000    rw- .bss
  20000070    20000070    00000048   00000000    rw- .data
2000fe00    2000fe00    00000200   00000000    rw-
  2000fe00    2000fe00    00000200   00000000    rw- .stack


SECTION ALLOCATION MAP

 output                                  attributes/
section   page    origin      length       input sections
--------  ----  ----------  ----------   ----------------
.intvecs   0    00000000    000000e4     
                  00000000    000000e4     startup_msp432p401r_ccs.obj (.intvecs:retain)

.binit     0    00000000    00000000     

.text      0    000000e4    000014c2     
                  000000e4    000001b6     rtsv7M4_T_le_v4SPD16_eabi.lib : fd_add_t2.obj (.text)
                  0000029a    00000002     startup_msp432p401r_ccs.obj (.text:Default_Handler)
                  0000029c    00000158     labo1v7.obj (.text:_Z12BufferSonidov)
                  000003f4    0000014c     labo1v7.obj (.text:_Z5Setupv)
                  00000540    00000136     rtsv7M4_T_le_v4SPD16_eabi.lib : fd_div_t2.obj (.text)
                  00000676    000000fc                                   : fd_mul_t2.obj (.text)
                  00000772    00000002                                   : mpu_init.obj (.text)
                  00000774    000000f0     labo1v7.obj (.text:_Z11SelectLampsv)
                  00000864    000000d8     HAL_OPT3001.obj (.text:_Z14OPT3001_getLuxv)
                  0000093c    000000a8     labo1v7.obj (.text:main)
                  000009e4    0000009c     rtsv7M4_T_le_v4SPD16_eabi.lib : memcpy_t2.obj (.text)
                  00000a80    0000008c     HAL_I2C.obj (.text:_Z10I2C_read16h)
                  00000b0c    00000086     rtsv7M4_T_le_v4SPD16_eabi.lib : fd_cmp_t2.obj (.text:__aeabi_cdrcmple)
                  00000b92    0000007a                                   : memset_t2.obj (.text)
                  00000c0c    00000078     system_msp432p401r.obj (.text:SystemInit)
                  00000c84    00000070     rtsv7M4_T_le_v4SPD16_eabi.lib : autoinit.obj (.text)
                  00000cf4    0000006e                                   : fd_tos_t2.obj (.text)
                  00000d62    00000068                                   : copy_decompress_lzss.obj (.text:decompress:lzss)
                  00000dca    00000002                                   : startup.obj (.text)
                  00000dcc    00000064     labo1v7.obj (.text:_Z14BufferMuestrasv)
                  00000e30    0000005c     labo1v7.obj (.text:T32_INT2_IRQHandler)
                  00000e8c    00000058     labo1v7.obj (.text:PORT4_IRQHandler)
                  00000ee4    00000054     msp432p4xx_driverlib.lib : i2c.obj (.text:I2C_masterSendMultiByteFinish)
                  00000f38    00000054     labo1v7.obj (.text:_Z11StillCryingv)
                  00000f8c    00000054     rtsv7M4_T_le_v4SPD16_eabi.lib : boot.obj (.text)
                  00000fe0    00000054                                   : exit.obj (.text)
                  00001034    00000050     labo1v7.obj (.text:ADC14_IRQHandler)
                  00001084    0000004c     msp432p4xx_driverlib.lib : gpio.obj (.text:GPIO_setAsPeripheralModuleFunctionOutputPin)
                  000010d0    0000004c     labo1v7.obj (.text:_Z10ParpadeoOnv)
                  0000111c    0000004c     rtsv7M4_T_le_v4SPD16_eabi.lib : cpy_tbl.obj (.text)
                  00001168    00000048     HAL_I2C.obj (.text:_Z11I2C_write16hj)
                  000011b0    00000048     labo1v7.obj (.text:_Z18MemoryLightsTogglev)
                  000011f8    00000048     labo1v7.obj (.text:_Z18__NVIC_SetPriority4IRQnj)
                  00001240    00000040     msp432p4xx_driverlib.lib : i2c.obj (.text:I2C_masterSendMultiByteStart)
                  00001280    0000003e                              : i2c.obj (.text:I2C_initMaster)
                  000012be    00000002     --HOLE-- [fill = 0]
                  000012c0    0000003c     labo1v7.obj (.text:_Z13EstadoInicialv)
                  000012fc    0000003c     labo1v7.obj (.text:_Z14MemoryLightsOnv)
                  00001338    0000003c     labo1v7.obj (.text:_Z15MemoryLightsOffv)
                  00001374    00000038     rtsv7M4_T_le_v4SPD16_eabi.lib : fs_tod_t2.obj (.text)
                  000013ac    00000030     msp432p4xx_driverlib.lib : i2c.obj (.text:I2C_masterReceiveMultiByteFinish)
                  000013dc    00000030                              : i2c.obj (.text:I2C_masterSendMultiByteStop)
                  0000140c    00000030     labo1v7.obj (.text:_Z16__NVIC_EnableIRQ4IRQn)
                  0000143c    00000024     msp432p4xx_driverlib.lib : i2c.obj (.text:I2C_masterSendMultiByteNext)
                  00001460    00000020     labo1v7.obj (.text:T32_INT1_IRQHandler)
                  00001480    00000020     HAL_I2C.obj (.text:_Z8I2C_initv)
                  000014a0    0000001c     HAL_I2C.obj (.text:_Z12I2C_setslavej)
                  000014bc    00000018     HAL_I2C.obj (.text:_Z13Init_I2C_GPIOv)
                  000014d4    00000018     rtsv7M4_T_le_v4SPD16_eabi.lib : args_main.obj (.text)
                  000014ec    00000014     msp432p4xx_driverlib.lib : i2c.obj (.text:I2C_isBusBusy)
                  00001500    00000014     HAL_OPT3001.obj (.text:_Z12OPT3001_initv)
                  00001514    00000014     rtsv7M4_T_le_v4SPD16_eabi.lib : _lock.obj (.text)
                  00001528    00000010     msp432p4xx_driverlib.lib : i2c.obj (.text:I2C_masterReceiveStart)
                  00001538    0000000e                              : i2c.obj (.text:I2C_clearInterruptFlag)
                  00001546    0000000e                              : i2c.obj (.text:I2C_setMode)
                  00001554    0000000e     rtsv7M4_T_le_v4SPD16_eabi.lib : copy_decompress_none.obj (.text:decompress:none)
                  00001562    0000000c     msp432p4xx_driverlib.lib : i2c.obj (.text:I2C_disableModule)
                  0000156e    0000000c                              : i2c.obj (.text:I2C_enableModule)
                  0000157a    0000000c     startup_msp432p401r_ccs.obj (.text:Reset_Handler)
                  00001586    0000000c     rtsv7M4_T_le_v4SPD16_eabi.lib : copy_zero_init.obj (.text:decompress:ZI)
                  00001592    00000006     msp432p4xx_driverlib.lib : i2c.obj (.text:I2C_getInterruptStatus)
                  00001598    00000006                              : i2c.obj (.text:I2C_masterReceiveMultiByteNext)
                  0000159e    00000004                              : i2c.obj (.text:I2C_setSlaveAddress)
                  000015a2    00000004     rtsv7M4_T_le_v4SPD16_eabi.lib : pre_init.obj (.text)

.const     0    000015a8    00000044     
                  000015a8    00000030     msp432p4xx_driverlib.lib : gpio.obj (.const:GPIO_PORT_TO_BASE)
                  000015d8    00000014     HAL_I2C.obj (.const:i2cConfig)

.cinit     0    000015f0    00000048     
                  000015f0    00000021     (.cinit..data.load) [load image, compression = lzss]
                  00001611    00000003     --HOLE-- [fill = 0]
                  00001614    0000000c     (__TI_handler_table)
                  00001620    00000008     (.cinit..bss.load) [load image, compression = zero_init]
                  00001628    00000010     (__TI_cinit_table)

.init_array 
*          0    00000000    00000000     UNINITIALIZED

.bss       0    20000000    0000006c     UNINITIALIZED
                  20000000    00000050     (.common:v_fmuestras)
                  20000050    00000014     (.common:v_fsonido)
                  20000064    00000004     (.common:g_flux)
                  20000068    00000004     (.common:g_fstillcrying)

.data      0    20000070    00000048     UNINITIALIZED
                  20000070    00000030     labo1v7.obj (.data)
                  200000a0    0000000c     rtsv7M4_T_le_v4SPD16_eabi.lib : exit.obj (.data:$O1$$)
                  200000ac    00000008                                   : _lock.obj (.data:$O1$$)
                  200000b4    00000004                                   : stkdepth_vars.obj (.data)

.stack     0    2000fe00    00000200     UNINITIALIZED
                  2000fe00    00000200     --HOLE--

MODULE SUMMARY

       Module                        code   ro data   rw data
       ------                        ----   -------   -------
    .\
       labo1v7.obj                   2008   0         312    
       HAL_I2C.obj                   296    20        0      
       HAL_OPT3001.obj               236    0         0      
       system_msp432p401r.obj        120    0         0      
    +--+-----------------------------+------+---------+---------+
       Total:                        2660   20        312    
                                                             
    .\ccs\
       startup_msp432p401r_ccs.obj   14     228       0      
    +--+-----------------------------+------+---------+---------+
       Total:                        14     228       0      
                                                             
    C:/ti/simplelink_msp432_sdk_1_40_01_00/source/ti/devices/msp432p4xx/driverlib/ccs/msp432p4xx_driverlib.lib
       i2c.obj                       446    0         0      
       gpio.obj                      76     48        0      
    +--+-----------------------------+------+---------+---------+
       Total:                        522    48        0      
                                                             
    C:\ti\ccsv7\tools\compiler\ti-cgt-arm_16.9.4.LTS\lib\rtsv7M4_T_le_v4SPD16_eabi.lib
       fd_add_t2.obj                 438    0         0      
       fd_div_t2.obj                 310    0         0      
       fd_mul_t2.obj                 252    0         0      
       memcpy_t2.obj                 156    0         0      
       fd_cmp_t2.obj                 134    0         0      
       memset_t2.obj                 122    0         0      
       autoinit.obj                  112    0         0      
       fd_tos_t2.obj                 110    0         0      
       exit.obj                      84     0         24     
       copy_decompress_lzss.obj      104    0         0      
       boot.obj                      84     0         0      
       cpy_tbl.obj                   76     0         0      
       fs_tod_t2.obj                 56     0         0      
       _lock.obj                     20     0         16     
       args_main.obj                 24     0         0      
       copy_decompress_none.obj      14     0         0      
       copy_zero_init.obj            12     0         0      
       stkdepth_vars.obj             0      0         8      
       pre_init.obj                  4      0         0      
       mpu_init.obj                  2      0         0      
       startup.obj                   2      0         0      
    +--+-----------------------------+------+---------+---------+
       Total:                        2116   0         48     
                                                             
       Stack:                        0      0         1024   
       Linker Generated:             0      69        0      
    +--+-----------------------------+------+---------+---------+
       Grand Total:                  5312   365       1384   


LINKER GENERATED COPY TABLES

__TI_cinit_table @ 00001628 records: 2, size/record: 8, table size: 16
	.data: load addr=000015f0, load size=00000021 bytes, run addr=20000070, run size=00000048 bytes, compression=lzss
	.bss: load addr=00001620, load size=00000008 bytes, run addr=20000000, run size=0000006c bytes, compression=zero_init


LINKER GENERATED HANDLER TABLE

__TI_handler_table @ 00001614 records: 3, size/record: 4, table size: 12
	index: 0, handler: __TI_decompress_lzss
	index: 1, handler: __TI_decompress_none
	index: 2, handler: __TI_zero_init


GLOBAL SYMBOLS: SORTED ALPHABETICALLY BY Name 

address   name                                       
-------   ----                                       
20000078  ADC14Result                                
00001035  ADC14_IRQHandler                           
00001035  ADC14_IRQHandler                           
2000007c  ADCResult                                  
0000029b  AES256_IRQHandler                          
0000029b  BusFault_Handler                           
00000fe1  C$$EXIT                                    
0000029b  COMP_E0_IRQHandler                         
0000029b  COMP_E1_IRQHandler                         
0000029b  CS_IRQHandler                              
0000029b  DMA_ERR_IRQHandler                         
0000029b  DMA_INT0_IRQHandler                        
0000029b  DMA_INT1_IRQHandler                        
0000029b  DMA_INT2_IRQHandler                        
0000029b  DMA_INT3_IRQHandler                        
0000029b  DebugMon_Handler                           
0000029b  Default_Handler                            
0000029b  EUSCIA0_IRQHandler                         
0000029b  EUSCIA1_IRQHandler                         
0000029b  EUSCIA2_IRQHandler                         
0000029b  EUSCIA3_IRQHandler                         
0000029b  EUSCIB0_IRQHandler                         
0000029b  EUSCIB1_IRQHandler                         
0000029b  EUSCIB2_IRQHandler                         
0000029b  EUSCIB3_IRQHandler                         
0000029b  FLCTL_IRQHandler                           
0000029b  FPU_IRQHandler                             
00001085  GPIO_setAsPeripheralModuleFunctionOutputPin
0000029b  HardFault_Handler                          
00001539  I2C_clearInterruptFlag                     
00001563  I2C_disableModule                          
0000156f  I2C_enableModule                           
00001593  I2C_getInterruptStatus                     
00001281  I2C_initMaster                             
000014ed  I2C_isBusBusy                              
000013ad  I2C_masterReceiveMultiByteFinish           
00001599  I2C_masterReceiveMultiByteNext             
00001529  I2C_masterReceiveStart                     
00000ee5  I2C_masterSendMultiByteFinish              
0000143d  I2C_masterSendMultiByteNext                
00001241  I2C_masterSendMultiByteStart               
000013dd  I2C_masterSendMultiByteStop                
00001547  I2C_setMode                                
0000159f  I2C_setSlaveAddress                        
0000029b  MemManage_Handler                          
0000029b  NMI_Handler                                
0000029b  PCM_IRQHandler                             
0000029b  PORT1_IRQHandler                           
0000029b  PORT2_IRQHandler                           
0000029b  PORT3_IRQHandler                           
00000e8d  PORT4_IRQHandler                           
00000e8d  PORT4_IRQHandler                           
0000029b  PORT5_IRQHandler                           
0000029b  PORT6_IRQHandler                           
0000029b  PSS_IRQHandler                             
0000029b  PendSV_Handler                             
0000029b  RTC_C_IRQHandler                           
0000157b  Reset_Handler                              
UNDEFED   SHT$$INIT_ARRAY$$Base                      
UNDEFED   SHT$$INIT_ARRAY$$Limit                     
0000029b  SVC_Handler                                
0000029b  SysTick_Handler                            
00000c0d  SystemInit                                 
00001461  T32_INT1_IRQHandler                        
00001461  T32_INT1_IRQHandler                        
00000e31  T32_INT2_IRQHandler                        
00000e31  T32_INT2_IRQHandler                        
0000029b  T32_INTC_IRQHandler                        
0000029b  TA0_0_IRQHandler                           
0000029b  TA0_N_IRQHandler                           
0000029b  TA1_0_IRQHandler                           
0000029b  TA1_N_IRQHandler                           
0000029b  TA2_0_IRQHandler                           
0000029b  TA2_N_IRQHandler                           
0000029b  TA3_0_IRQHandler                           
0000029b  TA3_N_IRQHandler                           
0000029b  UsageFault_Handler                         
4000480c  WDTCTL_SYM                                 
0000029b  WDT_A_IRQHandler                           
00000a81  _Z10I2C_read16h                            
000010d1  _Z10ParpadeoOnv                            
00001169  _Z11I2C_write16hj                          
00000775  _Z11SelectLampsv                           
00000f39  _Z11StillCryingv                           
0000029d  _Z12BufferSonidov                          
000014a1  _Z12I2C_setslavej                          
00001501  _Z12OPT3001_initv                          
000012c1  _Z13EstadoInicialv                         
000014bd  _Z13Init_I2C_GPIOv                         
00000dcd  _Z14BufferMuestrasv                        
000012fd  _Z14MemoryLightsOnv                        
00000865  _Z14OPT3001_getLuxv                        
00001339  _Z15MemoryLightsOffv                       
000011b1  _Z18MemoryLightsTogglev                    
000003f5  _Z5Setupv                                  
00001481  _Z8I2C_initv                               
20010000  __STACK_END                                
00000200  __STACK_SIZE                               
00001628  __TI_CINIT_Base                            
00001638  __TI_CINIT_Limit                           
00001614  __TI_Handler_Table_Base                    
00001620  __TI_Handler_Table_Limit                   
00000c85  __TI_auto_init                             
200000a0  __TI_cleanup_ptr                           
00000d63  __TI_decompress_lzss                       
00001555  __TI_decompress_none                       
200000a4  __TI_dtors_ptr                             
200000a8  __TI_enable_exit_profile_output            
ffffffff  __TI_pprof_out_hndl                        
ffffffff  __TI_prof_data_size                        
ffffffff  __TI_prof_data_start                       
00000000  __TI_static_base__                         
00001587  __TI_zero_init                             
00000b0d  __aeabi_cdrcmple                           
00000cf5  __aeabi_d2f                                
000000ef  __aeabi_dadd                               
00000541  __aeabi_ddiv                               
00000677  __aeabi_dmul                               
000000e5  __aeabi_dsub                               
00001375  __aeabi_f2d                                
00000b93  __aeabi_memclr                             
00000b93  __aeabi_memclr4                            
00000b93  __aeabi_memclr8                            
000009e5  __aeabi_memcpy                             
000009e5  __aeabi_memcpy4                            
000009e5  __aeabi_memcpy8                            
00000b95  __aeabi_memset                             
00000b95  __aeabi_memset4                            
00000b95  __aeabi_memset8                            
ffffffff  __binit__                                  
ffffffff  __c_args__                                 
00000773  __mpu_init                                 
2000fe00  __stack                                    
000014d5  _args_main                                 
00000f8d  _c_int00                                   
200000ac  _lock                                      
00001523  _nop                                       
0000151b  _register_lock                             
00001515  _register_unlock                           
00000dcb  _system_post_cinit                         
000015a3  _system_pre_init                           
200000b0  _unlock                                    
00000fe5  abort                                      
ffffffff  binit                                      
0000111d  copy_in                                    
00000fed  exit                                       
20000064  g_flux                                     
2000009c  g_fmemorizeavg                             
20000068  g_fstillcrying                             
20000074  g_ilamps                                   
00000000  interruptVectors                           
20000070  l_icounter                                 
0000093d  main                                       
200000b4  main_func_sp                               
000009e5  memcpy                                     
00000b9b  memset                                     
20000088  u_fmuestras_avg                            
20000090  u_fpromedio                                
20000080  u_imuestras_counter                        
20000084  u_isonido_counter                          
20000000  v_fmuestras                                
20000050  v_fsonido                                  
20000098  verify                                     


GLOBAL SYMBOLS: SORTED BY Symbol Address 

address   name                                       
-------   ----                                       
00000000  __TI_static_base__                         
00000000  interruptVectors                           
000000e5  __aeabi_dsub                               
000000ef  __aeabi_dadd                               
00000200  __STACK_SIZE                               
0000029b  AES256_IRQHandler                          
0000029b  BusFault_Handler                           
0000029b  COMP_E0_IRQHandler                         
0000029b  COMP_E1_IRQHandler                         
0000029b  CS_IRQHandler                              
0000029b  DMA_ERR_IRQHandler                         
0000029b  DMA_INT0_IRQHandler                        
0000029b  DMA_INT1_IRQHandler                        
0000029b  DMA_INT2_IRQHandler                        
0000029b  DMA_INT3_IRQHandler                        
0000029b  DebugMon_Handler                           
0000029b  Default_Handler                            
0000029b  EUSCIA0_IRQHandler                         
0000029b  EUSCIA1_IRQHandler                         
0000029b  EUSCIA2_IRQHandler                         
0000029b  EUSCIA3_IRQHandler                         
0000029b  EUSCIB0_IRQHandler                         
0000029b  EUSCIB1_IRQHandler                         
0000029b  EUSCIB2_IRQHandler                         
0000029b  EUSCIB3_IRQHandler                         
0000029b  FLCTL_IRQHandler                           
0000029b  FPU_IRQHandler                             
0000029b  HardFault_Handler                          
0000029b  MemManage_Handler                          
0000029b  NMI_Handler                                
0000029b  PCM_IRQHandler                             
0000029b  PORT1_IRQHandler                           
0000029b  PORT2_IRQHandler                           
0000029b  PORT3_IRQHandler                           
0000029b  PORT5_IRQHandler                           
0000029b  PORT6_IRQHandler                           
0000029b  PSS_IRQHandler                             
0000029b  PendSV_Handler                             
0000029b  RTC_C_IRQHandler                           
0000029b  SVC_Handler                                
0000029b  SysTick_Handler                            
0000029b  T32_INTC_IRQHandler                        
0000029b  TA0_0_IRQHandler                           
0000029b  TA0_N_IRQHandler                           
0000029b  TA1_0_IRQHandler                           
0000029b  TA1_N_IRQHandler                           
0000029b  TA2_0_IRQHandler                           
0000029b  TA2_N_IRQHandler                           
0000029b  TA3_0_IRQHandler                           
0000029b  TA3_N_IRQHandler                           
0000029b  UsageFault_Handler                         
0000029b  WDT_A_IRQHandler                           
0000029d  _Z12BufferSonidov                          
000003f5  _Z5Setupv                                  
00000541  __aeabi_ddiv                               
00000677  __aeabi_dmul                               
00000773  __mpu_init                                 
00000775  _Z11SelectLampsv                           
00000865  _Z14OPT3001_getLuxv                        
0000093d  main                                       
000009e5  __aeabi_memcpy                             
000009e5  __aeabi_memcpy4                            
000009e5  __aeabi_memcpy8                            
000009e5  memcpy                                     
00000a81  _Z10I2C_read16h                            
00000b0d  __aeabi_cdrcmple                           
00000b93  __aeabi_memclr                             
00000b93  __aeabi_memclr4                            
00000b93  __aeabi_memclr8                            
00000b95  __aeabi_memset                             
00000b95  __aeabi_memset4                            
00000b95  __aeabi_memset8                            
00000b9b  memset                                     
00000c0d  SystemInit                                 
00000c85  __TI_auto_init                             
00000cf5  __aeabi_d2f                                
00000d63  __TI_decompress_lzss                       
00000dcb  _system_post_cinit                         
00000dcd  _Z14BufferMuestrasv                        
00000e31  T32_INT2_IRQHandler                        
00000e31  T32_INT2_IRQHandler                        
00000e8d  PORT4_IRQHandler                           
00000e8d  PORT4_IRQHandler                           
00000ee5  I2C_masterSendMultiByteFinish              
00000f39  _Z11StillCryingv                           
00000f8d  _c_int00                                   
00000fe1  C$$EXIT                                    
00000fe5  abort                                      
00000fed  exit                                       
00001035  ADC14_IRQHandler                           
00001035  ADC14_IRQHandler                           
00001085  GPIO_setAsPeripheralModuleFunctionOutputPin
000010d1  _Z10ParpadeoOnv                            
0000111d  copy_in                                    
00001169  _Z11I2C_write16hj                          
000011b1  _Z18MemoryLightsTogglev                    
00001241  I2C_masterSendMultiByteStart               
00001281  I2C_initMaster                             
000012c1  _Z13EstadoInicialv                         
000012fd  _Z14MemoryLightsOnv                        
00001339  _Z15MemoryLightsOffv                       
00001375  __aeabi_f2d                                
000013ad  I2C_masterReceiveMultiByteFinish           
000013dd  I2C_masterSendMultiByteStop                
0000143d  I2C_masterSendMultiByteNext                
00001461  T32_INT1_IRQHandler                        
00001461  T32_INT1_IRQHandler                        
00001481  _Z8I2C_initv                               
000014a1  _Z12I2C_setslavej                          
000014bd  _Z13Init_I2C_GPIOv                         
000014d5  _args_main                                 
000014ed  I2C_isBusBusy                              
00001501  _Z12OPT3001_initv                          
00001515  _register_unlock                           
0000151b  _register_lock                             
00001523  _nop                                       
00001529  I2C_masterReceiveStart                     
00001539  I2C_clearInterruptFlag                     
00001547  I2C_setMode                                
00001555  __TI_decompress_none                       
00001563  I2C_disableModule                          
0000156f  I2C_enableModule                           
0000157b  Reset_Handler                              
00001587  __TI_zero_init                             
00001593  I2C_getInterruptStatus                     
00001599  I2C_masterReceiveMultiByteNext             
0000159f  I2C_setSlaveAddress                        
000015a3  _system_pre_init                           
00001614  __TI_Handler_Table_Base                    
00001620  __TI_Handler_Table_Limit                   
00001628  __TI_CINIT_Base                            
00001638  __TI_CINIT_Limit                           
20000000  v_fmuestras                                
20000050  v_fsonido                                  
20000064  g_flux                                     
20000068  g_fstillcrying                             
20000070  l_icounter                                 
20000074  g_ilamps                                   
20000078  ADC14Result                                
2000007c  ADCResult                                  
20000080  u_imuestras_counter                        
20000084  u_isonido_counter                          
20000088  u_fmuestras_avg                            
20000090  u_fpromedio                                
20000098  verify                                     
2000009c  g_fmemorizeavg                             
200000a0  __TI_cleanup_ptr                           
200000a4  __TI_dtors_ptr                             
200000a8  __TI_enable_exit_profile_output            
200000ac  _lock                                      
200000b0  _unlock                                    
200000b4  main_func_sp                               
2000fe00  __stack                                    
20010000  __STACK_END                                
4000480c  WDTCTL_SYM                                 
ffffffff  __TI_pprof_out_hndl                        
ffffffff  __TI_prof_data_size                        
ffffffff  __TI_prof_data_start                       
ffffffff  __binit__                                  
ffffffff  __c_args__                                 
ffffffff  binit                                      
UNDEFED   SHT$$INIT_ARRAY$$Base                      
UNDEFED   SHT$$INIT_ARRAY$$Limit                     

[163 symbols]
