******************************************************************************
                  TI ARM Linker PC v16.9.4                     
******************************************************************************
>> Linked Thu Sep 07 22:49:20 2017

OUTPUT FILE NAME:   <boostxl_edumkii_lightsensor_msp432p401r_MSP_EXP432P401R_nortos_ccs.out>
ENTRY POINT SYMBOL: "_c_int00"  address: 00002ae1


MEMORY CONFIGURATION

         name            origin    length      used     unused   attr    fill
----------------------  --------  ---------  --------  --------  ----  --------
  MAIN                  00000000   00040000  0000399c  0003c664  R  X
  INFO                  00200000   00004000  00000000  00004000  R  X
  SRAM_CODE             01000000   00010000  00000266  0000fd9a  RW X
  SRAM_DATA             20000000   00010000  00000266  0000fd9a  RW  


SEGMENT ALLOCATION MAP

run origin  load origin   length   init length attrs members
----------  ----------- ---------- ----------- ----- -------
00000000    00000000    000039a0   000039a0    r-x
  00000000    00000000    000000e4   000000e4    r-- .intvecs
  000000e4    000000e4    0000330c   0000330c    r-x .text
  000033f0    000033f0    00000564   00000564    r-- .const
  00003958    00003958    00000048   00000048    r-- .cinit
20000000    20000000    00000066   00000000    rw-
  20000000    20000000    0000003c   00000000    rw- .data
  2000003c    2000003c    0000002a   00000000    rw- .bss
2000fe00    2000fe00    00000200   00000000    rw-
  2000fe00    2000fe00    00000200   00000000    rw- .stack


SECTION ALLOCATION MAP

 output                                  attributes/
section   page    origin      length       input sections
--------  ----  ----------  ----------   ----------------
.intvecs   0    00000000    000000e4     
                  00000000    000000e4     startup_msp432p401r_ccs.obj (.intvecs:retain)

.binit     0    00000000    00000000     

.text      0    000000e4    0000330c     
                  000000e4    0000113e     rtsv7M4_T_le_v4SPD16_eabi.lib : _printfi.obj (.text)
                  00001222    000002d0     grlib.lib : string.o (.text:Graphics_drawString)
                  000014f2    00000002     startup_msp432p401r_ccs.obj (.text:Default_Handler)
                  000014f4    00000258     lightsensor.obj (.text:main)
                  0000174c    000001f4     rtsv7M4_T_le_v4SPD16_eabi.lib : ull_div_t2.obj (.text)
                  00001940    000001d8     Crystalfontz128x128_ST7735.obj (.text:Crystalfontz128x128_PixelDrawMultiple)
                  00001b18    000001b6     rtsv7M4_T_le_v4SPD16_eabi.lib : fd_add_t2.obj (.text)
                  00001cce    00000136                                   : fd_div_t2.obj (.text)
                  00001e04    00000134     Crystalfontz128x128_ST7735.obj (.text:Crystalfontz128x128_SetDrawFrame)
                  00001f38    0000012c     Crystalfontz128x128_ST7735.obj (.text:Crystalfontz128x128_Init)
                  00002064    000000fc     rtsv7M4_T_le_v4SPD16_eabi.lib : fd_mul_t2.obj (.text)
                  00002160    000000fc                                   : s_scalbn.obj (.text)
                  0000225c    000000d8     HAL_OPT3001.obj (.text:OPT3001_getLux)
                  00002334    0000009c     Crystalfontz128x128_ST7735.obj (.text:Crystalfontz128x128_RectFill)
                  000023d0    0000009c     rtsv7M4_T_le_v4SPD16_eabi.lib : memcpy_t2.obj (.text)
                  0000246c    0000008c     HAL_I2C.obj (.text:I2C_read16)
                  000024f8    00000086     rtsv7M4_T_le_v4SPD16_eabi.lib : fd_cmp_t2.obj (.text:__aeabi_cdcmple)
                  0000257e    00000086                                   : fd_cmp_t2.obj (.text:__aeabi_cdrcmple)
                  00002604    0000007c     msp432p4xx_driverlib.lib : spi.obj (.text:SPI_initMaster)
                  00002680    0000007a     rtsv7M4_T_le_v4SPD16_eabi.lib : memset_t2.obj (.text)
                  000026fa    00000002                                   : mpu_init.obj (.text)
                  000026fc    00000078     system_msp432p401r.obj (.text:SystemInit)
                  00002774    00000070     rtsv7M4_T_le_v4SPD16_eabi.lib : autoinit.obj (.text)
                  000027e4    00000068     grlib.lib : string.o (.text:Graphics_getStringWidth)
                  0000284c    00000068     rtsv7M4_T_le_v4SPD16_eabi.lib : copy_decompress_lzss.obj (.text:decompress:lzss)
                  000028b4    00000064                                   : s_frexp.obj (.text)
                  00002918    00000060     Crystalfontz128x128_ST7735.obj (.text:Crystalfontz128x128_LineDrawH)
                  00002978    00000060     Crystalfontz128x128_ST7735.obj (.text:Crystalfontz128x128_LineDrawV)
                  000029d8    00000060     rtsv7M4_T_le_v4SPD16_eabi.lib : sprintf.obj (.text)
                  00002a38    00000054     Crystalfontz128x128_ST7735.obj (.text:Crystalfontz128x128_SetOrientation)
                  00002a8c    00000054     msp432p4xx_driverlib.lib : i2c.obj (.text:I2C_masterSendMultiByteFinish)
                  00002ae0    00000054     rtsv7M4_T_le_v4SPD16_eabi.lib : boot.obj (.text)
                  00002b34    00000054                                   : exit.obj (.text)
                  00002b88    00000054                                   : ltoa.obj (.text)
                  00002bdc    0000004c     msp432p4xx_driverlib.lib : gpio.obj (.text:GPIO_setAsPeripheralModuleFunctionOutputPin)
                  00002c28    0000004c     rtsv7M4_T_le_v4SPD16_eabi.lib : atoi.obj (.text)
                  00002c74    0000004c                                   : cpy_tbl.obj (.text)
                  00002cc0    0000004a     grlib.lib : line.o (.text:Graphics_drawLineH)
                  00002d0a    00000002     rtsv7M4_T_le_v4SPD16_eabi.lib : startup.obj (.text)
                  00002d0c    00000048     HAL_I2C.obj (.text:I2C_write16)
                  00002d54    00000048     rtsv7M4_T_le_v4SPD16_eabi.lib : fd_toi_t2.obj (.text)
                  00002d9c    00000044                                   : fd_tou_t2.obj (.text)
                  00002de0    00000040     Crystalfontz128x128_ST7735.obj (.text:Crystalfontz128x128_PixelDraw)
                  00002e20    00000040     HAL_MSP_EXP432P401R_Crystalfontz128x128_ST7735.obj (.text:HAL_LCD_SpiInit)
                  00002e60    00000040     msp432p4xx_driverlib.lib : i2c.obj (.text:I2C_masterSendMultiByteStart)
                  00002ea0    0000003e                              : i2c.obj (.text:I2C_initMaster)
                  00002ede    00000038     grlib.lib : string.o (.text:Graphics_drawStringCentered)
                  00002f16    00000002     --HOLE-- [fill = 0]
                  00002f18    00000038     HAL_MSP_EXP432P401R_Crystalfontz128x128_ST7735.obj (.text:HAL_LCD_writeCommand)
                  00002f50    00000038     rtsv7M4_T_le_v4SPD16_eabi.lib : fs_tod_t2.obj (.text)
                  00002f88    00000030     HAL_MSP_EXP432P401R_Crystalfontz128x128_ST7735.obj (.text:HAL_LCD_PortInit)
                  00002fb8    00000030     msp432p4xx_driverlib.lib : i2c.obj (.text:I2C_masterReceiveMultiByteFinish)
                  00002fe8    00000030                              : i2c.obj (.text:I2C_masterSendMultiByteStop)
                  00003018    00000030                              : spi.obj (.text:is_A_Module)
                  00003048    0000002e     rtsv7M4_T_le_v4SPD16_eabi.lib : i_tofd_t2.obj (.text)
                  00003076    00000002     --HOLE-- [fill = 0]
                  00003078    0000002c     Crystalfontz128x128_ST7735.obj (.text:Crystalfontz128x128_ClearScreen)
                  000030a4    0000002c     HAL_MSP_EXP432P401R_Crystalfontz128x128_ST7735.obj (.text:HAL_LCD_writeData)
                  000030d0    00000028     Crystalfontz128x128_ST7735.obj (.text:Crystalfontz128x128_ColorTranslate)
                  000030f8    00000026     msp432p4xx_driverlib.lib : timer_a.obj (.text:Timer_A_initCompare)
                  0000311e    00000002     --HOLE-- [fill = 0]
                  00003120    00000024                              : gpio.obj (.text:GPIO_setAsOutputPin)
                  00003144    00000024                              : i2c.obj (.text:I2C_masterSendMultiByteNext)
                  00003168    00000022     grlib.lib : context.o (.text:Graphics_initContext)
                  0000318a    00000002     --HOLE-- [fill = 0]
                  0000318c    00000020     HAL_I2C.obj (.text:I2C_init)
                  000031ac    0000001c     HAL_I2C.obj (.text:I2C_setslave)
                  000031c8    0000001c     rtsv7M4_T_le_v4SPD16_eabi.lib : memccpy.obj (.text)
                  000031e4    0000001a     grlib.lib : string.o (.text:Graphics_getNumberOfLeadingZeros)
                  000031fe    0000001a     msp432p4xx_driverlib.lib : spi.obj (.text:SPI_enableModule)
                  00003218    00000018                              : gpio.obj (.text:GPIO_setOutputLowOnPin)
                  00003230    00000018     HAL_I2C.obj (.text:Init_I2C_GPIO)
                  00003248    00000018     rtsv7M4_T_le_v4SPD16_eabi.lib : args_main.obj (.text)
                  00003260    00000016     grlib.lib : display.o (.text:Graphics_drawHorizontalLineOnDisplay)
                  00003276    00000016     rtsv7M4_T_le_v4SPD16_eabi.lib : strchr.obj (.text)
                  0000328c    00000014     msp432p4xx_driverlib.lib : gpio.obj (.text:GPIO_setOutputHighOnPin)
                  000032a0    00000014                              : i2c.obj (.text:I2C_isBusBusy)
                  000032b4    00000014     HAL_OPT3001.obj (.text:OPT3001_init)
                  000032c8    00000014     rtsv7M4_T_le_v4SPD16_eabi.lib : _lock.obj (.text)
                  000032dc    00000014                                   : s_copysign.obj (.text)
                  000032f0    00000014                                   : strlen.obj (.text)
                  00003304    00000010     msp432p4xx_driverlib.lib : i2c.obj (.text:I2C_masterReceiveStart)
                  00003314    0000000e     grlib.lib : display.o (.text:Graphics_drawPixelOnDisplay)
                  00003322    0000000e               : context.o (.text:Graphics_setBackgroundColor)
                  00003330    0000000e               : context.o (.text:Graphics_setForegroundColor)
                  0000333e    0000000e     msp432p4xx_driverlib.lib : i2c.obj (.text:I2C_clearInterruptFlag)
                  0000334c    0000000e                              : i2c.obj (.text:I2C_setMode)
                  0000335a    0000000e     rtsv7M4_T_le_v4SPD16_eabi.lib : copy_decompress_none.obj (.text:decompress:none)
                  00003368    0000000c     msp432p4xx_driverlib.lib : spi.obj (.text:EUSCI_A_SPI_enable)
                  00003374    0000000c                              : spi.obj (.text:EUSCI_B_SPI_enable)
                  00003380    0000000c                              : i2c.obj (.text:I2C_disableModule)
                  0000338c    0000000c                              : i2c.obj (.text:I2C_enableModule)
                  00003398    0000000c     startup_msp432p401r_ccs.obj (.text:Reset_Handler)
                  000033a4    0000000c     rtsv7M4_T_le_v4SPD16_eabi.lib : copy_zero_init.obj (.text:decompress:ZI)
                  000033b0    0000000a     Crystalfontz128x128_ST7735.obj (.text:Crystalfontz128x128_Flush)
                  000033ba    0000000a     grlib.lib : context.o (.text:Graphics_clearDisplay)
                  000033c4    0000000a               : display.o (.text:Graphics_clearDisplayOnDisplay)
                  000033ce    0000000a               : display.o (.text:Graphics_translateColorOnDisplay)
                  000033d8    00000006     msp432p4xx_driverlib.lib : i2c.obj (.text:I2C_getInterruptStatus)
                  000033de    00000006                              : i2c.obj (.text:I2C_masterReceiveMultiByteNext)
                  000033e4    00000004     grlib.lib : context.o (.text:Graphics_setFont)
                  000033e8    00000004     msp432p4xx_driverlib.lib : i2c.obj (.text:I2C_setSlaveAddress)
                  000033ec    00000004     rtsv7M4_T_le_v4SPD16_eabi.lib : pre_init.obj (.text)

.const     0    000033f0    00000564     
                  000033f0    000002f8     fontfixed6x8.obj (.const:.string:g_pucFontFixed6x8Data)
                  000036e8    00000101     rtsv7M4_T_le_v4SPD16_eabi.lib : ctype.obj (.const:.string:_ctypes_)
                  000037e9    00000003     --HOLE-- [fill = 0]
                  000037ec    000000c8     fontfixed6x8.obj (.const:g_sFontFixed6x8)
                  000038b4    00000030     msp432p4xx_driverlib.lib : gpio.obj (.const:GPIO_PORT_TO_BASE)
                  000038e4    00000020     Crystalfontz128x128_ST7735.obj (.const:g_sCrystalfontz128x128_funcs)
                  00003904    0000001c     HAL_MSP_EXP432P401R_Crystalfontz128x128_ST7735.obj (.const:$P$T0$1)
                  00003920    00000018     lightsensor.obj (.const:upConfig)
                  00003938    00000014     HAL_I2C.obj (.const:i2cConfig)
                  0000394c    00000008     Crystalfontz128x128_ST7735.obj (.const:$P$T0$1)

.cinit     0    00003958    00000048     
                  00003958    00000021     (.cinit..data.load) [load image, compression = lzss]
                  00003979    00000003     --HOLE-- [fill = 0]
                  0000397c    0000000c     (__TI_handler_table)
                  00003988    00000008     (.cinit..bss.load) [load image, compression = zero_init]
                  00003990    00000010     (__TI_cinit_table)

.init_array 
*          0    00000000    00000000     UNINITIALIZED

.data      0    20000000    0000003c     UNINITIALIZED
                  20000000    00000010     lightsensor.obj (.data:compareConfig_PWM)
                  20000010    00000010     Crystalfontz128x128_ST7735.obj (.data:g_sCrystalfontz128x128)
                  20000020    0000000c     rtsv7M4_T_le_v4SPD16_eabi.lib : exit.obj (.data:$O1$$)
                  2000002c    00000008                                   : _lock.obj (.data:$O1$$)
                  20000034    00000004                                   : errno.obj (.data)
                  20000038    00000004                                   : stkdepth_vars.obj (.data)

.bss       0    2000003c    0000002a     UNINITIALIZED
                  2000003c    0000001c     (.common:g_sContext)
                  20000058    00000004     (.common:lux)
                  2000005c    00000002     (.common:Lcd_ScreenHeigth)
                  2000005e    00000002     (.common:Lcd_ScreenWidth)
                  20000060    00000002     (.common:Lcd_TouchTrim)
                  20000062    00000001     (.common:Lcd_FlagRead)
                  20000063    00000001     (.common:Lcd_FontSolid)
                  20000064    00000001     (.common:Lcd_Orientation)
                  20000065    00000001     (.common:Lcd_PenSolid)

.stack     0    2000fe00    00000200     UNINITIALIZED
                  2000fe00    00000200     --HOLE--

MODULE SUMMARY

       Module                                               code    ro data   rw data
       ------                                               ----    -------   -------
    .\
       lightsensor.obj                                      600     24        96     
       HAL_I2C.obj                                          296     20        0      
       HAL_OPT3001.obj                                      236     0         0      
       system_msp432p401r.obj                               120     0         0      
    +--+----------------------------------------------------+-------+---------+---------+
       Total:                                               1252    44        96     
                                                                                     
    .\LcdDriver\
       Crystalfontz128x128_ST7735.obj                       1670    40        52     
       HAL_MSP_EXP432P401R_Crystalfontz128x128_ST7735.obj   212     28        0      
    +--+----------------------------------------------------+-------+---------+---------+
       Total:                                               1882    68        52     
                                                                                     
    .\ccs\
       startup_msp432p401r_ccs.obj                          14      228       0      
    +--+----------------------------------------------------+-------+---------+---------+
       Total:                                               14      228       0      
                                                                                     
    .\fonts\
       fontfixed6x8.obj                                     0       960       0      
    +--+----------------------------------------------------+-------+---------+---------+
       Total:                                               0       960       0      
                                                                                     
    C:/ti/simplelink_msp432_sdk_1_40_01_00/source/ti/devices/msp432p4xx/driverlib/ccs/msp432p4xx_driverlib.lib
       i2c.obj                                              446     0         0      
       spi.obj                                              222     0         0      
       gpio.obj                                             156     48        0      
       timer_a.obj                                          38      0         0      
    +--+----------------------------------------------------+-------+---------+---------+
       Total:                                               862     48        0      
                                                                                     
    C:/ti/simplelink_msp432_sdk_1_40_01_00/source/ti/grlib/ccs/grlib.lib
       string.o                                             906     0         0      
       context.o                                            76      0         0      
       line.o                                               74      0         0      
       display.o                                            56      0         0      
    +--+----------------------------------------------------+-------+---------+---------+
       Total:                                               1112    0         0      
                                                                                     
    C:\ti\ccsv7\tools\compiler\ti-cgt-arm_16.9.4.LTS\lib\rtsv7M4_T_le_v4SPD16_eabi.lib
       _printfi.obj                                         4414    0         0      
       ull_div_t2.obj                                       500     0         0      
       fd_add_t2.obj                                        438     0         0      
       fd_div_t2.obj                                        310     0         0      
       fd_cmp_t2.obj                                        268     0         0      
       ctype.obj                                            0       257       0      
       fd_mul_t2.obj                                        252     0         0      
       s_scalbn.obj                                         252     0         0      
       memcpy_t2.obj                                        156     0         0      
       memset_t2.obj                                        122     0         0      
       autoinit.obj                                         112     0         0      
       exit.obj                                             84      0         24     
       copy_decompress_lzss.obj                             104     0         0      
       s_frexp.obj                                          100     0         0      
       sprintf.obj                                          96      0         0      
       boot.obj                                             84      0         0      
       ltoa.obj                                             84      0         0      
       atoi.obj                                             76      0         0      
       cpy_tbl.obj                                          76      0         0      
       fd_toi_t2.obj                                        72      0         0      
       fd_tou_t2.obj                                        68      0         0      
       fs_tod_t2.obj                                        56      0         0      
       i_tofd_t2.obj                                        46      0         0      
       _lock.obj                                            20      0         16     
       memccpy.obj                                          28      0         0      
       args_main.obj                                        24      0         0      
       strchr.obj                                           22      0         0      
       s_copysign.obj                                       20      0         0      
       strlen.obj                                           20      0         0      
       copy_decompress_none.obj                             14      0         0      
       copy_zero_init.obj                                   12      0         0      
       errno.obj                                            0       0         8      
       stkdepth_vars.obj                                    0       0         8      
       pre_init.obj                                         4       0         0      
       mpu_init.obj                                         2       0         0      
       startup.obj                                          2       0         0      
    +--+----------------------------------------------------+-------+---------+---------+
       Total:                                               7938    257       56     
                                                                                     
       Stack:                                               0       0         1024   
       Linker Generated:                                    0       69        0      
    +--+----------------------------------------------------+-------+---------+---------+
       Grand Total:                                         13060   1674      1228   


LINKER GENERATED COPY TABLES

__TI_cinit_table @ 00003990 records: 2, size/record: 8, table size: 16
	.data: load addr=00003958, load size=00000021 bytes, run addr=20000000, run size=0000003c bytes, compression=lzss
	.bss: load addr=00003988, load size=00000008 bytes, run addr=2000003c, run size=0000002a bytes, compression=zero_init


LINKER GENERATED HANDLER TABLE

__TI_handler_table @ 0000397c records: 3, size/record: 4, table size: 12
	index: 0, handler: __TI_decompress_lzss
	index: 1, handler: __TI_decompress_none
	index: 2, handler: __TI_zero_init


GLOBAL SYMBOLS: SORTED ALPHABETICALLY BY Name 

address   name                                       
-------   ----                                       
000014f3  ADC14_IRQHandler                           
000014f3  AES256_IRQHandler                          
000014f3  BusFault_Handler                           
00002b35  C$$EXIT                                    
000014f3  COMP_E0_IRQHandler                         
000014f3  COMP_E1_IRQHandler                         
000014f3  CS_IRQHandler                              
00001f39  Crystalfontz128x128_Init                   
00001e05  Crystalfontz128x128_SetDrawFrame           
00002a39  Crystalfontz128x128_SetOrientation         
000014f3  DMA_ERR_IRQHandler                         
000014f3  DMA_INT0_IRQHandler                        
000014f3  DMA_INT1_IRQHandler                        
000014f3  DMA_INT2_IRQHandler                        
000014f3  DMA_INT3_IRQHandler                        
000014f3  DebugMon_Handler                           
000014f3  Default_Handler                            
000014f3  EUSCIA0_IRQHandler                         
000014f3  EUSCIA1_IRQHandler                         
000014f3  EUSCIA2_IRQHandler                         
000014f3  EUSCIA3_IRQHandler                         
000014f3  EUSCIB0_IRQHandler                         
000014f3  EUSCIB1_IRQHandler                         
000014f3  EUSCIB2_IRQHandler                         
000014f3  EUSCIB3_IRQHandler                         
00003369  EUSCI_A_SPI_enable                         
00003375  EUSCI_B_SPI_enable                         
000014f3  FLCTL_IRQHandler                           
000014f3  FPU_IRQHandler                             
00003121  GPIO_setAsOutputPin                        
00002bdd  GPIO_setAsPeripheralModuleFunctionOutputPin
0000328d  GPIO_setOutputHighOnPin                    
00003219  GPIO_setOutputLowOnPin                     
000033bb  Graphics_clearDisplay                      
000033c5  Graphics_clearDisplayOnDisplay             
00003261  Graphics_drawHorizontalLineOnDisplay       
00002cc1  Graphics_drawLineH                         
00003315  Graphics_drawPixelOnDisplay                
00001223  Graphics_drawString                        
00002edf  Graphics_drawStringCentered                
000027e5  Graphics_getStringWidth                    
00003169  Graphics_initContext                       
00003323  Graphics_setBackgroundColor                
000033e5  Graphics_setFont                           
00003331  Graphics_setForegroundColor                
000033cf  Graphics_translateColorOnDisplay           
00002f89  HAL_LCD_PortInit                           
00002e21  HAL_LCD_SpiInit                            
00002f19  HAL_LCD_writeCommand                       
000030a5  HAL_LCD_writeData                          
000014f3  HardFault_Handler                          
0000333f  I2C_clearInterruptFlag                     
00003381  I2C_disableModule                          
0000338d  I2C_enableModule                           
000033d9  I2C_getInterruptStatus                     
0000318d  I2C_init                                   
00002ea1  I2C_initMaster                             
000032a1  I2C_isBusBusy                              
00002fb9  I2C_masterReceiveMultiByteFinish           
000033df  I2C_masterReceiveMultiByteNext             
00003305  I2C_masterReceiveStart                     
00002a8d  I2C_masterSendMultiByteFinish              
00003145  I2C_masterSendMultiByteNext                
00002e61  I2C_masterSendMultiByteStart               
00002fe9  I2C_masterSendMultiByteStop                
0000246d  I2C_read16                                 
0000334d  I2C_setMode                                
000033e9  I2C_setSlaveAddress                        
000031ad  I2C_setslave                               
00002d0d  I2C_write16                                
00003231  Init_I2C_GPIO                              
20000062  Lcd_FlagRead                               
20000063  Lcd_FontSolid                              
20000064  Lcd_Orientation                            
20000065  Lcd_PenSolid                               
2000005c  Lcd_ScreenHeigth                           
2000005e  Lcd_ScreenWidth                            
20000060  Lcd_TouchTrim                              
000014f3  MemManage_Handler                          
000014f3  NMI_Handler                                
0000225d  OPT3001_getLux                             
000032b5  OPT3001_init                               
000014f3  PCM_IRQHandler                             
000014f3  PORT1_IRQHandler                           
000014f3  PORT2_IRQHandler                           
000014f3  PORT3_IRQHandler                           
000014f3  PORT4_IRQHandler                           
000014f3  PORT5_IRQHandler                           
000014f3  PORT6_IRQHandler                           
000014f3  PSS_IRQHandler                             
000014f3  PendSV_Handler                             
000014f3  RTC_C_IRQHandler                           
00003399  Reset_Handler                              
UNDEFED   SHT$$INIT_ARRAY$$Base                      
UNDEFED   SHT$$INIT_ARRAY$$Limit                     
000031ff  SPI_enableModule                           
00002605  SPI_initMaster                             
000014f3  SVC_Handler                                
000014f3  SysTick_Handler                            
000026fd  SystemInit                                 
000014f3  T32_INT1_IRQHandler                        
000014f3  T32_INT2_IRQHandler                        
000014f3  T32_INTC_IRQHandler                        
000014f3  TA0_0_IRQHandler                           
000014f3  TA0_N_IRQHandler                           
000014f3  TA1_0_IRQHandler                           
000014f3  TA1_N_IRQHandler                           
000014f3  TA2_0_IRQHandler                           
000014f3  TA2_N_IRQHandler                           
000014f3  TA3_0_IRQHandler                           
000014f3  TA3_N_IRQHandler                           
000030f9  Timer_A_initCompare                        
000014f3  UsageFault_Handler                         
4000480c  WDTCTL_SYM                                 
000014f3  WDT_A_IRQHandler                           
20010000  __STACK_END                                
00000200  __STACK_SIZE                               
00003990  __TI_CINIT_Base                            
000039a0  __TI_CINIT_Limit                           
0000397c  __TI_Handler_Table_Base                    
00003988  __TI_Handler_Table_Limit                   
00002775  __TI_auto_init                             
20000020  __TI_cleanup_ptr                           
0000284d  __TI_decompress_lzss                       
0000335b  __TI_decompress_none                       
20000024  __TI_dtors_ptr                             
20000028  __TI_enable_exit_profile_output            
ffffffff  __TI_pprof_out_hndl                        
00000929  __TI_printfi                               
ffffffff  __TI_prof_data_size                        
ffffffff  __TI_prof_data_start                       
00000000  __TI_static_base__                         
000033a5  __TI_zero_init                             
000024f9  __aeabi_cdcmpeq                            
000024f9  __aeabi_cdcmple                            
0000257f  __aeabi_cdrcmple                           
00002d55  __aeabi_d2iz                               
00002d9d  __aeabi_d2uiz                              
00001b23  __aeabi_dadd                               
00001ccf  __aeabi_ddiv                               
00002065  __aeabi_dmul                               
00001b19  __aeabi_dsub                               
00002f51  __aeabi_f2d                                
00003049  __aeabi_i2d                                
00002681  __aeabi_memclr                             
00002681  __aeabi_memclr4                            
00002681  __aeabi_memclr8                            
000023d1  __aeabi_memcpy                             
000023d1  __aeabi_memcpy4                            
000023d1  __aeabi_memcpy8                            
00002683  __aeabi_memset                             
00002683  __aeabi_memset4                            
00002683  __aeabi_memset8                            
0000174d  __aeabi_uldivmod                           
ffffffff  __binit__                                  
ffffffff  __c_args__                                 
000026fb  __mpu_init                                 
2000fe00  __stack                                    
00003249  _args_main                                 
00002ae1  _c_int00                                   
000036e8  _ctypes_                                   
2000002c  _lock                                      
000032d7  _nop                                       
000032cf  _register_lock                             
000032c9  _register_unlock                           
00002d0b  _system_post_cinit                         
000033ed  _system_pre_init                           
20000030  _unlock                                    
00002b39  abort                                      
00002c29  atoi                                       
ffffffff  binit                                      
20000000  compareConfig_PWM                          
00002c75  copy_in                                    
000032dd  copysign                                   
000032dd  copysignl                                  
20000034  errno                                      
00002b41  exit                                       
000028b5  frexp                                      
000028b5  frexpl                                     
2000003c  g_sContext                                 
20000010  g_sCrystalfontz128x128                     
000038e4  g_sCrystalfontz128x128_funcs               
000037ec  g_sFontFixed6x8                            
00003938  i2cConfig                                  
00000000  interruptVectors                           
00002161  ldexp                                      
00002161  ldexpl                                     
00002b89  ltoa                                       
20000058  lux                                        
000014f5  main                                       
20000038  main_func_sp                               
000031c9  memccpy                                    
000023d1  memcpy                                     
00002689  memset                                     
00002161  scalbn                                     
00002161  scalbnl                                    
000029d9  sprintf                                    
00003277  strchr                                     
000032f1  strlen                                     
00003920  upConfig                                   


GLOBAL SYMBOLS: SORTED BY Symbol Address 

address   name                                       
-------   ----                                       
00000000  __TI_static_base__                         
00000000  interruptVectors                           
00000200  __STACK_SIZE                               
00000929  __TI_printfi                               
00001223  Graphics_drawString                        
000014f3  ADC14_IRQHandler                           
000014f3  AES256_IRQHandler                          
000014f3  BusFault_Handler                           
000014f3  COMP_E0_IRQHandler                         
000014f3  COMP_E1_IRQHandler                         
000014f3  CS_IRQHandler                              
000014f3  DMA_ERR_IRQHandler                         
000014f3  DMA_INT0_IRQHandler                        
000014f3  DMA_INT1_IRQHandler                        
000014f3  DMA_INT2_IRQHandler                        
000014f3  DMA_INT3_IRQHandler                        
000014f3  DebugMon_Handler                           
000014f3  Default_Handler                            
000014f3  EUSCIA0_IRQHandler                         
000014f3  EUSCIA1_IRQHandler                         
000014f3  EUSCIA2_IRQHandler                         
000014f3  EUSCIA3_IRQHandler                         
000014f3  EUSCIB0_IRQHandler                         
000014f3  EUSCIB1_IRQHandler                         
000014f3  EUSCIB2_IRQHandler                         
000014f3  EUSCIB3_IRQHandler                         
000014f3  FLCTL_IRQHandler                           
000014f3  FPU_IRQHandler                             
000014f3  HardFault_Handler                          
000014f3  MemManage_Handler                          
000014f3  NMI_Handler                                
000014f3  PCM_IRQHandler                             
000014f3  PORT1_IRQHandler                           
000014f3  PORT2_IRQHandler                           
000014f3  PORT3_IRQHandler                           
000014f3  PORT4_IRQHandler                           
000014f3  PORT5_IRQHandler                           
000014f3  PORT6_IRQHandler                           
000014f3  PSS_IRQHandler                             
000014f3  PendSV_Handler                             
000014f3  RTC_C_IRQHandler                           
000014f3  SVC_Handler                                
000014f3  SysTick_Handler                            
000014f3  T32_INT1_IRQHandler                        
000014f3  T32_INT2_IRQHandler                        
000014f3  T32_INTC_IRQHandler                        
000014f3  TA0_0_IRQHandler                           
000014f3  TA0_N_IRQHandler                           
000014f3  TA1_0_IRQHandler                           
000014f3  TA1_N_IRQHandler                           
000014f3  TA2_0_IRQHandler                           
000014f3  TA2_N_IRQHandler                           
000014f3  TA3_0_IRQHandler                           
000014f3  TA3_N_IRQHandler                           
000014f3  UsageFault_Handler                         
000014f3  WDT_A_IRQHandler                           
000014f5  main                                       
0000174d  __aeabi_uldivmod                           
00001b19  __aeabi_dsub                               
00001b23  __aeabi_dadd                               
00001ccf  __aeabi_ddiv                               
00001e05  Crystalfontz128x128_SetDrawFrame           
00001f39  Crystalfontz128x128_Init                   
00002065  __aeabi_dmul                               
00002161  ldexp                                      
00002161  ldexpl                                     
00002161  scalbn                                     
00002161  scalbnl                                    
0000225d  OPT3001_getLux                             
000023d1  __aeabi_memcpy                             
000023d1  __aeabi_memcpy4                            
000023d1  __aeabi_memcpy8                            
000023d1  memcpy                                     
0000246d  I2C_read16                                 
000024f9  __aeabi_cdcmpeq                            
000024f9  __aeabi_cdcmple                            
0000257f  __aeabi_cdrcmple                           
00002605  SPI_initMaster                             
00002681  __aeabi_memclr                             
00002681  __aeabi_memclr4                            
00002681  __aeabi_memclr8                            
00002683  __aeabi_memset                             
00002683  __aeabi_memset4                            
00002683  __aeabi_memset8                            
00002689  memset                                     
000026fb  __mpu_init                                 
000026fd  SystemInit                                 
00002775  __TI_auto_init                             
000027e5  Graphics_getStringWidth                    
0000284d  __TI_decompress_lzss                       
000028b5  frexp                                      
000028b5  frexpl                                     
000029d9  sprintf                                    
00002a39  Crystalfontz128x128_SetOrientation         
00002a8d  I2C_masterSendMultiByteFinish              
00002ae1  _c_int00                                   
00002b35  C$$EXIT                                    
00002b39  abort                                      
00002b41  exit                                       
00002b89  ltoa                                       
00002bdd  GPIO_setAsPeripheralModuleFunctionOutputPin
00002c29  atoi                                       
00002c75  copy_in                                    
00002cc1  Graphics_drawLineH                         
00002d0b  _system_post_cinit                         
00002d0d  I2C_write16                                
00002d55  __aeabi_d2iz                               
00002d9d  __aeabi_d2uiz                              
00002e21  HAL_LCD_SpiInit                            
00002e61  I2C_masterSendMultiByteStart               
00002ea1  I2C_initMaster                             
00002edf  Graphics_drawStringCentered                
00002f19  HAL_LCD_writeCommand                       
00002f51  __aeabi_f2d                                
00002f89  HAL_LCD_PortInit                           
00002fb9  I2C_masterReceiveMultiByteFinish           
00002fe9  I2C_masterSendMultiByteStop                
00003049  __aeabi_i2d                                
000030a5  HAL_LCD_writeData                          
000030f9  Timer_A_initCompare                        
00003121  GPIO_setAsOutputPin                        
00003145  I2C_masterSendMultiByteNext                
00003169  Graphics_initContext                       
0000318d  I2C_init                                   
000031ad  I2C_setslave                               
000031c9  memccpy                                    
000031ff  SPI_enableModule                           
00003219  GPIO_setOutputLowOnPin                     
00003231  Init_I2C_GPIO                              
00003249  _args_main                                 
00003261  Graphics_drawHorizontalLineOnDisplay       
00003277  strchr                                     
0000328d  GPIO_setOutputHighOnPin                    
000032a1  I2C_isBusBusy                              
000032b5  OPT3001_init                               
000032c9  _register_unlock                           
000032cf  _register_lock                             
000032d7  _nop                                       
000032dd  copysign                                   
000032dd  copysignl                                  
000032f1  strlen                                     
00003305  I2C_masterReceiveStart                     
00003315  Graphics_drawPixelOnDisplay                
00003323  Graphics_setBackgroundColor                
00003331  Graphics_setForegroundColor                
0000333f  I2C_clearInterruptFlag                     
0000334d  I2C_setMode                                
0000335b  __TI_decompress_none                       
00003369  EUSCI_A_SPI_enable                         
00003375  EUSCI_B_SPI_enable                         
00003381  I2C_disableModule                          
0000338d  I2C_enableModule                           
00003399  Reset_Handler                              
000033a5  __TI_zero_init                             
000033bb  Graphics_clearDisplay                      
000033c5  Graphics_clearDisplayOnDisplay             
000033cf  Graphics_translateColorOnDisplay           
000033d9  I2C_getInterruptStatus                     
000033df  I2C_masterReceiveMultiByteNext             
000033e5  Graphics_setFont                           
000033e9  I2C_setSlaveAddress                        
000033ed  _system_pre_init                           
000036e8  _ctypes_                                   
000037ec  g_sFontFixed6x8                            
000038e4  g_sCrystalfontz128x128_funcs               
00003920  upConfig                                   
00003938  i2cConfig                                  
0000397c  __TI_Handler_Table_Base                    
00003988  __TI_Handler_Table_Limit                   
00003990  __TI_CINIT_Base                            
000039a0  __TI_CINIT_Limit                           
20000000  compareConfig_PWM                          
20000010  g_sCrystalfontz128x128                     
20000020  __TI_cleanup_ptr                           
20000024  __TI_dtors_ptr                             
20000028  __TI_enable_exit_profile_output            
2000002c  _lock                                      
20000030  _unlock                                    
20000034  errno                                      
20000038  main_func_sp                               
2000003c  g_sContext                                 
20000058  lux                                        
2000005c  Lcd_ScreenHeigth                           
2000005e  Lcd_ScreenWidth                            
20000060  Lcd_TouchTrim                              
20000062  Lcd_FlagRead                               
20000063  Lcd_FontSolid                              
20000064  Lcd_Orientation                            
20000065  Lcd_PenSolid                               
2000fe00  __stack                                    
20010000  __STACK_END                                
4000480c  WDTCTL_SYM                                 
ffffffff  __TI_pprof_out_hndl                        
ffffffff  __TI_prof_data_size                        
ffffffff  __TI_prof_data_start                       
ffffffff  __binit__                                  
ffffffff  __c_args__                                 
ffffffff  binit                                      
UNDEFED   SHT$$INIT_ARRAY$$Base                      
UNDEFED   SHT$$INIT_ARRAY$$Limit                     

[200 symbols]
