<?xml version="1.0"?>
<link_info>
   <banner>TI ARM Linker PC v16.9.4.LTS</banner>
   <copyright>Copyright (c) 1996-2017 Texas Instruments Incorporated</copyright>
   <link_time>0x59c436de</link_time>
   <link_errors>0xa</link_errors>
   <output_file>CodeShare.out</output_file>
   <entry_point>
      <name>_c_int00</name>
      <address>0xce5</address>
   </entry_point>
   <input_file_list>
      <input_file id="fl-2">
         <path>.\</path>
         <kind>object</kind>
         <file>HAL_I2C.obj</file>
         <name>HAL_I2C.obj</name>
      </input_file>
      <input_file id="fl-3">
         <path>.\</path>
         <kind>object</kind>
         <file>HAL_OPT3001.obj</file>
         <name>HAL_OPT3001.obj</name>
      </input_file>
      <input_file id="fl-4">
         <path>.\</path>
         <kind>object</kind>
         <file>main.obj</file>
         <name>main.obj</name>
      </input_file>
      <input_file id="fl-5">
         <path>.\</path>
         <kind>object</kind>
         <file>setup.obj</file>
         <name>setup.obj</name>
      </input_file>
      <input_file id="fl-6">
         <path>.\</path>
         <kind>object</kind>
         <file>system_msp432p401r.obj</file>
         <name>system_msp432p401r.obj</name>
      </input_file>
      <input_file id="fl-7">
         <path>.\LcdDriver\</path>
         <kind>object</kind>
         <file>Crystalfontz128x128_ST7735.obj</file>
         <name>Crystalfontz128x128_ST7735.obj</name>
      </input_file>
      <input_file id="fl-8">
         <path>.\LcdDriver\</path>
         <kind>object</kind>
         <file>HAL_MSP_EXP432P401R_Crystalfontz128x128_ST7735.obj</file>
         <name>HAL_MSP_EXP432P401R_Crystalfontz128x128_ST7735.obj</name>
      </input_file>
      <input_file id="fl-9">
         <path>.\ccs\</path>
         <kind>object</kind>
         <file>startup_msp432p401r_ccs.obj</file>
         <name>startup_msp432p401r_ccs.obj</name>
      </input_file>
      <input_file id="fl-a">
         <path>.\fonts\</path>
         <kind>object</kind>
         <file>fontcm12.obj</file>
         <name>fontcm12.obj</name>
      </input_file>
      <input_file id="fl-b">
         <path>.\fonts\</path>
         <kind>object</kind>
         <file>fontcm12b.obj</file>
         <name>fontcm12b.obj</name>
      </input_file>
      <input_file id="fl-c">
         <path>.\fonts\</path>
         <kind>object</kind>
         <file>fontcm12i.obj</file>
         <name>fontcm12i.obj</name>
      </input_file>
      <input_file id="fl-d">
         <path>.\fonts\</path>
         <kind>object</kind>
         <file>fontcm14.obj</file>
         <name>fontcm14.obj</name>
      </input_file>
      <input_file id="fl-e">
         <path>.\fonts\</path>
         <kind>object</kind>
         <file>fontcm14b.obj</file>
         <name>fontcm14b.obj</name>
      </input_file>
      <input_file id="fl-f">
         <path>.\fonts\</path>
         <kind>object</kind>
         <file>fontcm14i.obj</file>
         <name>fontcm14i.obj</name>
      </input_file>
      <input_file id="fl-10">
         <path>.\fonts\</path>
         <kind>object</kind>
         <file>fontcm16.obj</file>
         <name>fontcm16.obj</name>
      </input_file>
      <input_file id="fl-11">
         <path>.\fonts\</path>
         <kind>object</kind>
         <file>fontcm16b.obj</file>
         <name>fontcm16b.obj</name>
      </input_file>
      <input_file id="fl-12">
         <path>.\fonts\</path>
         <kind>object</kind>
         <file>fontcm16i.obj</file>
         <name>fontcm16i.obj</name>
      </input_file>
      <input_file id="fl-13">
         <path>.\fonts\</path>
         <kind>object</kind>
         <file>fontcm18.obj</file>
         <name>fontcm18.obj</name>
      </input_file>
      <input_file id="fl-14">
         <path>.\fonts\</path>
         <kind>object</kind>
         <file>fontcm18b.obj</file>
         <name>fontcm18b.obj</name>
      </input_file>
      <input_file id="fl-15">
         <path>.\fonts\</path>
         <kind>object</kind>
         <file>fontcm18i.obj</file>
         <name>fontcm18i.obj</name>
      </input_file>
      <input_file id="fl-16">
         <path>.\fonts\</path>
         <kind>object</kind>
         <file>fontcm20.obj</file>
         <name>fontcm20.obj</name>
      </input_file>
      <input_file id="fl-17">
         <path>.\fonts\</path>
         <kind>object</kind>
         <file>fontcm20b.obj</file>
         <name>fontcm20b.obj</name>
      </input_file>
      <input_file id="fl-18">
         <path>.\fonts\</path>
         <kind>object</kind>
         <file>fontcm20i.obj</file>
         <name>fontcm20i.obj</name>
      </input_file>
      <input_file id="fl-19">
         <path>.\fonts\</path>
         <kind>object</kind>
         <file>fontcm22.obj</file>
         <name>fontcm22.obj</name>
      </input_file>
      <input_file id="fl-1a">
         <path>.\fonts\</path>
         <kind>object</kind>
         <file>fontcm22b.obj</file>
         <name>fontcm22b.obj</name>
      </input_file>
      <input_file id="fl-1b">
         <path>.\fonts\</path>
         <kind>object</kind>
         <file>fontcm22i.obj</file>
         <name>fontcm22i.obj</name>
      </input_file>
      <input_file id="fl-1c">
         <path>.\fonts\</path>
         <kind>object</kind>
         <file>fontcm24.obj</file>
         <name>fontcm24.obj</name>
      </input_file>
      <input_file id="fl-1d">
         <path>.\fonts\</path>
         <kind>object</kind>
         <file>fontcm24b.obj</file>
         <name>fontcm24b.obj</name>
      </input_file>
      <input_file id="fl-1e">
         <path>.\fonts\</path>
         <kind>object</kind>
         <file>fontcm24i.obj</file>
         <name>fontcm24i.obj</name>
      </input_file>
      <input_file id="fl-1f">
         <path>.\fonts\</path>
         <kind>object</kind>
         <file>fontcm26.obj</file>
         <name>fontcm26.obj</name>
      </input_file>
      <input_file id="fl-20">
         <path>.\fonts\</path>
         <kind>object</kind>
         <file>fontcm26b.obj</file>
         <name>fontcm26b.obj</name>
      </input_file>
      <input_file id="fl-21">
         <path>.\fonts\</path>
         <kind>object</kind>
         <file>fontcm26i.obj</file>
         <name>fontcm26i.obj</name>
      </input_file>
      <input_file id="fl-22">
         <path>.\fonts\</path>
         <kind>object</kind>
         <file>fontcm28.obj</file>
         <name>fontcm28.obj</name>
      </input_file>
      <input_file id="fl-23">
         <path>.\fonts\</path>
         <kind>object</kind>
         <file>fontcm28b.obj</file>
         <name>fontcm28b.obj</name>
      </input_file>
      <input_file id="fl-24">
         <path>.\fonts\</path>
         <kind>object</kind>
         <file>fontcm28i.obj</file>
         <name>fontcm28i.obj</name>
      </input_file>
      <input_file id="fl-25">
         <path>.\fonts\</path>
         <kind>object</kind>
         <file>fontcm30.obj</file>
         <name>fontcm30.obj</name>
      </input_file>
      <input_file id="fl-26">
         <path>.\fonts\</path>
         <kind>object</kind>
         <file>fontcm30b.obj</file>
         <name>fontcm30b.obj</name>
      </input_file>
      <input_file id="fl-27">
         <path>.\fonts\</path>
         <kind>object</kind>
         <file>fontcm30i.obj</file>
         <name>fontcm30i.obj</name>
      </input_file>
      <input_file id="fl-28">
         <path>.\fonts\</path>
         <kind>object</kind>
         <file>fontcm32.obj</file>
         <name>fontcm32.obj</name>
      </input_file>
      <input_file id="fl-29">
         <path>.\fonts\</path>
         <kind>object</kind>
         <file>fontcm32b.obj</file>
         <name>fontcm32b.obj</name>
      </input_file>
      <input_file id="fl-2a">
         <path>.\fonts\</path>
         <kind>object</kind>
         <file>fontcm32i.obj</file>
         <name>fontcm32i.obj</name>
      </input_file>
      <input_file id="fl-2b">
         <path>.\fonts\</path>
         <kind>object</kind>
         <file>fontcm34.obj</file>
         <name>fontcm34.obj</name>
      </input_file>
      <input_file id="fl-2c">
         <path>.\fonts\</path>
         <kind>object</kind>
         <file>fontcm34b.obj</file>
         <name>fontcm34b.obj</name>
      </input_file>
      <input_file id="fl-2d">
         <path>.\fonts\</path>
         <kind>object</kind>
         <file>fontcm34i.obj</file>
         <name>fontcm34i.obj</name>
      </input_file>
      <input_file id="fl-2e">
         <path>.\fonts\</path>
         <kind>object</kind>
         <file>fontcm36.obj</file>
         <name>fontcm36.obj</name>
      </input_file>
      <input_file id="fl-2f">
         <path>.\fonts\</path>
         <kind>object</kind>
         <file>fontcm36b.obj</file>
         <name>fontcm36b.obj</name>
      </input_file>
      <input_file id="fl-30">
         <path>.\fonts\</path>
         <kind>object</kind>
         <file>fontcm36i.obj</file>
         <name>fontcm36i.obj</name>
      </input_file>
      <input_file id="fl-31">
         <path>.\fonts\</path>
         <kind>object</kind>
         <file>fontcm38.obj</file>
         <name>fontcm38.obj</name>
      </input_file>
      <input_file id="fl-32">
         <path>.\fonts\</path>
         <kind>object</kind>
         <file>fontcm38b.obj</file>
         <name>fontcm38b.obj</name>
      </input_file>
      <input_file id="fl-33">
         <path>.\fonts\</path>
         <kind>object</kind>
         <file>fontcm38i.obj</file>
         <name>fontcm38i.obj</name>
      </input_file>
      <input_file id="fl-34">
         <path>.\fonts\</path>
         <kind>object</kind>
         <file>fontcm40.obj</file>
         <name>fontcm40.obj</name>
      </input_file>
      <input_file id="fl-35">
         <path>.\fonts\</path>
         <kind>object</kind>
         <file>fontcm40b.obj</file>
         <name>fontcm40b.obj</name>
      </input_file>
      <input_file id="fl-36">
         <path>.\fonts\</path>
         <kind>object</kind>
         <file>fontcm40i.obj</file>
         <name>fontcm40i.obj</name>
      </input_file>
      <input_file id="fl-37">
         <path>.\fonts\</path>
         <kind>object</kind>
         <file>fontcm42.obj</file>
         <name>fontcm42.obj</name>
      </input_file>
      <input_file id="fl-38">
         <path>.\fonts\</path>
         <kind>object</kind>
         <file>fontcm42b.obj</file>
         <name>fontcm42b.obj</name>
      </input_file>
      <input_file id="fl-39">
         <path>.\fonts\</path>
         <kind>object</kind>
         <file>fontcm42i.obj</file>
         <name>fontcm42i.obj</name>
      </input_file>
      <input_file id="fl-3a">
         <path>.\fonts\</path>
         <kind>object</kind>
         <file>fontcm44.obj</file>
         <name>fontcm44.obj</name>
      </input_file>
      <input_file id="fl-3b">
         <path>.\fonts\</path>
         <kind>object</kind>
         <file>fontcm44b.obj</file>
         <name>fontcm44b.obj</name>
      </input_file>
      <input_file id="fl-3c">
         <path>.\fonts\</path>
         <kind>object</kind>
         <file>fontcm44i.obj</file>
         <name>fontcm44i.obj</name>
      </input_file>
      <input_file id="fl-3d">
         <path>.\fonts\</path>
         <kind>object</kind>
         <file>fontcm46.obj</file>
         <name>fontcm46.obj</name>
      </input_file>
      <input_file id="fl-3e">
         <path>.\fonts\</path>
         <kind>object</kind>
         <file>fontcm46b.obj</file>
         <name>fontcm46b.obj</name>
      </input_file>
      <input_file id="fl-3f">
         <path>.\fonts\</path>
         <kind>object</kind>
         <file>fontcm46i.obj</file>
         <name>fontcm46i.obj</name>
      </input_file>
      <input_file id="fl-40">
         <path>.\fonts\</path>
         <kind>object</kind>
         <file>fontcm48.obj</file>
         <name>fontcm48.obj</name>
      </input_file>
      <input_file id="fl-41">
         <path>.\fonts\</path>
         <kind>object</kind>
         <file>fontcm48b.obj</file>
         <name>fontcm48b.obj</name>
      </input_file>
      <input_file id="fl-42">
         <path>.\fonts\</path>
         <kind>object</kind>
         <file>fontcm48i.obj</file>
         <name>fontcm48i.obj</name>
      </input_file>
      <input_file id="fl-43">
         <path>.\fonts\</path>
         <kind>object</kind>
         <file>fontcmsc12.obj</file>
         <name>fontcmsc12.obj</name>
      </input_file>
      <input_file id="fl-44">
         <path>.\fonts\</path>
         <kind>object</kind>
         <file>fontcmsc14.obj</file>
         <name>fontcmsc14.obj</name>
      </input_file>
      <input_file id="fl-45">
         <path>.\fonts\</path>
         <kind>object</kind>
         <file>fontcmsc16.obj</file>
         <name>fontcmsc16.obj</name>
      </input_file>
      <input_file id="fl-46">
         <path>.\fonts\</path>
         <kind>object</kind>
         <file>fontcmsc18.obj</file>
         <name>fontcmsc18.obj</name>
      </input_file>
      <input_file id="fl-47">
         <path>.\fonts\</path>
         <kind>object</kind>
         <file>fontcmsc20.obj</file>
         <name>fontcmsc20.obj</name>
      </input_file>
      <input_file id="fl-48">
         <path>.\fonts\</path>
         <kind>object</kind>
         <file>fontcmsc22.obj</file>
         <name>fontcmsc22.obj</name>
      </input_file>
      <input_file id="fl-49">
         <path>.\fonts\</path>
         <kind>object</kind>
         <file>fontcmsc24.obj</file>
         <name>fontcmsc24.obj</name>
      </input_file>
      <input_file id="fl-4a">
         <path>.\fonts\</path>
         <kind>object</kind>
         <file>fontcmsc26.obj</file>
         <name>fontcmsc26.obj</name>
      </input_file>
      <input_file id="fl-4b">
         <path>.\fonts\</path>
         <kind>object</kind>
         <file>fontcmsc28.obj</file>
         <name>fontcmsc28.obj</name>
      </input_file>
      <input_file id="fl-4c">
         <path>.\fonts\</path>
         <kind>object</kind>
         <file>fontcmsc30.obj</file>
         <name>fontcmsc30.obj</name>
      </input_file>
      <input_file id="fl-4d">
         <path>.\fonts\</path>
         <kind>object</kind>
         <file>fontcmsc32.obj</file>
         <name>fontcmsc32.obj</name>
      </input_file>
      <input_file id="fl-4e">
         <path>.\fonts\</path>
         <kind>object</kind>
         <file>fontcmsc34.obj</file>
         <name>fontcmsc34.obj</name>
      </input_file>
      <input_file id="fl-4f">
         <path>.\fonts\</path>
         <kind>object</kind>
         <file>fontcmsc36.obj</file>
         <name>fontcmsc36.obj</name>
      </input_file>
      <input_file id="fl-50">
         <path>.\fonts\</path>
         <kind>object</kind>
         <file>fontcmsc38.obj</file>
         <name>fontcmsc38.obj</name>
      </input_file>
      <input_file id="fl-51">
         <path>.\fonts\</path>
         <kind>object</kind>
         <file>fontcmsc40.obj</file>
         <name>fontcmsc40.obj</name>
      </input_file>
      <input_file id="fl-52">
         <path>.\fonts\</path>
         <kind>object</kind>
         <file>fontcmsc42.obj</file>
         <name>fontcmsc42.obj</name>
      </input_file>
      <input_file id="fl-53">
         <path>.\fonts\</path>
         <kind>object</kind>
         <file>fontcmsc44.obj</file>
         <name>fontcmsc44.obj</name>
      </input_file>
      <input_file id="fl-54">
         <path>.\fonts\</path>
         <kind>object</kind>
         <file>fontcmsc46.obj</file>
         <name>fontcmsc46.obj</name>
      </input_file>
      <input_file id="fl-55">
         <path>.\fonts\</path>
         <kind>object</kind>
         <file>fontcmsc48.obj</file>
         <name>fontcmsc48.obj</name>
      </input_file>
      <input_file id="fl-56">
         <path>.\fonts\</path>
         <kind>object</kind>
         <file>fontcmss12.obj</file>
         <name>fontcmss12.obj</name>
      </input_file>
      <input_file id="fl-57">
         <path>.\fonts\</path>
         <kind>object</kind>
         <file>fontcmss12b.obj</file>
         <name>fontcmss12b.obj</name>
      </input_file>
      <input_file id="fl-58">
         <path>.\fonts\</path>
         <kind>object</kind>
         <file>fontcmss12i.obj</file>
         <name>fontcmss12i.obj</name>
      </input_file>
      <input_file id="fl-59">
         <path>.\fonts\</path>
         <kind>object</kind>
         <file>fontcmss14.obj</file>
         <name>fontcmss14.obj</name>
      </input_file>
      <input_file id="fl-5a">
         <path>.\fonts\</path>
         <kind>object</kind>
         <file>fontcmss14b.obj</file>
         <name>fontcmss14b.obj</name>
      </input_file>
      <input_file id="fl-5b">
         <path>.\fonts\</path>
         <kind>object</kind>
         <file>fontcmss14i.obj</file>
         <name>fontcmss14i.obj</name>
      </input_file>
      <input_file id="fl-5c">
         <path>.\fonts\</path>
         <kind>object</kind>
         <file>fontcmss16.obj</file>
         <name>fontcmss16.obj</name>
      </input_file>
      <input_file id="fl-5d">
         <path>.\fonts\</path>
         <kind>object</kind>
         <file>fontcmss16b.obj</file>
         <name>fontcmss16b.obj</name>
      </input_file>
      <input_file id="fl-5e">
         <path>.\fonts\</path>
         <kind>object</kind>
         <file>fontcmss16i.obj</file>
         <name>fontcmss16i.obj</name>
      </input_file>
      <input_file id="fl-5f">
         <path>.\fonts\</path>
         <kind>object</kind>
         <file>fontcmss18.obj</file>
         <name>fontcmss18.obj</name>
      </input_file>
      <input_file id="fl-60">
         <path>.\fonts\</path>
         <kind>object</kind>
         <file>fontcmss18b.obj</file>
         <name>fontcmss18b.obj</name>
      </input_file>
      <input_file id="fl-61">
         <path>.\fonts\</path>
         <kind>object</kind>
         <file>fontcmss18i.obj</file>
         <name>fontcmss18i.obj</name>
      </input_file>
      <input_file id="fl-62">
         <path>.\fonts\</path>
         <kind>object</kind>
         <file>fontcmss20.obj</file>
         <name>fontcmss20.obj</name>
      </input_file>
      <input_file id="fl-63">
         <path>.\fonts\</path>
         <kind>object</kind>
         <file>fontcmss20b.obj</file>
         <name>fontcmss20b.obj</name>
      </input_file>
      <input_file id="fl-64">
         <path>.\fonts\</path>
         <kind>object</kind>
         <file>fontcmss20i.obj</file>
         <name>fontcmss20i.obj</name>
      </input_file>
      <input_file id="fl-65">
         <path>.\fonts\</path>
         <kind>object</kind>
         <file>fontcmss22.obj</file>
         <name>fontcmss22.obj</name>
      </input_file>
      <input_file id="fl-66">
         <path>.\fonts\</path>
         <kind>object</kind>
         <file>fontcmss22b.obj</file>
         <name>fontcmss22b.obj</name>
      </input_file>
      <input_file id="fl-67">
         <path>.\fonts\</path>
         <kind>object</kind>
         <file>fontcmss22i.obj</file>
         <name>fontcmss22i.obj</name>
      </input_file>
      <input_file id="fl-68">
         <path>.\fonts\</path>
         <kind>object</kind>
         <file>fontcmss24.obj</file>
         <name>fontcmss24.obj</name>
      </input_file>
      <input_file id="fl-69">
         <path>.\fonts\</path>
         <kind>object</kind>
         <file>fontcmss24b.obj</file>
         <name>fontcmss24b.obj</name>
      </input_file>
      <input_file id="fl-6a">
         <path>.\fonts\</path>
         <kind>object</kind>
         <file>fontcmss24i.obj</file>
         <name>fontcmss24i.obj</name>
      </input_file>
      <input_file id="fl-6b">
         <path>.\fonts\</path>
         <kind>object</kind>
         <file>fontcmss26.obj</file>
         <name>fontcmss26.obj</name>
      </input_file>
      <input_file id="fl-6c">
         <path>.\fonts\</path>
         <kind>object</kind>
         <file>fontcmss26b.obj</file>
         <name>fontcmss26b.obj</name>
      </input_file>
      <input_file id="fl-6d">
         <path>.\fonts\</path>
         <kind>object</kind>
         <file>fontcmss26i.obj</file>
         <name>fontcmss26i.obj</name>
      </input_file>
      <input_file id="fl-6e">
         <path>.\fonts\</path>
         <kind>object</kind>
         <file>fontcmss28.obj</file>
         <name>fontcmss28.obj</name>
      </input_file>
      <input_file id="fl-6f">
         <path>.\fonts\</path>
         <kind>object</kind>
         <file>fontcmss28b.obj</file>
         <name>fontcmss28b.obj</name>
      </input_file>
      <input_file id="fl-70">
         <path>.\fonts\</path>
         <kind>object</kind>
         <file>fontcmss28i.obj</file>
         <name>fontcmss28i.obj</name>
      </input_file>
      <input_file id="fl-71">
         <path>.\fonts\</path>
         <kind>object</kind>
         <file>fontcmss30.obj</file>
         <name>fontcmss30.obj</name>
      </input_file>
      <input_file id="fl-72">
         <path>.\fonts\</path>
         <kind>object</kind>
         <file>fontcmss30b.obj</file>
         <name>fontcmss30b.obj</name>
      </input_file>
      <input_file id="fl-73">
         <path>.\fonts\</path>
         <kind>object</kind>
         <file>fontcmss30i.obj</file>
         <name>fontcmss30i.obj</name>
      </input_file>
      <input_file id="fl-74">
         <path>.\fonts\</path>
         <kind>object</kind>
         <file>fontcmss32.obj</file>
         <name>fontcmss32.obj</name>
      </input_file>
      <input_file id="fl-75">
         <path>.\fonts\</path>
         <kind>object</kind>
         <file>fontcmss32b.obj</file>
         <name>fontcmss32b.obj</name>
      </input_file>
      <input_file id="fl-76">
         <path>.\fonts\</path>
         <kind>object</kind>
         <file>fontcmss32i.obj</file>
         <name>fontcmss32i.obj</name>
      </input_file>
      <input_file id="fl-77">
         <path>.\fonts\</path>
         <kind>object</kind>
         <file>fontcmss34.obj</file>
         <name>fontcmss34.obj</name>
      </input_file>
      <input_file id="fl-78">
         <path>.\fonts\</path>
         <kind>object</kind>
         <file>fontcmss34b.obj</file>
         <name>fontcmss34b.obj</name>
      </input_file>
      <input_file id="fl-79">
         <path>.\fonts\</path>
         <kind>object</kind>
         <file>fontcmss34i.obj</file>
         <name>fontcmss34i.obj</name>
      </input_file>
      <input_file id="fl-7a">
         <path>.\fonts\</path>
         <kind>object</kind>
         <file>fontcmss36.obj</file>
         <name>fontcmss36.obj</name>
      </input_file>
      <input_file id="fl-7b">
         <path>.\fonts\</path>
         <kind>object</kind>
         <file>fontcmss36b.obj</file>
         <name>fontcmss36b.obj</name>
      </input_file>
      <input_file id="fl-7c">
         <path>.\fonts\</path>
         <kind>object</kind>
         <file>fontcmss36i.obj</file>
         <name>fontcmss36i.obj</name>
      </input_file>
      <input_file id="fl-7d">
         <path>.\fonts\</path>
         <kind>object</kind>
         <file>fontcmss38.obj</file>
         <name>fontcmss38.obj</name>
      </input_file>
      <input_file id="fl-7e">
         <path>.\fonts\</path>
         <kind>object</kind>
         <file>fontcmss38b.obj</file>
         <name>fontcmss38b.obj</name>
      </input_file>
      <input_file id="fl-7f">
         <path>.\fonts\</path>
         <kind>object</kind>
         <file>fontcmss38i.obj</file>
         <name>fontcmss38i.obj</name>
      </input_file>
      <input_file id="fl-80">
         <path>.\fonts\</path>
         <kind>object</kind>
         <file>fontcmss40.obj</file>
         <name>fontcmss40.obj</name>
      </input_file>
      <input_file id="fl-81">
         <path>.\fonts\</path>
         <kind>object</kind>
         <file>fontcmss40b.obj</file>
         <name>fontcmss40b.obj</name>
      </input_file>
      <input_file id="fl-82">
         <path>.\fonts\</path>
         <kind>object</kind>
         <file>fontcmss40i.obj</file>
         <name>fontcmss40i.obj</name>
      </input_file>
      <input_file id="fl-83">
         <path>.\fonts\</path>
         <kind>object</kind>
         <file>fontcmss42.obj</file>
         <name>fontcmss42.obj</name>
      </input_file>
      <input_file id="fl-84">
         <path>.\fonts\</path>
         <kind>object</kind>
         <file>fontcmss42b.obj</file>
         <name>fontcmss42b.obj</name>
      </input_file>
      <input_file id="fl-85">
         <path>.\fonts\</path>
         <kind>object</kind>
         <file>fontcmss42i.obj</file>
         <name>fontcmss42i.obj</name>
      </input_file>
      <input_file id="fl-86">
         <path>.\fonts\</path>
         <kind>object</kind>
         <file>fontcmss44.obj</file>
         <name>fontcmss44.obj</name>
      </input_file>
      <input_file id="fl-87">
         <path>.\fonts\</path>
         <kind>object</kind>
         <file>fontcmss44b.obj</file>
         <name>fontcmss44b.obj</name>
      </input_file>
      <input_file id="fl-88">
         <path>.\fonts\</path>
         <kind>object</kind>
         <file>fontcmss44i.obj</file>
         <name>fontcmss44i.obj</name>
      </input_file>
      <input_file id="fl-89">
         <path>.\fonts\</path>
         <kind>object</kind>
         <file>fontcmss46.obj</file>
         <name>fontcmss46.obj</name>
      </input_file>
      <input_file id="fl-8a">
         <path>.\fonts\</path>
         <kind>object</kind>
         <file>fontcmss46b.obj</file>
         <name>fontcmss46b.obj</name>
      </input_file>
      <input_file id="fl-8b">
         <path>.\fonts\</path>
         <kind>object</kind>
         <file>fontcmss46i.obj</file>
         <name>fontcmss46i.obj</name>
      </input_file>
      <input_file id="fl-8c">
         <path>.\fonts\</path>
         <kind>object</kind>
         <file>fontcmss48.obj</file>
         <name>fontcmss48.obj</name>
      </input_file>
      <input_file id="fl-8d">
         <path>.\fonts\</path>
         <kind>object</kind>
         <file>fontcmss48b.obj</file>
         <name>fontcmss48b.obj</name>
      </input_file>
      <input_file id="fl-8e">
         <path>.\fonts\</path>
         <kind>object</kind>
         <file>fontcmss48i.obj</file>
         <name>fontcmss48i.obj</name>
      </input_file>
      <input_file id="fl-8f">
         <path>.\fonts\</path>
         <kind>object</kind>
         <file>fontcmtt12.obj</file>
         <name>fontcmtt12.obj</name>
      </input_file>
      <input_file id="fl-90">
         <path>.\fonts\</path>
         <kind>object</kind>
         <file>fontcmtt14.obj</file>
         <name>fontcmtt14.obj</name>
      </input_file>
      <input_file id="fl-91">
         <path>.\fonts\</path>
         <kind>object</kind>
         <file>fontcmtt16.obj</file>
         <name>fontcmtt16.obj</name>
      </input_file>
      <input_file id="fl-92">
         <path>.\fonts\</path>
         <kind>object</kind>
         <file>fontcmtt18.obj</file>
         <name>fontcmtt18.obj</name>
      </input_file>
      <input_file id="fl-93">
         <path>.\fonts\</path>
         <kind>object</kind>
         <file>fontcmtt20.obj</file>
         <name>fontcmtt20.obj</name>
      </input_file>
      <input_file id="fl-94">
         <path>.\fonts\</path>
         <kind>object</kind>
         <file>fontcmtt22.obj</file>
         <name>fontcmtt22.obj</name>
      </input_file>
      <input_file id="fl-95">
         <path>.\fonts\</path>
         <kind>object</kind>
         <file>fontcmtt24.obj</file>
         <name>fontcmtt24.obj</name>
      </input_file>
      <input_file id="fl-96">
         <path>.\fonts\</path>
         <kind>object</kind>
         <file>fontcmtt26.obj</file>
         <name>fontcmtt26.obj</name>
      </input_file>
      <input_file id="fl-97">
         <path>.\fonts\</path>
         <kind>object</kind>
         <file>fontcmtt28.obj</file>
         <name>fontcmtt28.obj</name>
      </input_file>
      <input_file id="fl-98">
         <path>.\fonts\</path>
         <kind>object</kind>
         <file>fontcmtt30.obj</file>
         <name>fontcmtt30.obj</name>
      </input_file>
      <input_file id="fl-99">
         <path>.\fonts\</path>
         <kind>object</kind>
         <file>fontcmtt32.obj</file>
         <name>fontcmtt32.obj</name>
      </input_file>
      <input_file id="fl-9a">
         <path>.\fonts\</path>
         <kind>object</kind>
         <file>fontcmtt34.obj</file>
         <name>fontcmtt34.obj</name>
      </input_file>
      <input_file id="fl-9b">
         <path>.\fonts\</path>
         <kind>object</kind>
         <file>fontcmtt36.obj</file>
         <name>fontcmtt36.obj</name>
      </input_file>
      <input_file id="fl-9c">
         <path>.\fonts\</path>
         <kind>object</kind>
         <file>fontcmtt38.obj</file>
         <name>fontcmtt38.obj</name>
      </input_file>
      <input_file id="fl-9d">
         <path>.\fonts\</path>
         <kind>object</kind>
         <file>fontcmtt40.obj</file>
         <name>fontcmtt40.obj</name>
      </input_file>
      <input_file id="fl-9e">
         <path>.\fonts\</path>
         <kind>object</kind>
         <file>fontcmtt42.obj</file>
         <name>fontcmtt42.obj</name>
      </input_file>
      <input_file id="fl-9f">
         <path>.\fonts\</path>
         <kind>object</kind>
         <file>fontcmtt44.obj</file>
         <name>fontcmtt44.obj</name>
      </input_file>
      <input_file id="fl-a0">
         <path>.\fonts\</path>
         <kind>object</kind>
         <file>fontcmtt46.obj</file>
         <name>fontcmtt46.obj</name>
      </input_file>
      <input_file id="fl-a1">
         <path>.\fonts\</path>
         <kind>object</kind>
         <file>fontcmtt48.obj</file>
         <name>fontcmtt48.obj</name>
      </input_file>
      <input_file id="fl-a2">
         <path>.\fonts\</path>
         <kind>object</kind>
         <file>fontfixed6x8.obj</file>
         <name>fontfixed6x8.obj</name>
      </input_file>
      <input_file id="fl-ab">
         <kind>object</kind>
         <file>&lt;internal&gt;</file>
         <name>&lt;internal&gt;</name>
      </input_file>
      <input_file id="fl-ac">
         <path>C:\ti\simplelink_msp432_sdk_1_40_01_00\source\ti\devices\msp432p4xx\driverlib\ccs\</path>
         <kind>archive</kind>
         <file>msp432p4xx_driverlib.lib</file>
         <name>gpio.obj</name>
      </input_file>
      <input_file id="fl-ad">
         <path>C:\ti\simplelink_msp432_sdk_1_40_01_00\source\ti\devices\msp432p4xx\driverlib\ccs\</path>
         <kind>archive</kind>
         <file>msp432p4xx_driverlib.lib</file>
         <name>i2c.obj</name>
      </input_file>
      <input_file id="fl-ae">
         <path>C:\ti\simplelink_msp432_sdk_1_40_01_00\source\ti\devices\msp432p4xx\driverlib\ccs\</path>
         <kind>archive</kind>
         <file>msp432p4xx_driverlib.lib</file>
         <name>interrupt.obj</name>
      </input_file>
      <input_file id="fl-af">
         <path>C:\ti\simplelink_msp432_sdk_1_40_01_00\source\ti\devices\msp432p4xx\driverlib\ccs\</path>
         <kind>archive</kind>
         <file>msp432p4xx_driverlib.lib</file>
         <name>spi.obj</name>
      </input_file>
      <input_file id="fl-b0">
         <path>C:\ti\simplelink_msp432_sdk_1_40_01_00\source\ti\devices\msp432p4xx\driverlib\ccs\</path>
         <kind>archive</kind>
         <file>msp432p4xx_driverlib.lib</file>
         <name>cpu.obj</name>
      </input_file>
      <input_file id="fl-166">
         <path>C:\ti\ccsv7\tools\compiler\ti-cgt-arm_16.9.4.LTS\lib\</path>
         <kind>archive</kind>
         <file>rtsv7M4_T_le_v4SPD16_eabi.lib</file>
         <name>boot.obj</name>
      </input_file>
      <input_file id="fl-167">
         <path>C:\ti\ccsv7\tools\compiler\ti-cgt-arm_16.9.4.LTS\lib\</path>
         <kind>archive</kind>
         <file>rtsv7M4_T_le_v4SPD16_eabi.lib</file>
         <name>copy_decompress_lzss.obj</name>
      </input_file>
      <input_file id="fl-168">
         <path>C:\ti\ccsv7\tools\compiler\ti-cgt-arm_16.9.4.LTS\lib\</path>
         <kind>archive</kind>
         <file>rtsv7M4_T_le_v4SPD16_eabi.lib</file>
         <name>copy_decompress_none.obj</name>
      </input_file>
      <input_file id="fl-169">
         <path>C:\ti\ccsv7\tools\compiler\ti-cgt-arm_16.9.4.LTS\lib\</path>
         <kind>archive</kind>
         <file>rtsv7M4_T_le_v4SPD16_eabi.lib</file>
         <name>copy_zero_init.obj</name>
      </input_file>
      <input_file id="fl-16a">
         <path>C:\ti\ccsv7\tools\compiler\ti-cgt-arm_16.9.4.LTS\lib\</path>
         <kind>archive</kind>
         <file>rtsv7M4_T_le_v4SPD16_eabi.lib</file>
         <name>exit.obj</name>
      </input_file>
      <input_file id="fl-16b">
         <path>C:\ti\ccsv7\tools\compiler\ti-cgt-arm_16.9.4.LTS\lib\</path>
         <kind>archive</kind>
         <file>rtsv7M4_T_le_v4SPD16_eabi.lib</file>
         <name>fd_cmp_t2.obj</name>
      </input_file>
      <input_file id="fl-16c">
         <path>C:\ti\ccsv7\tools\compiler\ti-cgt-arm_16.9.4.LTS\lib\</path>
         <kind>archive</kind>
         <file>rtsv7M4_T_le_v4SPD16_eabi.lib</file>
         <name>fd_mul_t2.obj</name>
      </input_file>
      <input_file id="fl-16d">
         <path>C:\ti\ccsv7\tools\compiler\ti-cgt-arm_16.9.4.LTS\lib\</path>
         <kind>archive</kind>
         <file>rtsv7M4_T_le_v4SPD16_eabi.lib</file>
         <name>fd_tos_t2.obj</name>
      </input_file>
      <input_file id="fl-16e">
         <path>C:\ti\ccsv7\tools\compiler\ti-cgt-arm_16.9.4.LTS\lib\</path>
         <kind>archive</kind>
         <file>rtsv7M4_T_le_v4SPD16_eabi.lib</file>
         <name>fs_tod_t2.obj</name>
      </input_file>
      <input_file id="fl-16f">
         <path>C:\ti\ccsv7\tools\compiler\ti-cgt-arm_16.9.4.LTS\lib\</path>
         <kind>archive</kind>
         <file>rtsv7M4_T_le_v4SPD16_eabi.lib</file>
         <name>memcpy_t2.obj</name>
      </input_file>
      <input_file id="fl-170">
         <path>C:\ti\ccsv7\tools\compiler\ti-cgt-arm_16.9.4.LTS\lib\</path>
         <kind>archive</kind>
         <file>rtsv7M4_T_le_v4SPD16_eabi.lib</file>
         <name>memset_t2.obj</name>
      </input_file>
      <input_file id="fl-171">
         <path>C:\ti\ccsv7\tools\compiler\ti-cgt-arm_16.9.4.LTS\lib\</path>
         <kind>archive</kind>
         <file>rtsv7M4_T_le_v4SPD16_eabi.lib</file>
         <name>mpu_init.obj</name>
      </input_file>
      <input_file id="fl-172">
         <path>C:\ti\ccsv7\tools\compiler\ti-cgt-arm_16.9.4.LTS\lib\</path>
         <kind>archive</kind>
         <file>rtsv7M4_T_le_v4SPD16_eabi.lib</file>
         <name>pre_init.obj</name>
      </input_file>
      <input_file id="fl-173">
         <path>C:\ti\ccsv7\tools\compiler\ti-cgt-arm_16.9.4.LTS\lib\</path>
         <kind>archive</kind>
         <file>rtsv7M4_T_le_v4SPD16_eabi.lib</file>
         <name>stkdepth_vars.obj</name>
      </input_file>
      <input_file id="fl-174">
         <path>C:\ti\ccsv7\tools\compiler\ti-cgt-arm_16.9.4.LTS\lib\</path>
         <kind>archive</kind>
         <file>rtsv7M4_T_le_v4SPD16_eabi.lib</file>
         <name>_lock.obj</name>
      </input_file>
      <input_file id="fl-175">
         <path>C:\ti\ccsv7\tools\compiler\ti-cgt-arm_16.9.4.LTS\lib\</path>
         <kind>archive</kind>
         <file>rtsv7M4_T_le_v4SPD16_eabi.lib</file>
         <name>args_main.obj</name>
      </input_file>
      <input_file id="fl-176">
         <path>C:\ti\ccsv7\tools\compiler\ti-cgt-arm_16.9.4.LTS\lib\</path>
         <kind>archive</kind>
         <file>rtsv7M4_T_le_v4SPD16_eabi.lib</file>
         <name>autoinit.obj</name>
      </input_file>
      <input_file id="fl-177">
         <path>C:\ti\ccsv7\tools\compiler\ti-cgt-arm_16.9.4.LTS\lib\</path>
         <kind>archive</kind>
         <file>rtsv7M4_T_le_v4SPD16_eabi.lib</file>
         <name>cpy_tbl.obj</name>
      </input_file>
      <input_file id="fl-178">
         <path>C:\ti\ccsv7\tools\compiler\ti-cgt-arm_16.9.4.LTS\lib\</path>
         <kind>archive</kind>
         <file>rtsv7M4_T_le_v4SPD16_eabi.lib</file>
         <name>startup.obj</name>
      </input_file>
   </input_file_list>
   <object_component_list>
      <object_component id="oc-2c">
         <name>.intvecs:retain</name>
         <load_address>0x0</load_address>
         <run_address>0x0</run_address>
         <size>0xe4</size>
         <input_file_ref idref="fl-9"/>
      </object_component>
      <object_component id="oc-11c">
         <name>.text:_Z5Setupv</name>
         <load_address>0xe4</load_address>
         <run_address>0xe4</run_address>
         <size>0x124</size>
         <input_file_ref idref="fl-5"/>
      </object_component>
      <object_component id="oc-157">
         <name>.text:_Z12BufferSonidov</name>
         <load_address>0x208</load_address>
         <run_address>0x208</run_address>
         <size>0x118</size>
         <input_file_ref idref="fl-5"/>
      </object_component>
      <object_component id="oc-209">
         <name>.text</name>
         <load_address>0x320</load_address>
         <run_address>0x320</run_address>
         <size>0xfc</size>
         <input_file_ref idref="fl-16c"/>
      </object_component>
      <object_component id="oc-122">
         <name>.text:_Z11SelectLampsv</name>
         <load_address>0x41c</load_address>
         <run_address>0x41c</run_address>
         <size>0xe8</size>
         <input_file_ref idref="fl-5"/>
      </object_component>
      <object_component id="oc-12e">
         <name>.text:_Z14OPT3001_getLuxv</name>
         <load_address>0x504</load_address>
         <run_address>0x504</run_address>
         <size>0xd8</size>
         <input_file_ref idref="fl-3"/>
      </object_component>
      <object_component id="oc-c2">
         <name>.text:main</name>
         <load_address>0x5dc</load_address>
         <run_address>0x5dc</run_address>
         <size>0xa8</size>
         <input_file_ref idref="fl-4"/>
      </object_component>
      <object_component id="oc-3b">
         <name>.text</name>
         <load_address>0x684</load_address>
         <run_address>0x684</run_address>
         <size>0x9c</size>
         <input_file_ref idref="fl-16f"/>
      </object_component>
      <object_component id="oc-1ec">
         <name>.text:_Z10I2C_read16h</name>
         <load_address>0x720</load_address>
         <run_address>0x720</run_address>
         <size>0x8c</size>
         <input_file_ref idref="fl-2"/>
      </object_component>
      <object_component id="oc-20e">
         <name>.text:__aeabi_cdrcmple</name>
         <load_address>0x7ac</load_address>
         <run_address>0x7ac</run_address>
         <size>0x86</size>
         <input_file_ref idref="fl-16b"/>
      </object_component>
      <object_component id="oc-7b">
         <name>.text:Default_Handler</name>
         <load_address>0x832</load_address>
         <run_address>0x832</run_address>
         <size>0x2</size>
         <input_file_ref idref="fl-9"/>
      </object_component>
      <object_component id="oc-8d">
         <name>.text:T32_INT2_IRQHandler</name>
         <load_address>0x834</load_address>
         <run_address>0x834</run_address>
         <size>0x80</size>
         <input_file_ref idref="fl-4"/>
      </object_component>
      <object_component id="oc-93">
         <name>.text:PORT4_IRQHandler</name>
         <load_address>0x8b4</load_address>
         <run_address>0x8b4</run_address>
         <size>0x7c</size>
         <input_file_ref idref="fl-4"/>
      </object_component>
      <object_component id="oc-47">
         <name>.text</name>
         <load_address>0x930</load_address>
         <run_address>0x930</run_address>
         <size>0x7a</size>
         <input_file_ref idref="fl-170"/>
      </object_component>
      <object_component id="oc-53">
         <name>.text</name>
         <load_address>0x9aa</load_address>
         <run_address>0x9aa</run_address>
         <size>0x2</size>
         <input_file_ref idref="fl-171"/>
      </object_component>
      <object_component id="oc-d5">
         <name>.text:SystemInit</name>
         <load_address>0x9ac</load_address>
         <run_address>0x9ac</run_address>
         <size>0x78</size>
         <input_file_ref idref="fl-6"/>
      </object_component>
      <object_component id="oc-5f">
         <name>.text</name>
         <load_address>0xa24</load_address>
         <run_address>0xa24</run_address>
         <size>0x70</size>
         <input_file_ref idref="fl-176"/>
      </object_component>
      <object_component id="oc-213">
         <name>.text</name>
         <load_address>0xa94</load_address>
         <run_address>0xa94</run_address>
         <size>0x6e</size>
         <input_file_ref idref="fl-16d"/>
      </object_component>
      <object_component id="oc-ba">
         <name>.text</name>
         <load_address>0xb02</load_address>
         <run_address>0xb02</run_address>
         <size>0x2</size>
         <input_file_ref idref="fl-178"/>
      </object_component>
      <object_component id="oc-134">
         <name>.text:_Z13EstadoInicialv</name>
         <load_address>0xb04</load_address>
         <run_address>0xb04</run_address>
         <size>0x68</size>
         <input_file_ref idref="fl-5"/>
      </object_component>
      <object_component id="oc-dd">
         <name>.text:_Z14BufferMuestrasv</name>
         <load_address>0xb6c</load_address>
         <run_address>0xb6c</run_address>
         <size>0x68</size>
         <input_file_ref idref="fl-5"/>
      </object_component>
      <object_component id="oc-14">
         <name>.text:decompress:lzss</name>
         <load_address>0xbd4</load_address>
         <run_address>0xbd4</run_address>
         <size>0x68</size>
         <input_file_ref idref="fl-167"/>
      </object_component>
      <object_component id="oc-29c">
         <name>.text:I2C_masterSendMultiByteFinish</name>
         <load_address>0xc3c</load_address>
         <run_address>0xc3c</run_address>
         <size>0x54</size>
         <input_file_ref idref="fl-ad"/>
      </object_component>
      <object_component id="oc-151">
         <name>.text:_Z11StillCryingv</name>
         <load_address>0xc90</load_address>
         <run_address>0xc90</run_address>
         <size>0x54</size>
         <input_file_ref idref="fl-5"/>
      </object_component>
      <object_component id="oc-26">
         <name>.text</name>
         <load_address>0xce4</load_address>
         <run_address>0xce4</run_address>
         <size>0x54</size>
         <input_file_ref idref="fl-166"/>
      </object_component>
      <object_component id="oc-6b">
         <name>.text</name>
         <load_address>0xd38</load_address>
         <run_address>0xd38</run_address>
         <size>0x54</size>
         <input_file_ref idref="fl-16a"/>
      </object_component>
      <object_component id="oc-81">
         <name>.text:ADC14_IRQHandler</name>
         <load_address>0xd8c</load_address>
         <run_address>0xd8c</run_address>
         <size>0x50</size>
         <input_file_ref idref="fl-4"/>
      </object_component>
      <object_component id="oc-21b">
         <name>.text:GPIO_setAsPeripheralModuleFunctionOutputPin</name>
         <load_address>0xddc</load_address>
         <run_address>0xddc</run_address>
         <size>0x4c</size>
         <input_file_ref idref="fl-ac"/>
      </object_component>
      <object_component id="oc-b4">
         <name>.text</name>
         <load_address>0xe28</load_address>
         <run_address>0xe28</run_address>
         <size>0x4c</size>
         <input_file_ref idref="fl-177"/>
      </object_component>
      <object_component id="oc-238">
         <name>.text:_Z11I2C_write16hj</name>
         <load_address>0xe74</load_address>
         <run_address>0xe74</run_address>
         <size>0x48</size>
         <input_file_ref idref="fl-2"/>
      </object_component>
      <object_component id="oc-1df">
         <name>.text:_Z18MemoryLightsTogglev</name>
         <load_address>0xebc</load_address>
         <run_address>0xebc</run_address>
         <size>0x48</size>
         <input_file_ref idref="fl-5"/>
      </object_component>
      <object_component id="oc-e8">
         <name>.text:_Z18__NVIC_SetPriority4IRQnj</name>
         <load_address>0xf04</load_address>
         <run_address>0xf04</run_address>
         <size>0x48</size>
         <input_file_ref idref="fl-4"/>
      </object_component>
      <object_component id="oc-1f3">
         <name>.text:_Z18__NVIC_SetPriority4IRQnj</name>
         <load_address>0xf4c</load_address>
         <run_address>0xf4c</run_address>
         <size>0x48</size>
         <input_file_ref idref="fl-5"/>
      </object_component>
      <object_component id="oc-259">
         <name>.text:I2C_masterSendMultiByteStart</name>
         <load_address>0xf94</load_address>
         <run_address>0xf94</run_address>
         <size>0x40</size>
         <input_file_ref idref="fl-ad"/>
      </object_component>
      <object_component id="oc-222">
         <name>.text:I2C_initMaster</name>
         <load_address>0xfd4</load_address>
         <run_address>0xfd4</run_address>
         <size>0x3e</size>
         <input_file_ref idref="fl-ad"/>
      </object_component>
      <object_component id="oc-102">
         <name>.text:_Z14MemoryLightsOnv</name>
         <load_address>0x1014</load_address>
         <run_address>0x1014</run_address>
         <size>0x3c</size>
         <input_file_ref idref="fl-5"/>
      </object_component>
      <object_component id="oc-f4">
         <name>.text:_Z15MemoryLightsOffv</name>
         <load_address>0x1050</load_address>
         <run_address>0x1050</run_address>
         <size>0x3c</size>
         <input_file_ref idref="fl-5"/>
      </object_component>
      <object_component id="oc-204">
         <name>.text</name>
         <load_address>0x108c</load_address>
         <run_address>0x108c</run_address>
         <size>0x38</size>
         <input_file_ref idref="fl-16e"/>
      </object_component>
      <object_component id="oc-277">
         <name>.text:I2C_masterReceiveMultiByteFinish</name>
         <load_address>0x10c4</load_address>
         <run_address>0x10c4</run_address>
         <size>0x30</size>
         <input_file_ref idref="fl-ad"/>
      </object_component>
      <object_component id="oc-265">
         <name>.text:I2C_masterSendMultiByteStop</name>
         <load_address>0x10f4</load_address>
         <run_address>0x10f4</run_address>
         <size>0x30</size>
         <input_file_ref idref="fl-ad"/>
      </object_component>
      <object_component id="oc-87">
         <name>.text:T32_INT1_IRQHandler</name>
         <load_address>0x1124</load_address>
         <run_address>0x1124</run_address>
         <size>0x30</size>
         <input_file_ref idref="fl-4"/>
      </object_component>
      <object_component id="oc-ee">
         <name>.text:_Z16__NVIC_EnableIRQ4IRQn</name>
         <load_address>0x1154</load_address>
         <run_address>0x1154</run_address>
         <size>0x30</size>
         <input_file_ref idref="fl-4"/>
      </object_component>
      <object_component id="oc-1f9">
         <name>.text:_Z16__NVIC_EnableIRQ4IRQn</name>
         <load_address>0x1184</load_address>
         <run_address>0x1184</run_address>
         <size>0x30</size>
         <input_file_ref idref="fl-5"/>
      </object_component>
      <object_component id="oc-128">
         <name>.text:_Z10ParpadeoOnv</name>
         <load_address>0x11b4</load_address>
         <run_address>0x11b4</run_address>
         <size>0x2e</size>
         <input_file_ref idref="fl-5"/>
      </object_component>
      <object_component id="oc-296">
         <name>.text:I2C_masterSendMultiByteNext</name>
         <load_address>0x11e4</load_address>
         <run_address>0x11e4</run_address>
         <size>0x24</size>
         <input_file_ref idref="fl-ad"/>
      </object_component>
      <object_component id="oc-1d0">
         <name>.text:_Z8I2C_initv</name>
         <load_address>0x1208</load_address>
         <run_address>0x1208</run_address>
         <size>0x20</size>
         <input_file_ref idref="fl-2"/>
      </object_component>
      <object_component id="oc-1e6">
         <name>.text:_Z12I2C_setslavej</name>
         <load_address>0x1228</load_address>
         <run_address>0x1228</run_address>
         <size>0x1c</size>
         <input_file_ref idref="fl-2"/>
      </object_component>
      <object_component id="oc-1ca">
         <name>.text:_Z13Init_I2C_GPIOv</name>
         <load_address>0x1244</load_address>
         <run_address>0x1244</run_address>
         <size>0x18</size>
         <input_file_ref idref="fl-2"/>
      </object_component>
      <object_component id="oc-65">
         <name>.text</name>
         <load_address>0x125c</load_address>
         <run_address>0x125c</run_address>
         <size>0x18</size>
         <input_file_ref idref="fl-175"/>
      </object_component>
      <object_component id="oc-253">
         <name>.text:I2C_isBusBusy</name>
         <load_address>0x1274</load_address>
         <run_address>0x1274</run_address>
         <size>0x14</size>
         <input_file_ref idref="fl-ad"/>
      </object_component>
      <object_component id="oc-1d6">
         <name>.text:_Z12OPT3001_initv</name>
         <load_address>0x1288</load_address>
         <run_address>0x1288</run_address>
         <size>0x14</size>
         <input_file_ref idref="fl-3"/>
      </object_component>
      <object_component id="oc-144">
         <name>.text</name>
         <load_address>0x129c</load_address>
         <run_address>0x129c</run_address>
         <size>0x14</size>
         <input_file_ref idref="fl-174"/>
      </object_component>
      <object_component id="oc-26b">
         <name>.text:I2C_masterReceiveStart</name>
         <load_address>0x12b0</load_address>
         <run_address>0x12b0</run_address>
         <size>0x10</size>
         <input_file_ref idref="fl-ad"/>
      </object_component>
      <object_component id="oc-246">
         <name>.text:I2C_clearInterruptFlag</name>
         <load_address>0x12c0</load_address>
         <run_address>0x12c0</run_address>
         <size>0xe</size>
         <input_file_ref idref="fl-ad"/>
      </object_component>
      <object_component id="oc-24d">
         <name>.text:I2C_setMode</name>
         <load_address>0x12ce</load_address>
         <run_address>0x12ce</run_address>
         <size>0xe</size>
         <input_file_ref idref="fl-ad"/>
      </object_component>
      <object_component id="oc-1a">
         <name>.text:decompress:none</name>
         <load_address>0x12dc</load_address>
         <run_address>0x12dc</run_address>
         <size>0xe</size>
         <input_file_ref idref="fl-168"/>
      </object_component>
      <object_component id="oc-228">
         <name>.text:I2C_disableModule</name>
         <load_address>0x12ea</load_address>
         <run_address>0x12ea</run_address>
         <size>0xc</size>
         <input_file_ref idref="fl-ad"/>
      </object_component>
      <object_component id="oc-22e">
         <name>.text:I2C_enableModule</name>
         <load_address>0x12f6</load_address>
         <run_address>0x12f6</run_address>
         <size>0xc</size>
         <input_file_ref idref="fl-ad"/>
      </object_component>
      <object_component id="oc-75">
         <name>.text:Reset_Handler</name>
         <load_address>0x1302</load_address>
         <run_address>0x1302</run_address>
         <size>0xc</size>
         <input_file_ref idref="fl-9"/>
      </object_component>
      <object_component id="oc-20">
         <name>.text:decompress:ZI</name>
         <load_address>0x130e</load_address>
         <run_address>0x130e</run_address>
         <size>0xc</size>
         <input_file_ref idref="fl-169"/>
      </object_component>
      <object_component id="oc-25f">
         <name>.text:I2C_getInterruptStatus</name>
         <load_address>0x131a</load_address>
         <run_address>0x131a</run_address>
         <size>0x6</size>
         <input_file_ref idref="fl-ad"/>
      </object_component>
      <object_component id="oc-271">
         <name>.text:I2C_masterReceiveMultiByteNext</name>
         <load_address>0x1320</load_address>
         <run_address>0x1320</run_address>
         <size>0x6</size>
         <input_file_ref idref="fl-ad"/>
      </object_component>
      <object_component id="oc-240">
         <name>.text:I2C_setSlaveAddress</name>
         <load_address>0x1326</load_address>
         <run_address>0x1326</run_address>
         <size>0x4</size>
         <input_file_ref idref="fl-ad"/>
      </object_component>
      <object_component id="oc-59">
         <name>.text</name>
         <load_address>0x132a</load_address>
         <run_address>0x132a</run_address>
         <size>0x4</size>
         <input_file_ref idref="fl-172"/>
      </object_component>
      <object_component id="oc-286">
         <name>.const:GPIO_PORT_TO_BASE</name>
         <load_address>0x1330</load_address>
         <run_address>0x1330</run_address>
         <size>0x30</size>
         <input_file_ref idref="fl-ac"/>
      </object_component>
      <object_component id="oc-234">
         <name>.const:i2cConfig</name>
         <load_address>0x1360</load_address>
         <run_address>0x1360</run_address>
         <size>0x14</size>
         <input_file_ref idref="fl-2"/>
      </object_component>
      <object_component id="oc-2f3">
         <name>.cinit..data.load</name>
         <load_address>0x1378</load_address>
         <run_address>0x1378</run_address>
         <size>0xf</size>
      </object_component>
      <object_component id="oc-2f1">
         <name>__TI_handler_table</name>
         <load_address>0x1388</load_address>
         <run_address>0x1388</run_address>
         <size>0xc</size>
      </object_component>
      <object_component id="oc-2f4">
         <name>.cinit..bss.load</name>
         <load_address>0x1398</load_address>
         <run_address>0x1398</run_address>
         <size>0x8</size>
      </object_component>
      <object_component id="oc-2f2">
         <name>__TI_cinit_table</name>
         <load_address>0x13a0</load_address>
         <run_address>0x13a0</run_address>
         <size>0x10</size>
      </object_component>
      <object_component id="oc-2ce">
         <name>.binit</name>
         <load_address>0x0</load_address>
         <run_address>0x0</run_address>
         <size>0x0</size>
      </object_component>
      <object_component id="oc-e3">
         <name>.data</name>
         <load_address>0x20000040</load_address>
         <run_address>0x20000040</run_address>
         <size>0x28</size>
         <input_file_ref idref="fl-4"/>
      </object_component>
      <object_component id="oc-ca">
         <name>.data:$O1$$</name>
         <load_address>0x20000068</load_address>
         <run_address>0x20000068</run_address>
         <size>0xc</size>
         <input_file_ref idref="fl-16a"/>
      </object_component>
      <object_component id="oc-71">
         <name>.data</name>
         <load_address>0x2000007c</load_address>
         <run_address>0x2000007c</run_address>
         <size>0x4</size>
         <input_file_ref idref="fl-173"/>
      </object_component>
      <object_component id="oc-cd">
         <name>.data:$O1$$</name>
         <load_address>0x20000074</load_address>
         <run_address>0x20000074</run_address>
         <size>0x8</size>
         <input_file_ref idref="fl-174"/>
      </object_component>
      <object_component id="oc-fa">
         <name>.common:g_flux</name>
         <uninitialized>true</uninitialized>
         <run_address>0x2000003c</run_address>
         <size>0x4</size>
      </object_component>
      <object_component id="oc-1dc">
         <name>.common:g_vfsonido</name>
         <uninitialized>true</uninitialized>
         <run_address>0x20000028</run_address>
         <size>0x14</size>
      </object_component>
      <object_component id="oc-15d">
         <name>.common:g_vfmuestras</name>
         <uninitialized>true</uninitialized>
         <run_address>0x20000000</run_address>
         <size>0x28</size>
      </object_component>
      <object_component id="oc-2f">
         <name>.stack</name>
         <uninitialized>true</uninitialized>
         <run_address>0x2000fe00</run_address>
         <size>0x0</size>
         <input_file_ref idref="fl-166"/>
      </object_component>
      <object_component id="oc-2f5">
         <name>.stack</name>
         <uninitialized>true</uninitialized>
         <run_address>0x2000fe00</run_address>
         <size>0x0</size>
      </object_component>
      <object_component id="oc-219">
         <name>.debug_info</name>
         <load_address>0x0</load_address>
         <run_address>0x0</run_address>
         <size>0x17a0</size>
         <input_file_ref idref="fl-2"/>
      </object_component>
      <object_component id="oc-235">
         <name>.debug_info</name>
         <load_address>0x17a0</load_address>
         <run_address>0x17a0</run_address>
         <size>0xc2</size>
         <input_file_ref idref="fl-2"/>
      </object_component>
      <object_component id="oc-1cb">
         <name>.debug_info</name>
         <load_address>0x1862</load_address>
         <run_address>0x1862</run_address>
         <size>0x168</size>
         <input_file_ref idref="fl-2"/>
      </object_component>
      <object_component id="oc-1d1">
         <name>.debug_info</name>
         <load_address>0x19ca</load_address>
         <run_address>0x19ca</run_address>
         <size>0x13d</size>
         <input_file_ref idref="fl-2"/>
      </object_component>
      <object_component id="oc-1ed">
         <name>.debug_info</name>
         <load_address>0x1b07</load_address>
         <run_address>0x1b07</run_address>
         <size>0x2af</size>
         <input_file_ref idref="fl-2"/>
      </object_component>
      <object_component id="oc-239">
         <name>.debug_info</name>
         <load_address>0x1db6</load_address>
         <run_address>0x1db6</run_address>
         <size>0x213</size>
         <input_file_ref idref="fl-2"/>
      </object_component>
      <object_component id="oc-1e7">
         <name>.debug_info</name>
         <load_address>0x1fc9</load_address>
         <run_address>0x1fc9</run_address>
         <size>0x16c</size>
         <input_file_ref idref="fl-2"/>
      </object_component>
      <object_component id="oc-170">
         <name>.debug_info</name>
         <load_address>0x2135</load_address>
         <run_address>0x2135</run_address>
         <size>0x1268</size>
         <input_file_ref idref="fl-2"/>
      </object_component>
      <object_component id="oc-162">
         <name>.debug_info</name>
         <load_address>0x339d</load_address>
         <run_address>0x339d</run_address>
         <size>0x3f8f</size>
         <input_file_ref idref="fl-2"/>
      </object_component>
      <object_component id="oc-17f">
         <name>.debug_info</name>
         <load_address>0x732c</load_address>
         <run_address>0x732c</run_address>
         <size>0x1ef</size>
         <input_file_ref idref="fl-2"/>
      </object_component>
      <object_component id="oc-184">
         <name>.debug_info</name>
         <load_address>0x751b</load_address>
         <run_address>0x751b</run_address>
         <size>0x5a</size>
         <input_file_ref idref="fl-2"/>
      </object_component>
      <object_component id="oc-189">
         <name>.debug_info</name>
         <load_address>0x7575</load_address>
         <run_address>0x7575</run_address>
         <size>0xb7</size>
         <input_file_ref idref="fl-2"/>
      </object_component>
      <object_component id="oc-18e">
         <name>.debug_info</name>
         <load_address>0x762c</load_address>
         <run_address>0x762c</run_address>
         <size>0xa3</size>
         <input_file_ref idref="fl-2"/>
      </object_component>
      <object_component id="oc-193">
         <name>.debug_info</name>
         <load_address>0x76cf</load_address>
         <run_address>0x76cf</run_address>
         <size>0xdf</size>
         <input_file_ref idref="fl-2"/>
      </object_component>
      <object_component id="oc-198">
         <name>.debug_info</name>
         <load_address>0x77ae</load_address>
         <run_address>0x77ae</run_address>
         <size>0x3d7</size>
         <input_file_ref idref="fl-2"/>
      </object_component>
      <object_component id="oc-1b8">
         <name>.debug_info</name>
         <load_address>0x7b85</load_address>
         <run_address>0x7b85</run_address>
         <size>0x8b</size>
         <input_file_ref idref="fl-2"/>
      </object_component>
      <object_component id="oc-167">
         <name>.debug_info</name>
         <load_address>0x7c10</load_address>
         <run_address>0x7c10</run_address>
         <size>0x18b</size>
         <input_file_ref idref="fl-2"/>
      </object_component>
      <object_component id="oc-1a2">
         <name>.debug_info</name>
         <load_address>0x7d9b</load_address>
         <run_address>0x7d9b</run_address>
         <size>0x163</size>
         <input_file_ref idref="fl-2"/>
      </object_component>
      <object_component id="oc-1a7">
         <name>.debug_info</name>
         <load_address>0x7efe</load_address>
         <run_address>0x7efe</run_address>
         <size>0x107</size>
         <input_file_ref idref="fl-2"/>
      </object_component>
      <object_component id="oc-1b1">
         <name>.debug_info</name>
         <load_address>0x8005</load_address>
         <run_address>0x8005</run_address>
         <size>0xb7</size>
         <input_file_ref idref="fl-2"/>
      </object_component>
      <object_component id="oc-1d7">
         <name>.debug_info</name>
         <load_address>0x80bc</load_address>
         <run_address>0x80bc</run_address>
         <size>0x13e</size>
         <input_file_ref idref="fl-3"/>
      </object_component>
      <object_component id="oc-12f">
         <name>.debug_info</name>
         <load_address>0x81fa</load_address>
         <run_address>0x81fa</run_address>
         <size>0x184</size>
         <input_file_ref idref="fl-3"/>
      </object_component>
      <object_component id="oc-36">
         <name>.debug_info</name>
         <load_address>0x837e</load_address>
         <run_address>0x837e</run_address>
         <size>0x84</size>
         <input_file_ref idref="fl-3"/>
      </object_component>
      <object_component id="oc-fb">
         <name>.debug_info</name>
         <load_address>0x8402</load_address>
         <run_address>0x8402</run_address>
         <size>0x185f</size>
         <input_file_ref idref="fl-4"/>
      </object_component>
      <object_component id="oc-e4">
         <name>.debug_info</name>
         <load_address>0x9c61</load_address>
         <run_address>0x9c61</run_address>
         <size>0x255</size>
         <input_file_ref idref="fl-4"/>
      </object_component>
      <object_component id="oc-f0">
         <name>.debug_info</name>
         <load_address>0x9eb6</load_address>
         <run_address>0x9eb6</run_address>
         <size>0x1b8</size>
         <input_file_ref idref="fl-4"/>
      </object_component>
      <object_component id="oc-eb">
         <name>.debug_info</name>
         <load_address>0xa06e</load_address>
         <run_address>0xa06e</run_address>
         <size>0x1f0</size>
         <input_file_ref idref="fl-4"/>
      </object_component>
      <object_component id="oc-c5">
         <name>.debug_info</name>
         <load_address>0xa25e</load_address>
         <run_address>0xa25e</run_address>
         <size>0x235</size>
         <input_file_ref idref="fl-4"/>
      </object_component>
      <object_component id="oc-8a">
         <name>.debug_info</name>
         <load_address>0xa493</load_address>
         <run_address>0xa493</run_address>
         <size>0x102</size>
         <input_file_ref idref="fl-4"/>
      </object_component>
      <object_component id="oc-84">
         <name>.debug_info</name>
         <load_address>0xa595</load_address>
         <run_address>0xa595</run_address>
         <size>0x116</size>
         <input_file_ref idref="fl-4"/>
      </object_component>
      <object_component id="oc-90">
         <name>.debug_info</name>
         <load_address>0xa6ab</load_address>
         <run_address>0xa6ab</run_address>
         <size>0x17b</size>
         <input_file_ref idref="fl-4"/>
      </object_component>
      <object_component id="oc-96">
         <name>.debug_info</name>
         <load_address>0xa826</load_address>
         <run_address>0xa826</run_address>
         <size>0x19c</size>
         <input_file_ref idref="fl-4"/>
      </object_component>
      <object_component id="oc-175">
         <name>.debug_info</name>
         <load_address>0xa9c2</load_address>
         <run_address>0xa9c2</run_address>
         <size>0xe5</size>
         <input_file_ref idref="fl-4"/>
      </object_component>
      <object_component id="oc-17a">
         <name>.debug_info</name>
         <load_address>0xaaa7</load_address>
         <run_address>0xaaa7</run_address>
         <size>0x4e8</size>
         <input_file_ref idref="fl-4"/>
      </object_component>
      <object_component id="oc-1ac">
         <name>.debug_info</name>
         <load_address>0xaf8f</load_address>
         <run_address>0xaf8f</run_address>
         <size>0x14d</size>
         <input_file_ref idref="fl-4"/>
      </object_component>
      <object_component id="oc-19d">
         <name>.debug_info</name>
         <load_address>0xb0dc</load_address>
         <run_address>0xb0dc</run_address>
         <size>0x67</size>
         <input_file_ref idref="fl-4"/>
      </object_component>
      <object_component id="oc-fe">
         <name>.debug_info</name>
         <load_address>0xb143</load_address>
         <run_address>0xb143</run_address>
         <size>0x176c</size>
         <input_file_ref idref="fl-5"/>
      </object_component>
      <object_component id="oc-1fa">
         <name>.debug_info</name>
         <load_address>0xc8af</load_address>
         <run_address>0xc8af</run_address>
         <size>0x1b9</size>
         <input_file_ref idref="fl-5"/>
      </object_component>
      <object_component id="oc-1f4">
         <name>.debug_info</name>
         <load_address>0xca68</load_address>
         <run_address>0xca68</run_address>
         <size>0x1f1</size>
         <input_file_ref idref="fl-5"/>
      </object_component>
      <object_component id="oc-11d">
         <name>.debug_info</name>
         <load_address>0xcc59</load_address>
         <run_address>0xcc59</run_address>
         <size>0x160</size>
         <input_file_ref idref="fl-5"/>
      </object_component>
      <object_component id="oc-de">
         <name>.debug_info</name>
         <load_address>0xcdb9</load_address>
         <run_address>0xcdb9</run_address>
         <size>0x12f</size>
         <input_file_ref idref="fl-5"/>
      </object_component>
      <object_component id="oc-158">
         <name>.debug_info</name>
         <load_address>0xcee8</load_address>
         <run_address>0xcee8</run_address>
         <size>0x1de</size>
         <input_file_ref idref="fl-5"/>
      </object_component>
      <object_component id="oc-152">
         <name>.debug_info</name>
         <load_address>0xd0c6</load_address>
         <run_address>0xd0c6</run_address>
         <size>0x114</size>
         <input_file_ref idref="fl-5"/>
      </object_component>
      <object_component id="oc-123">
         <name>.debug_info</name>
         <load_address>0xd1da</load_address>
         <run_address>0xd1da</run_address>
         <size>0x12c</size>
         <input_file_ref idref="fl-5"/>
      </object_component>
      <object_component id="oc-103">
         <name>.debug_info</name>
         <load_address>0xd306</load_address>
         <run_address>0xd306</run_address>
         <size>0x100</size>
         <input_file_ref idref="fl-5"/>
      </object_component>
      <object_component id="oc-f5">
         <name>.debug_info</name>
         <load_address>0xd406</load_address>
         <run_address>0xd406</run_address>
         <size>0x102</size>
         <input_file_ref idref="fl-5"/>
      </object_component>
      <object_component id="oc-1e0">
         <name>.debug_info</name>
         <load_address>0xd508</load_address>
         <run_address>0xd508</run_address>
         <size>0x108</size>
         <input_file_ref idref="fl-5"/>
      </object_component>
      <object_component id="oc-129">
         <name>.debug_info</name>
         <load_address>0xd610</load_address>
         <run_address>0xd610</run_address>
         <size>0x139</size>
         <input_file_ref idref="fl-5"/>
      </object_component>
      <object_component id="oc-135">
         <name>.debug_info</name>
         <load_address>0xd749</load_address>
         <run_address>0xd749</run_address>
         <size>0x1e4</size>
         <input_file_ref idref="fl-5"/>
      </object_component>
      <object_component id="oc-2c4">
         <name>.debug_info</name>
         <load_address>0xd92d</load_address>
         <run_address>0xd92d</run_address>
         <size>0x50f</size>
         <input_file_ref idref="fl-6"/>
      </object_component>
      <object_component id="oc-d6">
         <name>.debug_info</name>
         <load_address>0xde3c</load_address>
         <run_address>0xde3c</run_address>
         <size>0x117</size>
         <input_file_ref idref="fl-6"/>
      </object_component>
      <object_component id="oc-2c7">
         <name>.debug_info</name>
         <load_address>0xdf53</load_address>
         <run_address>0xdf53</run_address>
         <size>0x37cd</size>
         <input_file_ref idref="fl-6"/>
      </object_component>
      <object_component id="oc-2b6">
         <name>.debug_info</name>
         <load_address>0x11720</load_address>
         <run_address>0x11720</run_address>
         <size>0x1055</size>
         <input_file_ref idref="fl-6"/>
      </object_component>
      <object_component id="oc-28a">
         <name>.debug_info</name>
         <load_address>0x12775</load_address>
         <run_address>0x12775</run_address>
         <size>0x18b</size>
         <input_file_ref idref="fl-6"/>
      </object_component>
      <object_component id="oc-9b">
         <name>.debug_info</name>
         <load_address>0x12900</load_address>
         <run_address>0x12900</run_address>
         <size>0x2a5</size>
         <input_file_ref idref="fl-9"/>
      </object_component>
      <object_component id="oc-2d">
         <name>.debug_info</name>
         <load_address>0x12ba5</load_address>
         <run_address>0x12ba5</run_address>
         <size>0xe3</size>
         <input_file_ref idref="fl-9"/>
      </object_component>
      <object_component id="oc-76">
         <name>.debug_info</name>
         <load_address>0x12c88</load_address>
         <run_address>0x12c88</run_address>
         <size>0x146</size>
         <input_file_ref idref="fl-9"/>
      </object_component>
      <object_component id="oc-7c">
         <name>.debug_info</name>
         <load_address>0x12dce</load_address>
         <run_address>0x12dce</run_address>
         <size>0x12e</size>
         <input_file_ref idref="fl-9"/>
      </object_component>
      <object_component id="oc-28f">
         <name>.debug_info</name>
         <load_address>0x12efc</load_address>
         <run_address>0x12efc</run_address>
         <size>0x6b3</size>
         <input_file_ref idref="fl-ac"/>
      </object_component>
      <object_component id="oc-287">
         <name>.debug_info</name>
         <load_address>0x135af</load_address>
         <run_address>0x135af</run_address>
         <size>0xef</size>
         <input_file_ref idref="fl-ac"/>
      </object_component>
      <object_component id="oc-21c">
         <name>.debug_info</name>
         <load_address>0x1369e</load_address>
         <run_address>0x1369e</run_address>
         <size>0x24a</size>
         <input_file_ref idref="fl-ac"/>
      </object_component>
      <object_component id="oc-2b1">
         <name>.debug_info</name>
         <load_address>0x138e8</load_address>
         <run_address>0x138e8</run_address>
         <size>0x4305</size>
         <input_file_ref idref="fl-ac"/>
      </object_component>
      <object_component id="oc-291">
         <name>.debug_info</name>
         <load_address>0x17bed</load_address>
         <run_address>0x17bed</run_address>
         <size>0x6bb</size>
         <input_file_ref idref="fl-ad"/>
      </object_component>
      <object_component id="oc-241">
         <name>.debug_info</name>
         <load_address>0x182a8</load_address>
         <run_address>0x182a8</run_address>
         <size>0x1ef</size>
         <input_file_ref idref="fl-ad"/>
      </object_component>
      <object_component id="oc-24e">
         <name>.debug_info</name>
         <load_address>0x18497</load_address>
         <run_address>0x18497</run_address>
         <size>0x1bf</size>
         <input_file_ref idref="fl-ad"/>
      </object_component>
      <object_component id="oc-266">
         <name>.debug_info</name>
         <load_address>0x18656</load_address>
         <run_address>0x18656</run_address>
         <size>0x1c0</size>
         <input_file_ref idref="fl-ad"/>
      </object_component>
      <object_component id="oc-25a">
         <name>.debug_info</name>
         <load_address>0x18816</load_address>
         <run_address>0x18816</run_address>
         <size>0x209</size>
         <input_file_ref idref="fl-ad"/>
      </object_component>
      <object_component id="oc-297">
         <name>.debug_info</name>
         <load_address>0x18a1f</load_address>
         <run_address>0x18a1f</run_address>
         <size>0x1ea</size>
         <input_file_ref idref="fl-ad"/>
      </object_component>
      <object_component id="oc-29d">
         <name>.debug_info</name>
         <load_address>0x18c09</load_address>
         <run_address>0x18c09</run_address>
         <size>0x1f2</size>
         <input_file_ref idref="fl-ad"/>
      </object_component>
      <object_component id="oc-26c">
         <name>.debug_info</name>
         <load_address>0x18dfb</load_address>
         <run_address>0x18dfb</run_address>
         <size>0x1b6</size>
         <input_file_ref idref="fl-ad"/>
      </object_component>
      <object_component id="oc-272">
         <name>.debug_info</name>
         <load_address>0x18fb1</load_address>
         <run_address>0x18fb1</run_address>
         <size>0x1ca</size>
         <input_file_ref idref="fl-ad"/>
      </object_component>
      <object_component id="oc-278">
         <name>.debug_info</name>
         <load_address>0x1917b</load_address>
         <run_address>0x1917b</run_address>
         <size>0x1ce</size>
         <input_file_ref idref="fl-ad"/>
      </object_component>
      <object_component id="oc-254">
         <name>.debug_info</name>
         <load_address>0x19349</load_address>
         <run_address>0x19349</run_address>
         <size>0x1a5</size>
         <input_file_ref idref="fl-ad"/>
      </object_component>
      <object_component id="oc-223">
         <name>.debug_info</name>
         <load_address>0x194ee</load_address>
         <run_address>0x194ee</run_address>
         <size>0x1cd</size>
         <input_file_ref idref="fl-ad"/>
      </object_component>
      <object_component id="oc-260">
         <name>.debug_info</name>
         <load_address>0x196bb</load_address>
         <run_address>0x196bb</run_address>
         <size>0x1dc</size>
         <input_file_ref idref="fl-ad"/>
      </object_component>
      <object_component id="oc-22f">
         <name>.debug_info</name>
         <load_address>0x19897</load_address>
         <run_address>0x19897</run_address>
         <size>0x1a7</size>
         <input_file_ref idref="fl-ad"/>
      </object_component>
      <object_component id="oc-229">
         <name>.debug_info</name>
         <load_address>0x19a3e</load_address>
         <run_address>0x19a3e</run_address>
         <size>0x1a9</size>
         <input_file_ref idref="fl-ad"/>
      </object_component>
      <object_component id="oc-247">
         <name>.debug_info</name>
         <load_address>0x19be7</load_address>
         <run_address>0x19be7</run_address>
         <size>0x1d8</size>
         <input_file_ref idref="fl-ad"/>
      </object_component>
      <object_component id="oc-2bd">
         <name>.debug_info</name>
         <load_address>0x19dbf</load_address>
         <run_address>0x19dbf</run_address>
         <size>0x9a</size>
         <input_file_ref idref="fl-ad"/>
      </object_component>
      <object_component id="oc-27">
         <name>.debug_info</name>
         <load_address>0x19e59</load_address>
         <run_address>0x19e59</run_address>
         <size>0x160</size>
         <input_file_ref idref="fl-166"/>
      </object_component>
      <object_component id="oc-a1">
         <name>.debug_info</name>
         <load_address>0x19fb9</load_address>
         <run_address>0x19fb9</run_address>
         <size>0x293</size>
         <input_file_ref idref="fl-167"/>
      </object_component>
      <object_component id="oc-18">
         <name>.debug_info</name>
         <load_address>0x1a24c</load_address>
         <run_address>0x1a24c</run_address>
         <size>0x245</size>
         <input_file_ref idref="fl-167"/>
      </object_component>
      <object_component id="oc-31">
         <name>.debug_info</name>
         <load_address>0x1a491</load_address>
         <run_address>0x1a491</run_address>
         <size>0x60</size>
         <input_file_ref idref="fl-167"/>
      </object_component>
      <object_component id="oc-9c">
         <name>.debug_info</name>
         <load_address>0x1a4f1</load_address>
         <run_address>0x1a4f1</run_address>
         <size>0x46</size>
         <input_file_ref idref="fl-167"/>
      </object_component>
      <object_component id="oc-46">
         <name>.debug_info</name>
         <load_address>0x1a537</load_address>
         <run_address>0x1a537</run_address>
         <size>0x2da</size>
         <input_file_ref idref="fl-168"/>
      </object_component>
      <object_component id="oc-1c">
         <name>.debug_info</name>
         <load_address>0x1a811</load_address>
         <run_address>0x1a811</run_address>
         <size>0x1df</size>
         <input_file_ref idref="fl-168"/>
      </object_component>
      <object_component id="oc-41">
         <name>.debug_info</name>
         <load_address>0x1a9f0</load_address>
         <run_address>0x1a9f0</run_address>
         <size>0x46</size>
         <input_file_ref idref="fl-168"/>
      </object_component>
      <object_component id="oc-a3">
         <name>.debug_info</name>
         <load_address>0x1aa36</load_address>
         <run_address>0x1aa36</run_address>
         <size>0x2c</size>
         <input_file_ref idref="fl-168"/>
      </object_component>
      <object_component id="oc-52">
         <name>.debug_info</name>
         <load_address>0x1aa62</load_address>
         <run_address>0x1aa62</run_address>
         <size>0x2c9</size>
         <input_file_ref idref="fl-169"/>
      </object_component>
      <object_component id="oc-21">
         <name>.debug_info</name>
         <load_address>0x1ad2b</load_address>
         <run_address>0x1ad2b</run_address>
         <size>0x1aa</size>
         <input_file_ref idref="fl-169"/>
      </object_component>
      <object_component id="oc-4d">
         <name>.debug_info</name>
         <load_address>0x1aed5</load_address>
         <run_address>0x1aed5</run_address>
         <size>0x46</size>
         <input_file_ref idref="fl-169"/>
      </object_component>
      <object_component id="oc-ab">
         <name>.debug_info</name>
         <load_address>0x1af1b</load_address>
         <run_address>0x1af1b</run_address>
         <size>0x2c</size>
         <input_file_ref idref="fl-169"/>
      </object_component>
[...]
         <name>_Z12OPT3001_initv</name>
         <value>0x1289</value>
         <object_component_ref idref="oc-1d6"/>
      </symbol>
      <symbol id="sm-d8">
         <name>_Z14OPT3001_getLuxv</name>
         <value>0x505</value>
         <object_component_ref idref="oc-12e"/>
      </symbol>
      <symbol id="sm-16c">
         <name>g_flux</name>
         <value>0x2000003c</value>
      </symbol>
      <symbol id="sm-16d">
         <name>g_vfsonido</name>
         <value>0x20000028</value>
      </symbol>
      <symbol id="sm-16e">
         <name>g_vfmuestras</name>
         <value>0x20000000</value>
      </symbol>
      <symbol id="sm-16f">
         <name>T32_INT2_IRQHandler</name>
         <value>0x835</value>
         <object_component_ref idref="oc-8d"/>
      </symbol>
      <symbol id="sm-170">
         <name>g_fstillcrying</name>
         <value>0x20000064</value>
         <object_component_ref idref="oc-e3"/>
      </symbol>
      <symbol id="sm-171">
         <name>g_fmemorizeavg</name>
         <value>0x2000005c</value>
         <object_component_ref idref="oc-e3"/>
      </symbol>
      <symbol id="sm-172">
         <name>g_fADCResult</name>
         <value>0x20000044</value>
         <object_component_ref idref="oc-e3"/>
      </symbol>
      <symbol id="sm-173">
         <name>g_imuestras_counter</name>
         <value>0x20000048</value>
         <object_component_ref idref="oc-e3"/>
      </symbol>
      <symbol id="sm-174">
         <name>PORT4_IRQHandler</name>
         <value>0x8b5</value>
         <object_component_ref idref="oc-93"/>
      </symbol>
      <symbol id="sm-175">
         <name>g_iverify</name>
         <value>0x20000058</value>
         <object_component_ref idref="oc-e3"/>
      </symbol>
      <symbol id="sm-176">
         <name>g_u16ADC14Result</name>
         <value>0x20000040</value>
         <object_component_ref idref="oc-e3"/>
      </symbol>
      <symbol id="sm-177">
         <name>main</name>
         <value>0x5dd</value>
         <object_component_ref idref="oc-c2"/>
      </symbol>
      <symbol id="sm-178">
         <name>g_isonido_counter</name>
         <value>0x2000004c</value>
         <object_component_ref idref="oc-e3"/>
      </symbol>
      <symbol id="sm-179">
         <name>ADC14_IRQHandler</name>
         <value>0xd8d</value>
         <object_component_ref idref="oc-81"/>
      </symbol>
      <symbol id="sm-17a">
         <name>g_gmuestras_avg</name>
         <value>0x20000050</value>
         <object_component_ref idref="oc-e3"/>
      </symbol>
      <symbol id="sm-17b">
         <name>g_ilamps</name>
         <value>0x20000060</value>
         <object_component_ref idref="oc-e3"/>
      </symbol>
      <symbol id="sm-17c">
         <name>g_fpromedio</name>
         <value>0x20000054</value>
         <object_component_ref idref="oc-e3"/>
      </symbol>
      <symbol id="sm-17d">
         <name>T32_INT1_IRQHandler</name>
         <value>0x1125</value>
         <object_component_ref idref="oc-87"/>
      </symbol>
      <symbol id="sm-258">
         <name>_Z18MemoryLightsTogglev</name>
         <value>0xebd</value>
         <object_component_ref idref="oc-1df"/>
      </symbol>
      <symbol id="sm-259">
         <name>_Z12BufferSonidov</name>
         <value>0x209</value>
         <object_component_ref idref="oc-157"/>
      </symbol>
      <symbol id="sm-25a">
         <name>_Z14BufferMuestrasv</name>
         <value>0xb6d</value>
         <object_component_ref idref="oc-dd"/>
      </symbol>
      <symbol id="sm-25b">
         <name>_Z13EstadoInicialv</name>
         <value>0xb05</value>
         <object_component_ref idref="oc-134"/>
      </symbol>
      <symbol id="sm-25c">
         <name>_Z10ParpadeoOnv</name>
         <value>0x11b5</value>
         <object_component_ref idref="oc-128"/>
      </symbol>
      <symbol id="sm-25d">
         <name>_Z11StillCryingv</name>
         <value>0xc91</value>
         <object_component_ref idref="oc-151"/>
      </symbol>
      <symbol id="sm-25e">
         <name>_Z11SelectLampsv</name>
         <value>0x41d</value>
         <object_component_ref idref="oc-122"/>
      </symbol>
      <symbol id="sm-25f">
         <name>_Z14MemoryLightsOnv</name>
         <value>0x1015</value>
         <object_component_ref idref="oc-102"/>
      </symbol>
      <symbol id="sm-260">
         <name>_Z5Setupv</name>
         <value>0xe5</value>
         <object_component_ref idref="oc-11c"/>
      </symbol>
      <symbol id="sm-261">
         <name>_Z15MemoryLightsOffv</name>
         <value>0x1051</value>
         <object_component_ref idref="oc-f4"/>
      </symbol>
      <symbol id="sm-286">
         <name>SystemInit</name>
         <value>0x9ad</value>
         <object_component_ref idref="oc-d5"/>
      </symbol>
      <symbol id="sm-2a4">
         <name>Reset_Handler</name>
         <value>0x1303</value>
         <object_component_ref idref="oc-75"/>
      </symbol>
      <symbol id="sm-2a5">
         <name>Default_Handler</name>
         <value>0x833</value>
         <object_component_ref idref="oc-7b"/>
      </symbol>
      <symbol id="sm-2a6">
         <name>interruptVectors</name>
         <value>0x0</value>
         <object_component_ref idref="oc-2c"/>
      </symbol>
      <symbol id="sm-35f">
         <name>GPIO_setAsPeripheralModuleFunctionOutputPin</name>
         <value>0xddd</value>
         <object_component_ref idref="oc-21b"/>
      </symbol>
      <symbol id="sm-3fc">
         <name>I2C_masterSendMultiByteStop</name>
         <value>0x10f5</value>
         <object_component_ref idref="oc-265"/>
      </symbol>
      <symbol id="sm-3fd">
         <name>I2C_masterSendMultiByteFinish</name>
         <value>0xc3d</value>
         <object_component_ref idref="oc-29c"/>
      </symbol>
      <symbol id="sm-3fe">
         <name>I2C_masterSendMultiByteNext</name>
         <value>0x11e5</value>
         <object_component_ref idref="oc-296"/>
      </symbol>
      <symbol id="sm-3ff">
         <name>I2C_masterSendMultiByteStart</name>
         <value>0xf95</value>
         <object_component_ref idref="oc-259"/>
      </symbol>
      <symbol id="sm-400">
         <name>I2C_masterReceiveMultiByteNext</name>
         <value>0x1321</value>
         <object_component_ref idref="oc-271"/>
      </symbol>
      <symbol id="sm-401">
         <name>I2C_getInterruptStatus</name>
         <value>0x131b</value>
         <object_component_ref idref="oc-25f"/>
      </symbol>
      <symbol id="sm-402">
         <name>I2C_setMode</name>
         <value>0x12cf</value>
         <object_component_ref idref="oc-24d"/>
      </symbol>
      <symbol id="sm-403">
         <name>I2C_isBusBusy</name>
         <value>0x1275</value>
         <object_component_ref idref="oc-253"/>
      </symbol>
      <symbol id="sm-404">
         <name>I2C_masterReceiveMultiByteFinish</name>
         <value>0x10c5</value>
         <object_component_ref idref="oc-277"/>
      </symbol>
      <symbol id="sm-405">
         <name>I2C_enableModule</name>
         <value>0x12f7</value>
         <object_component_ref idref="oc-22e"/>
      </symbol>
      <symbol id="sm-406">
         <name>I2C_masterReceiveStart</name>
         <value>0x12b1</value>
         <object_component_ref idref="oc-26b"/>
      </symbol>
      <symbol id="sm-407">
         <name>I2C_clearInterruptFlag</name>
         <value>0x12c1</value>
         <object_component_ref idref="oc-246"/>
      </symbol>
      <symbol id="sm-408">
         <name>I2C_setSlaveAddress</name>
         <value>0x1327</value>
         <object_component_ref idref="oc-240"/>
      </symbol>
      <symbol id="sm-409">
         <name>I2C_initMaster</name>
         <value>0xfd5</value>
         <object_component_ref idref="oc-222"/>
      </symbol>
      <symbol id="sm-40a">
         <name>I2C_disableModule</name>
         <value>0x12eb</value>
         <object_component_ref idref="oc-228"/>
      </symbol>
      <symbol id="sm-41e">
         <name>_c_int00</name>
         <value>0xce5</value>
         <object_component_ref idref="oc-26"/>
      </symbol>
      <symbol id="sm-41f">
         <name>__stack</name>
         <value>0x2000fe00</value>
         <object_component_ref idref="oc-2f"/>
      </symbol>
      <symbol id="sm-43d">
         <name>__TI_decompress_lzss</name>
         <value>0xbd5</value>
         <object_component_ref idref="oc-14"/>
      </symbol>
      <symbol id="sm-454">
         <name>__TI_decompress_none</name>
         <value>0x12dd</value>
         <object_component_ref idref="oc-1a"/>
      </symbol>
      <symbol id="sm-46b">
         <name>__TI_zero_init</name>
         <value>0x130f</value>
         <object_component_ref idref="oc-20"/>
      </symbol>
      <symbol id="sm-48c">
         <name>C$$EXIT</name>
         <value>0xd39</value>
         <object_component_ref idref="oc-6b"/>
      </symbol>
      <symbol id="sm-48d">
         <name>abort</name>
         <value>0xd3d</value>
         <object_component_ref idref="oc-6b"/>
      </symbol>
      <symbol id="sm-48e">
         <name>exit</name>
         <value>0xd45</value>
         <object_component_ref idref="oc-6b"/>
      </symbol>
      <symbol id="sm-48f">
         <name>__TI_dtors_ptr</name>
         <value>0x2000006c</value>
         <object_component_ref idref="oc-ca"/>
      </symbol>
      <symbol id="sm-490">
         <name>__TI_cleanup_ptr</name>
         <value>0x20000068</value>
         <object_component_ref idref="oc-ca"/>
      </symbol>
      <symbol id="sm-491">
         <name>__TI_enable_exit_profile_output</name>
         <value>0x20000070</value>
         <object_component_ref idref="oc-ca"/>
      </symbol>
      <symbol id="sm-4a3">
         <name>__aeabi_cdrcmple</name>
         <value>0x7ad</value>
         <object_component_ref idref="oc-20e"/>
      </symbol>
      <symbol id="sm-4ae">
         <name>__aeabi_dmul</name>
         <value>0x321</value>
         <object_component_ref idref="oc-209"/>
      </symbol>
      <symbol id="sm-4ba">
         <name>__aeabi_d2f</name>
         <value>0xa95</value>
         <object_component_ref idref="oc-213"/>
      </symbol>
      <symbol id="sm-4c5">
         <name>__aeabi_f2d</name>
         <value>0x108d</value>
         <object_component_ref idref="oc-204"/>
      </symbol>
      <symbol id="sm-4e0">
         <name>memcpy</name>
         <value>0x685</value>
         <object_component_ref idref="oc-3b"/>
      </symbol>
      <symbol id="sm-4e1">
         <name>__aeabi_memcpy</name>
         <value>0x685</value>
         <object_component_ref idref="oc-3b"/>
      </symbol>
      <symbol id="sm-4e2">
         <name>__aeabi_memcpy8</name>
         <value>0x685</value>
         <object_component_ref idref="oc-3b"/>
      </symbol>
      <symbol id="sm-4e3">
         <name>__aeabi_memcpy4</name>
         <value>0x685</value>
         <object_component_ref idref="oc-3b"/>
      </symbol>
      <symbol id="sm-4f2">
         <name>__aeabi_memset</name>
         <value>0x933</value>
         <object_component_ref idref="oc-47"/>
      </symbol>
      <symbol id="sm-4f3">
         <name>memset</name>
         <value>0x939</value>
         <object_component_ref idref="oc-47"/>
      </symbol>
      <symbol id="sm-4f4">
         <name>__aeabi_memset8</name>
         <value>0x933</value>
         <object_component_ref idref="oc-47"/>
      </symbol>
      <symbol id="sm-4f5">
         <name>__aeabi_memset4</name>
         <value>0x933</value>
         <object_component_ref idref="oc-47"/>
      </symbol>
      <symbol id="sm-4f6">
         <name>__aeabi_memclr8</name>
         <value>0x931</value>
         <object_component_ref idref="oc-47"/>
      </symbol>
      <symbol id="sm-4f7">
         <name>__aeabi_memclr4</name>
         <value>0x931</value>
         <object_component_ref idref="oc-47"/>
      </symbol>
      <symbol id="sm-4f8">
         <name>__aeabi_memclr</name>
         <value>0x931</value>
         <object_component_ref idref="oc-47"/>
      </symbol>
      <symbol id="sm-502">
         <name>__mpu_init</name>
         <value>0x9ab</value>
         <object_component_ref idref="oc-53"/>
      </symbol>
      <symbol id="sm-50c">
         <name>_system_pre_init</name>
         <value>0x132b</value>
         <object_component_ref idref="oc-59"/>
      </symbol>
      <symbol id="sm-514">
         <name>main_func_sp</name>
         <value>0x2000007c</value>
         <object_component_ref idref="oc-71"/>
      </symbol>
      <symbol id="sm-52d">
         <name>_nop</name>
         <value>0x12ab</value>
         <object_component_ref idref="oc-144"/>
      </symbol>
      <symbol id="sm-52e">
         <name>_lock</name>
         <value>0x20000074</value>
         <object_component_ref idref="oc-cd"/>
      </symbol>
      <symbol id="sm-52f">
         <name>_unlock</name>
         <value>0x20000078</value>
         <object_component_ref idref="oc-cd"/>
      </symbol>
      <symbol id="sm-530">
         <name>_register_lock</name>
         <value>0x12a3</value>
         <object_component_ref idref="oc-144"/>
      </symbol>
      <symbol id="sm-531">
         <name>_register_unlock</name>
         <value>0x129d</value>
         <object_component_ref idref="oc-144"/>
      </symbol>
      <symbol id="sm-545">
         <name>_args_main</name>
         <value>0x125d</value>
         <object_component_ref idref="oc-65"/>
      </symbol>
      <symbol id="sm-56f">
         <name>__TI_auto_init</name>
         <value>0xa25</value>
         <object_component_ref idref="oc-5f"/>
      </symbol>
      <symbol id="sm-589">
         <name>copy_in</name>
         <value>0xe29</value>
         <object_component_ref idref="oc-b4"/>
      </symbol>
      <symbol id="sm-593">
         <name>_system_post_cinit</name>
         <value>0xb03</value>
         <object_component_ref idref="oc-ba"/>
      </symbol>
      <symbol id="sm-594">
         <name>__TI_static_base__</name>
         <value>0x0</value>
      </symbol>
      <symbol id="sm-597">
         <name>SHT$$INIT_ARRAY$$Limit</name>
         <value>0x0</value>
      </symbol>
      <symbol id="sm-598">
         <name>SHT$$INIT_ARRAY$$Base</name>
         <value>0x0</value>
      </symbol>
      <symbol id="sm-599">
         <name>NMI_Handler</name>
         <value>0x833</value>
      </symbol>
      <symbol id="sm-59a">
         <name>HardFault_Handler</name>
         <value>0x833</value>
      </symbol>
      <symbol id="sm-59b">
         <name>MemManage_Handler</name>
         <value>0x833</value>
      </symbol>
      <symbol id="sm-59c">
         <name>BusFault_Handler</name>
         <value>0x833</value>
      </symbol>
      <symbol id="sm-59d">
         <name>UsageFault_Handler</name>
         <value>0x833</value>
      </symbol>
      <symbol id="sm-59e">
         <name>SVC_Handler</name>
         <value>0x833</value>
      </symbol>
      <symbol id="sm-59f">
         <name>DebugMon_Handler</name>
         <value>0x833</value>
      </symbol>
      <symbol id="sm-5a0">
         <name>PendSV_Handler</name>
         <value>0x833</value>
      </symbol>
      <symbol id="sm-5a1">
         <name>SysTick_Handler</name>
         <value>0x833</value>
      </symbol>
      <symbol id="sm-5a2">
         <name>PSS_IRQHandler</name>
         <value>0x833</value>
      </symbol>
      <symbol id="sm-5a3">
         <name>CS_IRQHandler</name>
         <value>0x833</value>
      </symbol>
      <symbol id="sm-5a4">
         <name>PCM_IRQHandler</name>
         <value>0x833</value>
      </symbol>
      <symbol id="sm-5a5">
         <name>WDT_A_IRQHandler</name>
         <value>0x833</value>
      </symbol>
      <symbol id="sm-5a6">
         <name>FPU_IRQHandler</name>
         <value>0x833</value>
      </symbol>
      <symbol id="sm-5a7">
         <name>FLCTL_IRQHandler</name>
         <value>0x833</value>
      </symbol>
      <symbol id="sm-5a8">
         <name>COMP_E0_IRQHandler</name>
         <value>0x833</value>
      </symbol>
      <symbol id="sm-5a9">
         <name>COMP_E1_IRQHandler</name>
         <value>0x833</value>
      </symbol>
      <symbol id="sm-5aa">
         <name>TA0_0_IRQHandler</name>
         <value>0x833</value>
      </symbol>
      <symbol id="sm-5ab">
         <name>TA0_N_IRQHandler</name>
         <value>0x833</value>
      </symbol>
      <symbol id="sm-5ac">
         <name>TA1_0_IRQHandler</name>
         <value>0x833</value>
      </symbol>
      <symbol id="sm-5ad">
         <name>TA1_N_IRQHandler</name>
         <value>0x833</value>
      </symbol>
      <symbol id="sm-5ae">
         <name>TA2_0_IRQHandler</name>
         <value>0x833</value>
      </symbol>
      <symbol id="sm-5af">
         <name>TA2_N_IRQHandler</name>
         <value>0x833</value>
      </symbol>
      <symbol id="sm-5b0">
         <name>TA3_0_IRQHandler</name>
         <value>0x833</value>
      </symbol>
      <symbol id="sm-5b1">
         <name>TA3_N_IRQHandler</name>
         <value>0x833</value>
      </symbol>
      <symbol id="sm-5b2">
         <name>EUSCIA0_IRQHandler</name>
         <value>0x833</value>
      </symbol>
      <symbol id="sm-5b3">
         <name>EUSCIA1_IRQHandler</name>
         <value>0x833</value>
      </symbol>
      <symbol id="sm-5b4">
         <name>EUSCIA2_IRQHandler</name>
         <value>0x833</value>
      </symbol>
      <symbol id="sm-5b5">
         <name>EUSCIA3_IRQHandler</name>
         <value>0x833</value>
      </symbol>
      <symbol id="sm-5b6">
         <name>EUSCIB0_IRQHandler</name>
         <value>0x833</value>
      </symbol>
      <symbol id="sm-5b7">
         <name>EUSCIB1_IRQHandler</name>
         <value>0x833</value>
      </symbol>
      <symbol id="sm-5b8">
         <name>EUSCIB2_IRQHandler</name>
         <value>0x833</value>
      </symbol>
      <symbol id="sm-5b9">
         <name>EUSCIB3_IRQHandler</name>
         <value>0x833</value>
      </symbol>
      <symbol id="sm-5ba">
         <name>ADC14_IRQHandler</name>
         <value>0xd8d</value>
      </symbol>
      <symbol id="sm-5bb">
         <name>T32_INT1_IRQHandler</name>
         <value>0x1125</value>
      </symbol>
      <symbol id="sm-5bc">
         <name>T32_INT2_IRQHandler</name>
         <value>0x835</value>
      </symbol>
      <symbol id="sm-5bd">
         <name>T32_INTC_IRQHandler</name>
         <value>0x833</value>
      </symbol>
      <symbol id="sm-5be">
         <name>AES256_IRQHandler</name>
         <value>0x833</value>
      </symbol>
      <symbol id="sm-5bf">
         <name>RTC_C_IRQHandler</name>
         <value>0x833</value>
      </symbol>
      <symbol id="sm-5c0">
         <name>DMA_ERR_IRQHandler</name>
         <value>0x833</value>
      </symbol>
      <symbol id="sm-5c1">
         <name>DMA_INT3_IRQHandler</name>
         <value>0x833</value>
      </symbol>
      <symbol id="sm-5c2">
         <name>DMA_INT2_IRQHandler</name>
         <value>0x833</value>
      </symbol>
      <symbol id="sm-5c3">
         <name>DMA_INT1_IRQHandler</name>
         <value>0x833</value>
      </symbol>
      <symbol id="sm-5c4">
         <name>DMA_INT0_IRQHandler</name>
         <value>0x833</value>
      </symbol>
      <symbol id="sm-5c5">
         <name>PORT1_IRQHandler</name>
         <value>0x833</value>
      </symbol>
      <symbol id="sm-5c6">
         <name>PORT2_IRQHandler</name>
         <value>0x833</value>
      </symbol>
      <symbol id="sm-5c7">
         <name>PORT3_IRQHandler</name>
         <value>0x833</value>
      </symbol>
      <symbol id="sm-5c8">
         <name>PORT4_IRQHandler</name>
         <value>0x8b5</value>
      </symbol>
      <symbol id="sm-5c9">
         <name>PORT5_IRQHandler</name>
         <value>0x833</value>
      </symbol>
      <symbol id="sm-5ca">
         <name>PORT6_IRQHandler</name>
         <value>0x833</value>
      </symbol>
   </symbol_table>
   <title>Link errors: red sections failed placement</title>
</link_info>
