******************************************************************************
                  TI ARM Linker PC v16.9.4                     
******************************************************************************
>> Linked Sun Oct 01 20:16:08 2017

OUTPUT FILE NAME:   <Labo 2.out>
ENTRY POINT SYMBOL: "_c_int00"  address: 000029fd


MEMORY CONFIGURATION

         name            origin    length      used     unused   attr    fill
----------------------  --------  ---------  --------  --------  ----  --------
  MAIN                  00000000   00040000  000035f0  0003ca10  R  X
  INFO                  00200000   00004000  00000000  00004000  R  X
  SRAM_CODE             01000000   00010000  0000025a  0000fda6  RW X
  SRAM_DATA             20000000   00010000  0000025a  0000fda6  RW  


SEGMENT ALLOCATION MAP

run origin  load origin   length   init length attrs members
----------  ----------- ---------- ----------- ----- -------
00000000    00000000    000035f0   000035f0    r-x
  00000000    00000000    000001c8   000001c8    r-- .intvecs
  000001c8    000001c8    00002eb8   00002eb8    r-x .text
  00003080    00003080    00000538   00000538    r-- .const
  000035b8    000035b8    00000038   00000038    r-- .cinit
20000000    20000000    0000005c   00000000    rw-
  20000000    20000000    0000002e   00000000    rw- .bss
  20000030    20000030    0000002c   00000000    rw- .data
2000fe00    2000fe00    00000200   00000000    rw-
  2000fe00    2000fe00    00000200   00000000    rw- .stack


SECTION ALLOCATION MAP

 output                                  attributes/
section   page    origin      length       input sections
--------  ----  ----------  ----------   ----------------
.intvecs   0    00000000    000001c8     
                  00000000    000000e4     startup_msp432p401r_ccs.obj (.intvecs:retain)
                  000000e4    000000e4     startup_msp432p401r_ccs.obj (.intvecs:retain)

.binit     0    00000000    00000000     

.text      0    000001c8    00002eb8     
                  000001c8    0000113e     rtsv7M4_T_le_v4SPD16_eabi.lib : _printfi.obj (.text)
                  00001306    000002d0     grlib.lib : string.o (.text:Graphics_drawString)
                  000015d6    000001f4     rtsv7M4_T_le_v4SPD16_eabi.lib : ull_div_t2.obj (.text)
                  000017ca    000001d8     Crystalfontz128x128_ST7735.obj (.text:_Z37Crystalfontz128x128_PixelDrawMultiplePK16Graphics_DisplaysssssPKhPKj)
                  000019a2    000001b6     rtsv7M4_T_le_v4SPD16_eabi.lib : fd_add_t2.obj (.text)
                  00001b58    000001b4     main.obj (.text:main)
                  00001d0c    00000136     rtsv7M4_T_le_v4SPD16_eabi.lib : fd_div_t2.obj (.text)
                  00001e42    00000002     startup_msp432p401r_ccs.obj (.text:Default_Handler)
                  00001e44    00000134     Crystalfontz128x128_ST7735.obj (.text:_Z32Crystalfontz128x128_SetDrawFrametttt)
                  00001f78    0000012c     Crystalfontz128x128_ST7735.obj (.text:_Z24Crystalfontz128x128_Initv)
                  000020a4    000000fc     rtsv7M4_T_le_v4SPD16_eabi.lib : fd_mul_t2.obj (.text)
                  000021a0    000000fc                                   : s_scalbn.obj (.text)
                  0000229c    0000009c     Crystalfontz128x128_ST7735.obj (.text:_Z28Crystalfontz128x128_RectFillPK16Graphics_DisplayPK18Graphics_Rectanglet)
                  00002338    0000009c     rtsv7M4_T_le_v4SPD16_eabi.lib : memcpy_t2.obj (.text)
                  000023d4    00000094     main.obj (.text:_Z13drawAccelDatav)
                  00002468    00000086     rtsv7M4_T_le_v4SPD16_eabi.lib : fd_cmp_t2.obj (.text:__aeabi_cdcmple)
                  000024ee    00000086                                   : fd_cmp_t2.obj (.text:__aeabi_cdrcmple)
                  00002574    0000007c     msp432p4xx_driverlib.lib : spi.obj (.text:SPI_initMaster)
                  000025f0    0000007a     rtsv7M4_T_le_v4SPD16_eabi.lib : memset_t2.obj (.text)
                  0000266a    00000002                                   : mpu_init.obj (.text)
                  0000266c    00000078     system_msp432p401r.obj (.text:SystemInit)
                  000026e4    00000070     rtsv7M4_T_le_v4SPD16_eabi.lib : autoinit.obj (.text)
                  00002754    00000068     grlib.lib : string.o (.text:Graphics_getStringWidth)
                  000027bc    00000068     rtsv7M4_T_le_v4SPD16_eabi.lib : copy_decompress_lzss.obj (.text:decompress:lzss)
                  00002824    00000064                                   : s_frexp.obj (.text)
                  00002888    00000060     Crystalfontz128x128_ST7735.obj (.text:_Z29Crystalfontz128x128_LineDrawHPK16Graphics_Displayssst)
                  000028e8    00000060     Crystalfontz128x128_ST7735.obj (.text:_Z29Crystalfontz128x128_LineDrawVPK16Graphics_Displayssst)
                  00002948    00000060     rtsv7M4_T_le_v4SPD16_eabi.lib : sprintf.obj (.text)
                  000029a8    00000054     Crystalfontz128x128_ST7735.obj (.text:_Z34Crystalfontz128x128_SetOrientationh)
                  000029fc    00000054     rtsv7M4_T_le_v4SPD16_eabi.lib : boot.obj (.text)
                  00002a50    00000054                                   : exit.obj (.text)
                  00002aa4    00000054                                   : ltoa.obj (.text)
                  00002af8    0000004c     msp432p4xx_driverlib.lib : gpio.obj (.text:GPIO_setAsPeripheralModuleFunctionOutputPin)
                  00002b44    0000004c     rtsv7M4_T_le_v4SPD16_eabi.lib : atoi.obj (.text)
                  00002b90    0000004c                                   : cpy_tbl.obj (.text)
                  00002bdc    0000004a     grlib.lib : line.o (.text:Graphics_drawLineH)
                  00002c26    00000048     rtsv7M4_T_le_v4SPD16_eabi.lib : fd_toi_t2.obj (.text)
                  00002c6e    00000002                                   : startup.obj (.text)
                  00002c70    00000040     HAL_MSP_EXP432P401R_Crystalfontz128x128_ST7735.obj (.text:_Z15HAL_LCD_SpiInitv)
                  00002cb0    00000040     Crystalfontz128x128_ST7735.obj (.text:_Z29Crystalfontz128x128_PixelDrawPK16Graphics_Displaysst)
                  00002cf0    00000038     grlib.lib : string.o (.text:Graphics_drawStringCentered)
                  00002d28    00000038     HAL_MSP_EXP432P401R_Crystalfontz128x128_ST7735.obj (.text:_Z20HAL_LCD_writeCommandh)
                  00002d60    00000034     main.obj (.text:_Z9drawTitlev)
                  00002d94    00000030     HAL_MSP_EXP432P401R_Crystalfontz128x128_ST7735.obj (.text:_Z16HAL_LCD_PortInitv)
                  00002dc4    00000030     msp432p4xx_driverlib.lib : spi.obj (.text:is_A_Module)
                  00002df4    0000002e     rtsv7M4_T_le_v4SPD16_eabi.lib : i_tofd_t2.obj (.text)
                  00002e22    00000002     --HOLE-- [fill = 0]
                  00002e24    0000002c     HAL_MSP_EXP432P401R_Crystalfontz128x128_ST7735.obj (.text:_Z17HAL_LCD_writeDatah)
                  00002e50    0000002c     Crystalfontz128x128_ST7735.obj (.text:_Z31Crystalfontz128x128_ClearScreenPK16Graphics_Displayt)
                  00002e7c    00000028     Crystalfontz128x128_ST7735.obj (.text:_Z34Crystalfontz128x128_ColorTranslatePK16Graphics_Displayj)
                  00002ea4    00000024     msp432p4xx_driverlib.lib : gpio.obj (.text:GPIO_setAsOutputPin)
                  00002ec8    00000022     grlib.lib : context.o (.text:Graphics_initContext)
                  00002eea    0000001c     rtsv7M4_T_le_v4SPD16_eabi.lib : memccpy.obj (.text)
                  00002f06    0000001a     grlib.lib : string.o (.text:Graphics_getNumberOfLeadingZeros)
                  00002f20    0000001a     msp432p4xx_driverlib.lib : spi.obj (.text:SPI_enableModule)
                  00002f3a    00000002     --HOLE-- [fill = 0]
                  00002f3c    00000018                              : gpio.obj (.text:GPIO_setOutputLowOnPin)
                  00002f54    00000018     rtsv7M4_T_le_v4SPD16_eabi.lib : args_main.obj (.text)
                  00002f6c    00000016     grlib.lib : display.o (.text:Graphics_drawHorizontalLineOnDisplay)
                  00002f82    00000016     rtsv7M4_T_le_v4SPD16_eabi.lib : strchr.obj (.text)
                  00002f98    00000014     msp432p4xx_driverlib.lib : gpio.obj (.text:GPIO_setOutputHighOnPin)
                  00002fac    00000014     rtsv7M4_T_le_v4SPD16_eabi.lib : _lock.obj (.text)
                  00002fc0    00000014                                   : s_copysign.obj (.text)
                  00002fd4    00000014                                   : strlen.obj (.text)
                  00002fe8    0000000e     grlib.lib : display.o (.text:Graphics_drawPixelOnDisplay)
                  00002ff6    0000000e               : context.o (.text:Graphics_setBackgroundColor)
                  00003004    0000000e               : context.o (.text:Graphics_setForegroundColor)
                  00003012    0000000e     rtsv7M4_T_le_v4SPD16_eabi.lib : copy_decompress_none.obj (.text:decompress:none)
                  00003020    0000000c     msp432p4xx_driverlib.lib : spi.obj (.text:EUSCI_A_SPI_enable)
                  0000302c    0000000c                              : spi.obj (.text:EUSCI_B_SPI_enable)
                  00003038    0000000c     startup_msp432p401r_ccs.obj (.text:Reset_Handler)
                  00003044    0000000c     rtsv7M4_T_le_v4SPD16_eabi.lib : copy_zero_init.obj (.text:decompress:ZI)
                  00003050    0000000a     grlib.lib : context.o (.text:Graphics_clearDisplay)
                  0000305a    0000000a               : display.o (.text:Graphics_clearDisplayOnDisplay)
                  00003064    0000000a               : display.o (.text:Graphics_translateColorOnDisplay)
                  0000306e    0000000a     Crystalfontz128x128_ST7735.obj (.text:_Z25Crystalfontz128x128_FlushPK16Graphics_Display)
                  00003078    00000004     grlib.lib : context.o (.text:Graphics_setFont)
                  0000307c    00000004     rtsv7M4_T_le_v4SPD16_eabi.lib : pre_init.obj (.text)

.const     0    00003080    00000538     
                  00003080    000002f8     fontfixed6x8.obj (.const:.string:g_pucFontFixed6x8Data)
                  00003378    00000101     rtsv7M4_T_le_v4SPD16_eabi.lib : ctype.obj (.const:.string:_ctypes_)
                  00003479    00000003     --HOLE-- [fill = 0]
                  0000347c    000000c8     fontfixed6x8.obj (.const:g_sFontFixed6x8)
                  00003544    00000030     msp432p4xx_driverlib.lib : gpio.obj (.const:GPIO_PORT_TO_BASE)
                  00003574    00000020     Crystalfontz128x128_ST7735.obj (.const:g_sCrystalfontz128x128_funcs)
                  00003594    0000001c     HAL_MSP_EXP432P401R_Crystalfontz128x128_ST7735.obj (.const:$P$T40$1)
                  000035b0    00000008     Crystalfontz128x128_ST7735.obj (.const:$P$T40$1)

.cinit     0    000035b8    00000038     
                  000035b8    00000013     (.cinit..data.load) [load image, compression = lzss]
                  000035cb    00000001     --HOLE-- [fill = 0]
                  000035cc    0000000c     (__TI_handler_table)
                  000035d8    00000008     (.cinit..bss.load) [load image, compression = zero_init]
                  000035e0    00000010     (__TI_cinit_table)

.init_array 
*          0    00000000    00000000     UNINITIALIZED

.bss       0    20000000    0000002e     UNINITIALIZED
                  20000000    0000001c     (.common:g_sContext)
                  2000001c    00000008     main.obj (.bss:resultsBuffer)
                  20000024    00000002     (.common:Lcd_ScreenHeigth)
                  20000026    00000002     (.common:Lcd_ScreenWidth)
                  20000028    00000002     (.common:Lcd_TouchTrim)
                  2000002a    00000001     (.common:Lcd_FlagRead)
                  2000002b    00000001     (.common:Lcd_FontSolid)
                  2000002c    00000001     (.common:Lcd_Orientation)
                  2000002d    00000001     (.common:Lcd_PenSolid)

.data      0    20000030    0000002c     UNINITIALIZED
                  20000030    00000010     Crystalfontz128x128_ST7735.obj (.data:g_sCrystalfontz128x128)
                  20000040    0000000c     rtsv7M4_T_le_v4SPD16_eabi.lib : exit.obj (.data:$O1$$)
                  2000004c    00000008                                   : _lock.obj (.data:$O1$$)
                  20000054    00000004                                   : errno.obj (.data)
                  20000058    00000004                                   : stkdepth_vars.obj (.data)

.stack     0    2000fe00    00000200     UNINITIALIZED
                  2000fe00    00000200     --HOLE--

MODULE SUMMARY

       Module                                               code    ro data   rw data
       ------                                               ----    -------   -------
    .\
       main.obj                                             636     0         72     
       startup_msp432p401r_ccs.obj                          14      228       0      
       system_msp432p401r.obj                               120     0         0      
    +--+----------------------------------------------------+-------+---------+---------+
       Total:                                               770     228       72     
                                                                                     
    .\LcdDriver\
       Crystalfontz128x128_ST7735.obj                       1670    40        52     
       HAL_MSP_EXP432P401R_Crystalfontz128x128_ST7735.obj   212     28        0      
    +--+----------------------------------------------------+-------+---------+---------+
       Total:                                               1882    68        52     
                                                                                     
    .\ccs\
       startup_msp432p401r_ccs.obj                          0       228       0      
    +--+----------------------------------------------------+-------+---------+---------+
       Total:                                               0       228       0      
                                                                                     
    .\fonts\
       fontfixed6x8.obj                                     0       960       0      
    +--+----------------------------------------------------+-------+---------+---------+
       Total:                                               0       960       0      
                                                                                     
    C:/ti/simplelink_msp432_sdk_1_40_01_00/source/ti/devices/msp432p4xx/driverlib/ccs/msp432p4xx_driverlib.lib
       spi.obj                                              222     0         0      
       gpio.obj                                             156     48        0      
    +--+----------------------------------------------------+-------+---------+---------+
       Total:                                               378     48        0      
                                                                                     
    C:/ti/simplelink_msp432_sdk_1_40_01_00/source/ti/grlib/ccs/grlib.lib
       string.o                                             906     0         0      
       context.o                                            76      0         0      
       line.o                                               74      0         0      
       display.o                                            56      0         0      
    +--+----------------------------------------------------+-------+---------+---------+
       Total:                                               1112    0         0      
                                                                                     
    C:\ti\ccsv7\tools\compiler\ti-cgt-arm_16.9.4.LTS\lib\rtsv7M4_T_le_v4SPD16_eabi.lib
       _printfi.obj                                         4414    0         0      
       ull_div_t2.obj                                       500     0         0      
       fd_add_t2.obj                                        438     0         0      
       fd_div_t2.obj                                        310     0         0      
       fd_cmp_t2.obj                                        268     0         0      
       ctype.obj                                            0       257       0      
       fd_mul_t2.obj                                        252     0         0      
       s_scalbn.obj                                         252     0         0      
       memcpy_t2.obj                                        156     0         0      
       memset_t2.obj                                        122     0         0      
       autoinit.obj                                         112     0         0      
       exit.obj                                             84      0         24     
       copy_decompress_lzss.obj                             104     0         0      
       s_frexp.obj                                          100     0         0      
       sprintf.obj                                          96      0         0      
       boot.obj                                             84      0         0      
       ltoa.obj                                             84      0         0      
       atoi.obj                                             76      0         0      
       cpy_tbl.obj                                          76      0         0      
       fd_toi_t2.obj                                        72      0         0      
       i_tofd_t2.obj                                        46      0         0      
       _lock.obj                                            20      0         16     
       memccpy.obj                                          28      0         0      
       args_main.obj                                        24      0         0      
       strchr.obj                                           22      0         0      
       s_copysign.obj                                       20      0         0      
       strlen.obj                                           20      0         0      
       copy_decompress_none.obj                             14      0         0      
       copy_zero_init.obj                                   12      0         0      
       errno.obj                                            0       0         8      
       stkdepth_vars.obj                                    0       0         8      
       pre_init.obj                                         4       0         0      
       mpu_init.obj                                         2       0         0      
       startup.obj                                          2       0         0      
    +--+----------------------------------------------------+-------+---------+---------+
       Total:                                               7814    257       56     
                                                                                     
       Stack:                                               0       0         1024   
       Linker Generated:                                    0       55        0      
    +--+----------------------------------------------------+-------+---------+---------+
       Grand Total:                                         11956   1844      1204   


LINKER GENERATED COPY TABLES

__TI_cinit_table @ 000035e0 records: 2, size/record: 8, table size: 16
	.data: load addr=000035b8, load size=00000013 bytes, run addr=20000030, run size=0000002c bytes, compression=lzss
	.bss: load addr=000035d8, load size=00000008 bytes, run addr=20000000, run size=0000002e bytes, compression=zero_init


LINKER GENERATED HANDLER TABLE

__TI_handler_table @ 000035cc records: 3, size/record: 4, table size: 12
	index: 0, handler: __TI_decompress_lzss
	index: 1, handler: __TI_decompress_none
	index: 2, handler: __TI_zero_init


GLOBAL SYMBOLS: SORTED ALPHABETICALLY BY Name 

address   name                                       
-------   ----                                       
00001e43  ADC14_IRQHandler                           
00001e43  AES256_IRQHandler                          
00001e43  BusFault_Handler                           
00002a51  C$$EXIT                                    
00001e43  COMP_E0_IRQHandler                         
00001e43  COMP_E1_IRQHandler                         
00001e43  CS_IRQHandler                              
00001e43  DMA_ERR_IRQHandler                         
00001e43  DMA_INT0_IRQHandler                        
00001e43  DMA_INT1_IRQHandler                        
00001e43  DMA_INT2_IRQHandler                        
00001e43  DMA_INT3_IRQHandler                        
00001e43  DebugMon_Handler                           
00001e43  Default_Handler                            
00001e43  EUSCIA0_IRQHandler                         
00001e43  EUSCIA1_IRQHandler                         
00001e43  EUSCIA2_IRQHandler                         
00001e43  EUSCIA3_IRQHandler                         
00001e43  EUSCIB0_IRQHandler                         
00001e43  EUSCIB1_IRQHandler                         
00001e43  EUSCIB2_IRQHandler                         
00001e43  EUSCIB3_IRQHandler                         
00003021  EUSCI_A_SPI_enable                         
0000302d  EUSCI_B_SPI_enable                         
00001e43  FLCTL_IRQHandler                           
00001e43  FPU_IRQHandler                             
00002ea5  GPIO_setAsOutputPin                        
00002af9  GPIO_setAsPeripheralModuleFunctionOutputPin
00002f99  GPIO_setOutputHighOnPin                    
00002f3d  GPIO_setOutputLowOnPin                     
00003051  Graphics_clearDisplay                      
0000305b  Graphics_clearDisplayOnDisplay             
00002f6d  Graphics_drawHorizontalLineOnDisplay       
00002bdd  Graphics_drawLineH                         
00002fe9  Graphics_drawPixelOnDisplay                
00001307  Graphics_drawString                        
00002cf1  Graphics_drawStringCentered                
00002755  Graphics_getStringWidth                    
00002ec9  Graphics_initContext                       
00002ff7  Graphics_setBackgroundColor                
00003079  Graphics_setFont                           
00003005  Graphics_setForegroundColor                
00003065  Graphics_translateColorOnDisplay           
00001e43  HardFault_Handler                          
2000002a  Lcd_FlagRead                               
2000002b  Lcd_FontSolid                              
2000002c  Lcd_Orientation                            
2000002d  Lcd_PenSolid                               
20000024  Lcd_ScreenHeigth                           
20000026  Lcd_ScreenWidth                            
20000028  Lcd_TouchTrim                              
00001e43  MemManage_Handler                          
00001e43  NMI_Handler                                
00001e43  PCM_IRQHandler                             
00001e43  PORT1_IRQHandler                           
00001e43  PORT2_IRQHandler                           
00001e43  PORT3_IRQHandler                           
00001e43  PORT4_IRQHandler                           
00001e43  PORT5_IRQHandler                           
00001e43  PORT6_IRQHandler                           
00001e43  PSS_IRQHandler                             
00001e43  PendSV_Handler                             
00001e43  RTC_C_IRQHandler                           
00003039  Reset_Handler                              
UNDEFED   SHT$$INIT_ARRAY$$Base                      
UNDEFED   SHT$$INIT_ARRAY$$Limit                     
00002f21  SPI_enableModule                           
00002575  SPI_initMaster                             
00001e43  SVC_Handler                                
00001e43  SysTick_Handler                            
0000266d  SystemInit                                 
00001e43  T32_INT1_IRQHandler                        
00001e43  T32_INT2_IRQHandler                        
00001e43  T32_INTC_IRQHandler                        
00001e43  TA0_0_IRQHandler                           
00001e43  TA0_N_IRQHandler                           
00001e43  TA1_0_IRQHandler                           
00001e43  TA1_N_IRQHandler                           
00001e43  TA2_0_IRQHandler                           
00001e43  TA2_N_IRQHandler                           
00001e43  TA3_0_IRQHandler                           
00001e43  TA3_N_IRQHandler                           
00001e43  UsageFault_Handler                         
4000480c  WDTCTL_SYM                                 
00001e43  WDT_A_IRQHandler                           
000023d5  _Z13drawAccelDatav                         
00002c71  _Z15HAL_LCD_SpiInitv                       
00002d95  _Z16HAL_LCD_PortInitv                      
00002e25  _Z17HAL_LCD_writeDatah                     
00002d29  _Z20HAL_LCD_writeCommandh                  
00001f79  _Z24Crystalfontz128x128_Initv              
00001e45  _Z32Crystalfontz128x128_SetDrawFrametttt   
000029a9  _Z34Crystalfontz128x128_SetOrientationh    
00002d61  _Z9drawTitlev                              
20010000  __STACK_END                                
00000200  __STACK_SIZE                               
000035e0  __TI_CINIT_Base                            
000035f0  __TI_CINIT_Limit                           
000035cc  __TI_Handler_Table_Base                    
000035d8  __TI_Handler_Table_Limit                   
000026e5  __TI_auto_init                             
20000040  __TI_cleanup_ptr                           
000027bd  __TI_decompress_lzss                       
00003013  __TI_decompress_none                       
20000044  __TI_dtors_ptr                             
20000048  __TI_enable_exit_profile_output            
ffffffff  __TI_pprof_out_hndl                        
00000a0d  __TI_printfi                               
ffffffff  __TI_prof_data_size                        
ffffffff  __TI_prof_data_start                       
00000000  __TI_static_base__                         
00003045  __TI_zero_init                             
00002469  __aeabi_cdcmpeq                            
00002469  __aeabi_cdcmple                            
000024ef  __aeabi_cdrcmple                           
00002c27  __aeabi_d2iz                               
000019ad  __aeabi_dadd                               
00001d0d  __aeabi_ddiv                               
000020a5  __aeabi_dmul                               
000019a3  __aeabi_dsub                               
00002df5  __aeabi_i2d                                
000025f1  __aeabi_memclr                             
000025f1  __aeabi_memclr4                            
000025f1  __aeabi_memclr8                            
00002339  __aeabi_memcpy                             
00002339  __aeabi_memcpy4                            
00002339  __aeabi_memcpy8                            
000025f3  __aeabi_memset                             
000025f3  __aeabi_memset4                            
000025f3  __aeabi_memset8                            
000015d7  __aeabi_uldivmod                           
ffffffff  __binit__                                  
ffffffff  __c_args__                                 
0000266b  __mpu_init                                 
2000fe00  __stack                                    
00002f55  _args_main                                 
000029fd  _c_int00                                   
00003378  _ctypes_                                   
2000004c  _lock                                      
00002fbb  _nop                                       
00002fb3  _register_lock                             
00002fad  _register_unlock                           
00002c6f  _system_post_cinit                         
0000307d  _system_pre_init                           
20000050  _unlock                                    
00002a55  abort                                      
00002b45  atoi                                       
ffffffff  binit                                      
00002b91  copy_in                                    
00002fc1  copysign                                   
00002fc1  copysignl                                  
20000054  errno                                      
00002a5d  exit                                       
00002825  frexp                                      
00002825  frexpl                                     
20000000  g_sContext                                 
20000030  g_sCrystalfontz128x128                     
00003574  g_sCrystalfontz128x128_funcs               
0000347c  g_sFontFixed6x8                            
000000e4  interruptVectors                           
000021a1  ldexp                                      
000021a1  ldexpl                                     
00002aa5  ltoa                                       
00001b59  main                                       
20000058  main_func_sp                               
00002eeb  memccpy                                    
00002339  memcpy                                     
000025f9  memset                                     
000021a1  scalbn                                     
000021a1  scalbnl                                    
00002949  sprintf                                    
00002f83  strchr                                     
00002fd5  strlen                                     


GLOBAL SYMBOLS: SORTED BY Symbol Address 

address   name                                       
-------   ----                                       
00000000  __TI_static_base__                         
000000e4  interruptVectors                           
00000200  __STACK_SIZE                               
00000a0d  __TI_printfi                               
00001307  Graphics_drawString                        
000015d7  __aeabi_uldivmod                           
000019a3  __aeabi_dsub                               
000019ad  __aeabi_dadd                               
00001b59  main                                       
00001d0d  __aeabi_ddiv                               
00001e43  ADC14_IRQHandler                           
00001e43  AES256_IRQHandler                          
00001e43  BusFault_Handler                           
00001e43  COMP_E0_IRQHandler                         
00001e43  COMP_E1_IRQHandler                         
00001e43  CS_IRQHandler                              
00001e43  DMA_ERR_IRQHandler                         
00001e43  DMA_INT0_IRQHandler                        
00001e43  DMA_INT1_IRQHandler                        
00001e43  DMA_INT2_IRQHandler                        
00001e43  DMA_INT3_IRQHandler                        
00001e43  DebugMon_Handler                           
00001e43  Default_Handler                            
00001e43  EUSCIA0_IRQHandler                         
00001e43  EUSCIA1_IRQHandler                         
00001e43  EUSCIA2_IRQHandler                         
00001e43  EUSCIA3_IRQHandler                         
00001e43  EUSCIB0_IRQHandler                         
00001e43  EUSCIB1_IRQHandler                         
00001e43  EUSCIB2_IRQHandler                         
00001e43  EUSCIB3_IRQHandler                         
00001e43  FLCTL_IRQHandler                           
00001e43  FPU_IRQHandler                             
00001e43  HardFault_Handler                          
00001e43  MemManage_Handler                          
00001e43  NMI_Handler                                
00001e43  PCM_IRQHandler                             
00001e43  PORT1_IRQHandler                           
00001e43  PORT2_IRQHandler                           
00001e43  PORT3_IRQHandler                           
00001e43  PORT4_IRQHandler                           
00001e43  PORT5_IRQHandler                           
00001e43  PORT6_IRQHandler                           
00001e43  PSS_IRQHandler                             
00001e43  PendSV_Handler                             
00001e43  RTC_C_IRQHandler                           
00001e43  SVC_Handler                                
00001e43  SysTick_Handler                            
00001e43  T32_INT1_IRQHandler                        
00001e43  T32_INT2_IRQHandler                        
00001e43  T32_INTC_IRQHandler                        
00001e43  TA0_0_IRQHandler                           
00001e43  TA0_N_IRQHandler                           
00001e43  TA1_0_IRQHandler                           
00001e43  TA1_N_IRQHandler                           
00001e43  TA2_0_IRQHandler                           
00001e43  TA2_N_IRQHandler                           
00001e43  TA3_0_IRQHandler                           
00001e43  TA3_N_IRQHandler                           
00001e43  UsageFault_Handler                         
00001e43  WDT_A_IRQHandler                           
00001e45  _Z32Crystalfontz128x128_SetDrawFrametttt   
00001f79  _Z24Crystalfontz128x128_Initv              
000020a5  __aeabi_dmul                               
000021a1  ldexp                                      
000021a1  ldexpl                                     
000021a1  scalbn                                     
000021a1  scalbnl                                    
00002339  __aeabi_memcpy                             
00002339  __aeabi_memcpy4                            
00002339  __aeabi_memcpy8                            
00002339  memcpy                                     
000023d5  _Z13drawAccelDatav                         
00002469  __aeabi_cdcmpeq                            
00002469  __aeabi_cdcmple                            
000024ef  __aeabi_cdrcmple                           
00002575  SPI_initMaster                             
000025f1  __aeabi_memclr                             
000025f1  __aeabi_memclr4                            
000025f1  __aeabi_memclr8                            
000025f3  __aeabi_memset                             
000025f3  __aeabi_memset4                            
000025f3  __aeabi_memset8                            
000025f9  memset                                     
0000266b  __mpu_init                                 
0000266d  SystemInit                                 
000026e5  __TI_auto_init                             
00002755  Graphics_getStringWidth                    
000027bd  __TI_decompress_lzss                       
00002825  frexp                                      
00002825  frexpl                                     
00002949  sprintf                                    
000029a9  _Z34Crystalfontz128x128_SetOrientationh    
000029fd  _c_int00                                   
00002a51  C$$EXIT                                    
00002a55  abort                                      
00002a5d  exit                                       
00002aa5  ltoa                                       
00002af9  GPIO_setAsPeripheralModuleFunctionOutputPin
00002b45  atoi                                       
00002b91  copy_in                                    
00002bdd  Graphics_drawLineH                         
00002c27  __aeabi_d2iz                               
00002c6f  _system_post_cinit                         
00002c71  _Z15HAL_LCD_SpiInitv                       
00002cf1  Graphics_drawStringCentered                
00002d29  _Z20HAL_LCD_writeCommandh                  
00002d61  _Z9drawTitlev                              
00002d95  _Z16HAL_LCD_PortInitv                      
00002df5  __aeabi_i2d                                
00002e25  _Z17HAL_LCD_writeDatah                     
00002ea5  GPIO_setAsOutputPin                        
00002ec9  Graphics_initContext                       
00002eeb  memccpy                                    
00002f21  SPI_enableModule                           
00002f3d  GPIO_setOutputLowOnPin                     
00002f55  _args_main                                 
00002f6d  Graphics_drawHorizontalLineOnDisplay       
00002f83  strchr                                     
00002f99  GPIO_setOutputHighOnPin                    
00002fad  _register_unlock                           
00002fb3  _register_lock                             
00002fbb  _nop                                       
00002fc1  copysign                                   
00002fc1  copysignl                                  
00002fd5  strlen                                     
00002fe9  Graphics_drawPixelOnDisplay                
00002ff7  Graphics_setBackgroundColor                
00003005  Graphics_setForegroundColor                
00003013  __TI_decompress_none                       
00003021  EUSCI_A_SPI_enable                         
0000302d  EUSCI_B_SPI_enable                         
00003039  Reset_Handler                              
00003045  __TI_zero_init                             
00003051  Graphics_clearDisplay                      
0000305b  Graphics_clearDisplayOnDisplay             
00003065  Graphics_translateColorOnDisplay           
00003079  Graphics_setFont                           
0000307d  _system_pre_init                           
00003378  _ctypes_                                   
0000347c  g_sFontFixed6x8                            
00003574  g_sCrystalfontz128x128_funcs               
000035cc  __TI_Handler_Table_Base                    
000035d8  __TI_Handler_Table_Limit                   
000035e0  __TI_CINIT_Base                            
000035f0  __TI_CINIT_Limit                           
20000000  g_sContext                                 
20000024  Lcd_ScreenHeigth                           
20000026  Lcd_ScreenWidth                            
20000028  Lcd_TouchTrim                              
2000002a  Lcd_FlagRead                               
2000002b  Lcd_FontSolid                              
2000002c  Lcd_Orientation                            
2000002d  Lcd_PenSolid                               
20000030  g_sCrystalfontz128x128                     
20000040  __TI_cleanup_ptr                           
20000044  __TI_dtors_ptr                             
20000048  __TI_enable_exit_profile_output            
2000004c  _lock                                      
20000050  _unlock                                    
20000054  errno                                      
20000058  main_func_sp                               
2000fe00  __stack                                    
20010000  __STACK_END                                
4000480c  WDTCTL_SYM                                 
ffffffff  __TI_pprof_out_hndl                        
ffffffff  __TI_prof_data_size                        
ffffffff  __TI_prof_data_start                       
ffffffff  __binit__                                  
ffffffff  __c_args__                                 
ffffffff  binit                                      
UNDEFED   SHT$$INIT_ARRAY$$Base                      
UNDEFED   SHT$$INIT_ARRAY$$Limit                     

[173 symbols]
