<?xml version="1.0"?>
<link_info>
   <banner>TI ARM Linker PC v16.9.4.LTS</banner>
   <copyright>Copyright (c) 1996-2017 Texas Instruments Incorporated</copyright>
   <link_time>0x59bc8134</link_time>
   <link_errors>0x0</link_errors>
   <output_file>Labo 1v7.out</output_file>
   <entry_point>
      <name>_c_int00</name>
      <address>0xf8d</address>
   </entry_point>
   <input_file_list>
      <input_file id="fl-2">
         <path>.\</path>
         <kind>object</kind>
         <file>HAL_I2C.obj</file>
         <name>HAL_I2C.obj</name>
      </input_file>
      <input_file id="fl-3">
         <path>.\</path>
         <kind>object</kind>
         <file>HAL_OPT3001.obj</file>
         <name>HAL_OPT3001.obj</name>
      </input_file>
      <input_file id="fl-4">
         <path>.\</path>
         <kind>object</kind>
         <file>labo1v7.obj</file>
         <name>labo1v7.obj</name>
      </input_file>
      <input_file id="fl-5">
         <path>.\</path>
         <kind>object</kind>
         <file>system_msp432p401r.obj</file>
         <name>system_msp432p401r.obj</name>
      </input_file>
      <input_file id="fl-6">
         <path>.\LcdDriver\</path>
         <kind>object</kind>
         <file>Crystalfontz128x128_ST7735.obj</file>
         <name>Crystalfontz128x128_ST7735.obj</name>
      </input_file>
      <input_file id="fl-7">
         <path>.\LcdDriver\</path>
         <kind>object</kind>
         <file>HAL_MSP_EXP432P401R_Crystalfontz128x128_ST7735.obj</file>
         <name>HAL_MSP_EXP432P401R_Crystalfontz128x128_ST7735.obj</name>
      </input_file>
      <input_file id="fl-8">
         <path>.\ccs\</path>
         <kind>object</kind>
         <file>startup_msp432p401r_ccs.obj</file>
         <name>startup_msp432p401r_ccs.obj</name>
      </input_file>
      <input_file id="fl-9">
         <path>.\fonts\</path>
         <kind>object</kind>
         <file>fontcm12.obj</file>
         <name>fontcm12.obj</name>
      </input_file>
      <input_file id="fl-a">
         <path>.\fonts\</path>
         <kind>object</kind>
         <file>fontcm12b.obj</file>
         <name>fontcm12b.obj</name>
      </input_file>
      <input_file id="fl-b">
         <path>.\fonts\</path>
         <kind>object</kind>
         <file>fontcm12i.obj</file>
         <name>fontcm12i.obj</name>
      </input_file>
      <input_file id="fl-c">
         <path>.\fonts\</path>
         <kind>object</kind>
         <file>fontcm14.obj</file>
         <name>fontcm14.obj</name>
      </input_file>
      <input_file id="fl-d">
         <path>.\fonts\</path>
         <kind>object</kind>
         <file>fontcm14b.obj</file>
         <name>fontcm14b.obj</name>
      </input_file>
      <input_file id="fl-e">
         <path>.\fonts\</path>
         <kind>object</kind>
         <file>fontcm14i.obj</file>
         <name>fontcm14i.obj</name>
      </input_file>
      <input_file id="fl-f">
         <path>.\fonts\</path>
         <kind>object</kind>
         <file>fontcm16.obj</file>
         <name>fontcm16.obj</name>
      </input_file>
      <input_file id="fl-10">
         <path>.\fonts\</path>
         <kind>object</kind>
         <file>fontcm16b.obj</file>
         <name>fontcm16b.obj</name>
      </input_file>
      <input_file id="fl-11">
         <path>.\fonts\</path>
         <kind>object</kind>
         <file>fontcm16i.obj</file>
         <name>fontcm16i.obj</name>
      </input_file>
      <input_file id="fl-12">
         <path>.\fonts\</path>
         <kind>object</kind>
         <file>fontcm18.obj</file>
         <name>fontcm18.obj</name>
      </input_file>
      <input_file id="fl-13">
         <path>.\fonts\</path>
         <kind>object</kind>
         <file>fontcm18b.obj</file>
         <name>fontcm18b.obj</name>
      </input_file>
      <input_file id="fl-14">
         <path>.\fonts\</path>
         <kind>object</kind>
         <file>fontcm18i.obj</file>
         <name>fontcm18i.obj</name>
      </input_file>
      <input_file id="fl-15">
         <path>.\fonts\</path>
         <kind>object</kind>
         <file>fontcm20.obj</file>
         <name>fontcm20.obj</name>
      </input_file>
      <input_file id="fl-16">
         <path>.\fonts\</path>
         <kind>object</kind>
         <file>fontcm20b.obj</file>
         <name>fontcm20b.obj</name>
      </input_file>
      <input_file id="fl-17">
         <path>.\fonts\</path>
         <kind>object</kind>
         <file>fontcm20i.obj</file>
         <name>fontcm20i.obj</name>
      </input_file>
      <input_file id="fl-18">
         <path>.\fonts\</path>
         <kind>object</kind>
         <file>fontcm22.obj</file>
         <name>fontcm22.obj</name>
      </input_file>
      <input_file id="fl-19">
         <path>.\fonts\</path>
         <kind>object</kind>
         <file>fontcm22b.obj</file>
         <name>fontcm22b.obj</name>
      </input_file>
      <input_file id="fl-1a">
         <path>.\fonts\</path>
         <kind>object</kind>
         <file>fontcm22i.obj</file>
         <name>fontcm22i.obj</name>
      </input_file>
      <input_file id="fl-1b">
         <path>.\fonts\</path>
         <kind>object</kind>
         <file>fontcm24.obj</file>
         <name>fontcm24.obj</name>
      </input_file>
      <input_file id="fl-1c">
         <path>.\fonts\</path>
         <kind>object</kind>
         <file>fontcm24b.obj</file>
         <name>fontcm24b.obj</name>
      </input_file>
      <input_file id="fl-1d">
         <path>.\fonts\</path>
         <kind>object</kind>
         <file>fontcm24i.obj</file>
         <name>fontcm24i.obj</name>
      </input_file>
      <input_file id="fl-1e">
         <path>.\fonts\</path>
         <kind>object</kind>
         <file>fontcm26.obj</file>
         <name>fontcm26.obj</name>
      </input_file>
      <input_file id="fl-1f">
         <path>.\fonts\</path>
         <kind>object</kind>
         <file>fontcm26b.obj</file>
         <name>fontcm26b.obj</name>
      </input_file>
      <input_file id="fl-20">
         <path>.\fonts\</path>
         <kind>object</kind>
         <file>fontcm26i.obj</file>
         <name>fontcm26i.obj</name>
      </input_file>
      <input_file id="fl-21">
         <path>.\fonts\</path>
         <kind>object</kind>
         <file>fontcm28.obj</file>
         <name>fontcm28.obj</name>
      </input_file>
      <input_file id="fl-22">
         <path>.\fonts\</path>
         <kind>object</kind>
         <file>fontcm28b.obj</file>
         <name>fontcm28b.obj</name>
      </input_file>
      <input_file id="fl-23">
         <path>.\fonts\</path>
         <kind>object</kind>
         <file>fontcm28i.obj</file>
         <name>fontcm28i.obj</name>
      </input_file>
      <input_file id="fl-24">
         <path>.\fonts\</path>
         <kind>object</kind>
         <file>fontcm30.obj</file>
         <name>fontcm30.obj</name>
      </input_file>
      <input_file id="fl-25">
         <path>.\fonts\</path>
         <kind>object</kind>
         <file>fontcm30b.obj</file>
         <name>fontcm30b.obj</name>
      </input_file>
      <input_file id="fl-26">
         <path>.\fonts\</path>
         <kind>object</kind>
         <file>fontcm30i.obj</file>
         <name>fontcm30i.obj</name>
      </input_file>
      <input_file id="fl-27">
         <path>.\fonts\</path>
         <kind>object</kind>
         <file>fontcm32.obj</file>
         <name>fontcm32.obj</name>
      </input_file>
      <input_file id="fl-28">
         <path>.\fonts\</path>
         <kind>object</kind>
         <file>fontcm32b.obj</file>
         <name>fontcm32b.obj</name>
      </input_file>
      <input_file id="fl-29">
         <path>.\fonts\</path>
         <kind>object</kind>
         <file>fontcm32i.obj</file>
         <name>fontcm32i.obj</name>
      </input_file>
      <input_file id="fl-2a">
         <path>.\fonts\</path>
         <kind>object</kind>
         <file>fontcm34.obj</file>
         <name>fontcm34.obj</name>
      </input_file>
      <input_file id="fl-2b">
         <path>.\fonts\</path>
         <kind>object</kind>
         <file>fontcm34b.obj</file>
         <name>fontcm34b.obj</name>
      </input_file>
      <input_file id="fl-2c">
         <path>.\fonts\</path>
         <kind>object</kind>
         <file>fontcm34i.obj</file>
         <name>fontcm34i.obj</name>
      </input_file>
      <input_file id="fl-2d">
         <path>.\fonts\</path>
         <kind>object</kind>
         <file>fontcm36.obj</file>
         <name>fontcm36.obj</name>
      </input_file>
      <input_file id="fl-2e">
         <path>.\fonts\</path>
         <kind>object</kind>
         <file>fontcm36b.obj</file>
         <name>fontcm36b.obj</name>
      </input_file>
      <input_file id="fl-2f">
         <path>.\fonts\</path>
         <kind>object</kind>
         <file>fontcm36i.obj</file>
         <name>fontcm36i.obj</name>
      </input_file>
      <input_file id="fl-30">
         <path>.\fonts\</path>
         <kind>object</kind>
         <file>fontcm38.obj</file>
         <name>fontcm38.obj</name>
      </input_file>
      <input_file id="fl-31">
         <path>.\fonts\</path>
         <kind>object</kind>
         <file>fontcm38b.obj</file>
         <name>fontcm38b.obj</name>
      </input_file>
      <input_file id="fl-32">
         <path>.\fonts\</path>
         <kind>object</kind>
         <file>fontcm38i.obj</file>
         <name>fontcm38i.obj</name>
      </input_file>
      <input_file id="fl-33">
         <path>.\fonts\</path>
         <kind>object</kind>
         <file>fontcm40.obj</file>
         <name>fontcm40.obj</name>
      </input_file>
      <input_file id="fl-34">
         <path>.\fonts\</path>
         <kind>object</kind>
         <file>fontcm40b.obj</file>
         <name>fontcm40b.obj</name>
      </input_file>
      <input_file id="fl-35">
         <path>.\fonts\</path>
         <kind>object</kind>
         <file>fontcm40i.obj</file>
         <name>fontcm40i.obj</name>
      </input_file>
      <input_file id="fl-36">
         <path>.\fonts\</path>
         <kind>object</kind>
         <file>fontcm42.obj</file>
         <name>fontcm42.obj</name>
      </input_file>
      <input_file id="fl-37">
         <path>.\fonts\</path>
         <kind>object</kind>
         <file>fontcm42b.obj</file>
         <name>fontcm42b.obj</name>
      </input_file>
      <input_file id="fl-38">
         <path>.\fonts\</path>
         <kind>object</kind>
         <file>fontcm42i.obj</file>
         <name>fontcm42i.obj</name>
      </input_file>
      <input_file id="fl-39">
         <path>.\fonts\</path>
         <kind>object</kind>
         <file>fontcm44.obj</file>
         <name>fontcm44.obj</name>
      </input_file>
      <input_file id="fl-3a">
         <path>.\fonts\</path>
         <kind>object</kind>
         <file>fontcm44b.obj</file>
         <name>fontcm44b.obj</name>
      </input_file>
      <input_file id="fl-3b">
         <path>.\fonts\</path>
         <kind>object</kind>
         <file>fontcm44i.obj</file>
         <name>fontcm44i.obj</name>
      </input_file>
      <input_file id="fl-3c">
         <path>.\fonts\</path>
         <kind>object</kind>
         <file>fontcm46.obj</file>
         <name>fontcm46.obj</name>
      </input_file>
      <input_file id="fl-3d">
         <path>.\fonts\</path>
         <kind>object</kind>
         <file>fontcm46b.obj</file>
         <name>fontcm46b.obj</name>
      </input_file>
      <input_file id="fl-3e">
         <path>.\fonts\</path>
         <kind>object</kind>
         <file>fontcm46i.obj</file>
         <name>fontcm46i.obj</name>
      </input_file>
      <input_file id="fl-3f">
         <path>.\fonts\</path>
         <kind>object</kind>
         <file>fontcm48.obj</file>
         <name>fontcm48.obj</name>
      </input_file>
      <input_file id="fl-40">
         <path>.\fonts\</path>
         <kind>object</kind>
         <file>fontcm48b.obj</file>
         <name>fontcm48b.obj</name>
      </input_file>
      <input_file id="fl-41">
         <path>.\fonts\</path>
         <kind>object</kind>
         <file>fontcm48i.obj</file>
         <name>fontcm48i.obj</name>
      </input_file>
      <input_file id="fl-42">
         <path>.\fonts\</path>
         <kind>object</kind>
         <file>fontcmsc12.obj</file>
         <name>fontcmsc12.obj</name>
      </input_file>
      <input_file id="fl-43">
         <path>.\fonts\</path>
         <kind>object</kind>
         <file>fontcmsc14.obj</file>
         <name>fontcmsc14.obj</name>
      </input_file>
      <input_file id="fl-44">
         <path>.\fonts\</path>
         <kind>object</kind>
         <file>fontcmsc16.obj</file>
         <name>fontcmsc16.obj</name>
      </input_file>
      <input_file id="fl-45">
         <path>.\fonts\</path>
         <kind>object</kind>
         <file>fontcmsc18.obj</file>
         <name>fontcmsc18.obj</name>
      </input_file>
      <input_file id="fl-46">
         <path>.\fonts\</path>
         <kind>object</kind>
         <file>fontcmsc20.obj</file>
         <name>fontcmsc20.obj</name>
      </input_file>
      <input_file id="fl-47">
         <path>.\fonts\</path>
         <kind>object</kind>
         <file>fontcmsc22.obj</file>
         <name>fontcmsc22.obj</name>
      </input_file>
      <input_file id="fl-48">
         <path>.\fonts\</path>
         <kind>object</kind>
         <file>fontcmsc24.obj</file>
         <name>fontcmsc24.obj</name>
      </input_file>
      <input_file id="fl-49">
         <path>.\fonts\</path>
         <kind>object</kind>
         <file>fontcmsc26.obj</file>
         <name>fontcmsc26.obj</name>
      </input_file>
      <input_file id="fl-4a">
         <path>.\fonts\</path>
         <kind>object</kind>
         <file>fontcmsc28.obj</file>
         <name>fontcmsc28.obj</name>
      </input_file>
      <input_file id="fl-4b">
         <path>.\fonts\</path>
         <kind>object</kind>
         <file>fontcmsc30.obj</file>
         <name>fontcmsc30.obj</name>
      </input_file>
      <input_file id="fl-4c">
         <path>.\fonts\</path>
         <kind>object</kind>
         <file>fontcmsc32.obj</file>
         <name>fontcmsc32.obj</name>
      </input_file>
      <input_file id="fl-4d">
         <path>.\fonts\</path>
         <kind>object</kind>
         <file>fontcmsc34.obj</file>
         <name>fontcmsc34.obj</name>
      </input_file>
      <input_file id="fl-4e">
         <path>.\fonts\</path>
         <kind>object</kind>
         <file>fontcmsc36.obj</file>
         <name>fontcmsc36.obj</name>
      </input_file>
      <input_file id="fl-4f">
         <path>.\fonts\</path>
         <kind>object</kind>
         <file>fontcmsc38.obj</file>
         <name>fontcmsc38.obj</name>
      </input_file>
      <input_file id="fl-50">
         <path>.\fonts\</path>
         <kind>object</kind>
         <file>fontcmsc40.obj</file>
         <name>fontcmsc40.obj</name>
      </input_file>
      <input_file id="fl-51">
         <path>.\fonts\</path>
         <kind>object</kind>
         <file>fontcmsc42.obj</file>
         <name>fontcmsc42.obj</name>
      </input_file>
      <input_file id="fl-52">
         <path>.\fonts\</path>
         <kind>object</kind>
         <file>fontcmsc44.obj</file>
         <name>fontcmsc44.obj</name>
      </input_file>
      <input_file id="fl-53">
         <path>.\fonts\</path>
         <kind>object</kind>
         <file>fontcmsc46.obj</file>
         <name>fontcmsc46.obj</name>
      </input_file>
      <input_file id="fl-54">
         <path>.\fonts\</path>
         <kind>object</kind>
         <file>fontcmsc48.obj</file>
         <name>fontcmsc48.obj</name>
      </input_file>
      <input_file id="fl-55">
         <path>.\fonts\</path>
         <kind>object</kind>
         <file>fontcmss12.obj</file>
         <name>fontcmss12.obj</name>
      </input_file>
      <input_file id="fl-56">
         <path>.\fonts\</path>
         <kind>object</kind>
         <file>fontcmss12b.obj</file>
         <name>fontcmss12b.obj</name>
      </input_file>
      <input_file id="fl-57">
         <path>.\fonts\</path>
         <kind>object</kind>
         <file>fontcmss12i.obj</file>
         <name>fontcmss12i.obj</name>
      </input_file>
      <input_file id="fl-58">
         <path>.\fonts\</path>
         <kind>object</kind>
         <file>fontcmss14.obj</file>
         <name>fontcmss14.obj</name>
      </input_file>
      <input_file id="fl-59">
         <path>.\fonts\</path>
         <kind>object</kind>
         <file>fontcmss14b.obj</file>
         <name>fontcmss14b.obj</name>
      </input_file>
      <input_file id="fl-5a">
         <path>.\fonts\</path>
         <kind>object</kind>
         <file>fontcmss14i.obj</file>
         <name>fontcmss14i.obj</name>
      </input_file>
      <input_file id="fl-5b">
         <path>.\fonts\</path>
         <kind>object</kind>
         <file>fontcmss16.obj</file>
         <name>fontcmss16.obj</name>
      </input_file>
      <input_file id="fl-5c">
         <path>.\fonts\</path>
         <kind>object</kind>
         <file>fontcmss16b.obj</file>
         <name>fontcmss16b.obj</name>
      </input_file>
      <input_file id="fl-5d">
         <path>.\fonts\</path>
         <kind>object</kind>
         <file>fontcmss16i.obj</file>
         <name>fontcmss16i.obj</name>
      </input_file>
      <input_file id="fl-5e">
         <path>.\fonts\</path>
         <kind>object</kind>
         <file>fontcmss18.obj</file>
         <name>fontcmss18.obj</name>
      </input_file>
      <input_file id="fl-5f">
         <path>.\fonts\</path>
         <kind>object</kind>
         <file>fontcmss18b.obj</file>
         <name>fontcmss18b.obj</name>
      </input_file>
      <input_file id="fl-60">
         <path>.\fonts\</path>
         <kind>object</kind>
         <file>fontcmss18i.obj</file>
         <name>fontcmss18i.obj</name>
      </input_file>
      <input_file id="fl-61">
         <path>.\fonts\</path>
         <kind>object</kind>
         <file>fontcmss20.obj</file>
         <name>fontcmss20.obj</name>
      </input_file>
      <input_file id="fl-62">
         <path>.\fonts\</path>
         <kind>object</kind>
         <file>fontcmss20b.obj</file>
         <name>fontcmss20b.obj</name>
      </input_file>
      <input_file id="fl-63">
         <path>.\fonts\</path>
         <kind>object</kind>
         <file>fontcmss20i.obj</file>
         <name>fontcmss20i.obj</name>
      </input_file>
      <input_file id="fl-64">
         <path>.\fonts\</path>
         <kind>object</kind>
         <file>fontcmss22.obj</file>
         <name>fontcmss22.obj</name>
      </input_file>
      <input_file id="fl-65">
         <path>.\fonts\</path>
         <kind>object</kind>
         <file>fontcmss22b.obj</file>
         <name>fontcmss22b.obj</name>
      </input_file>
      <input_file id="fl-66">
         <path>.\fonts\</path>
         <kind>object</kind>
         <file>fontcmss22i.obj</file>
         <name>fontcmss22i.obj</name>
      </input_file>
      <input_file id="fl-67">
         <path>.\fonts\</path>
         <kind>object</kind>
         <file>fontcmss24.obj</file>
         <name>fontcmss24.obj</name>
      </input_file>
      <input_file id="fl-68">
         <path>.\fonts\</path>
         <kind>object</kind>
         <file>fontcmss24b.obj</file>
         <name>fontcmss24b.obj</name>
      </input_file>
      <input_file id="fl-69">
         <path>.\fonts\</path>
         <kind>object</kind>
         <file>fontcmss24i.obj</file>
         <name>fontcmss24i.obj</name>
      </input_file>
      <input_file id="fl-6a">
         <path>.\fonts\</path>
         <kind>object</kind>
         <file>fontcmss26.obj</file>
         <name>fontcmss26.obj</name>
      </input_file>
      <input_file id="fl-6b">
         <path>.\fonts\</path>
         <kind>object</kind>
         <file>fontcmss26b.obj</file>
         <name>fontcmss26b.obj</name>
      </input_file>
      <input_file id="fl-6c">
         <path>.\fonts\</path>
         <kind>object</kind>
         <file>fontcmss26i.obj</file>
         <name>fontcmss26i.obj</name>
      </input_file>
      <input_file id="fl-6d">
         <path>.\fonts\</path>
         <kind>object</kind>
         <file>fontcmss28.obj</file>
         <name>fontcmss28.obj</name>
      </input_file>
      <input_file id="fl-6e">
         <path>.\fonts\</path>
         <kind>object</kind>
         <file>fontcmss28b.obj</file>
         <name>fontcmss28b.obj</name>
      </input_file>
      <input_file id="fl-6f">
         <path>.\fonts\</path>
         <kind>object</kind>
         <file>fontcmss28i.obj</file>
         <name>fontcmss28i.obj</name>
      </input_file>
      <input_file id="fl-70">
         <path>.\fonts\</path>
         <kind>object</kind>
         <file>fontcmss30.obj</file>
         <name>fontcmss30.obj</name>
      </input_file>
      <input_file id="fl-71">
         <path>.\fonts\</path>
         <kind>object</kind>
         <file>fontcmss30b.obj</file>
         <name>fontcmss30b.obj</name>
      </input_file>
      <input_file id="fl-72">
         <path>.\fonts\</path>
         <kind>object</kind>
         <file>fontcmss30i.obj</file>
         <name>fontcmss30i.obj</name>
      </input_file>
      <input_file id="fl-73">
         <path>.\fonts\</path>
         <kind>object</kind>
         <file>fontcmss32.obj</file>
         <name>fontcmss32.obj</name>
      </input_file>
      <input_file id="fl-74">
         <path>.\fonts\</path>
         <kind>object</kind>
         <file>fontcmss32b.obj</file>
         <name>fontcmss32b.obj</name>
      </input_file>
      <input_file id="fl-75">
         <path>.\fonts\</path>
         <kind>object</kind>
         <file>fontcmss32i.obj</file>
         <name>fontcmss32i.obj</name>
      </input_file>
      <input_file id="fl-76">
         <path>.\fonts\</path>
         <kind>object</kind>
         <file>fontcmss34.obj</file>
         <name>fontcmss34.obj</name>
      </input_file>
      <input_file id="fl-77">
         <path>.\fonts\</path>
         <kind>object</kind>
         <file>fontcmss34b.obj</file>
         <name>fontcmss34b.obj</name>
      </input_file>
      <input_file id="fl-78">
         <path>.\fonts\</path>
         <kind>object</kind>
         <file>fontcmss34i.obj</file>
         <name>fontcmss34i.obj</name>
      </input_file>
      <input_file id="fl-79">
         <path>.\fonts\</path>
         <kind>object</kind>
         <file>fontcmss36.obj</file>
         <name>fontcmss36.obj</name>
      </input_file>
      <input_file id="fl-7a">
         <path>.\fonts\</path>
         <kind>object</kind>
         <file>fontcmss36b.obj</file>
         <name>fontcmss36b.obj</name>
      </input_file>
      <input_file id="fl-7b">
         <path>.\fonts\</path>
         <kind>object</kind>
         <file>fontcmss36i.obj</file>
         <name>fontcmss36i.obj</name>
      </input_file>
      <input_file id="fl-7c">
         <path>.\fonts\</path>
         <kind>object</kind>
         <file>fontcmss38.obj</file>
         <name>fontcmss38.obj</name>
      </input_file>
      <input_file id="fl-7d">
         <path>.\fonts\</path>
         <kind>object</kind>
         <file>fontcmss38b.obj</file>
         <name>fontcmss38b.obj</name>
      </input_file>
      <input_file id="fl-7e">
         <path>.\fonts\</path>
         <kind>object</kind>
         <file>fontcmss38i.obj</file>
         <name>fontcmss38i.obj</name>
      </input_file>
      <input_file id="fl-7f">
         <path>.\fonts\</path>
         <kind>object</kind>
         <file>fontcmss40.obj</file>
         <name>fontcmss40.obj</name>
      </input_file>
      <input_file id="fl-80">
         <path>.\fonts\</path>
         <kind>object</kind>
         <file>fontcmss40b.obj</file>
         <name>fontcmss40b.obj</name>
      </input_file>
      <input_file id="fl-81">
         <path>.\fonts\</path>
         <kind>object</kind>
         <file>fontcmss40i.obj</file>
         <name>fontcmss40i.obj</name>
      </input_file>
      <input_file id="fl-82">
         <path>.\fonts\</path>
         <kind>object</kind>
         <file>fontcmss42.obj</file>
         <name>fontcmss42.obj</name>
      </input_file>
      <input_file id="fl-83">
         <path>.\fonts\</path>
         <kind>object</kind>
         <file>fontcmss42b.obj</file>
         <name>fontcmss42b.obj</name>
      </input_file>
      <input_file id="fl-84">
         <path>.\fonts\</path>
         <kind>object</kind>
         <file>fontcmss42i.obj</file>
         <name>fontcmss42i.obj</name>
      </input_file>
      <input_file id="fl-85">
         <path>.\fonts\</path>
         <kind>object</kind>
         <file>fontcmss44.obj</file>
         <name>fontcmss44.obj</name>
      </input_file>
      <input_file id="fl-86">
         <path>.\fonts\</path>
         <kind>object</kind>
         <file>fontcmss44b.obj</file>
         <name>fontcmss44b.obj</name>
      </input_file>
      <input_file id="fl-87">
         <path>.\fonts\</path>
         <kind>object</kind>
         <file>fontcmss44i.obj</file>
         <name>fontcmss44i.obj</name>
      </input_file>
      <input_file id="fl-88">
         <path>.\fonts\</path>
         <kind>object</kind>
         <file>fontcmss46.obj</file>
         <name>fontcmss46.obj</name>
      </input_file>
      <input_file id="fl-89">
         <path>.\fonts\</path>
         <kind>object</kind>
         <file>fontcmss46b.obj</file>
         <name>fontcmss46b.obj</name>
      </input_file>
      <input_file id="fl-8a">
         <path>.\fonts\</path>
         <kind>object</kind>
         <file>fontcmss46i.obj</file>
         <name>fontcmss46i.obj</name>
      </input_file>
      <input_file id="fl-8b">
         <path>.\fonts\</path>
         <kind>object</kind>
         <file>fontcmss48.obj</file>
         <name>fontcmss48.obj</name>
      </input_file>
      <input_file id="fl-8c">
         <path>.\fonts\</path>
         <kind>object</kind>
         <file>fontcmss48b.obj</file>
         <name>fontcmss48b.obj</name>
      </input_file>
      <input_file id="fl-8d">
         <path>.\fonts\</path>
         <kind>object</kind>
         <file>fontcmss48i.obj</file>
         <name>fontcmss48i.obj</name>
      </input_file>
      <input_file id="fl-8e">
         <path>.\fonts\</path>
         <kind>object</kind>
         <file>fontcmtt12.obj</file>
         <name>fontcmtt12.obj</name>
      </input_file>
      <input_file id="fl-8f">
         <path>.\fonts\</path>
         <kind>object</kind>
         <file>fontcmtt14.obj</file>
         <name>fontcmtt14.obj</name>
      </input_file>
      <input_file id="fl-90">
         <path>.\fonts\</path>
         <kind>object</kind>
         <file>fontcmtt16.obj</file>
         <name>fontcmtt16.obj</name>
      </input_file>
      <input_file id="fl-91">
         <path>.\fonts\</path>
         <kind>object</kind>
         <file>fontcmtt18.obj</file>
         <name>fontcmtt18.obj</name>
      </input_file>
      <input_file id="fl-92">
         <path>.\fonts\</path>
         <kind>object</kind>
         <file>fontcmtt20.obj</file>
         <name>fontcmtt20.obj</name>
      </input_file>
      <input_file id="fl-93">
         <path>.\fonts\</path>
         <kind>object</kind>
         <file>fontcmtt22.obj</file>
         <name>fontcmtt22.obj</name>
      </input_file>
      <input_file id="fl-94">
         <path>.\fonts\</path>
         <kind>object</kind>
         <file>fontcmtt24.obj</file>
         <name>fontcmtt24.obj</name>
      </input_file>
      <input_file id="fl-95">
         <path>.\fonts\</path>
         <kind>object</kind>
         <file>fontcmtt26.obj</file>
         <name>fontcmtt26.obj</name>
      </input_file>
      <input_file id="fl-96">
         <path>.\fonts\</path>
         <kind>object</kind>
         <file>fontcmtt28.obj</file>
         <name>fontcmtt28.obj</name>
      </input_file>
      <input_file id="fl-97">
         <path>.\fonts\</path>
         <kind>object</kind>
         <file>fontcmtt30.obj</file>
         <name>fontcmtt30.obj</name>
      </input_file>
      <input_file id="fl-98">
         <path>.\fonts\</path>
         <kind>object</kind>
         <file>fontcmtt32.obj</file>
         <name>fontcmtt32.obj</name>
      </input_file>
      <input_file id="fl-99">
         <path>.\fonts\</path>
         <kind>object</kind>
         <file>fontcmtt34.obj</file>
         <name>fontcmtt34.obj</name>
      </input_file>
      <input_file id="fl-9a">
         <path>.\fonts\</path>
         <kind>object</kind>
         <file>fontcmtt36.obj</file>
         <name>fontcmtt36.obj</name>
      </input_file>
      <input_file id="fl-9b">
         <path>.\fonts\</path>
         <kind>object</kind>
         <file>fontcmtt38.obj</file>
         <name>fontcmtt38.obj</name>
      </input_file>
      <input_file id="fl-9c">
         <path>.\fonts\</path>
         <kind>object</kind>
         <file>fontcmtt40.obj</file>
         <name>fontcmtt40.obj</name>
      </input_file>
      <input_file id="fl-9d">
         <path>.\fonts\</path>
         <kind>object</kind>
         <file>fontcmtt42.obj</file>
         <name>fontcmtt42.obj</name>
      </input_file>
      <input_file id="fl-9e">
         <path>.\fonts\</path>
         <kind>object</kind>
         <file>fontcmtt44.obj</file>
         <name>fontcmtt44.obj</name>
      </input_file>
      <input_file id="fl-9f">
         <path>.\fonts\</path>
         <kind>object</kind>
         <file>fontcmtt46.obj</file>
         <name>fontcmtt46.obj</name>
      </input_file>
      <input_file id="fl-a0">
         <path>.\fonts\</path>
         <kind>object</kind>
         <file>fontcmtt48.obj</file>
         <name>fontcmtt48.obj</name>
      </input_file>
      <input_file id="fl-a1">
         <path>.\fonts\</path>
         <kind>object</kind>
         <file>fontfixed6x8.obj</file>
         <name>fontfixed6x8.obj</name>
      </input_file>
      <input_file id="fl-aa">
         <kind>object</kind>
         <file>&lt;internal&gt;</file>
         <name>&lt;internal&gt;</name>
      </input_file>
      <input_file id="fl-ab">
         <path>C:\ti\simplelink_msp432_sdk_1_40_01_00\source\ti\devices\msp432p4xx\driverlib\ccs\</path>
         <kind>archive</kind>
         <file>msp432p4xx_driverlib.lib</file>
         <name>gpio.obj</name>
      </input_file>
      <input_file id="fl-ac">
         <path>C:\ti\simplelink_msp432_sdk_1_40_01_00\source\ti\devices\msp432p4xx\driverlib\ccs\</path>
         <kind>archive</kind>
         <file>msp432p4xx_driverlib.lib</file>
         <name>i2c.obj</name>
      </input_file>
      <input_file id="fl-ad">
         <path>C:\ti\simplelink_msp432_sdk_1_40_01_00\source\ti\devices\msp432p4xx\driverlib\ccs\</path>
         <kind>archive</kind>
         <file>msp432p4xx_driverlib.lib</file>
         <name>interrupt.obj</name>
      </input_file>
      <input_file id="fl-ae">
         <path>C:\ti\simplelink_msp432_sdk_1_40_01_00\source\ti\devices\msp432p4xx\driverlib\ccs\</path>
         <kind>archive</kind>
         <file>msp432p4xx_driverlib.lib</file>
         <name>spi.obj</name>
      </input_file>
      <input_file id="fl-af">
         <path>C:\ti\simplelink_msp432_sdk_1_40_01_00\source\ti\devices\msp432p4xx\driverlib\ccs\</path>
         <kind>archive</kind>
         <file>msp432p4xx_driverlib.lib</file>
         <name>cpu.obj</name>
      </input_file>
      <input_file id="fl-165">
         <path>C:\ti\ccsv7\tools\compiler\ti-cgt-arm_16.9.4.LTS\lib\</path>
         <kind>archive</kind>
         <file>rtsv7M4_T_le_v4SPD16_eabi.lib</file>
         <name>boot.obj</name>
      </input_file>
      <input_file id="fl-166">
         <path>C:\ti\ccsv7\tools\compiler\ti-cgt-arm_16.9.4.LTS\lib\</path>
         <kind>archive</kind>
         <file>rtsv7M4_T_le_v4SPD16_eabi.lib</file>
         <name>copy_decompress_lzss.obj</name>
      </input_file>
      <input_file id="fl-167">
         <path>C:\ti\ccsv7\tools\compiler\ti-cgt-arm_16.9.4.LTS\lib\</path>
         <kind>archive</kind>
         <file>rtsv7M4_T_le_v4SPD16_eabi.lib</file>
         <name>copy_decompress_none.obj</name>
      </input_file>
      <input_file id="fl-168">
         <path>C:\ti\ccsv7\tools\compiler\ti-cgt-arm_16.9.4.LTS\lib\</path>
         <kind>archive</kind>
         <file>rtsv7M4_T_le_v4SPD16_eabi.lib</file>
         <name>copy_zero_init.obj</name>
      </input_file>
      <input_file id="fl-169">
         <path>C:\ti\ccsv7\tools\compiler\ti-cgt-arm_16.9.4.LTS\lib\</path>
         <kind>archive</kind>
         <file>rtsv7M4_T_le_v4SPD16_eabi.lib</file>
         <name>exit.obj</name>
      </input_file>
      <input_file id="fl-16a">
         <path>C:\ti\ccsv7\tools\compiler\ti-cgt-arm_16.9.4.LTS\lib\</path>
         <kind>archive</kind>
         <file>rtsv7M4_T_le_v4SPD16_eabi.lib</file>
         <name>fd_add_t2.obj</name>
      </input_file>
      <input_file id="fl-16b">
         <path>C:\ti\ccsv7\tools\compiler\ti-cgt-arm_16.9.4.LTS\lib\</path>
         <kind>archive</kind>
         <file>rtsv7M4_T_le_v4SPD16_eabi.lib</file>
         <name>fd_cmp_t2.obj</name>
      </input_file>
      <input_file id="fl-16c">
         <path>C:\ti\ccsv7\tools\compiler\ti-cgt-arm_16.9.4.LTS\lib\</path>
         <kind>archive</kind>
         <file>rtsv7M4_T_le_v4SPD16_eabi.lib</file>
         <name>fd_div_t2.obj</name>
      </input_file>
      <input_file id="fl-16d">
         <path>C:\ti\ccsv7\tools\compiler\ti-cgt-arm_16.9.4.LTS\lib\</path>
         <kind>archive</kind>
         <file>rtsv7M4_T_le_v4SPD16_eabi.lib</file>
         <name>fd_mul_t2.obj</name>
      </input_file>
      <input_file id="fl-16e">
         <path>C:\ti\ccsv7\tools\compiler\ti-cgt-arm_16.9.4.LTS\lib\</path>
         <kind>archive</kind>
         <file>rtsv7M4_T_le_v4SPD16_eabi.lib</file>
         <name>fd_tos_t2.obj</name>
      </input_file>
      <input_file id="fl-16f">
         <path>C:\ti\ccsv7\tools\compiler\ti-cgt-arm_16.9.4.LTS\lib\</path>
         <kind>archive</kind>
         <file>rtsv7M4_T_le_v4SPD16_eabi.lib</file>
         <name>fs_tod_t2.obj</name>
      </input_file>
      <input_file id="fl-170">
         <path>C:\ti\ccsv7\tools\compiler\ti-cgt-arm_16.9.4.LTS\lib\</path>
         <kind>archive</kind>
         <file>rtsv7M4_T_le_v4SPD16_eabi.lib</file>
         <name>memcpy_t2.obj</name>
      </input_file>
      <input_file id="fl-171">
         <path>C:\ti\ccsv7\tools\compiler\ti-cgt-arm_16.9.4.LTS\lib\</path>
         <kind>archive</kind>
         <file>rtsv7M4_T_le_v4SPD16_eabi.lib</file>
         <name>memset_t2.obj</name>
      </input_file>
      <input_file id="fl-172">
         <path>C:\ti\ccsv7\tools\compiler\ti-cgt-arm_16.9.4.LTS\lib\</path>
         <kind>archive</kind>
         <file>rtsv7M4_T_le_v4SPD16_eabi.lib</file>
         <name>mpu_init.obj</name>
      </input_file>
      <input_file id="fl-173">
         <path>C:\ti\ccsv7\tools\compiler\ti-cgt-arm_16.9.4.LTS\lib\</path>
         <kind>archive</kind>
         <file>rtsv7M4_T_le_v4SPD16_eabi.lib</file>
         <name>pre_init.obj</name>
      </input_file>
      <input_file id="fl-174">
         <path>C:\ti\ccsv7\tools\compiler\ti-cgt-arm_16.9.4.LTS\lib\</path>
         <kind>archive</kind>
         <file>rtsv7M4_T_le_v4SPD16_eabi.lib</file>
         <name>stkdepth_vars.obj</name>
      </input_file>
      <input_file id="fl-175">
         <path>C:\ti\ccsv7\tools\compiler\ti-cgt-arm_16.9.4.LTS\lib\</path>
         <kind>archive</kind>
         <file>rtsv7M4_T_le_v4SPD16_eabi.lib</file>
         <name>_lock.obj</name>
      </input_file>
      <input_file id="fl-176">
         <path>C:\ti\ccsv7\tools\compiler\ti-cgt-arm_16.9.4.LTS\lib\</path>
         <kind>archive</kind>
         <file>rtsv7M4_T_le_v4SPD16_eabi.lib</file>
         <name>args_main.obj</name>
      </input_file>
      <input_file id="fl-177">
         <path>C:\ti\ccsv7\tools\compiler\ti-cgt-arm_16.9.4.LTS\lib\</path>
         <kind>archive</kind>
         <file>rtsv7M4_T_le_v4SPD16_eabi.lib</file>
         <name>autoinit.obj</name>
      </input_file>
      <input_file id="fl-178">
         <path>C:\ti\ccsv7\tools\compiler\ti-cgt-arm_16.9.4.LTS\lib\</path>
         <kind>archive</kind>
         <file>rtsv7M4_T_le_v4SPD16_eabi.lib</file>
         <name>cpy_tbl.obj</name>
      </input_file>
      <input_file id="fl-179">
         <path>C:\ti\ccsv7\tools\compiler\ti-cgt-arm_16.9.4.LTS\lib\</path>
         <kind>archive</kind>
         <file>rtsv7M4_T_le_v4SPD16_eabi.lib</file>
         <name>startup.obj</name>
      </input_file>
   </input_file_list>
   <object_component_list>
      <object_component id="oc-2c">
         <name>.intvecs:retain</name>
         <load_address>0x0</load_address>
         <run_address>0x0</run_address>
         <size>0xe4</size>
         <input_file_ref idref="fl-8"/>
      </object_component>
      <object_component id="oc-1f2">
         <name>.text</name>
         <load_address>0xe4</load_address>
         <run_address>0xe4</run_address>
         <size>0x1b6</size>
         <input_file_ref idref="fl-16a"/>
      </object_component>
      <object_component id="oc-7b">
         <name>.text:Default_Handler</name>
         <load_address>0x29a</load_address>
         <run_address>0x29a</run_address>
         <size>0x2</size>
         <input_file_ref idref="fl-8"/>
      </object_component>
      <object_component id="oc-154">
         <name>.text:_Z12BufferSonidov</name>
         <load_address>0x29c</load_address>
         <run_address>0x29c</run_address>
         <size>0x158</size>
         <input_file_ref idref="fl-4"/>
      </object_component>
      <object_component id="oc-119">
         <name>.text:_Z5Setupv</name>
         <load_address>0x3f4</load_address>
         <run_address>0x3f4</run_address>
         <size>0x14c</size>
         <input_file_ref idref="fl-4"/>
      </object_component>
      <object_component id="oc-1f7">
         <name>.text</name>
         <load_address>0x540</load_address>
         <run_address>0x540</run_address>
         <size>0x136</size>
         <input_file_ref idref="fl-16c"/>
      </object_component>
      <object_component id="oc-202">
         <name>.text</name>
         <load_address>0x676</load_address>
         <run_address>0x676</run_address>
         <size>0xfc</size>
         <input_file_ref idref="fl-16d"/>
      </object_component>
      <object_component id="oc-53">
         <name>.text</name>
         <load_address>0x772</load_address>
         <run_address>0x772</run_address>
         <size>0x2</size>
         <input_file_ref idref="fl-172"/>
      </object_component>
      <object_component id="oc-11f">
         <name>.text:_Z11SelectLampsv</name>
         <load_address>0x774</load_address>
         <run_address>0x774</run_address>
         <size>0xf0</size>
         <input_file_ref idref="fl-4"/>
      </object_component>
      <object_component id="oc-12b">
         <name>.text:_Z14OPT3001_getLuxv</name>
         <load_address>0x864</load_address>
         <run_address>0x864</run_address>
         <size>0xd8</size>
         <input_file_ref idref="fl-3"/>
      </object_component>
      <object_component id="oc-c2">
         <name>.text:main</name>
         <load_address>0x93c</load_address>
         <run_address>0x93c</run_address>
         <size>0xa8</size>
         <input_file_ref idref="fl-4"/>
      </object_component>
      <object_component id="oc-3b">
         <name>.text</name>
         <load_address>0x9e4</load_address>
         <run_address>0x9e4</run_address>
         <size>0x9c</size>
         <input_file_ref idref="fl-170"/>
      </object_component>
      <object_component id="oc-1e2">
         <name>.text:_Z10I2C_read16h</name>
         <load_address>0xa80</load_address>
         <run_address>0xa80</run_address>
         <size>0x8c</size>
         <input_file_ref idref="fl-2"/>
      </object_component>
      <object_component id="oc-207">
         <name>.text:__aeabi_cdrcmple</name>
         <load_address>0xb0c</load_address>
         <run_address>0xb0c</run_address>
         <size>0x86</size>
         <input_file_ref idref="fl-16b"/>
      </object_component>
      <object_component id="oc-47">
         <name>.text</name>
         <load_address>0xb92</load_address>
         <run_address>0xb92</run_address>
         <size>0x7a</size>
         <input_file_ref idref="fl-171"/>
      </object_component>
      <object_component id="oc-d5">
         <name>.text:SystemInit</name>
         <load_address>0xc0c</load_address>
         <run_address>0xc0c</run_address>
         <size>0x78</size>
         <input_file_ref idref="fl-5"/>
      </object_component>
      <object_component id="oc-5f">
         <name>.text</name>
         <load_address>0xc84</load_address>
         <run_address>0xc84</run_address>
         <size>0x70</size>
         <input_file_ref idref="fl-177"/>
      </object_component>
      <object_component id="oc-20c">
         <name>.text</name>
         <load_address>0xcf4</load_address>
         <run_address>0xcf4</run_address>
         <size>0x6e</size>
         <input_file_ref idref="fl-16e"/>
      </object_component>
      <object_component id="oc-14">
         <name>.text:decompress:lzss</name>
         <load_address>0xd62</load_address>
         <run_address>0xd62</run_address>
         <size>0x68</size>
         <input_file_ref idref="fl-166"/>
      </object_component>
      <object_component id="oc-ba">
         <name>.text</name>
         <load_address>0xdca</load_address>
         <run_address>0xdca</run_address>
         <size>0x2</size>
         <input_file_ref idref="fl-179"/>
      </object_component>
      <object_component id="oc-dd">
         <name>.text:_Z14BufferMuestrasv</name>
         <load_address>0xdcc</load_address>
         <run_address>0xdcc</run_address>
         <size>0x64</size>
         <input_file_ref idref="fl-4"/>
      </object_component>
      <object_component id="oc-8d">
         <name>.text:T32_INT2_IRQHandler</name>
         <load_address>0xe30</load_address>
         <run_address>0xe30</run_address>
         <size>0x5c</size>
         <input_file_ref idref="fl-4"/>
      </object_component>
      <object_component id="oc-93">
         <name>.text:PORT4_IRQHandler</name>
         <load_address>0xe8c</load_address>
         <run_address>0xe8c</run_address>
         <size>0x58</size>
         <input_file_ref idref="fl-4"/>
      </object_component>
      <object_component id="oc-296">
         <name>.text:I2C_masterSendMultiByteFinish</name>
         <load_address>0xee4</load_address>
         <run_address>0xee4</run_address>
         <size>0x54</size>
         <input_file_ref idref="fl-ac"/>
      </object_component>
      <object_component id="oc-1fc">
         <name>.text:_Z11StillCryingv</name>
         <load_address>0xf38</load_address>
         <run_address>0xf38</run_address>
         <size>0x54</size>
         <input_file_ref idref="fl-4"/>
      </object_component>
      <object_component id="oc-26">
         <name>.text</name>
         <load_address>0xf8c</load_address>
         <run_address>0xf8c</run_address>
         <size>0x54</size>
         <input_file_ref idref="fl-165"/>
      </object_component>
      <object_component id="oc-6b">
         <name>.text</name>
         <load_address>0xfe0</load_address>
         <run_address>0xfe0</run_address>
         <size>0x54</size>
         <input_file_ref idref="fl-169"/>
      </object_component>
      <object_component id="oc-81">
         <name>.text:ADC14_IRQHandler</name>
         <load_address>0x1034</load_address>
         <run_address>0x1034</run_address>
         <size>0x50</size>
         <input_file_ref idref="fl-4"/>
      </object_component>
      <object_component id="oc-214">
         <name>.text:GPIO_setAsPeripheralModuleFunctionOutputPin</name>
         <load_address>0x1084</load_address>
         <run_address>0x1084</run_address>
         <size>0x4c</size>
         <input_file_ref idref="fl-ab"/>
      </object_component>
      <object_component id="oc-125">
         <name>.text:_Z10ParpadeoOnv</name>
         <load_address>0x10d0</load_address>
         <run_address>0x10d0</run_address>
         <size>0x4c</size>
         <input_file_ref idref="fl-4"/>
      </object_component>
      <object_component id="oc-b4">
         <name>.text</name>
         <load_address>0x111c</load_address>
         <run_address>0x111c</run_address>
         <size>0x4c</size>
         <input_file_ref idref="fl-178"/>
      </object_component>
      <object_component id="oc-231">
         <name>.text:_Z11I2C_write16hj</name>
         <load_address>0x1168</load_address>
         <run_address>0x1168</run_address>
         <size>0x48</size>
         <input_file_ref idref="fl-2"/>
      </object_component>
      <object_component id="oc-ff">
         <name>.text:_Z18MemoryLightsTogglev</name>
         <load_address>0x11b0</load_address>
         <run_address>0x11b0</run_address>
         <size>0x48</size>
         <input_file_ref idref="fl-4"/>
      </object_component>
      <object_component id="oc-e8">
         <name>.text:_Z18__NVIC_SetPriority4IRQnj</name>
         <load_address>0x11f8</load_address>
         <run_address>0x11f8</run_address>
         <size>0x48</size>
         <input_file_ref idref="fl-4"/>
      </object_component>
      <object_component id="oc-252">
         <name>.text:I2C_masterSendMultiByteStart</name>
         <load_address>0x1240</load_address>
         <run_address>0x1240</run_address>
         <size>0x40</size>
         <input_file_ref idref="fl-ac"/>
      </object_component>
      <object_component id="oc-21b">
         <name>.text:I2C_initMaster</name>
         <load_address>0x1280</load_address>
         <run_address>0x1280</run_address>
         <size>0x3e</size>
         <input_file_ref idref="fl-ac"/>
      </object_component>
      <object_component id="oc-131">
         <name>.text:_Z13EstadoInicialv</name>
         <load_address>0x12c0</load_address>
         <run_address>0x12c0</run_address>
         <size>0x3c</size>
         <input_file_ref idref="fl-4"/>
      </object_component>
      <object_component id="oc-1d5">
         <name>.text:_Z14MemoryLightsOnv</name>
         <load_address>0x12fc</load_address>
         <run_address>0x12fc</run_address>
         <size>0x3c</size>
         <input_file_ref idref="fl-4"/>
      </object_component>
      <object_component id="oc-f4">
         <name>.text:_Z15MemoryLightsOffv</name>
         <load_address>0x1338</load_address>
         <run_address>0x1338</run_address>
         <size>0x3c</size>
         <input_file_ref idref="fl-4"/>
      </object_component>
      <object_component id="oc-1ed">
         <name>.text</name>
         <load_address>0x1374</load_address>
         <run_address>0x1374</run_address>
         <size>0x38</size>
         <input_file_ref idref="fl-16f"/>
      </object_component>
      <object_component id="oc-270">
         <name>.text:I2C_masterReceiveMultiByteFinish</name>
         <load_address>0x13ac</load_address>
         <run_address>0x13ac</run_address>
         <size>0x30</size>
         <input_file_ref idref="fl-ac"/>
      </object_component>
      <object_component id="oc-25e">
         <name>.text:I2C_masterSendMultiByteStop</name>
         <load_address>0x13dc</load_address>
         <run_address>0x13dc</run_address>
         <size>0x30</size>
         <input_file_ref idref="fl-ac"/>
      </object_component>
      <object_component id="oc-ee">
         <name>.text:_Z16__NVIC_EnableIRQ4IRQn</name>
         <load_address>0x140c</load_address>
         <run_address>0x140c</run_address>
         <size>0x30</size>
         <input_file_ref idref="fl-4"/>
      </object_component>
      <object_component id="oc-290">
         <name>.text:I2C_masterSendMultiByteNext</name>
         <load_address>0x143c</load_address>
         <run_address>0x143c</run_address>
         <size>0x24</size>
         <input_file_ref idref="fl-ac"/>
      </object_component>
      <object_component id="oc-87">
         <name>.text:T32_INT1_IRQHandler</name>
         <load_address>0x1460</load_address>
         <run_address>0x1460</run_address>
         <size>0x20</size>
         <input_file_ref idref="fl-4"/>
      </object_component>
      <object_component id="oc-1c6">
         <name>.text:_Z8I2C_initv</name>
         <load_address>0x1480</load_address>
         <run_address>0x1480</run_address>
         <size>0x20</size>
         <input_file_ref idref="fl-2"/>
      </object_component>
      <object_component id="oc-1dc">
         <name>.text:_Z12I2C_setslavej</name>
         <load_address>0x14a0</load_address>
         <run_address>0x14a0</run_address>
         <size>0x1c</size>
         <input_file_ref idref="fl-2"/>
      </object_component>
      <object_component id="oc-1c0">
         <name>.text:_Z13Init_I2C_GPIOv</name>
         <load_address>0x14bc</load_address>
         <run_address>0x14bc</run_address>
         <size>0x18</size>
         <input_file_ref idref="fl-2"/>
      </object_component>
      <object_component id="oc-65">
         <name>.text</name>
         <load_address>0x14d4</load_address>
         <run_address>0x14d4</run_address>
         <size>0x18</size>
         <input_file_ref idref="fl-176"/>
      </object_component>
      <object_component id="oc-24c">
         <name>.text:I2C_isBusBusy</name>
         <load_address>0x14ec</load_address>
         <run_address>0x14ec</run_address>
         <size>0x14</size>
         <input_file_ref idref="fl-ac"/>
      </object_component>
      <object_component id="oc-1cc">
         <name>.text:_Z12OPT3001_initv</name>
         <load_address>0x1500</load_address>
         <run_address>0x1500</run_address>
         <size>0x14</size>
         <input_file_ref idref="fl-3"/>
      </object_component>
      <object_component id="oc-147">
         <name>.text</name>
         <load_address>0x1514</load_address>
         <run_address>0x1514</run_address>
         <size>0x14</size>
         <input_file_ref idref="fl-175"/>
      </object_component>
      <object_component id="oc-264">
         <name>.text:I2C_masterReceiveStart</name>
         <load_address>0x1528</load_address>
         <run_address>0x1528</run_address>
         <size>0x10</size>
         <input_file_ref idref="fl-ac"/>
      </object_component>
      <object_component id="oc-23f">
         <name>.text:I2C_clearInterruptFlag</name>
         <load_address>0x1538</load_address>
         <run_address>0x1538</run_address>
         <size>0xe</size>
         <input_file_ref idref="fl-ac"/>
      </object_component>
      <object_component id="oc-246">
         <name>.text:I2C_setMode</name>
         <load_address>0x1546</load_address>
         <run_address>0x1546</run_address>
         <size>0xe</size>
         <input_file_ref idref="fl-ac"/>
      </object_component>
      <object_component id="oc-1a">
         <name>.text:decompress:none</name>
         <load_address>0x1554</load_address>
         <run_address>0x1554</run_address>
         <size>0xe</size>
         <input_file_ref idref="fl-167"/>
      </object_component>
      <object_component id="oc-221">
         <name>.text:I2C_disableModule</name>
         <load_address>0x1562</load_address>
         <run_address>0x1562</run_address>
         <size>0xc</size>
         <input_file_ref idref="fl-ac"/>
      </object_component>
      <object_component id="oc-227">
         <name>.text:I2C_enableModule</name>
         <load_address>0x156e</load_address>
         <run_address>0x156e</run_address>
         <size>0xc</size>
         <input_file_ref idref="fl-ac"/>
      </object_component>
      <object_component id="oc-75">
         <name>.text:Reset_Handler</name>
         <load_address>0x157a</load_address>
         <run_address>0x157a</run_address>
         <size>0xc</size>
         <input_file_ref idref="fl-8"/>
      </object_component>
      <object_component id="oc-20">
         <name>.text:decompress:ZI</name>
         <load_address>0x1586</load_address>
         <run_address>0x1586</run_address>
         <size>0xc</size>
         <input_file_ref idref="fl-168"/>
      </object_component>
      <object_component id="oc-258">
         <name>.text:I2C_getInterruptStatus</name>
         <load_address>0x1592</load_address>
         <run_address>0x1592</run_address>
         <size>0x6</size>
         <input_file_ref idref="fl-ac"/>
      </object_component>
      <object_component id="oc-26a">
         <name>.text:I2C_masterReceiveMultiByteNext</name>
         <load_address>0x1598</load_address>
         <run_address>0x1598</run_address>
         <size>0x6</size>
         <input_file_ref idref="fl-ac"/>
      </object_component>
      <object_component id="oc-239">
         <name>.text:I2C_setSlaveAddress</name>
         <load_address>0x159e</load_address>
         <run_address>0x159e</run_address>
         <size>0x4</size>
         <input_file_ref idref="fl-ac"/>
      </object_component>
      <object_component id="oc-59">
         <name>.text</name>
         <load_address>0x15a2</load_address>
         <run_address>0x15a2</run_address>
         <size>0x4</size>
         <input_file_ref idref="fl-173"/>
      </object_component>
      <object_component id="oc-280">
         <name>.const:GPIO_PORT_TO_BASE</name>
         <load_address>0x15a8</load_address>
         <run_address>0x15a8</run_address>
         <size>0x30</size>
         <input_file_ref idref="fl-ab"/>
      </object_component>
      <object_component id="oc-22d">
         <name>.const:i2cConfig</name>
         <load_address>0x15d8</load_address>
         <run_address>0x15d8</run_address>
         <size>0x14</size>
         <input_file_ref idref="fl-2"/>
      </object_component>
      <object_component id="oc-2ed">
         <name>.cinit..data.load</name>
         <load_address>0x15f0</load_address>
         <run_address>0x15f0</run_address>
         <size>0x21</size>
      </object_component>
      <object_component id="oc-2eb">
         <name>__TI_handler_table</name>
         <load_address>0x1614</load_address>
         <run_address>0x1614</run_address>
         <size>0xc</size>
      </object_component>
      <object_component id="oc-2ee">
         <name>.cinit..bss.load</name>
         <load_address>0x1620</load_address>
         <run_address>0x1620</run_address>
         <size>0x8</size>
      </object_component>
      <object_component id="oc-2ec">
         <name>__TI_cinit_table</name>
         <load_address>0x1628</load_address>
         <run_address>0x1628</run_address>
         <size>0x10</size>
      </object_component>
      <object_component id="oc-2c8">
         <name>.binit</name>
         <load_address>0x0</load_address>
         <run_address>0x0</run_address>
         <size>0x0</size>
      </object_component>
      <object_component id="oc-e3">
         <name>.data</name>
         <load_address>0x20000070</load_address>
         <run_address>0x20000070</run_address>
         <size>0x30</size>
         <input_file_ref idref="fl-4"/>
      </object_component>
      <object_component id="oc-ca">
         <name>.data:$O1$$</name>
         <load_address>0x200000a0</load_address>
         <run_address>0x200000a0</run_address>
         <size>0xc</size>
         <input_file_ref idref="fl-169"/>
      </object_component>
      <object_component id="oc-71">
         <name>.data</name>
         <load_address>0x200000b4</load_address>
         <run_address>0x200000b4</run_address>
         <size>0x4</size>
         <input_file_ref idref="fl-174"/>
      </object_component>
      <object_component id="oc-cd">
         <name>.data:$O1$$</name>
         <load_address>0x200000ac</load_address>
         <run_address>0x200000ac</run_address>
         <size>0x8</size>
         <input_file_ref idref="fl-175"/>
      </object_component>
      <object_component id="oc-137">
         <name>.common:g_flux</name>
         <uninitialized>true</uninitialized>
         <run_address>0x20000064</run_address>
         <size>0x4</size>
      </object_component>
      <object_component id="oc-1d2">
         <name>.common:v_fsonido</name>
         <uninitialized>true</uninitialized>
         <run_address>0x20000050</run_address>
         <size>0x14</size>
      </object_component>
      <object_component id="oc-15a">
         <name>.common:v_fmuestras</name>
         <uninitialized>true</uninitialized>
         <run_address>0x20000000</run_address>
         <size>0x50</size>
      </object_component>
      <object_component id="oc-fa">
         <name>.common:g_fstillcrying</name>
         <uninitialized>true</uninitialized>
         <run_address>0x20000068</run_address>
         <size>0x4</size>
      </object_component>
      <object_component id="oc-2f">
         <name>.stack</name>
         <uninitialized>true</uninitialized>
         <run_address>0x2000fe00</run_address>
         <size>0x0</size>
         <input_file_ref idref="fl-165"/>
      </object_component>
      <object_component id="oc-2ef">
         <name>.stack</name>
         <uninitialized>true</uninitialized>
         <run_address>0x2000fe00</run_address>
         <size>0x0</size>
      </object_component>
      <object_component id="oc-212">
         <name>.debug_info</name>
         <load_address>0x0</load_address>
         <run_address>0x0</run_address>
         <size>0x179f</size>
         <input_file_ref idref="fl-2"/>
      </object_component>
      <object_component id="oc-22e">
         <name>.debug_info</name>
         <load_address>0x179f</load_address>
         <run_address>0x179f</run_address>
         <size>0xc1</size>
         <input_file_ref idref="fl-2"/>
      </object_component>
      <object_component id="oc-1c1">
         <name>.debug_info</name>
         <load_address>0x1860</load_address>
         <run_address>0x1860</run_address>
         <size>0x167</size>
         <input_file_ref idref="fl-2"/>
      </object_component>
      <object_component id="oc-1c7">
         <name>.debug_info</name>
         <load_address>0x19c7</load_address>
         <run_address>0x19c7</run_address>
         <size>0x13c</size>
         <input_file_ref idref="fl-2"/>
      </object_component>
      <object_component id="oc-1e3">
         <name>.debug_info</name>
         <load_address>0x1b03</load_address>
         <run_address>0x1b03</run_address>
         <size>0x2ae</size>
         <input_file_ref idref="fl-2"/>
      </object_component>
      <object_component id="oc-232">
         <name>.debug_info</name>
         <load_address>0x1db1</load_address>
         <run_address>0x1db1</run_address>
         <size>0x212</size>
         <input_file_ref idref="fl-2"/>
      </object_component>
      <object_component id="oc-1dd">
         <name>.debug_info</name>
         <load_address>0x1fc3</load_address>
         <run_address>0x1fc3</run_address>
         <size>0x16b</size>
         <input_file_ref idref="fl-2"/>
      </object_component>
      <object_component id="oc-16d">
         <name>.debug_info</name>
         <load_address>0x212e</load_address>
         <run_address>0x212e</run_address>
         <size>0x1268</size>
         <input_file_ref idref="fl-2"/>
      </object_component>
      <object_component id="oc-15f">
         <name>.debug_info</name>
         <load_address>0x3396</load_address>
         <run_address>0x3396</run_address>
         <size>0x3f8f</size>
         <input_file_ref idref="fl-2"/>
      </object_component>
      <object_component id="oc-17c">
         <name>.debug_info</name>
         <load_address>0x7325</load_address>
         <run_address>0x7325</run_address>
         <size>0x1ef</size>
         <input_file_ref idref="fl-2"/>
      </object_component>
      <object_component id="oc-181">
         <name>.debug_info</name>
         <load_address>0x7514</load_address>
         <run_address>0x7514</run_address>
         <size>0x5a</size>
         <input_file_ref idref="fl-2"/>
      </object_component>
      <object_component id="oc-186">
         <name>.debug_info</name>
         <load_address>0x756e</load_address>
         <run_address>0x756e</run_address>
         <size>0xb7</size>
         <input_file_ref idref="fl-2"/>
      </object_component>
      <object_component id="oc-18b">
         <name>.debug_info</name>
         <load_address>0x7625</load_address>
         <run_address>0x7625</run_address>
         <size>0xa3</size>
         <input_file_ref idref="fl-2"/>
      </object_component>
      <object_component id="oc-190">
         <name>.debug_info</name>
         <load_address>0x76c8</load_address>
         <run_address>0x76c8</run_address>
         <size>0xdf</size>
         <input_file_ref idref="fl-2"/>
      </object_component>
      <object_component id="oc-195">
         <name>.debug_info</name>
         <load_address>0x77a7</load_address>
         <run_address>0x77a7</run_address>
         <size>0x3d7</size>
         <input_file_ref idref="fl-2"/>
      </object_component>
      <object_component id="oc-139">
         <name>.debug_info</name>
         <load_address>0x7b7e</load_address>
         <run_address>0x7b7e</run_address>
         <size>0x8b</size>
         <input_file_ref idref="fl-2"/>
      </object_component>
      <object_component id="oc-164">
         <name>.debug_info</name>
         <load_address>0x7c09</load_address>
         <run_address>0x7c09</run_address>
         <size>0x18b</size>
         <input_file_ref idref="fl-2"/>
      </object_component>
      <object_component id="oc-19f">
         <name>.debug_info</name>
         <load_address>0x7d94</load_address>
         <run_address>0x7d94</run_address>
         <size>0x163</size>
         <input_file_ref idref="fl-2"/>
      </object_component>
      <object_component id="oc-1a4">
         <name>.debug_info</name>
         <load_address>0x7ef7</load_address>
         <run_address>0x7ef7</run_address>
         <size>0x107</size>
         <input_file_ref idref="fl-2"/>
      </object_component>
      <object_component id="oc-1ae">
         <name>.debug_info</name>
         <load_address>0x7ffe</load_address>
         <run_address>0x7ffe</run_address>
         <size>0xb7</size>
         <input_file_ref idref="fl-2"/>
      </object_component>
      <object_component id="oc-1cd">
         <name>.debug_info</name>
         <load_address>0x80b5</load_address>
         <run_address>0x80b5</run_address>
         <size>0x13d</size>
         <input_file_ref idref="fl-3"/>
      </object_component>
      <object_component id="oc-12c">
         <name>.debug_info</name>
         <load_address>0x81f2</load_address>
         <run_address>0x81f2</run_address>
         <size>0x183</size>
         <input_file_ref idref="fl-3"/>
      </object_component>
      <object_component id="oc-36">
         <name>.debug_info</name>
         <load_address>0x8375</load_address>
         <run_address>0x8375</run_address>
         <size>0x84</size>
         <input_file_ref idref="fl-3"/>
      </object_component>
      <object_component id="oc-fb">
         <name>.debug_info</name>
         <load_address>0x83f9</load_address>
         <run_address>0x83f9</run_address>
         <size>0x183c</size>
         <input_file_ref idref="fl-4"/>
      </object_component>
      <object_component id="oc-e4">
         <name>.debug_info</name>
         <load_address>0x9c35</load_address>
         <run_address>0x9c35</run_address>
         <size>0x239</size>
         <input_file_ref idref="fl-4"/>
      </object_component>
      <object_component id="oc-ef">
         <name>.debug_info</name>
         <load_address>0x9e6e</load_address>
         <run_address>0x9e6e</run_address>
         <size>0x1ba</size>
         <input_file_ref idref="fl-4"/>
      </object_component>
      <object_component id="oc-e9">
         <name>.debug_info</name>
         <load_address>0xa028</load_address>
         <run_address>0xa028</run_address>
         <size>0x1f2</size>
         <input_file_ref idref="fl-4"/>
      </object_component>
      <object_component id="oc-11a">
         <name>.debug_info</name>
         <load_address>0xa21a</load_address>
         <run_address>0xa21a</run_address>
         <size>0x165</size>
         <input_file_ref idref="fl-4"/>
      </object_component>
      <object_component id="oc-de">
         <name>.debug_info</name>
         <load_address>0xa37f</load_address>
         <run_address>0xa37f</run_address>
         <size>0x11d</size>
         <input_file_ref idref="fl-4"/>
      </object_component>
      <object_component id="oc-155">
         <name>.debug_info</name>
         <load_address>0xa49c</load_address>
         <run_address>0xa49c</run_address>
         <size>0x20e</size>
         <input_file_ref idref="fl-4"/>
      </object_component>
      <object_component id="oc-1fd">
         <name>.debug_info</name>
         <load_address>0xa6aa</load_address>
         <run_address>0xa6aa</run_address>
         <size>0x119</size>
         <input_file_ref idref="fl-4"/>
      </object_component>
      <object_component id="oc-120">
         <name>.debug_info</name>
         <load_address>0xa7c3</load_address>
         <run_address>0xa7c3</run_address>
         <size>0x113</size>
         <input_file_ref idref="fl-4"/>
      </object_component>
      <object_component id="oc-1d6">
         <name>.debug_info</name>
         <load_address>0xa8d6</load_address>
         <run_address>0xa8d6</run_address>
         <size>0x105</size>
         <input_file_ref idref="fl-4"/>
      </object_component>
      <object_component id="oc-f5">
         <name>.debug_info</name>
         <load_address>0xa9db</load_address>
         <run_address>0xa9db</run_address>
         <size>0x107</size>
         <input_file_ref idref="fl-4"/>
      </object_component>
      <object_component id="oc-100">
         <name>.debug_info</name>
         <load_address>0xaae2</load_address>
         <run_address>0xaae2</run_address>
         <size>0x10e</size>
         <input_file_ref idref="fl-4"/>
      </object_component>
      <object_component id="oc-126">
         <name>.debug_info</name>
         <load_address>0xabf0</load_address>
         <run_address>0xabf0</run_address>
         <size>0x15a</size>
         <input_file_ref idref="fl-4"/>
      </object_component>
      <object_component id="oc-132">
         <name>.debug_info</name>
         <load_address>0xad4a</load_address>
         <run_address>0xad4a</run_address>
         <size>0x163</size>
         <input_file_ref idref="fl-4"/>
      </object_component>
      <object_component id="oc-c3">
         <name>.debug_info</name>
         <load_address>0xaead</load_address>
         <run_address>0xaead</run_address>
         <size>0x240</size>
         <input_file_ref idref="fl-4"/>
      </object_component>
      <object_component id="oc-88">
         <name>.debug_info</name>
         <load_address>0xb0ed</load_address>
         <run_address>0xb0ed</run_address>
         <size>0x10d</size>
         <input_file_ref idref="fl-4"/>
      </object_component>
      <object_component id="oc-82">
         <name>.debug_info</name>
         <load_address>0xb1fa</load_address>
         <run_address>0xb1fa</run_address>
         <size>0x121</size>
         <input_file_ref idref="fl-4"/>
      </object_component>
      <object_component id="oc-8e">
         <name>.debug_info</name>
         <load_address>0xb31b</load_address>
         <run_address>0xb31b</run_address>
         <size>0x16b</size>
         <input_file_ref idref="fl-4"/>
      </object_component>
      <object_component id="oc-94">
         <name>.debug_info</name>
         <load_address>0xb486</load_address>
         <run_address>0xb486</run_address>
         <size>0x168</size>
         <input_file_ref idref="fl-4"/>
      </object_component>
      <object_component id="oc-172">
         <name>.debug_info</name>
         <load_address>0xb5ee</load_address>
         <run_address>0xb5ee</run_address>
         <size>0xe5</size>
         <input_file_ref idref="fl-4"/>
      </object_component>
      <object_component id="oc-177">
         <name>.debug_info</name>
         <load_address>0xb6d3</load_address>
         <run_address>0xb6d3</run_address>
         <size>0x4e8</size>
         <input_file_ref idref="fl-4"/>
      </object_component>
      <object_component id="oc-1a9">
         <name>.debug_info</name>
         <load_address>0xbbbb</load_address>
         <run_address>0xbbbb</run_address>
         <size>0x14d</size>
         <input_file_ref idref="fl-4"/>
      </object_component>
      <object_component id="oc-19a">
         <name>.debug_info</name>
         <load_address>0xbd08</load_address>
         <run_address>0xbd08</run_address>
         <size>0x67</size>
         <input_file_ref idref="fl-4"/>
      </object_component>
      <object_component id="oc-2be">
         <name>.debug_info</name>
         <load_address>0xbd6f</load_address>
         <run_address>0xbd6f</run_address>
         <size>0x50e</size>
         <input_file_ref idref="fl-5"/>
      </object_component>
      <object_component id="oc-d6">
         <name>.debug_info</name>
         <load_address>0xc27d</load_address>
         <run_address>0xc27d</run_address>
         <size>0x116</size>
         <input_file_ref idref="fl-5"/>
      </object_component>
      <object_component id="oc-2c1">
         <name>.debug_info</name>
         <load_address>0xc393</load_address>
         <run_address>0xc393</run_address>
         <size>0x37cd</size>
         <input_file_ref idref="fl-5"/>
      </object_component>
      <object_component id="oc-2b0">
         <name>.debug_info</name>
         <load_address>0xfb60</load_address>
         <run_address>0xfb60</run_address>
         <size>0x1055</size>
         <input_file_ref idref="fl-5"/>
      </object_component>
      <object_component id="oc-284">
         <name>.debug_info</name>
         <load_address>0x10bb5</load_address>
         <run_address>0x10bb5</run_address>
         <size>0x18b</size>
         <input_file_ref idref="fl-5"/>
      </object_component>
      <object_component id="oc-9b">
         <name>.debug_info</name>
         <load_address>0x10d40</load_address>
         <run_address>0x10d40</run_address>
         <size>0x2a4</size>
         <input_file_ref idref="fl-8"/>
      </object_component>
      <object_component id="oc-2d">
         <name>.debug_info</name>
         <load_address>0x10fe4</load_address>
         <run_address>0x10fe4</run_address>
         <size>0xe2</size>
         <input_file_ref idref="fl-8"/>
      </object_component>
      <object_component id="oc-77">
         <name>.debug_info</name>
         <load_address>0x110c6</load_address>
         <run_address>0x110c6</run_address>
         <size>0x145</size>
         <input_file_ref idref="fl-8"/>
      </object_component>
      <object_component id="oc-7d">
         <name>.debug_info</name>
         <load_address>0x1120b</load_address>
         <run_address>0x1120b</run_address>
         <size>0x12d</size>
         <input_file_ref idref="fl-8"/>
      </object_component>
      <object_component id="oc-289">
         <name>.debug_info</name>
         <load_address>0x11338</load_address>
         <run_address>0x11338</run_address>
         <size>0x6b3</size>
         <input_file_ref idref="fl-ab"/>
      </object_component>
      <object_component id="oc-281">
         <name>.debug_info</name>
         <load_address>0x119eb</load_address>
         <run_address>0x119eb</run_address>
         <size>0xef</size>
         <input_file_ref idref="fl-ab"/>
      </object_component>
      <object_component id="oc-215">
         <name>.debug_info</name>
         <load_address>0x11ada</load_address>
         <run_address>0x11ada</run_address>
         <size>0x24a</size>
         <input_file_ref idref="fl-ab"/>
      </object_component>
      <object_component id="oc-2ab">
         <name>.debug_info</name>
         <load_address>0x11d24</load_address>
         <run_address>0x11d24</run_address>
         <size>0x4305</size>
         <input_file_ref idref="fl-ab"/>
      </object_component>
      <object_component id="oc-28b">
         <name>.debug_info</name>
         <load_address>0x16029</load_address>
         <run_address>0x16029</run_address>
         <size>0x6bb</size>
         <input_file_ref idref="fl-ac"/>
      </object_component>
      <object_component id="oc-23a">
         <name>.debug_info</name>
         <load_address>0x166e4</load_address>
         <run_address>0x166e4</run_address>
         <size>0x1ef</size>
         <input_file_ref idref="fl-ac"/>
      </object_component>
      <object_component id="oc-247">
         <name>.debug_info</name>
         <load_address>0x168d3</load_address>
         <run_address>0x168d3</run_address>
         <size>0x1bf</size>
         <input_file_ref idref="fl-ac"/>
      </object_component>
      <object_component id="oc-25f">
         <name>.debug_info</name>
         <load_address>0x16a92</load_address>
         <run_address>0x16a92</run_address>
         <size>0x1c0</size>
         <input_file_ref idref="fl-ac"/>
      </object_component>
      <object_component id="oc-253">
         <name>.debug_info</name>
         <load_address>0x16c52</load_address>
         <run_address>0x16c52</run_address>
         <size>0x209</size>
         <input_file_ref idref="fl-ac"/>
      </object_component>
      <object_component id="oc-291">
         <name>.debug_info</name>
         <load_address>0x16e5b</load_address>
         <run_address>0x16e5b</run_address>
         <size>0x1ea</size>
         <input_file_ref idref="fl-ac"/>
      </object_component>
      <object_component id="oc-297">
         <name>.debug_info</name>
         <load_address>0x17045</load_address>
         <run_address>0x17045</run_address>
         <size>0x1f2</size>
         <input_file_ref idref="fl-ac"/>
      </object_component>
      <object_component id="oc-265">
         <name>.debug_info</name>
         <load_address>0x17237</load_address>
         <run_address>0x17237</run_address>
         <size>0x1b6</size>
         <input_file_ref idref="fl-ac"/>
      </object_component>
      <object_component id="oc-26b">
         <name>.debug_info</name>
         <load_address>0x173ed</load_address>
         <run_address>0x173ed</run_address>
         <size>0x1ca</size>
         <input_file_ref idref="fl-ac"/>
      </object_component>
      <object_component id="oc-271">
         <name>.debug_info</name>
         <load_address>0x175b7</load_address>
         <run_address>0x175b7</run_address>
         <size>0x1ce</size>
         <input_file_ref idref="fl-ac"/>
      </object_component>
      <object_component id="oc-24d">
         <name>.debug_info</name>
         <load_address>0x17785</load_address>
         <run_address>0x17785</run_address>
         <size>0x1a5</size>
         <input_file_ref idref="fl-ac"/>
      </object_component>
      <object_component id="oc-21c">
         <name>.debug_info</name>
         <load_address>0x1792a</load_address>
         <run_address>0x1792a</run_address>
         <size>0x1cd</size>
         <input_file_ref idref="fl-ac"/>
      </object_component>
      <object_component id="oc-259">
         <name>.debug_info</name>
         <load_address>0x17af7</load_address>
         <run_address>0x17af7</run_address>
         <size>0x1dc</size>
         <input_file_ref idref="fl-ac"/>
      </object_component>
      <object_component id="oc-228">
         <name>.debug_info</name>
         <load_address>0x17cd3</load_address>
         <run_address>0x17cd3</run_address>
         <size>0x1a7</size>
         <input_file_ref idref="fl-ac"/>
      </object_component>
      <object_component id="oc-222">
         <name>.debug_info</name>
         <load_address>0x17e7a</load_address>
         <run_address>0x17e7a</run_address>
         <size>0x1a9</size>
         <input_file_ref idref="fl-ac"/>
      </object_component>
      <object_component id="oc-240">
         <name>.debug_info</name>
         <load_address>0x18023</load_address>
         <run_address>0x18023</run_address>
         <size>0x1d8</size>
         <input_file_ref idref="fl-ac"/>
      </object_component>
      <object_component id="oc-2b7">
         <name>.debug_info</name>
         <load_address>0x181fb</load_address>
         <run_address>0x181fb</run_address>
         <size>0x9a</size>
         <input_file_ref idref="fl-ac"/>
      </object_component>
      <object_component id="oc-29">
         <name>.debug_info</name>
         <load_address>0x18295</load_address>
         <run_address>0x18295</run_address>
         <size>0x160</size>
         <input_file_ref idref="fl-165"/>
      </object_component>
      <object_component id="oc-a1">
         <name>.debug_info</name>
         <load_address>0x183f5</load_address>
         <run_address>0x183f5</run_address>
         <size>0x293</size>
         <input_file_ref idref="fl-166"/>
      </object_component>
      <object_component id="oc-17">
         <name>.debug_info</name>
         <load_address>0x18688</load_address>
         <run_address>0x18688</run_address>
         <size>0x245</size>
         <input_file_ref idref="fl-166"/>
      </object_component>
      <object_component id="oc-31">
         <name>.debug_info</name>
         <load_address>0x188cd</load_address>
         <run_address>0x188cd</run_address>
         <size>0x60</size>
         <input_file_ref idref="fl-166"/>
      </object_component>
      <object_component id="oc-9c">
         <name>.debug_info</name>
         <load_address>0x1892d</load_address>
         <run_address>0x1892d</run_address>
         <size>0x46</size>
         <input_file_ref idref="fl-166"/>
      </object_component>
      <object_component id="oc-46">
         <name>.debug_info</name>
         <load_address>0x18973</load_address>
         <run_address>0x18973</run_address>
         <size>0x2da</size>
         <input_file_ref idref="fl-167"/>
      </object_component>
      <object_component id="oc-1c">
         <name>.debug_info</name>
         <load_address>0x18c4d</load_address>
         <run_address>0x18c4d</run_address>
         <size>0x1df</size>
         <input_file_ref idref="fl-167"/>
      </object_component>
      <object_component id="oc-41">
         <name>.debug_info</name>
         <load_address>0x18e2c</load_address>
         <run_address>0x18e2c</run_address>
         <size>0x46</size>
         <input_file_ref idref="fl-167"/>
      </object_component>
      <object_component id="oc-a3">
         <name>.debug_info</name>
         <load_address>0x18e72</load_address>
         <run_address>0x18e72</run_address>
         <size>0x2c</size>
         <input_file_ref idref="fl-167"/>
      </object_component>
      <object_component id="oc-52">
         <name>.debug_info</name>
         <load_address>0x18e9e</load_address>
         <run_address>0x18e9e</run_address>
         <size>0x2c9</size>
         <input_file_ref idref="fl-168"/>
      </object_component>
      <object_component id="oc-21">
         <name>.debug_info</name>
         <load_address>0x19167</load_address>
         <run_address>0x19167</run_address>
         <size>0x1aa</size>
         <input_file_ref idref="fl-168"/>
      </object_component>
      <object_component id="oc-4d">
         <name>.debug_info</name>
         <load_address>0x19311</load_address>
         <run_address>0x19311</run_address>
         <size>0x46</size>
         <input_file_ref idref="fl-168"/>
      </object_component>
      <object_component id="oc-ab">
         <name>.debug_info</name>
         <load_address>0x19357</load_address>
         <run_address>0x19357</run_address>
         <size>0x2c</size>
         <input_file_ref idref="fl-168"/>
      </object_component>
      <object_component id="oc-d1">
         <name>.debug_info</name>
         <load_address>0x19383</load_address>
         <run_address>0x19383</run_address>
         <size>0x3ce</size>
         <input_file_ref idref="fl-169"/>
[...]
         <name>v_fmuestras</name>
         <value>0x20000000</value>
      </symbol>
      <symbol id="sm-22e">
         <name>g_fstillcrying</name>
         <value>0x20000068</value>
      </symbol>
      <symbol id="sm-22f">
         <name>_Z18MemoryLightsTogglev</name>
         <value>0x11b1</value>
         <object_component_ref idref="oc-ff"/>
      </symbol>
      <symbol id="sm-230">
         <name>T32_INT2_IRQHandler</name>
         <value>0xe31</value>
         <object_component_ref idref="oc-8d"/>
      </symbol>
      <symbol id="sm-231">
         <name>u_fpromedio</name>
         <value>0x20000090</value>
         <object_component_ref idref="oc-e3"/>
      </symbol>
      <symbol id="sm-232">
         <name>g_fmemorizeavg</name>
         <value>0x2000009c</value>
         <object_component_ref idref="oc-e3"/>
      </symbol>
      <symbol id="sm-233">
         <name>_Z12BufferSonidov</name>
         <value>0x29d</value>
         <object_component_ref idref="oc-154"/>
      </symbol>
      <symbol id="sm-234">
         <name>u_fmuestras_avg</name>
         <value>0x20000088</value>
         <object_component_ref idref="oc-e3"/>
      </symbol>
      <symbol id="sm-235">
         <name>PORT4_IRQHandler</name>
         <value>0xe8d</value>
         <object_component_ref idref="oc-93"/>
      </symbol>
      <symbol id="sm-236">
         <name>verify</name>
         <value>0x20000098</value>
         <object_component_ref idref="oc-e3"/>
      </symbol>
      <symbol id="sm-237">
         <name>_Z14BufferMuestrasv</name>
         <value>0xdcd</value>
         <object_component_ref idref="oc-dd"/>
      </symbol>
      <symbol id="sm-238">
         <name>_Z13EstadoInicialv</name>
         <value>0x12c1</value>
         <object_component_ref idref="oc-131"/>
      </symbol>
      <symbol id="sm-239">
         <name>_Z10ParpadeoOnv</name>
         <value>0x10d1</value>
         <object_component_ref idref="oc-125"/>
      </symbol>
      <symbol id="sm-23a">
         <name>l_icounter</name>
         <value>0x20000070</value>
         <object_component_ref idref="oc-e3"/>
      </symbol>
      <symbol id="sm-23b">
         <name>_Z11StillCryingv</name>
         <value>0xf39</value>
         <object_component_ref idref="oc-1fc"/>
      </symbol>
      <symbol id="sm-23c">
         <name>main</name>
         <value>0x93d</value>
         <object_component_ref idref="oc-c2"/>
      </symbol>
      <symbol id="sm-23d">
         <name>ADC14Result</name>
         <value>0x20000078</value>
         <object_component_ref idref="oc-e3"/>
      </symbol>
      <symbol id="sm-23e">
         <name>ADCResult</name>
         <value>0x2000007c</value>
         <object_component_ref idref="oc-e3"/>
      </symbol>
      <symbol id="sm-23f">
         <name>ADC14_IRQHandler</name>
         <value>0x1035</value>
         <object_component_ref idref="oc-81"/>
      </symbol>
      <symbol id="sm-240">
         <name>_Z11SelectLampsv</name>
         <value>0x775</value>
         <object_component_ref idref="oc-11f"/>
      </symbol>
      <symbol id="sm-241">
         <name>g_ilamps</name>
         <value>0x20000074</value>
         <object_component_ref idref="oc-e3"/>
      </symbol>
      <symbol id="sm-242">
         <name>_Z14MemoryLightsOnv</name>
         <value>0x12fd</value>
         <object_component_ref idref="oc-1d5"/>
      </symbol>
      <symbol id="sm-243">
         <name>u_isonido_counter</name>
         <value>0x20000084</value>
         <object_component_ref idref="oc-e3"/>
      </symbol>
      <symbol id="sm-244">
         <name>T32_INT1_IRQHandler</name>
         <value>0x1461</value>
         <object_component_ref idref="oc-87"/>
      </symbol>
      <symbol id="sm-245">
         <name>_Z5Setupv</name>
         <value>0x3f5</value>
         <object_component_ref idref="oc-119"/>
      </symbol>
      <symbol id="sm-246">
         <name>u_imuestras_counter</name>
         <value>0x20000080</value>
         <object_component_ref idref="oc-e3"/>
      </symbol>
      <symbol id="sm-247">
         <name>_Z15MemoryLightsOffv</name>
         <value>0x1339</value>
         <object_component_ref idref="oc-f4"/>
      </symbol>
      <symbol id="sm-26c">
         <name>SystemInit</name>
         <value>0xc0d</value>
         <object_component_ref idref="oc-d5"/>
      </symbol>
      <symbol id="sm-28a">
         <name>Reset_Handler</name>
         <value>0x157b</value>
         <object_component_ref idref="oc-75"/>
      </symbol>
      <symbol id="sm-28b">
         <name>Default_Handler</name>
         <value>0x29b</value>
         <object_component_ref idref="oc-7b"/>
      </symbol>
      <symbol id="sm-28c">
         <name>interruptVectors</name>
         <value>0x0</value>
         <object_component_ref idref="oc-2c"/>
      </symbol>
      <symbol id="sm-345">
         <name>GPIO_setAsPeripheralModuleFunctionOutputPin</name>
         <value>0x1085</value>
         <object_component_ref idref="oc-214"/>
      </symbol>
      <symbol id="sm-3e2">
         <name>I2C_masterSendMultiByteStop</name>
         <value>0x13dd</value>
         <object_component_ref idref="oc-25e"/>
      </symbol>
      <symbol id="sm-3e3">
         <name>I2C_masterSendMultiByteFinish</name>
         <value>0xee5</value>
         <object_component_ref idref="oc-296"/>
      </symbol>
      <symbol id="sm-3e4">
         <name>I2C_masterSendMultiByteNext</name>
         <value>0x143d</value>
         <object_component_ref idref="oc-290"/>
      </symbol>
      <symbol id="sm-3e5">
         <name>I2C_masterSendMultiByteStart</name>
         <value>0x1241</value>
         <object_component_ref idref="oc-252"/>
      </symbol>
      <symbol id="sm-3e6">
         <name>I2C_masterReceiveMultiByteNext</name>
         <value>0x1599</value>
         <object_component_ref idref="oc-26a"/>
      </symbol>
      <symbol id="sm-3e7">
         <name>I2C_getInterruptStatus</name>
         <value>0x1593</value>
         <object_component_ref idref="oc-258"/>
      </symbol>
      <symbol id="sm-3e8">
         <name>I2C_setMode</name>
         <value>0x1547</value>
         <object_component_ref idref="oc-246"/>
      </symbol>
      <symbol id="sm-3e9">
         <name>I2C_isBusBusy</name>
         <value>0x14ed</value>
         <object_component_ref idref="oc-24c"/>
      </symbol>
      <symbol id="sm-3ea">
         <name>I2C_masterReceiveMultiByteFinish</name>
         <value>0x13ad</value>
         <object_component_ref idref="oc-270"/>
      </symbol>
      <symbol id="sm-3eb">
         <name>I2C_enableModule</name>
         <value>0x156f</value>
         <object_component_ref idref="oc-227"/>
      </symbol>
      <symbol id="sm-3ec">
         <name>I2C_masterReceiveStart</name>
         <value>0x1529</value>
         <object_component_ref idref="oc-264"/>
      </symbol>
      <symbol id="sm-3ed">
         <name>I2C_clearInterruptFlag</name>
         <value>0x1539</value>
         <object_component_ref idref="oc-23f"/>
      </symbol>
      <symbol id="sm-3ee">
         <name>I2C_setSlaveAddress</name>
         <value>0x159f</value>
         <object_component_ref idref="oc-239"/>
      </symbol>
      <symbol id="sm-3ef">
         <name>I2C_initMaster</name>
         <value>0x1281</value>
         <object_component_ref idref="oc-21b"/>
      </symbol>
      <symbol id="sm-3f0">
         <name>I2C_disableModule</name>
         <value>0x1563</value>
         <object_component_ref idref="oc-221"/>
      </symbol>
      <symbol id="sm-404">
         <name>_c_int00</name>
         <value>0xf8d</value>
         <object_component_ref idref="oc-26"/>
      </symbol>
      <symbol id="sm-405">
         <name>__stack</name>
         <value>0x2000fe00</value>
         <object_component_ref idref="oc-2f"/>
      </symbol>
      <symbol id="sm-423">
         <name>__TI_decompress_lzss</name>
         <value>0xd63</value>
         <object_component_ref idref="oc-14"/>
      </symbol>
      <symbol id="sm-43a">
         <name>__TI_decompress_none</name>
         <value>0x1555</value>
         <object_component_ref idref="oc-1a"/>
      </symbol>
      <symbol id="sm-451">
         <name>__TI_zero_init</name>
         <value>0x1587</value>
         <object_component_ref idref="oc-20"/>
      </symbol>
      <symbol id="sm-472">
         <name>C$$EXIT</name>
         <value>0xfe1</value>
         <object_component_ref idref="oc-6b"/>
      </symbol>
      <symbol id="sm-473">
         <name>abort</name>
         <value>0xfe5</value>
         <object_component_ref idref="oc-6b"/>
      </symbol>
      <symbol id="sm-474">
         <name>exit</name>
         <value>0xfed</value>
         <object_component_ref idref="oc-6b"/>
      </symbol>
      <symbol id="sm-475">
         <name>__TI_dtors_ptr</name>
         <value>0x200000a4</value>
         <object_component_ref idref="oc-ca"/>
      </symbol>
      <symbol id="sm-476">
         <name>__TI_cleanup_ptr</name>
         <value>0x200000a0</value>
         <object_component_ref idref="oc-ca"/>
      </symbol>
      <symbol id="sm-477">
         <name>__TI_enable_exit_profile_output</name>
         <value>0x200000a8</value>
         <object_component_ref idref="oc-ca"/>
      </symbol>
      <symbol id="sm-48e">
         <name>__aeabi_dsub</name>
         <value>0xe5</value>
         <object_component_ref idref="oc-1f2"/>
      </symbol>
      <symbol id="sm-48f">
         <name>__aeabi_dadd</name>
         <value>0xef</value>
         <object_component_ref idref="oc-1f2"/>
      </symbol>
      <symbol id="sm-4a1">
         <name>__aeabi_cdrcmple</name>
         <value>0xb0d</value>
         <object_component_ref idref="oc-207"/>
      </symbol>
      <symbol id="sm-4b5">
         <name>__aeabi_ddiv</name>
         <value>0x541</value>
         <object_component_ref idref="oc-1f7"/>
      </symbol>
      <symbol id="sm-4c0">
         <name>__aeabi_dmul</name>
         <value>0x677</value>
         <object_component_ref idref="oc-202"/>
      </symbol>
      <symbol id="sm-4cc">
         <name>__aeabi_d2f</name>
         <value>0xcf5</value>
         <object_component_ref idref="oc-20c"/>
      </symbol>
      <symbol id="sm-4d7">
         <name>__aeabi_f2d</name>
         <value>0x1375</value>
         <object_component_ref idref="oc-1ed"/>
      </symbol>
      <symbol id="sm-4f2">
         <name>memcpy</name>
         <value>0x9e5</value>
         <object_component_ref idref="oc-3b"/>
      </symbol>
      <symbol id="sm-4f3">
         <name>__aeabi_memcpy</name>
         <value>0x9e5</value>
         <object_component_ref idref="oc-3b"/>
      </symbol>
      <symbol id="sm-4f4">
         <name>__aeabi_memcpy8</name>
         <value>0x9e5</value>
         <object_component_ref idref="oc-3b"/>
      </symbol>
      <symbol id="sm-4f5">
         <name>__aeabi_memcpy4</name>
         <value>0x9e5</value>
         <object_component_ref idref="oc-3b"/>
      </symbol>
      <symbol id="sm-504">
         <name>__aeabi_memset</name>
         <value>0xb95</value>
         <object_component_ref idref="oc-47"/>
      </symbol>
      <symbol id="sm-505">
         <name>memset</name>
         <value>0xb9b</value>
         <object_component_ref idref="oc-47"/>
      </symbol>
      <symbol id="sm-506">
         <name>__aeabi_memset8</name>
         <value>0xb95</value>
         <object_component_ref idref="oc-47"/>
      </symbol>
      <symbol id="sm-507">
         <name>__aeabi_memset4</name>
         <value>0xb95</value>
         <object_component_ref idref="oc-47"/>
      </symbol>
      <symbol id="sm-508">
         <name>__aeabi_memclr8</name>
         <value>0xb93</value>
         <object_component_ref idref="oc-47"/>
      </symbol>
      <symbol id="sm-509">
         <name>__aeabi_memclr4</name>
         <value>0xb93</value>
         <object_component_ref idref="oc-47"/>
      </symbol>
      <symbol id="sm-50a">
         <name>__aeabi_memclr</name>
         <value>0xb93</value>
         <object_component_ref idref="oc-47"/>
      </symbol>
      <symbol id="sm-514">
         <name>__mpu_init</name>
         <value>0x773</value>
         <object_component_ref idref="oc-53"/>
      </symbol>
      <symbol id="sm-51e">
         <name>_system_pre_init</name>
         <value>0x15a3</value>
         <object_component_ref idref="oc-59"/>
      </symbol>
      <symbol id="sm-526">
         <name>main_func_sp</name>
         <value>0x200000b4</value>
         <object_component_ref idref="oc-71"/>
      </symbol>
      <symbol id="sm-53f">
         <name>_nop</name>
         <value>0x1523</value>
         <object_component_ref idref="oc-147"/>
      </symbol>
      <symbol id="sm-540">
         <name>_lock</name>
         <value>0x200000ac</value>
         <object_component_ref idref="oc-cd"/>
      </symbol>
      <symbol id="sm-541">
         <name>_unlock</name>
         <value>0x200000b0</value>
         <object_component_ref idref="oc-cd"/>
      </symbol>
      <symbol id="sm-542">
         <name>_register_lock</name>
         <value>0x151b</value>
         <object_component_ref idref="oc-147"/>
      </symbol>
      <symbol id="sm-543">
         <name>_register_unlock</name>
         <value>0x1515</value>
         <object_component_ref idref="oc-147"/>
      </symbol>
      <symbol id="sm-557">
         <name>_args_main</name>
         <value>0x14d5</value>
         <object_component_ref idref="oc-65"/>
      </symbol>
      <symbol id="sm-581">
         <name>__TI_auto_init</name>
         <value>0xc85</value>
         <object_component_ref idref="oc-5f"/>
      </symbol>
      <symbol id="sm-59b">
         <name>copy_in</name>
         <value>0x111d</value>
         <object_component_ref idref="oc-b4"/>
      </symbol>
      <symbol id="sm-5a5">
         <name>_system_post_cinit</name>
         <value>0xdcb</value>
         <object_component_ref idref="oc-ba"/>
      </symbol>
      <symbol id="sm-5a6">
         <name>__TI_static_base__</name>
         <value>0x0</value>
      </symbol>
      <symbol id="sm-5a9">
         <name>SHT$$INIT_ARRAY$$Limit</name>
         <value>0x0</value>
      </symbol>
      <symbol id="sm-5aa">
         <name>SHT$$INIT_ARRAY$$Base</name>
         <value>0x0</value>
      </symbol>
      <symbol id="sm-5ab">
         <name>NMI_Handler</name>
         <value>0x29b</value>
      </symbol>
      <symbol id="sm-5ac">
         <name>HardFault_Handler</name>
         <value>0x29b</value>
      </symbol>
      <symbol id="sm-5ad">
         <name>MemManage_Handler</name>
         <value>0x29b</value>
      </symbol>
      <symbol id="sm-5ae">
         <name>BusFault_Handler</name>
         <value>0x29b</value>
      </symbol>
      <symbol id="sm-5af">
         <name>UsageFault_Handler</name>
         <value>0x29b</value>
      </symbol>
      <symbol id="sm-5b0">
         <name>SVC_Handler</name>
         <value>0x29b</value>
      </symbol>
      <symbol id="sm-5b1">
         <name>DebugMon_Handler</name>
         <value>0x29b</value>
      </symbol>
      <symbol id="sm-5b2">
         <name>PendSV_Handler</name>
         <value>0x29b</value>
      </symbol>
      <symbol id="sm-5b3">
         <name>SysTick_Handler</name>
         <value>0x29b</value>
      </symbol>
      <symbol id="sm-5b4">
         <name>PSS_IRQHandler</name>
         <value>0x29b</value>
      </symbol>
      <symbol id="sm-5b5">
         <name>CS_IRQHandler</name>
         <value>0x29b</value>
      </symbol>
      <symbol id="sm-5b6">
         <name>PCM_IRQHandler</name>
         <value>0x29b</value>
      </symbol>
      <symbol id="sm-5b7">
         <name>WDT_A_IRQHandler</name>
         <value>0x29b</value>
      </symbol>
      <symbol id="sm-5b8">
         <name>FPU_IRQHandler</name>
         <value>0x29b</value>
      </symbol>
      <symbol id="sm-5b9">
         <name>FLCTL_IRQHandler</name>
         <value>0x29b</value>
      </symbol>
      <symbol id="sm-5ba">
         <name>COMP_E0_IRQHandler</name>
         <value>0x29b</value>
      </symbol>
      <symbol id="sm-5bb">
         <name>COMP_E1_IRQHandler</name>
         <value>0x29b</value>
      </symbol>
      <symbol id="sm-5bc">
         <name>TA0_0_IRQHandler</name>
         <value>0x29b</value>
      </symbol>
      <symbol id="sm-5bd">
         <name>TA0_N_IRQHandler</name>
         <value>0x29b</value>
      </symbol>
      <symbol id="sm-5be">
         <name>TA1_0_IRQHandler</name>
         <value>0x29b</value>
      </symbol>
      <symbol id="sm-5bf">
         <name>TA1_N_IRQHandler</name>
         <value>0x29b</value>
      </symbol>
      <symbol id="sm-5c0">
         <name>TA2_0_IRQHandler</name>
         <value>0x29b</value>
      </symbol>
      <symbol id="sm-5c1">
         <name>TA2_N_IRQHandler</name>
         <value>0x29b</value>
      </symbol>
      <symbol id="sm-5c2">
         <name>TA3_0_IRQHandler</name>
         <value>0x29b</value>
      </symbol>
      <symbol id="sm-5c3">
         <name>TA3_N_IRQHandler</name>
         <value>0x29b</value>
      </symbol>
      <symbol id="sm-5c4">
         <name>EUSCIA0_IRQHandler</name>
         <value>0x29b</value>
      </symbol>
      <symbol id="sm-5c5">
         <name>EUSCIA1_IRQHandler</name>
         <value>0x29b</value>
      </symbol>
      <symbol id="sm-5c6">
         <name>EUSCIA2_IRQHandler</name>
         <value>0x29b</value>
      </symbol>
      <symbol id="sm-5c7">
         <name>EUSCIA3_IRQHandler</name>
         <value>0x29b</value>
      </symbol>
      <symbol id="sm-5c8">
         <name>EUSCIB0_IRQHandler</name>
         <value>0x29b</value>
      </symbol>
      <symbol id="sm-5c9">
         <name>EUSCIB1_IRQHandler</name>
         <value>0x29b</value>
      </symbol>
      <symbol id="sm-5ca">
         <name>EUSCIB2_IRQHandler</name>
         <value>0x29b</value>
      </symbol>
      <symbol id="sm-5cb">
         <name>EUSCIB3_IRQHandler</name>
         <value>0x29b</value>
      </symbol>
      <symbol id="sm-5cc">
         <name>ADC14_IRQHandler</name>
         <value>0x1035</value>
      </symbol>
      <symbol id="sm-5cd">
         <name>T32_INT1_IRQHandler</name>
         <value>0x1461</value>
      </symbol>
      <symbol id="sm-5ce">
         <name>T32_INT2_IRQHandler</name>
         <value>0xe31</value>
      </symbol>
      <symbol id="sm-5cf">
         <name>T32_INTC_IRQHandler</name>
         <value>0x29b</value>
      </symbol>
      <symbol id="sm-5d0">
         <name>AES256_IRQHandler</name>
         <value>0x29b</value>
      </symbol>
      <symbol id="sm-5d1">
         <name>RTC_C_IRQHandler</name>
         <value>0x29b</value>
      </symbol>
      <symbol id="sm-5d2">
         <name>DMA_ERR_IRQHandler</name>
         <value>0x29b</value>
      </symbol>
      <symbol id="sm-5d3">
         <name>DMA_INT3_IRQHandler</name>
         <value>0x29b</value>
      </symbol>
      <symbol id="sm-5d4">
         <name>DMA_INT2_IRQHandler</name>
         <value>0x29b</value>
      </symbol>
      <symbol id="sm-5d5">
         <name>DMA_INT1_IRQHandler</name>
         <value>0x29b</value>
      </symbol>
      <symbol id="sm-5d6">
         <name>DMA_INT0_IRQHandler</name>
         <value>0x29b</value>
      </symbol>
      <symbol id="sm-5d7">
         <name>PORT1_IRQHandler</name>
         <value>0x29b</value>
      </symbol>
      <symbol id="sm-5d8">
         <name>PORT2_IRQHandler</name>
         <value>0x29b</value>
      </symbol>
      <symbol id="sm-5d9">
         <name>PORT3_IRQHandler</name>
         <value>0x29b</value>
      </symbol>
      <symbol id="sm-5da">
         <name>PORT4_IRQHandler</name>
         <value>0xe8d</value>
      </symbol>
      <symbol id="sm-5db">
         <name>PORT5_IRQHandler</name>
         <value>0x29b</value>
      </symbol>
      <symbol id="sm-5dc">
         <name>PORT6_IRQHandler</name>
         <value>0x29b</value>
      </symbol>
   </symbol_table>
   <title>Link successful</title>
</link_info>
